GA Optimizer | Model:biasedMF | Dataset:dataset\5Beauty-rand | Group:0.05_count | K=10 | Fairness_metric=f1
GA Parameters | Pop:10 | Gen:1000 | Mut:0.3504 | Cross:0.7262
Adaptive Penalty | beta1:2.43 | beta2:1.88 | k:6
Before optimization overall scores           : ndcg@10=0.4325 f1@10=0.1427
Before optimization group 1 (active) scores  : ndcg@10=0.6779 f1@10=0.3068
Before optimization group 2 (inactive) scores: ndcg@10=0.4100 f1@10=0.1277
Before optimization UGF (f1@10): 0.1791 (17.91%) | UGF (ndcg@10): 0.2679 (26.79%)
Epsilon: 0.0895
Early stop at generation 11: first feasible solution found
CPU time: 6.38 seconds
After optimization overall metric scores     : ndcg@10=0.4196 f1@10=0.1304
After optimization group 1 (active) scores   : ndcg@10=0.5753 f1@10=0.2103
After optimization group 2 (inactive) scores : ndcg@10=0.4054 f1@10=0.1231
After optimization UGF (f1@10): 0.0872 (8.72%) | UGF (ndcg@10): 0.1699 (16.99%)
UGF reduction: 0.0919 (51.3%)
Constraint satisfied: True
GA Optimizer | Model:biasedMF | Dataset:dataset\5Beauty-rand | Group:0.05_count | K=10 | Fairness_metric=f1
GA Parameters | Pop:10 | Gen:1000 | Mut:0.3504 | Cross:0.7262
Adaptive Penalty | beta1:2.43 | beta2:1.88 | k:6
Before optimization overall scores           : ndcg@10=0.4325 f1@10=0.1427
Before optimization group 1 (active) scores  : ndcg@10=0.6779 f1@10=0.3068
Before optimization group 2 (inactive) scores: ndcg@10=0.4100 f1@10=0.1277
Before optimization UGF (f1@10): 0.1791 (17.91%) | UGF (ndcg@10): 0.2679 (26.79%)
Epsilon: 0.0895
Early stop at generation 11: first feasible solution found
CPU time: 6.33 seconds
After optimization overall metric scores     : ndcg@10=0.4189 f1@10=0.1307
After optimization group 1 (active) scores   : ndcg@10=0.5638 f1@10=0.2099
After optimization group 2 (inactive) scores : ndcg@10=0.4057 f1@10=0.1234
After optimization UGF (f1@10): 0.0865 (8.65%) | UGF (ndcg@10): 0.1582 (15.82%)
UGF reduction: 0.0926 (51.7%)
Constraint satisfied: True
GA Optimizer | Model:biasedMF | Dataset:dataset\5Beauty-rand | Group:0.05_count | K=10 | Fairness_metric=f1
GA Parameters | Pop:10 | Gen:1000 | Mut:0.3504 | Cross:0.7262
Adaptive Penalty | beta1:2.43 | beta2:1.88 | k:6
Before optimization overall scores           : ndcg@10=0.4325 f1@10=0.1427
Before optimization group 1 (active) scores  : ndcg@10=0.6779 f1@10=0.3068
Before optimization group 2 (inactive) scores: ndcg@10=0.4100 f1@10=0.1277
Before optimization UGF (f1@10): 0.1791 (17.91%) | UGF (ndcg@10): 0.2679 (26.79%)
Epsilon: 0.0895
Early stop at generation 11: first feasible solution found
CPU time: 6.32 seconds
After optimization overall metric scores     : ndcg@10=0.4197 f1@10=0.1302
After optimization group 1 (active) scores   : ndcg@10=0.5751 f1@10=0.2099
After optimization group 2 (inactive) scores : ndcg@10=0.4055 f1@10=0.1229
After optimization UGF (f1@10): 0.0869 (8.69%) | UGF (ndcg@10): 0.1696 (16.96%)
UGF reduction: 0.0921 (51.4%)
Constraint satisfied: True
GA Optimizer | Model:biasedMF | Dataset:dataset\5Beauty-rand | Group:0.05_count | K=10 | Fairness_metric=f1
GA Parameters | Pop:10 | Gen:1000 | Mut:0.3504 | Cross:0.7262
Adaptive Penalty | beta1:2.43 | beta2:1.88 | k:6
Before optimization overall scores           : ndcg@10=0.4325 f1@10=0.1427
Before optimization group 1 (active) scores  : ndcg@10=0.6779 f1@10=0.3068
Before optimization group 2 (inactive) scores: ndcg@10=0.4100 f1@10=0.1277
Before optimization UGF (f1@10): 0.1791 (17.91%) | UGF (ndcg@10): 0.2679 (26.79%)
Epsilon: 0.0895
Early stop at generation 11: first feasible solution found
CPU time: 6.32 seconds
After optimization overall metric scores     : ndcg@10=0.4188 f1@10=0.1306
After optimization group 1 (active) scores   : ndcg@10=0.5619 f1@10=0.2080
After optimization group 2 (inactive) scores : ndcg@10=0.4057 f1@10=0.1235
After optimization UGF (f1@10): 0.0845 (8.45%) | UGF (ndcg@10): 0.1562 (15.62%)
UGF reduction: 0.0946 (52.8%)
Constraint satisfied: True
GA Optimizer | Model:biasedMF | Dataset:dataset\5Beauty-rand | Group:0.05_count | K=10 | Fairness_metric=f1
GA Parameters | Pop:10 | Gen:1000 | Mut:0.3504 | Cross:0.7262
Adaptive Penalty | beta1:2.43 | beta2:1.88 | k:6
Before optimization overall scores           : ndcg@10=0.4325 f1@10=0.1427
Before optimization group 1 (active) scores  : ndcg@10=0.6779 f1@10=0.3068
Before optimization group 2 (inactive) scores: ndcg@10=0.4100 f1@10=0.1277
Before optimization UGF (f1@10): 0.1791 (17.91%) | UGF (ndcg@10): 0.2679 (26.79%)
Epsilon: 0.0895
Early stop at generation 11: first feasible solution found
CPU time: 6.33 seconds
After optimization overall metric scores     : ndcg@10=0.4186 f1@10=0.1294
After optimization group 1 (active) scores   : ndcg@10=0.5723 f1@10=0.2060
After optimization group 2 (inactive) scores : ndcg@10=0.4045 f1@10=0.1224
After optimization UGF (f1@10): 0.0836 (8.36%) | UGF (ndcg@10): 0.1678 (16.78%)
UGF reduction: 0.0955 (53.3%)
Constraint satisfied: True
GA Optimizer | Model:biasedMF | Dataset:dataset\5Beauty-rand | Group:0.05_count | K=10 | Fairness_metric=f1
GA Parameters | Pop:10 | Gen:1000 | Mut:0.3504 | Cross:0.7262
Adaptive Penalty | beta1:2.43 | beta2:1.88 | k:6
Before optimization overall scores           : ndcg@10=0.4325 f1@10=0.1427
Before optimization group 1 (active) scores  : ndcg@10=0.6779 f1@10=0.3068
Before optimization group 2 (inactive) scores: ndcg@10=0.4100 f1@10=0.1277
Before optimization UGF (f1@10): 0.1791 (17.91%) | UGF (ndcg@10): 0.2679 (26.79%)
Epsilon: 0.0895
Early stop at generation 11: first feasible solution found
CPU time: 6.30 seconds
After optimization overall metric scores     : ndcg@10=0.4180 f1@10=0.1296
After optimization group 1 (active) scores   : ndcg@10=0.5620 f1@10=0.2079
After optimization group 2 (inactive) scores : ndcg@10=0.4048 f1@10=0.1224
After optimization UGF (f1@10): 0.0855 (8.55%) | UGF (ndcg@10): 0.1572 (15.72%)
UGF reduction: 0.0936 (52.2%)
Constraint satisfied: True
GA Optimizer | Model:biasedMF | Dataset:dataset\5Beauty-rand | Group:0.05_count | K=10 | Fairness_metric=f1
GA Parameters | Pop:10 | Gen:1000 | Mut:0.3504 | Cross:0.7262
Adaptive Penalty | beta1:2.43 | beta2:1.88 | k:6
Before optimization overall scores           : ndcg@10=0.4325 f1@10=0.1427
Before optimization group 1 (active) scores  : ndcg@10=0.6779 f1@10=0.3068
Before optimization group 2 (inactive) scores: ndcg@10=0.4100 f1@10=0.1277
Before optimization UGF (f1@10): 0.1791 (17.91%) | UGF (ndcg@10): 0.2679 (26.79%)
Epsilon: 0.0895
Early stop at generation 11: first feasible solution found
CPU time: 6.25 seconds
After optimization overall metric scores     : ndcg@10=0.4195 f1@10=0.1303
After optimization group 1 (active) scores   : ndcg@10=0.5659 f1@10=0.2070
After optimization group 2 (inactive) scores : ndcg@10=0.4061 f1@10=0.1233
After optimization UGF (f1@10): 0.0837 (8.37%) | UGF (ndcg@10): 0.1598 (15.98%)
UGF reduction: 0.0954 (53.3%)
Constraint satisfied: True
GA Optimizer | Model:biasedMF | Dataset:dataset\5Beauty-rand | Group:0.05_count | K=10 | Fairness_metric=f1
GA Parameters | Pop:10 | Gen:1000 | Mut:0.3504 | Cross:0.7262
Adaptive Penalty | beta1:2.43 | beta2:1.88 | k:6
Before optimization overall scores           : ndcg@10=0.4325 f1@10=0.1427
Before optimization group 1 (active) scores  : ndcg@10=0.6779 f1@10=0.3068
Before optimization group 2 (inactive) scores: ndcg@10=0.4100 f1@10=0.1277
Before optimization UGF (f1@10): 0.1791 (17.91%) | UGF (ndcg@10): 0.2679 (26.79%)
Epsilon: 0.0895
Early stop at generation 11: first feasible solution found
CPU time: 6.38 seconds
After optimization overall metric scores     : ndcg@10=0.4199 f1@10=0.1304
After optimization group 1 (active) scores   : ndcg@10=0.5676 f1@10=0.2058
After optimization group 2 (inactive) scores : ndcg@10=0.4064 f1@10=0.1235
After optimization UGF (f1@10): 0.0823 (8.23%) | UGF (ndcg@10): 0.1612 (16.12%)
UGF reduction: 0.0968 (54.0%)
Constraint satisfied: True
GA Optimizer | Model:biasedMF | Dataset:dataset\5Beauty-rand | Group:0.05_count | K=10 | Fairness_metric=f1
GA Parameters | Pop:10 | Gen:1000 | Mut:0.3504 | Cross:0.7262
Adaptive Penalty | beta1:2.43 | beta2:1.88 | k:6
Before optimization overall scores           : ndcg@10=0.4325 f1@10=0.1427
Before optimization group 1 (active) scores  : ndcg@10=0.6779 f1@10=0.3068
Before optimization group 2 (inactive) scores: ndcg@10=0.4100 f1@10=0.1277
Before optimization UGF (f1@10): 0.1791 (17.91%) | UGF (ndcg@10): 0.2679 (26.79%)
Epsilon: 0.0895
Early stop at generation 11: first feasible solution found
CPU time: 6.31 seconds
After optimization overall metric scores     : ndcg@10=0.4184 f1@10=0.1298
After optimization group 1 (active) scores   : ndcg@10=0.5566 f1@10=0.2050
After optimization group 2 (inactive) scores : ndcg@10=0.4057 f1@10=0.1229
After optimization UGF (f1@10): 0.0822 (8.22%) | UGF (ndcg@10): 0.1509 (15.09%)
UGF reduction: 0.0969 (54.1%)
Constraint satisfied: True
GA Optimizer | Model:biasedMF | Dataset:dataset\5Beauty-rand | Group:0.05_count | K=10 | Fairness_metric=f1
GA Parameters | Pop:10 | Gen:1000 | Mut:0.3504 | Cross:0.7262
Adaptive Penalty | beta1:2.43 | beta2:1.88 | k:6
Before optimization overall scores           : ndcg@10=0.4325 f1@10=0.1427
Before optimization group 1 (active) scores  : ndcg@10=0.6779 f1@10=0.3068
Before optimization group 2 (inactive) scores: ndcg@10=0.4100 f1@10=0.1277
Before optimization UGF (f1@10): 0.1791 (17.91%) | UGF (ndcg@10): 0.2679 (26.79%)
Epsilon: 0.0895
Early stop at generation 11: first feasible solution found
CPU time: 6.31 seconds
After optimization overall metric scores     : ndcg@10=0.4200 f1@10=0.1303
After optimization group 1 (active) scores   : ndcg@10=0.5676 f1@10=0.2067
After optimization group 2 (inactive) scores : ndcg@10=0.4064 f1@10=0.1233
After optimization UGF (f1@10): 0.0834 (8.34%) | UGF (ndcg@10): 0.1611 (16.11%)
UGF reduction: 0.0956 (53.4%)
Constraint satisfied: True
GA Optimizer | Model:biasedMF | Dataset:dataset\5Beauty-rand | Group:0.05_count | K=10 | Fairness_metric=f1
GA Parameters | Pop:10 | Gen:1000 | Mut:0.3504 | Cross:0.7262
Adaptive Penalty | beta1:2.43 | beta2:1.88 | k:6
Before optimization overall scores           : ndcg@10=0.4325 f1@10=0.1427
Before optimization group 1 (active) scores  : ndcg@10=0.6779 f1@10=0.3068
Before optimization group 2 (inactive) scores: ndcg@10=0.4100 f1@10=0.1277
Before optimization UGF (f1@10): 0.1791 (17.91%) | UGF (ndcg@10): 0.2679 (26.79%)
Epsilon: 0.0895
Early stop at generation 11: first feasible solution found
CPU time: 6.59 seconds
After optimization overall metric scores     : ndcg@10=0.4199 f1@10=0.1303
After optimization group 1 (active) scores   : ndcg@10=0.5736 f1@10=0.2068
After optimization group 2 (inactive) scores : ndcg@10=0.4058 f1@10=0.1233
After optimization UGF (f1@10): 0.0835 (8.35%) | UGF (ndcg@10): 0.1678 (16.78%)
UGF reduction: 0.0955 (53.4%)
Constraint satisfied: True
GA Optimizer | Model:biasedMF | Dataset:dataset\5Beauty-rand | Group:0.05_count | K=10 | Fairness_metric=f1
GA Parameters | Pop:10 | Gen:1000 | Mut:0.3504 | Cross:0.7262
Adaptive Penalty | beta1:2.43 | beta2:1.88 | k:6
Before optimization overall scores           : ndcg@10=0.4325 f1@10=0.1427
Before optimization group 1 (active) scores  : ndcg@10=0.6779 f1@10=0.3068
Before optimization group 2 (inactive) scores: ndcg@10=0.4100 f1@10=0.1277
Before optimization UGF (f1@10): 0.1791 (17.91%) | UGF (ndcg@10): 0.2679 (26.79%)
Epsilon: 0.0895
Early stop at generation 11: first feasible solution found
CPU time: 6.35 seconds
After optimization overall metric scores     : ndcg@10=0.4187 f1@10=0.1299
After optimization group 1 (active) scores   : ndcg@10=0.5622 f1@10=0.2076
After optimization group 2 (inactive) scores : ndcg@10=0.4056 f1@10=0.1228
After optimization UGF (f1@10): 0.0848 (8.48%) | UGF (ndcg@10): 0.1567 (15.67%)
UGF reduction: 0.0942 (52.6%)
Constraint satisfied: True
GA Optimizer | Model:biasedMF | Dataset:dataset\5Beauty-rand | Group:0.05_count | K=10 | Fairness_metric=f1
GA Parameters | Pop:10 | Gen:1000 | Mut:0.3504 | Cross:0.7262
Adaptive Penalty | beta1:2.43 | beta2:1.88 | k:6
Before optimization overall scores           : ndcg@10=0.4325 f1@10=0.1427
Before optimization group 1 (active) scores  : ndcg@10=0.6779 f1@10=0.3068
Before optimization group 2 (inactive) scores: ndcg@10=0.4100 f1@10=0.1277
Before optimization UGF (f1@10): 0.1791 (17.91%) | UGF (ndcg@10): 0.2679 (26.79%)
Epsilon: 0.0895
Early stop at generation 11: first feasible solution found
CPU time: 6.37 seconds
After optimization overall metric scores     : ndcg@10=0.4199 f1@10=0.1310
After optimization group 1 (active) scores   : ndcg@10=0.5635 f1@10=0.2097
After optimization group 2 (inactive) scores : ndcg@10=0.4067 f1@10=0.1237
After optimization UGF (f1@10): 0.0859 (8.59%) | UGF (ndcg@10): 0.1568 (15.68%)
UGF reduction: 0.0931 (52.0%)
Constraint satisfied: True
GA Optimizer | Model:biasedMF | Dataset:dataset\5Beauty-rand | Group:0.05_count | K=10 | Fairness_metric=f1
GA Parameters | Pop:10 | Gen:1000 | Mut:0.3504 | Cross:0.7262
Adaptive Penalty | beta1:2.43 | beta2:1.88 | k:6
Before optimization overall scores           : ndcg@10=0.4325 f1@10=0.1427
Before optimization group 1 (active) scores  : ndcg@10=0.6779 f1@10=0.3068
Before optimization group 2 (inactive) scores: ndcg@10=0.4100 f1@10=0.1277
Before optimization UGF (f1@10): 0.1791 (17.91%) | UGF (ndcg@10): 0.2679 (26.79%)
Epsilon: 0.0895
Early stop at generation 11: first feasible solution found
CPU time: 6.62 seconds
After optimization overall metric scores     : ndcg@10=0.4190 f1@10=0.1301
After optimization group 1 (active) scores   : ndcg@10=0.5673 f1@10=0.2098
After optimization group 2 (inactive) scores : ndcg@10=0.4055 f1@10=0.1228
After optimization UGF (f1@10): 0.0870 (8.70%) | UGF (ndcg@10): 0.1619 (16.19%)
UGF reduction: 0.0921 (51.4%)
Constraint satisfied: True
GA Optimizer | Model:biasedMF | Dataset:dataset\5Beauty-rand | Group:0.05_count | K=10 | Fairness_metric=f1
GA Parameters | Pop:10 | Gen:1000 | Mut:0.3504 | Cross:0.7262
Adaptive Penalty | beta1:2.43 | beta2:1.88 | k:6
Before optimization overall scores           : ndcg@10=0.4325 f1@10=0.1427
Before optimization group 1 (active) scores  : ndcg@10=0.6779 f1@10=0.3068
Before optimization group 2 (inactive) scores: ndcg@10=0.4100 f1@10=0.1277
Before optimization UGF (f1@10): 0.1791 (17.91%) | UGF (ndcg@10): 0.2679 (26.79%)
Epsilon: 0.0895
Early stop at generation 11: first feasible solution found
CPU time: 6.35 seconds
After optimization overall metric scores     : ndcg@10=0.4185 f1@10=0.1298
After optimization group 1 (active) scores   : ndcg@10=0.5570 f1@10=0.2034
After optimization group 2 (inactive) scores : ndcg@10=0.4059 f1@10=0.1231
After optimization UGF (f1@10): 0.0803 (8.03%) | UGF (ndcg@10): 0.1511 (15.11%)
UGF reduction: 0.0987 (55.1%)
Constraint satisfied: True
GA Optimizer | Model:biasedMF | Dataset:dataset\5Beauty-rand | Group:0.05_count | K=10 | Fairness_metric=f1
GA Parameters | Pop:10 | Gen:1000 | Mut:0.3504 | Cross:0.7262
Adaptive Penalty | beta1:2.43 | beta2:1.88 | k:6
Before optimization overall scores           : ndcg@10=0.4325 f1@10=0.1427
Before optimization group 1 (active) scores  : ndcg@10=0.6779 f1@10=0.3068
Before optimization group 2 (inactive) scores: ndcg@10=0.4100 f1@10=0.1277
Before optimization UGF (f1@10): 0.1791 (17.91%) | UGF (ndcg@10): 0.2679 (26.79%)
Epsilon: 0.0895
Early stop at generation 11: first feasible solution found
CPU time: 6.33 seconds
After optimization overall metric scores     : ndcg@10=0.4202 f1@10=0.1302
After optimization group 1 (active) scores   : ndcg@10=0.5707 f1@10=0.2056
After optimization group 2 (inactive) scores : ndcg@10=0.4064 f1@10=0.1233
After optimization UGF (f1@10): 0.0823 (8.23%) | UGF (ndcg@10): 0.1643 (16.43%)
UGF reduction: 0.0968 (54.0%)
Constraint satisfied: True
GA Optimizer | Model:biasedMF | Dataset:dataset\5Beauty-rand | Group:0.05_count | K=10 | Fairness_metric=f1
GA Parameters | Pop:10 | Gen:1000 | Mut:0.3504 | Cross:0.7262
Adaptive Penalty | beta1:2.43 | beta2:1.88 | k:6
Before optimization overall scores           : ndcg@10=0.4325 f1@10=0.1427
Before optimization group 1 (active) scores  : ndcg@10=0.6779 f1@10=0.3068
Before optimization group 2 (inactive) scores: ndcg@10=0.4100 f1@10=0.1277
Before optimization UGF (f1@10): 0.1791 (17.91%) | UGF (ndcg@10): 0.2679 (26.79%)
Epsilon: 0.0895
Early stop at generation 11: first feasible solution found
CPU time: 6.35 seconds
After optimization overall metric scores     : ndcg@10=0.4186 f1@10=0.1293
After optimization group 1 (active) scores   : ndcg@10=0.5730 f1@10=0.2090
After optimization group 2 (inactive) scores : ndcg@10=0.4044 f1@10=0.1220
After optimization UGF (f1@10): 0.0870 (8.70%) | UGF (ndcg@10): 0.1685 (16.85%)
UGF reduction: 0.0921 (51.4%)
Constraint satisfied: True
GA Optimizer | Model:biasedMF | Dataset:dataset\5Beauty-rand | Group:0.05_count | K=10 | Fairness_metric=f1
GA Parameters | Pop:10 | Gen:1000 | Mut:0.3504 | Cross:0.7262
Adaptive Penalty | beta1:2.43 | beta2:1.88 | k:6
Before optimization overall scores           : ndcg@10=0.4325 f1@10=0.1427
Before optimization group 1 (active) scores  : ndcg@10=0.6779 f1@10=0.3068
Before optimization group 2 (inactive) scores: ndcg@10=0.4100 f1@10=0.1277
Before optimization UGF (f1@10): 0.1791 (17.91%) | UGF (ndcg@10): 0.2679 (26.79%)
Epsilon: 0.0895
Early stop at generation 11: first feasible solution found
CPU time: 6.34 seconds
After optimization overall metric scores     : ndcg@10=0.4205 f1@10=0.1306
After optimization group 1 (active) scores   : ndcg@10=0.5753 f1@10=0.2079
After optimization group 2 (inactive) scores : ndcg@10=0.4064 f1@10=0.1236
After optimization UGF (f1@10): 0.0844 (8.44%) | UGF (ndcg@10): 0.1689 (16.89%)
UGF reduction: 0.0947 (52.9%)
Constraint satisfied: True
GA Optimizer | Model:biasedMF | Dataset:dataset\5Beauty-rand | Group:0.05_count | K=10 | Fairness_metric=f1
GA Parameters | Pop:10 | Gen:1000 | Mut:0.3504 | Cross:0.7262
Adaptive Penalty | beta1:2.43 | beta2:1.88 | k:6
Before optimization overall scores           : ndcg@10=0.4325 f1@10=0.1427
Before optimization group 1 (active) scores  : ndcg@10=0.6779 f1@10=0.3068
Before optimization group 2 (inactive) scores: ndcg@10=0.4100 f1@10=0.1277
Before optimization UGF (f1@10): 0.1791 (17.91%) | UGF (ndcg@10): 0.2679 (26.79%)
Epsilon: 0.0895
Early stop at generation 11: first feasible solution found
CPU time: 6.39 seconds
After optimization overall metric scores     : ndcg@10=0.4191 f1@10=0.1301
After optimization group 1 (active) scores   : ndcg@10=0.5564 f1@10=0.2072
After optimization group 2 (inactive) scores : ndcg@10=0.4065 f1@10=0.1231
After optimization UGF (f1@10): 0.0841 (8.41%) | UGF (ndcg@10): 0.1499 (14.99%)
UGF reduction: 0.0949 (53.0%)
Constraint satisfied: True
GA Optimizer | Model:biasedMF | Dataset:dataset\5Beauty-rand | Group:0.05_count | K=10 | Fairness_metric=f1
GA Parameters | Pop:10 | Gen:1000 | Mut:0.3504 | Cross:0.7262
Adaptive Penalty | beta1:2.43 | beta2:1.88 | k:6
Before optimization overall scores           : ndcg@10=0.4325 f1@10=0.1427
Before optimization group 1 (active) scores  : ndcg@10=0.6779 f1@10=0.3068
Before optimization group 2 (inactive) scores: ndcg@10=0.4100 f1@10=0.1277
Before optimization UGF (f1@10): 0.1791 (17.91%) | UGF (ndcg@10): 0.2679 (26.79%)
Epsilon: 0.0895
Early stop at generation 11: first feasible solution found
CPU time: 6.35 seconds
After optimization overall metric scores     : ndcg@10=0.4195 f1@10=0.1301
After optimization group 1 (active) scores   : ndcg@10=0.5715 f1@10=0.2082
After optimization group 2 (inactive) scores : ndcg@10=0.4056 f1@10=0.1229
After optimization UGF (f1@10): 0.0853 (8.53%) | UGF (ndcg@10): 0.1659 (16.59%)
UGF reduction: 0.0938 (52.4%)
Constraint satisfied: True
GA Optimizer | Model:biasedMF | Dataset:dataset\5Beauty-rand | Group:0.05_count | K=10 | Fairness_metric=f1
GA Parameters | Pop:10 | Gen:1000 | Mut:0.3504 | Cross:0.7262
Adaptive Penalty | beta1:2.43 | beta2:1.88 | k:6
Before optimization overall scores           : ndcg@10=0.4325 f1@10=0.1427
Before optimization group 1 (active) scores  : ndcg@10=0.6779 f1@10=0.3068
Before optimization group 2 (inactive) scores: ndcg@10=0.4100 f1@10=0.1277
Before optimization UGF (f1@10): 0.1791 (17.91%) | UGF (ndcg@10): 0.2679 (26.79%)
Epsilon: 0.0895
Early stop at generation 11: first feasible solution found
CPU time: 6.34 seconds
After optimization overall metric scores     : ndcg@10=0.4185 f1@10=0.1304
After optimization group 1 (active) scores   : ndcg@10=0.5627 f1@10=0.2117
After optimization group 2 (inactive) scores : ndcg@10=0.4053 f1@10=0.1230
After optimization UGF (f1@10): 0.0888 (8.88%) | UGF (ndcg@10): 0.1574 (15.74%)
UGF reduction: 0.0903 (50.4%)
Constraint satisfied: True
GA Optimizer | Model:biasedMF | Dataset:dataset\5Beauty-rand | Group:0.05_count | K=10 | Fairness_metric=f1
GA Parameters | Pop:10 | Gen:1000 | Mut:0.3504 | Cross:0.7262
Adaptive Penalty | beta1:2.43 | beta2:1.88 | k:6
Before optimization overall scores           : ndcg@10=0.4325 f1@10=0.1427
Before optimization group 1 (active) scores  : ndcg@10=0.6779 f1@10=0.3068
Before optimization group 2 (inactive) scores: ndcg@10=0.4100 f1@10=0.1277
Before optimization UGF (f1@10): 0.1791 (17.91%) | UGF (ndcg@10): 0.2679 (26.79%)
Epsilon: 0.0895
Early stop at generation 11: first feasible solution found
CPU time: 6.33 seconds
After optimization overall metric scores     : ndcg@10=0.4186 f1@10=0.1299
After optimization group 1 (active) scores   : ndcg@10=0.5686 f1@10=0.2050
After optimization group 2 (inactive) scores : ndcg@10=0.4048 f1@10=0.1231
After optimization UGF (f1@10): 0.0820 (8.20%) | UGF (ndcg@10): 0.1638 (16.38%)
UGF reduction: 0.0971 (54.2%)
Constraint satisfied: True
GA Optimizer | Model:biasedMF | Dataset:dataset\5Beauty-rand | Group:0.05_count | K=10 | Fairness_metric=f1
GA Parameters | Pop:10 | Gen:1000 | Mut:0.3504 | Cross:0.7262
Adaptive Penalty | beta1:2.43 | beta2:1.88 | k:6
Before optimization overall scores           : ndcg@10=0.4325 f1@10=0.1427
Before optimization group 1 (active) scores  : ndcg@10=0.6779 f1@10=0.3068
Before optimization group 2 (inactive) scores: ndcg@10=0.4100 f1@10=0.1277
Before optimization UGF (f1@10): 0.1791 (17.91%) | UGF (ndcg@10): 0.2679 (26.79%)
Epsilon: 0.0895
Early stop at generation 11: first feasible solution found
CPU time: 6.34 seconds
After optimization overall metric scores     : ndcg@10=0.4199 f1@10=0.1302
After optimization group 1 (active) scores   : ndcg@10=0.5678 f1@10=0.2039
After optimization group 2 (inactive) scores : ndcg@10=0.4064 f1@10=0.1234
After optimization UGF (f1@10): 0.0805 (8.05%) | UGF (ndcg@10): 0.1614 (16.14%)
UGF reduction: 0.0986 (55.0%)
Constraint satisfied: True
GA Optimizer | Model:biasedMF | Dataset:dataset\5Beauty-rand | Group:0.05_count | K=10 | Fairness_metric=f1
GA Parameters | Pop:10 | Gen:1000 | Mut:0.3504 | Cross:0.7262
Adaptive Penalty | beta1:2.43 | beta2:1.88 | k:6
Before optimization overall scores           : ndcg@10=0.4325 f1@10=0.1427
Before optimization group 1 (active) scores  : ndcg@10=0.6779 f1@10=0.3068
Before optimization group 2 (inactive) scores: ndcg@10=0.4100 f1@10=0.1277
Before optimization UGF (f1@10): 0.1791 (17.91%) | UGF (ndcg@10): 0.2679 (26.79%)
Epsilon: 0.0895
Early stop at generation 11: first feasible solution found
CPU time: 6.29 seconds
After optimization overall metric scores     : ndcg@10=0.4196 f1@10=0.1303
After optimization group 1 (active) scores   : ndcg@10=0.5692 f1@10=0.2083
After optimization group 2 (inactive) scores : ndcg@10=0.4059 f1@10=0.1232
After optimization UGF (f1@10): 0.0851 (8.51%) | UGF (ndcg@10): 0.1634 (16.34%)
UGF reduction: 0.0940 (52.5%)
Constraint satisfied: True
GA Optimizer | Model:biasedMF | Dataset:dataset\5Beauty-rand | Group:0.05_count | K=10 | Fairness_metric=f1
GA Parameters | Pop:10 | Gen:1000 | Mut:0.3504 | Cross:0.7262
Adaptive Penalty | beta1:2.43 | beta2:1.88 | k:6
Before optimization overall scores           : ndcg@10=0.4325 f1@10=0.1427
Before optimization group 1 (active) scores  : ndcg@10=0.6779 f1@10=0.3068
Before optimization group 2 (inactive) scores: ndcg@10=0.4100 f1@10=0.1277
Before optimization UGF (f1@10): 0.1791 (17.91%) | UGF (ndcg@10): 0.2679 (26.79%)
Epsilon: 0.0895
Early stop at generation 11: first feasible solution found
CPU time: 6.36 seconds
After optimization overall metric scores     : ndcg@10=0.4190 f1@10=0.1298
After optimization group 1 (active) scores   : ndcg@10=0.5688 f1@10=0.2083
After optimization group 2 (inactive) scores : ndcg@10=0.4053 f1@10=0.1226
After optimization UGF (f1@10): 0.0857 (8.57%) | UGF (ndcg@10): 0.1635 (16.35%)
UGF reduction: 0.0933 (52.1%)
Constraint satisfied: True
GA Optimizer | Model:biasedMF | Dataset:dataset\5Beauty-rand | Group:0.05_count | K=10 | Fairness_metric=f1
GA Parameters | Pop:10 | Gen:1000 | Mut:0.3504 | Cross:0.7262
Adaptive Penalty | beta1:2.43 | beta2:1.88 | k:6
Before optimization overall scores           : ndcg@10=0.4325 f1@10=0.1427
Before optimization group 1 (active) scores  : ndcg@10=0.6779 f1@10=0.3068
Before optimization group 2 (inactive) scores: ndcg@10=0.4100 f1@10=0.1277
Before optimization UGF (f1@10): 0.1791 (17.91%) | UGF (ndcg@10): 0.2679 (26.79%)
Epsilon: 0.0895
Early stop at generation 11: first feasible solution found
CPU time: 6.27 seconds
After optimization overall metric scores     : ndcg@10=0.4198 f1@10=0.1304
After optimization group 1 (active) scores   : ndcg@10=0.5655 f1@10=0.2055
After optimization group 2 (inactive) scores : ndcg@10=0.4065 f1@10=0.1236
After optimization UGF (f1@10): 0.0819 (8.19%) | UGF (ndcg@10): 0.1590 (15.90%)
UGF reduction: 0.0972 (54.3%)
Constraint satisfied: True
GA Optimizer | Model:biasedMF | Dataset:dataset\5Beauty-rand | Group:0.05_count | K=10 | Fairness_metric=f1
GA Parameters | Pop:10 | Gen:1000 | Mut:0.3504 | Cross:0.7262
Adaptive Penalty | beta1:2.43 | beta2:1.88 | k:6
Before optimization overall scores           : ndcg@10=0.4325 f1@10=0.1427
Before optimization group 1 (active) scores  : ndcg@10=0.6779 f1@10=0.3068
Before optimization group 2 (inactive) scores: ndcg@10=0.4100 f1@10=0.1277
Before optimization UGF (f1@10): 0.1791 (17.91%) | UGF (ndcg@10): 0.2679 (26.79%)
Epsilon: 0.0895
Early stop at generation 11: first feasible solution found
CPU time: 6.39 seconds
After optimization overall metric scores     : ndcg@10=0.4188 f1@10=0.1295
After optimization group 1 (active) scores   : ndcg@10=0.5669 f1@10=0.2058
After optimization group 2 (inactive) scores : ndcg@10=0.4052 f1@10=0.1225
After optimization UGF (f1@10): 0.0833 (8.33%) | UGF (ndcg@10): 0.1616 (16.16%)
UGF reduction: 0.0958 (53.5%)
Constraint satisfied: True
GA Optimizer | Model:biasedMF | Dataset:dataset\5Beauty-rand | Group:0.05_count | K=10 | Fairness_metric=f1
GA Parameters | Pop:10 | Gen:1000 | Mut:0.3504 | Cross:0.7262
Adaptive Penalty | beta1:2.43 | beta2:1.88 | k:6
Before optimization overall scores           : ndcg@10=0.4325 f1@10=0.1427
Before optimization group 1 (active) scores  : ndcg@10=0.6779 f1@10=0.3068
Before optimization group 2 (inactive) scores: ndcg@10=0.4100 f1@10=0.1277
Before optimization UGF (f1@10): 0.1791 (17.91%) | UGF (ndcg@10): 0.2679 (26.79%)
Epsilon: 0.0895
Early stop at generation 11: first feasible solution found
CPU time: 6.36 seconds
After optimization overall metric scores     : ndcg@10=0.4196 f1@10=0.1305
After optimization group 1 (active) scores   : ndcg@10=0.5617 f1@10=0.2056
After optimization group 2 (inactive) scores : ndcg@10=0.4066 f1@10=0.1237
After optimization UGF (f1@10): 0.0819 (8.19%) | UGF (ndcg@10): 0.1551 (15.51%)
UGF reduction: 0.0971 (54.3%)
Constraint satisfied: True
GA Optimizer | Model:biasedMF | Dataset:dataset\5Beauty-rand | Group:0.05_count | K=10 | Fairness_metric=f1
GA Parameters | Pop:10 | Gen:1000 | Mut:0.3504 | Cross:0.7262
Adaptive Penalty | beta1:2.43 | beta2:1.88 | k:6
Before optimization overall scores           : ndcg@10=0.4325 f1@10=0.1427
Before optimization group 1 (active) scores  : ndcg@10=0.6779 f1@10=0.3068
Before optimization group 2 (inactive) scores: ndcg@10=0.4100 f1@10=0.1277
Before optimization UGF (f1@10): 0.1791 (17.91%) | UGF (ndcg@10): 0.2679 (26.79%)
Epsilon: 0.0895
Early stop at generation 11: first feasible solution found
CPU time: 6.44 seconds
After optimization overall metric scores     : ndcg@10=0.4195 f1@10=0.1305
After optimization group 1 (active) scores   : ndcg@10=0.5688 f1@10=0.2094
After optimization group 2 (inactive) scores : ndcg@10=0.4059 f1@10=0.1232
After optimization UGF (f1@10): 0.0862 (8.62%) | UGF (ndcg@10): 0.1629 (16.29%)
UGF reduction: 0.0929 (51.9%)
Constraint satisfied: True
GA Optimizer | Model:biasedMF | Dataset:dataset\5Beauty-rand | Group:0.05_count | K=10 | Fairness_metric=f1
GA Parameters | Pop:10 | Gen:1000 | Mut:0.3504 | Cross:0.7262
Adaptive Penalty | beta1:2.43 | beta2:1.88 | k:6
Before optimization overall scores           : ndcg@10=0.4325 f1@10=0.1427
Before optimization group 1 (active) scores  : ndcg@10=0.6779 f1@10=0.3068
Before optimization group 2 (inactive) scores: ndcg@10=0.4100 f1@10=0.1277
Before optimization UGF (f1@10): 0.1791 (17.91%) | UGF (ndcg@10): 0.2679 (26.79%)
Epsilon: 0.0895
Early stop at generation 11: first feasible solution found
CPU time: 6.26 seconds
After optimization overall metric scores     : ndcg@10=0.4192 f1@10=0.1304
After optimization group 1 (active) scores   : ndcg@10=0.5664 f1@10=0.2063
After optimization group 2 (inactive) scores : ndcg@10=0.4058 f1@10=0.1234
After optimization UGF (f1@10): 0.0828 (8.28%) | UGF (ndcg@10): 0.1606 (16.06%)
UGF reduction: 0.0962 (53.7%)
Constraint satisfied: True
