GA Optimizer | Model:biasedMF | Dataset:dataset\5Grocery-rand | Group:max_0.05 | K=10 | Fairness_metric=f1
GA Parameters | Pop:10 | Gen:1000 | Mut:0.3504 | Cross:0.7262
Adaptive Penalty | beta1:2.43 | beta2:1.88 | k:6
Before optimization overall scores           : ndcg@10=0.4508 f1@10=0.1578
Before optimization group 1 (active) scores  : ndcg@10=0.5729 f1@10=0.2429
Before optimization group 2 (inactive) scores: ndcg@10=0.4430 f1@10=0.1525
Before optimization UGF (f1@10): 0.0905 (9.05%) | UGF (ndcg@10): 0.1298 (12.98%)
Epsilon: 0.0452
Early stop at generation 9: first feasible solution found
CPU time: 3.42 seconds
After optimization overall metric scores     : ndcg@10=0.4441 f1@10=0.1501
After optimization group 1 (active) scores   : ndcg@10=0.5052 f1@10=0.1864
After optimization group 2 (inactive) scores : ndcg@10=0.4403 f1@10=0.1478
After optimization UGF (f1@10): 0.0386 (3.86%) | UGF (ndcg@10): 0.0650 (6.50%)
UGF reduction: 0.0519 (57.4%)
Constraint satisfied: True
GA Optimizer | Model:biasedMF | Dataset:dataset\5Grocery-rand | Group:max_0.05 | K=10 | Fairness_metric=f1
GA Parameters | Pop:10 | Gen:1000 | Mut:0.3504 | Cross:0.7262
Adaptive Penalty | beta1:2.43 | beta2:1.88 | k:6
Before optimization overall scores           : ndcg@10=0.4508 f1@10=0.1578
Before optimization group 1 (active) scores  : ndcg@10=0.5729 f1@10=0.2429
Before optimization group 2 (inactive) scores: ndcg@10=0.4430 f1@10=0.1525
Before optimization UGF (f1@10): 0.0905 (9.05%) | UGF (ndcg@10): 0.1298 (12.98%)
Epsilon: 0.0452
Early stop at generation 9: first feasible solution found
CPU time: 3.44 seconds
After optimization overall metric scores     : ndcg@10=0.4447 f1@10=0.1500
After optimization group 1 (active) scores   : ndcg@10=0.5093 f1@10=0.1881
After optimization group 2 (inactive) scores : ndcg@10=0.4406 f1@10=0.1476
After optimization UGF (f1@10): 0.0405 (4.05%) | UGF (ndcg@10): 0.0687 (6.87%)
UGF reduction: 0.0500 (55.3%)
Constraint satisfied: True
GA Optimizer | Model:biasedMF | Dataset:dataset\5Grocery-rand | Group:max_0.05 | K=10 | Fairness_metric=f1
GA Parameters | Pop:10 | Gen:1000 | Mut:0.3504 | Cross:0.7262
Adaptive Penalty | beta1:2.43 | beta2:1.88 | k:6
Before optimization overall scores           : ndcg@10=0.4508 f1@10=0.1578
Before optimization group 1 (active) scores  : ndcg@10=0.5729 f1@10=0.2429
Before optimization group 2 (inactive) scores: ndcg@10=0.4430 f1@10=0.1525
Before optimization UGF (f1@10): 0.0905 (9.05%) | UGF (ndcg@10): 0.1298 (12.98%)
Epsilon: 0.0452
Early stop at generation 9: first feasible solution found
CPU time: 3.35 seconds
After optimization overall metric scores     : ndcg@10=0.4433 f1@10=0.1501
After optimization group 1 (active) scores   : ndcg@10=0.4872 f1@10=0.1861
After optimization group 2 (inactive) scores : ndcg@10=0.4405 f1@10=0.1478
After optimization UGF (f1@10): 0.0383 (3.83%) | UGF (ndcg@10): 0.0467 (4.67%)
UGF reduction: 0.0521 (57.6%)
Constraint satisfied: True
GA Optimizer | Model:biasedMF | Dataset:dataset\5Grocery-rand | Group:max_0.05 | K=10 | Fairness_metric=f1
GA Parameters | Pop:10 | Gen:1000 | Mut:0.3504 | Cross:0.7262
Adaptive Penalty | beta1:2.43 | beta2:1.88 | k:6
Before optimization overall scores           : ndcg@10=0.4508 f1@10=0.1578
Before optimization group 1 (active) scores  : ndcg@10=0.5729 f1@10=0.2429
Before optimization group 2 (inactive) scores: ndcg@10=0.4430 f1@10=0.1525
Before optimization UGF (f1@10): 0.0905 (9.05%) | UGF (ndcg@10): 0.1298 (12.98%)
Epsilon: 0.0452
Early stop at generation 9: first feasible solution found
CPU time: 3.40 seconds
After optimization overall metric scores     : ndcg@10=0.4440 f1@10=0.1505
After optimization group 1 (active) scores   : ndcg@10=0.4847 f1@10=0.1875
After optimization group 2 (inactive) scores : ndcg@10=0.4414 f1@10=0.1482
After optimization UGF (f1@10): 0.0393 (3.93%) | UGF (ndcg@10): 0.0433 (4.33%)
UGF reduction: 0.0511 (56.5%)
Constraint satisfied: True
GA Optimizer | Model:biasedMF | Dataset:dataset\5Grocery-rand | Group:max_0.05 | K=10 | Fairness_metric=f1
GA Parameters | Pop:10 | Gen:1000 | Mut:0.3504 | Cross:0.7262
Adaptive Penalty | beta1:2.43 | beta2:1.88 | k:6
Before optimization overall scores           : ndcg@10=0.4508 f1@10=0.1578
Before optimization group 1 (active) scores  : ndcg@10=0.5729 f1@10=0.2429
Before optimization group 2 (inactive) scores: ndcg@10=0.4430 f1@10=0.1525
Before optimization UGF (f1@10): 0.0905 (9.05%) | UGF (ndcg@10): 0.1298 (12.98%)
Epsilon: 0.0452
Early stop at generation 9: first feasible solution found
CPU time: 3.40 seconds
After optimization overall metric scores     : ndcg@10=0.4436 f1@10=0.1505
After optimization group 1 (active) scores   : ndcg@10=0.4793 f1@10=0.1847
After optimization group 2 (inactive) scores : ndcg@10=0.4413 f1@10=0.1483
After optimization UGF (f1@10): 0.0364 (3.64%) | UGF (ndcg@10): 0.0380 (3.80%)
UGF reduction: 0.0541 (59.8%)
Constraint satisfied: True
GA Optimizer | Model:biasedMF | Dataset:dataset\5Grocery-rand | Group:max_0.05 | K=10 | Fairness_metric=f1
GA Parameters | Pop:10 | Gen:1000 | Mut:0.3504 | Cross:0.7262
Adaptive Penalty | beta1:2.43 | beta2:1.88 | k:6
Before optimization overall scores           : ndcg@10=0.4508 f1@10=0.1578
Before optimization group 1 (active) scores  : ndcg@10=0.5729 f1@10=0.2429
Before optimization group 2 (inactive) scores: ndcg@10=0.4430 f1@10=0.1525
Before optimization UGF (f1@10): 0.0905 (9.05%) | UGF (ndcg@10): 0.1298 (12.98%)
Epsilon: 0.0452
Early stop at generation 9: first feasible solution found
CPU time: 3.41 seconds
After optimization overall metric scores     : ndcg@10=0.4434 f1@10=0.1501
After optimization group 1 (active) scores   : ndcg@10=0.4859 f1@10=0.1843
After optimization group 2 (inactive) scores : ndcg@10=0.4407 f1@10=0.1479
After optimization UGF (f1@10): 0.0364 (3.64%) | UGF (ndcg@10): 0.0451 (4.51%)
UGF reduction: 0.0541 (59.8%)
Constraint satisfied: True
GA Optimizer | Model:biasedMF | Dataset:dataset\5Grocery-rand | Group:max_0.05 | K=10 | Fairness_metric=f1
GA Parameters | Pop:10 | Gen:1000 | Mut:0.3504 | Cross:0.7262
Adaptive Penalty | beta1:2.43 | beta2:1.88 | k:6
Before optimization overall scores           : ndcg@10=0.4508 f1@10=0.1578
Before optimization group 1 (active) scores  : ndcg@10=0.5729 f1@10=0.2429
Before optimization group 2 (inactive) scores: ndcg@10=0.4430 f1@10=0.1525
Before optimization UGF (f1@10): 0.0905 (9.05%) | UGF (ndcg@10): 0.1298 (12.98%)
Epsilon: 0.0452
Early stop at generation 9: first feasible solution found
CPU time: 3.44 seconds
After optimization overall metric scores     : ndcg@10=0.4443 f1@10=0.1503
After optimization group 1 (active) scores   : ndcg@10=0.4960 f1@10=0.1867
After optimization group 2 (inactive) scores : ndcg@10=0.4410 f1@10=0.1480
After optimization UGF (f1@10): 0.0387 (3.87%) | UGF (ndcg@10): 0.0550 (5.50%)
UGF reduction: 0.0518 (57.3%)
Constraint satisfied: True
GA Optimizer | Model:biasedMF | Dataset:dataset\5Grocery-rand | Group:max_0.05 | K=10 | Fairness_metric=f1
GA Parameters | Pop:10 | Gen:1000 | Mut:0.3504 | Cross:0.7262
Adaptive Penalty | beta1:2.43 | beta2:1.88 | k:6
Before optimization overall scores           : ndcg@10=0.4508 f1@10=0.1578
Before optimization group 1 (active) scores  : ndcg@10=0.5729 f1@10=0.2429
Before optimization group 2 (inactive) scores: ndcg@10=0.4430 f1@10=0.1525
Before optimization UGF (f1@10): 0.0905 (9.05%) | UGF (ndcg@10): 0.1298 (12.98%)
Epsilon: 0.0452
Early stop at generation 9: first feasible solution found
CPU time: 3.39 seconds
After optimization overall metric scores     : ndcg@10=0.4451 f1@10=0.1504
After optimization group 1 (active) scores   : ndcg@10=0.5066 f1@10=0.1894
After optimization group 2 (inactive) scores : ndcg@10=0.4412 f1@10=0.1479
After optimization UGF (f1@10): 0.0415 (4.15%) | UGF (ndcg@10): 0.0654 (6.54%)
UGF reduction: 0.0490 (54.2%)
Constraint satisfied: True
GA Optimizer | Model:biasedMF | Dataset:dataset\5Grocery-rand | Group:max_0.05 | K=10 | Fairness_metric=f1
GA Parameters | Pop:10 | Gen:1000 | Mut:0.3504 | Cross:0.7262
Adaptive Penalty | beta1:2.43 | beta2:1.88 | k:6
Before optimization overall scores           : ndcg@10=0.4508 f1@10=0.1578
Before optimization group 1 (active) scores  : ndcg@10=0.5729 f1@10=0.2429
Before optimization group 2 (inactive) scores: ndcg@10=0.4430 f1@10=0.1525
Before optimization UGF (f1@10): 0.0905 (9.05%) | UGF (ndcg@10): 0.1298 (12.98%)
Epsilon: 0.0452
Early stop at generation 9: first feasible solution found
CPU time: 3.43 seconds
After optimization overall metric scores     : ndcg@10=0.4436 f1@10=0.1504
After optimization group 1 (active) scores   : ndcg@10=0.4998 f1@10=0.1887
After optimization group 2 (inactive) scores : ndcg@10=0.4400 f1@10=0.1479
After optimization UGF (f1@10): 0.0408 (4.08%) | UGF (ndcg@10): 0.0598 (5.98%)
UGF reduction: 0.0497 (54.9%)
Constraint satisfied: True
GA Optimizer | Model:biasedMF | Dataset:dataset\5Grocery-rand | Group:max_0.05 | K=10 | Fairness_metric=f1
GA Parameters | Pop:10 | Gen:1000 | Mut:0.3504 | Cross:0.7262
Adaptive Penalty | beta1:2.43 | beta2:1.88 | k:6
Before optimization overall scores           : ndcg@10=0.4508 f1@10=0.1578
Before optimization group 1 (active) scores  : ndcg@10=0.5729 f1@10=0.2429
Before optimization group 2 (inactive) scores: ndcg@10=0.4430 f1@10=0.1525
Before optimization UGF (f1@10): 0.0905 (9.05%) | UGF (ndcg@10): 0.1298 (12.98%)
Epsilon: 0.0452
Early stop at generation 9: first feasible solution found
CPU time: 3.43 seconds
After optimization overall metric scores     : ndcg@10=0.4450 f1@10=0.1509
After optimization group 1 (active) scores   : ndcg@10=0.5003 f1@10=0.1896
After optimization group 2 (inactive) scores : ndcg@10=0.4415 f1@10=0.1484
After optimization UGF (f1@10): 0.0412 (4.12%) | UGF (ndcg@10): 0.0589 (5.89%)
UGF reduction: 0.0493 (54.5%)
Constraint satisfied: True
GA Optimizer | Model:biasedMF | Dataset:dataset\5Grocery-rand | Group:max_0.05 | K=10 | Fairness_metric=f1
GA Parameters | Pop:10 | Gen:1000 | Mut:0.3504 | Cross:0.7262
Adaptive Penalty | beta1:2.43 | beta2:1.88 | k:6
Before optimization overall scores           : ndcg@10=0.4508 f1@10=0.1578
Before optimization group 1 (active) scores  : ndcg@10=0.5729 f1@10=0.2429
Before optimization group 2 (inactive) scores: ndcg@10=0.4430 f1@10=0.1525
Before optimization UGF (f1@10): 0.0905 (9.05%) | UGF (ndcg@10): 0.1298 (12.98%)
Epsilon: 0.0452
Early stop at generation 9: first feasible solution found
CPU time: 3.45 seconds
After optimization overall metric scores     : ndcg@10=0.4454 f1@10=0.1504
After optimization group 1 (active) scores   : ndcg@10=0.5207 f1@10=0.1913
After optimization group 2 (inactive) scores : ndcg@10=0.4406 f1@10=0.1478
After optimization UGF (f1@10): 0.0436 (4.36%) | UGF (ndcg@10): 0.0801 (8.01%)
UGF reduction: 0.0469 (51.8%)
Constraint satisfied: True
GA Optimizer | Model:biasedMF | Dataset:dataset\5Grocery-rand | Group:max_0.05 | K=10 | Fairness_metric=f1
GA Parameters | Pop:10 | Gen:1000 | Mut:0.3504 | Cross:0.7262
Adaptive Penalty | beta1:2.43 | beta2:1.88 | k:6
Before optimization overall scores           : ndcg@10=0.4508 f1@10=0.1578
Before optimization group 1 (active) scores  : ndcg@10=0.5729 f1@10=0.2429
Before optimization group 2 (inactive) scores: ndcg@10=0.4430 f1@10=0.1525
Before optimization UGF (f1@10): 0.0905 (9.05%) | UGF (ndcg@10): 0.1298 (12.98%)
Epsilon: 0.0452
Early stop at generation 9: first feasible solution found
CPU time: 3.40 seconds
After optimization overall metric scores     : ndcg@10=0.4456 f1@10=0.1505
After optimization group 1 (active) scores   : ndcg@10=0.5186 f1@10=0.1928
After optimization group 2 (inactive) scores : ndcg@10=0.4410 f1@10=0.1478
After optimization UGF (f1@10): 0.0450 (4.50%) | UGF (ndcg@10): 0.0776 (7.76%)
UGF reduction: 0.0455 (50.2%)
Constraint satisfied: True
GA Optimizer | Model:biasedMF | Dataset:dataset\5Grocery-rand | Group:max_0.05 | K=10 | Fairness_metric=f1
GA Parameters | Pop:10 | Gen:1000 | Mut:0.3504 | Cross:0.7262
Adaptive Penalty | beta1:2.43 | beta2:1.88 | k:6
Before optimization overall scores           : ndcg@10=0.4508 f1@10=0.1578
Before optimization group 1 (active) scores  : ndcg@10=0.5729 f1@10=0.2429
Before optimization group 2 (inactive) scores: ndcg@10=0.4430 f1@10=0.1525
Before optimization UGF (f1@10): 0.0905 (9.05%) | UGF (ndcg@10): 0.1298 (12.98%)
Epsilon: 0.0452
Early stop at generation 9: first feasible solution found
CPU time: 3.40 seconds
After optimization overall metric scores     : ndcg@10=0.4444 f1@10=0.1507
After optimization group 1 (active) scores   : ndcg@10=0.5030 f1@10=0.1905
After optimization group 2 (inactive) scores : ndcg@10=0.4407 f1@10=0.1482
After optimization UGF (f1@10): 0.0423 (4.23%) | UGF (ndcg@10): 0.0623 (6.23%)
UGF reduction: 0.0481 (53.2%)
Constraint satisfied: True
GA Optimizer | Model:biasedMF | Dataset:dataset\5Grocery-rand | Group:max_0.05 | K=10 | Fairness_metric=f1
GA Parameters | Pop:10 | Gen:1000 | Mut:0.3504 | Cross:0.7262
Adaptive Penalty | beta1:2.43 | beta2:1.88 | k:6
Before optimization overall scores           : ndcg@10=0.4508 f1@10=0.1578
Before optimization group 1 (active) scores  : ndcg@10=0.5729 f1@10=0.2429
Before optimization group 2 (inactive) scores: ndcg@10=0.4430 f1@10=0.1525
Before optimization UGF (f1@10): 0.0905 (9.05%) | UGF (ndcg@10): 0.1298 (12.98%)
Epsilon: 0.0452
Early stop at generation 9: first feasible solution found
CPU time: 3.41 seconds
After optimization overall metric scores     : ndcg@10=0.4459 f1@10=0.1512
After optimization group 1 (active) scores   : ndcg@10=0.5188 f1@10=0.1935
After optimization group 2 (inactive) scores : ndcg@10=0.4413 f1@10=0.1485
After optimization UGF (f1@10): 0.0451 (4.51%) | UGF (ndcg@10): 0.0774 (7.74%)
UGF reduction: 0.0454 (50.2%)
Constraint satisfied: True
GA Optimizer | Model:biasedMF | Dataset:dataset\5Grocery-rand | Group:max_0.05 | K=10 | Fairness_metric=f1
GA Parameters | Pop:10 | Gen:1000 | Mut:0.3504 | Cross:0.7262
Adaptive Penalty | beta1:2.43 | beta2:1.88 | k:6
Before optimization overall scores           : ndcg@10=0.4508 f1@10=0.1578
Before optimization group 1 (active) scores  : ndcg@10=0.5729 f1@10=0.2429
Before optimization group 2 (inactive) scores: ndcg@10=0.4430 f1@10=0.1525
Before optimization UGF (f1@10): 0.0905 (9.05%) | UGF (ndcg@10): 0.1298 (12.98%)
Epsilon: 0.0452
Early stop at generation 9: first feasible solution found
CPU time: 3.40 seconds
After optimization overall metric scores     : ndcg@10=0.4458 f1@10=0.1505
After optimization group 1 (active) scores   : ndcg@10=0.5220 f1@10=0.1918
After optimization group 2 (inactive) scores : ndcg@10=0.4410 f1@10=0.1478
After optimization UGF (f1@10): 0.0440 (4.40%) | UGF (ndcg@10): 0.0809 (8.09%)
UGF reduction: 0.0465 (51.4%)
Constraint satisfied: True
GA Optimizer | Model:biasedMF | Dataset:dataset\5Grocery-rand | Group:max_0.05 | K=10 | Fairness_metric=f1
GA Parameters | Pop:10 | Gen:1000 | Mut:0.3504 | Cross:0.7262
Adaptive Penalty | beta1:2.43 | beta2:1.88 | k:6
Before optimization overall scores           : ndcg@10=0.4508 f1@10=0.1578
Before optimization group 1 (active) scores  : ndcg@10=0.5729 f1@10=0.2429
Before optimization group 2 (inactive) scores: ndcg@10=0.4430 f1@10=0.1525
Before optimization UGF (f1@10): 0.0905 (9.05%) | UGF (ndcg@10): 0.1298 (12.98%)
Epsilon: 0.0452
Early stop at generation 9: first feasible solution found
CPU time: 3.42 seconds
After optimization overall metric scores     : ndcg@10=0.4456 f1@10=0.1508
After optimization group 1 (active) scores   : ndcg@10=0.5093 f1@10=0.1929
After optimization group 2 (inactive) scores : ndcg@10=0.4415 f1@10=0.1482
After optimization UGF (f1@10): 0.0447 (4.47%) | UGF (ndcg@10): 0.0677 (6.77%)
UGF reduction: 0.0458 (50.6%)
Constraint satisfied: True
GA Optimizer | Model:biasedMF | Dataset:dataset\5Grocery-rand | Group:max_0.05 | K=10 | Fairness_metric=f1
GA Parameters | Pop:10 | Gen:1000 | Mut:0.3504 | Cross:0.7262
Adaptive Penalty | beta1:2.43 | beta2:1.88 | k:6
Before optimization overall scores           : ndcg@10=0.4508 f1@10=0.1578
Before optimization group 1 (active) scores  : ndcg@10=0.5729 f1@10=0.2429
Before optimization group 2 (inactive) scores: ndcg@10=0.4430 f1@10=0.1525
Before optimization UGF (f1@10): 0.0905 (9.05%) | UGF (ndcg@10): 0.1298 (12.98%)
Epsilon: 0.0452
Early stop at generation 9: first feasible solution found
CPU time: 3.44 seconds
After optimization overall metric scores     : ndcg@10=0.4447 f1@10=0.1506
After optimization group 1 (active) scores   : ndcg@10=0.5016 f1@10=0.1858
After optimization group 2 (inactive) scores : ndcg@10=0.4411 f1@10=0.1483
After optimization UGF (f1@10): 0.0374 (3.74%) | UGF (ndcg@10): 0.0605 (6.05%)
UGF reduction: 0.0530 (58.6%)
Constraint satisfied: True
GA Optimizer | Model:biasedMF | Dataset:dataset\5Grocery-rand | Group:max_0.05 | K=10 | Fairness_metric=f1
GA Parameters | Pop:10 | Gen:1000 | Mut:0.3504 | Cross:0.7262
Adaptive Penalty | beta1:2.43 | beta2:1.88 | k:6
Before optimization overall scores           : ndcg@10=0.4508 f1@10=0.1578
Before optimization group 1 (active) scores  : ndcg@10=0.5729 f1@10=0.2429
Before optimization group 2 (inactive) scores: ndcg@10=0.4430 f1@10=0.1525
Before optimization UGF (f1@10): 0.0905 (9.05%) | UGF (ndcg@10): 0.1298 (12.98%)
Epsilon: 0.0452
Early stop at generation 9: first feasible solution found
CPU time: 3.40 seconds
After optimization overall metric scores     : ndcg@10=0.4432 f1@10=0.1500
After optimization group 1 (active) scores   : ndcg@10=0.4880 f1@10=0.1863
After optimization group 2 (inactive) scores : ndcg@10=0.4404 f1@10=0.1477
After optimization UGF (f1@10): 0.0386 (3.86%) | UGF (ndcg@10): 0.0475 (4.75%)
UGF reduction: 0.0519 (57.3%)
Constraint satisfied: True
GA Optimizer | Model:biasedMF | Dataset:dataset\5Grocery-rand | Group:max_0.05 | K=10 | Fairness_metric=f1
GA Parameters | Pop:10 | Gen:1000 | Mut:0.3504 | Cross:0.7262
Adaptive Penalty | beta1:2.43 | beta2:1.88 | k:6
Before optimization overall scores           : ndcg@10=0.4508 f1@10=0.1578
Before optimization group 1 (active) scores  : ndcg@10=0.5729 f1@10=0.2429
Before optimization group 2 (inactive) scores: ndcg@10=0.4430 f1@10=0.1525
Before optimization UGF (f1@10): 0.0905 (9.05%) | UGF (ndcg@10): 0.1298 (12.98%)
Epsilon: 0.0452
Early stop at generation 9: first feasible solution found
CPU time: 3.41 seconds
After optimization overall metric scores     : ndcg@10=0.4445 f1@10=0.1510
After optimization group 1 (active) scores   : ndcg@10=0.5000 f1@10=0.1904
After optimization group 2 (inactive) scores : ndcg@10=0.4410 f1@10=0.1485
After optimization UGF (f1@10): 0.0419 (4.19%) | UGF (ndcg@10): 0.0589 (5.89%)
UGF reduction: 0.0485 (53.6%)
Constraint satisfied: True
GA Optimizer | Model:biasedMF | Dataset:dataset\5Grocery-rand | Group:max_0.05 | K=10 | Fairness_metric=f1
GA Parameters | Pop:10 | Gen:1000 | Mut:0.3504 | Cross:0.7262
Adaptive Penalty | beta1:2.43 | beta2:1.88 | k:6
Before optimization overall scores           : ndcg@10=0.4508 f1@10=0.1578
Before optimization group 1 (active) scores  : ndcg@10=0.5729 f1@10=0.2429
Before optimization group 2 (inactive) scores: ndcg@10=0.4430 f1@10=0.1525
Before optimization UGF (f1@10): 0.0905 (9.05%) | UGF (ndcg@10): 0.1298 (12.98%)
Epsilon: 0.0452
Early stop at generation 9: first feasible solution found
CPU time: 3.41 seconds
After optimization overall metric scores     : ndcg@10=0.4431 f1@10=0.1492
After optimization group 1 (active) scores   : ndcg@10=0.4962 f1@10=0.1845
After optimization group 2 (inactive) scores : ndcg@10=0.4398 f1@10=0.1470
After optimization UGF (f1@10): 0.0375 (3.75%) | UGF (ndcg@10): 0.0564 (5.64%)
UGF reduction: 0.0529 (58.5%)
Constraint satisfied: True
GA Optimizer | Model:biasedMF | Dataset:dataset\5Grocery-rand | Group:max_0.05 | K=10 | Fairness_metric=f1
GA Parameters | Pop:10 | Gen:1000 | Mut:0.3504 | Cross:0.7262
Adaptive Penalty | beta1:2.43 | beta2:1.88 | k:6
Before optimization overall scores           : ndcg@10=0.4508 f1@10=0.1578
Before optimization group 1 (active) scores  : ndcg@10=0.5729 f1@10=0.2429
Before optimization group 2 (inactive) scores: ndcg@10=0.4430 f1@10=0.1525
Before optimization UGF (f1@10): 0.0905 (9.05%) | UGF (ndcg@10): 0.1298 (12.98%)
Epsilon: 0.0452
Early stop at generation 9: first feasible solution found
CPU time: 3.42 seconds
After optimization overall metric scores     : ndcg@10=0.4439 f1@10=0.1497
After optimization group 1 (active) scores   : ndcg@10=0.5052 f1@10=0.1901
After optimization group 2 (inactive) scores : ndcg@10=0.4400 f1@10=0.1472
After optimization UGF (f1@10): 0.0429 (4.29%) | UGF (ndcg@10): 0.0652 (6.52%)
UGF reduction: 0.0476 (52.6%)
Constraint satisfied: True
GA Optimizer | Model:biasedMF | Dataset:dataset\5Grocery-rand | Group:max_0.05 | K=10 | Fairness_metric=f1
GA Parameters | Pop:10 | Gen:1000 | Mut:0.3504 | Cross:0.7262
Adaptive Penalty | beta1:2.43 | beta2:1.88 | k:6
Before optimization overall scores           : ndcg@10=0.4508 f1@10=0.1578
Before optimization group 1 (active) scores  : ndcg@10=0.5729 f1@10=0.2429
Before optimization group 2 (inactive) scores: ndcg@10=0.4430 f1@10=0.1525
Before optimization UGF (f1@10): 0.0905 (9.05%) | UGF (ndcg@10): 0.1298 (12.98%)
Epsilon: 0.0452
Early stop at generation 9: first feasible solution found
CPU time: 3.41 seconds
After optimization overall metric scores     : ndcg@10=0.4428 f1@10=0.1497
After optimization group 1 (active) scores   : ndcg@10=0.4805 f1@10=0.1845
After optimization group 2 (inactive) scores : ndcg@10=0.4404 f1@10=0.1475
After optimization UGF (f1@10): 0.0371 (3.71%) | UGF (ndcg@10): 0.0401 (4.01%)
UGF reduction: 0.0534 (59.0%)
Constraint satisfied: True
GA Optimizer | Model:biasedMF | Dataset:dataset\5Grocery-rand | Group:max_0.05 | K=10 | Fairness_metric=f1
GA Parameters | Pop:10 | Gen:1000 | Mut:0.3504 | Cross:0.7262
Adaptive Penalty | beta1:2.43 | beta2:1.88 | k:6
Before optimization overall scores           : ndcg@10=0.4508 f1@10=0.1578
Before optimization group 1 (active) scores  : ndcg@10=0.5729 f1@10=0.2429
Before optimization group 2 (inactive) scores: ndcg@10=0.4430 f1@10=0.1525
Before optimization UGF (f1@10): 0.0905 (9.05%) | UGF (ndcg@10): 0.1298 (12.98%)
Epsilon: 0.0452
Early stop at generation 9: first feasible solution found
CPU time: 3.39 seconds
After optimization overall metric scores     : ndcg@10=0.4447 f1@10=0.1508
After optimization group 1 (active) scores   : ndcg@10=0.5080 f1@10=0.1923
After optimization group 2 (inactive) scores : ndcg@10=0.4407 f1@10=0.1482
After optimization UGF (f1@10): 0.0440 (4.40%) | UGF (ndcg@10): 0.0674 (6.74%)
UGF reduction: 0.0464 (51.3%)
Constraint satisfied: True
GA Optimizer | Model:biasedMF | Dataset:dataset\5Grocery-rand | Group:max_0.05 | K=10 | Fairness_metric=f1
GA Parameters | Pop:10 | Gen:1000 | Mut:0.3504 | Cross:0.7262
Adaptive Penalty | beta1:2.43 | beta2:1.88 | k:6
Before optimization overall scores           : ndcg@10=0.4508 f1@10=0.1578
Before optimization group 1 (active) scores  : ndcg@10=0.5729 f1@10=0.2429
Before optimization group 2 (inactive) scores: ndcg@10=0.4430 f1@10=0.1525
Before optimization UGF (f1@10): 0.0905 (9.05%) | UGF (ndcg@10): 0.1298 (12.98%)
Epsilon: 0.0452
Early stop at generation 9: first feasible solution found
CPU time: 3.45 seconds
After optimization overall metric scores     : ndcg@10=0.4429 f1@10=0.1503
After optimization group 1 (active) scores   : ndcg@10=0.4777 f1@10=0.1864
After optimization group 2 (inactive) scores : ndcg@10=0.4407 f1@10=0.1480
After optimization UGF (f1@10): 0.0384 (3.84%) | UGF (ndcg@10): 0.0370 (3.70%)
UGF reduction: 0.0521 (57.6%)
Constraint satisfied: True
GA Optimizer | Model:biasedMF | Dataset:dataset\5Grocery-rand | Group:max_0.05 | K=10 | Fairness_metric=f1
GA Parameters | Pop:10 | Gen:1000 | Mut:0.3504 | Cross:0.7262
Adaptive Penalty | beta1:2.43 | beta2:1.88 | k:6
Before optimization overall scores           : ndcg@10=0.4508 f1@10=0.1578
Before optimization group 1 (active) scores  : ndcg@10=0.5729 f1@10=0.2429
Before optimization group 2 (inactive) scores: ndcg@10=0.4430 f1@10=0.1525
Before optimization UGF (f1@10): 0.0905 (9.05%) | UGF (ndcg@10): 0.1298 (12.98%)
Epsilon: 0.0452
Early stop at generation 8: first feasible solution found
CPU time: 3.20 seconds
After optimization overall metric scores     : ndcg@10=0.4436 f1@10=0.1506
After optimization group 1 (active) scores   : ndcg@10=0.4908 f1@10=0.1872
After optimization group 2 (inactive) scores : ndcg@10=0.4406 f1@10=0.1483
After optimization UGF (f1@10): 0.0389 (3.89%) | UGF (ndcg@10): 0.0502 (5.02%)
UGF reduction: 0.0515 (57.0%)
Constraint satisfied: True
GA Optimizer | Model:biasedMF | Dataset:dataset\5Grocery-rand | Group:max_0.05 | K=10 | Fairness_metric=f1
GA Parameters | Pop:10 | Gen:1000 | Mut:0.3504 | Cross:0.7262
Adaptive Penalty | beta1:2.43 | beta2:1.88 | k:6
Before optimization overall scores           : ndcg@10=0.4508 f1@10=0.1578
Before optimization group 1 (active) scores  : ndcg@10=0.5729 f1@10=0.2429
Before optimization group 2 (inactive) scores: ndcg@10=0.4430 f1@10=0.1525
Before optimization UGF (f1@10): 0.0905 (9.05%) | UGF (ndcg@10): 0.1298 (12.98%)
Epsilon: 0.0452
Early stop at generation 9: first feasible solution found
CPU time: 3.43 seconds
After optimization overall metric scores     : ndcg@10=0.4437 f1@10=0.1498
After optimization group 1 (active) scores   : ndcg@10=0.4947 f1@10=0.1836
After optimization group 2 (inactive) scores : ndcg@10=0.4404 f1@10=0.1476
After optimization UGF (f1@10): 0.0360 (3.60%) | UGF (ndcg@10): 0.0542 (5.42%)
UGF reduction: 0.0545 (60.2%)
Constraint satisfied: True
GA Optimizer | Model:biasedMF | Dataset:dataset\5Grocery-rand | Group:max_0.05 | K=10 | Fairness_metric=f1
GA Parameters | Pop:10 | Gen:1000 | Mut:0.3504 | Cross:0.7262
Adaptive Penalty | beta1:2.43 | beta2:1.88 | k:6
Before optimization overall scores           : ndcg@10=0.4508 f1@10=0.1578
Before optimization group 1 (active) scores  : ndcg@10=0.5729 f1@10=0.2429
Before optimization group 2 (inactive) scores: ndcg@10=0.4430 f1@10=0.1525
Before optimization UGF (f1@10): 0.0905 (9.05%) | UGF (ndcg@10): 0.1298 (12.98%)
Epsilon: 0.0452
Early stop at generation 9: first feasible solution found
CPU time: 3.46 seconds
After optimization overall metric scores     : ndcg@10=0.4446 f1@10=0.1509
After optimization group 1 (active) scores   : ndcg@10=0.5074 f1@10=0.1902
After optimization group 2 (inactive) scores : ndcg@10=0.4407 f1@10=0.1484
After optimization UGF (f1@10): 0.0417 (4.17%) | UGF (ndcg@10): 0.0668 (6.68%)
UGF reduction: 0.0487 (53.9%)
Constraint satisfied: True
GA Optimizer | Model:biasedMF | Dataset:dataset\5Grocery-rand | Group:max_0.05 | K=10 | Fairness_metric=f1
GA Parameters | Pop:10 | Gen:1000 | Mut:0.3504 | Cross:0.7262
Adaptive Penalty | beta1:2.43 | beta2:1.88 | k:6
Before optimization overall scores           : ndcg@10=0.4508 f1@10=0.1578
Before optimization group 1 (active) scores  : ndcg@10=0.5729 f1@10=0.2429
Before optimization group 2 (inactive) scores: ndcg@10=0.4430 f1@10=0.1525
Before optimization UGF (f1@10): 0.0905 (9.05%) | UGF (ndcg@10): 0.1298 (12.98%)
Epsilon: 0.0452
Early stop at generation 9: first feasible solution found
CPU time: 3.39 seconds
After optimization overall metric scores     : ndcg@10=0.4444 f1@10=0.1503
After optimization group 1 (active) scores   : ndcg@10=0.4975 f1@10=0.1842
After optimization group 2 (inactive) scores : ndcg@10=0.4411 f1@10=0.1482
After optimization UGF (f1@10): 0.0360 (3.60%) | UGF (ndcg@10): 0.0565 (5.65%)
UGF reduction: 0.0544 (60.2%)
Constraint satisfied: True
GA Optimizer | Model:biasedMF | Dataset:dataset\5Grocery-rand | Group:max_0.05 | K=10 | Fairness_metric=f1
GA Parameters | Pop:10 | Gen:1000 | Mut:0.3504 | Cross:0.7262
Adaptive Penalty | beta1:2.43 | beta2:1.88 | k:6
Before optimization overall scores           : ndcg@10=0.4508 f1@10=0.1578
Before optimization group 1 (active) scores  : ndcg@10=0.5729 f1@10=0.2429
Before optimization group 2 (inactive) scores: ndcg@10=0.4430 f1@10=0.1525
Before optimization UGF (f1@10): 0.0905 (9.05%) | UGF (ndcg@10): 0.1298 (12.98%)
Epsilon: 0.0452
Early stop at generation 9: first feasible solution found
CPU time: 3.40 seconds
After optimization overall metric scores     : ndcg@10=0.4435 f1@10=0.1500
After optimization group 1 (active) scores   : ndcg@10=0.4956 f1@10=0.1885
After optimization group 2 (inactive) scores : ndcg@10=0.4402 f1@10=0.1475
After optimization UGF (f1@10): 0.0409 (4.09%) | UGF (ndcg@10): 0.0554 (5.54%)
UGF reduction: 0.0495 (54.7%)
Constraint satisfied: True
GA Optimizer | Model:biasedMF | Dataset:dataset\5Grocery-rand | Group:max_0.05 | K=10 | Fairness_metric=f1
GA Parameters | Pop:10 | Gen:1000 | Mut:0.3504 | Cross:0.7262
Adaptive Penalty | beta1:2.43 | beta2:1.88 | k:6
Before optimization overall scores           : ndcg@10=0.4508 f1@10=0.1578
Before optimization group 1 (active) scores  : ndcg@10=0.5729 f1@10=0.2429
Before optimization group 2 (inactive) scores: ndcg@10=0.4430 f1@10=0.1525
Before optimization UGF (f1@10): 0.0905 (9.05%) | UGF (ndcg@10): 0.1298 (12.98%)
Epsilon: 0.0452
Early stop at generation 9: first feasible solution found
CPU time: 3.44 seconds
After optimization overall metric scores     : ndcg@10=0.4445 f1@10=0.1504
After optimization group 1 (active) scores   : ndcg@10=0.5062 f1@10=0.1901
After optimization group 2 (inactive) scores : ndcg@10=0.4406 f1@10=0.1479
After optimization UGF (f1@10): 0.0422 (4.22%) | UGF (ndcg@10): 0.0655 (6.55%)
UGF reduction: 0.0482 (53.3%)
Constraint satisfied: True
