GA Optimizer | Model:biasedMF | Dataset:dataset\5Health-rand | Group:max_0.05 | K=10 | Fairness_metric=f1
GA Parameters | Pop:10 | Gen:1000 | Mut:0.3504 | Cross:0.7262
Adaptive Penalty | beta1:2.43 | beta2:1.88 | k:6
Before optimization overall scores           : ndcg@10=0.4137 f1@10=0.1392
Before optimization group 1 (active) scores  : ndcg@10=0.5316 f1@10=0.2221
Before optimization group 2 (inactive) scores: ndcg@10=0.4064 f1@10=0.1341
Before optimization UGF (f1@10): 0.0881 (8.81%) | UGF (ndcg@10): 0.1253 (12.53%)
Epsilon: 0.0440
Early stop at generation 9: first feasible solution found
CPU time: 8.64 seconds
After optimization overall metric scores     : ndcg@10=0.4062 f1@10=0.1323
After optimization group 1 (active) scores   : ndcg@10=0.4607 f1@10=0.1736
After optimization group 2 (inactive) scores : ndcg@10=0.4028 f1@10=0.1297
After optimization UGF (f1@10): 0.0440 (4.40%) | UGF (ndcg@10): 0.0579 (5.79%)
UGF reduction: 0.0441 (50.1%)
Constraint satisfied: True
GA Optimizer | Model:biasedMF | Dataset:dataset\5Health-rand | Group:max_0.05 | K=10 | Fairness_metric=f1
GA Parameters | Pop:10 | Gen:1000 | Mut:0.3504 | Cross:0.7262
Adaptive Penalty | beta1:2.43 | beta2:1.88 | k:6
Before optimization overall scores           : ndcg@10=0.4137 f1@10=0.1392
Before optimization group 1 (active) scores  : ndcg@10=0.5316 f1@10=0.2221
Before optimization group 2 (inactive) scores: ndcg@10=0.4064 f1@10=0.1341
Before optimization UGF (f1@10): 0.0881 (8.81%) | UGF (ndcg@10): 0.1253 (12.53%)
Epsilon: 0.0440
Early stop at generation 9: first feasible solution found
CPU time: 8.56 seconds
After optimization overall metric scores     : ndcg@10=0.4063 f1@10=0.1324
After optimization group 1 (active) scores   : ndcg@10=0.4472 f1@10=0.1716
After optimization group 2 (inactive) scores : ndcg@10=0.4038 f1@10=0.1300
After optimization UGF (f1@10): 0.0417 (4.17%) | UGF (ndcg@10): 0.0434 (4.34%)
UGF reduction: 0.0464 (52.7%)
Constraint satisfied: True
GA Optimizer | Model:biasedMF | Dataset:dataset\5Health-rand | Group:max_0.05 | K=10 | Fairness_metric=f1
GA Parameters | Pop:10 | Gen:1000 | Mut:0.3504 | Cross:0.7262
Adaptive Penalty | beta1:2.43 | beta2:1.88 | k:6
Before optimization overall scores           : ndcg@10=0.4137 f1@10=0.1392
Before optimization group 1 (active) scores  : ndcg@10=0.5316 f1@10=0.2221
Before optimization group 2 (inactive) scores: ndcg@10=0.4064 f1@10=0.1341
Before optimization UGF (f1@10): 0.0881 (8.81%) | UGF (ndcg@10): 0.1253 (12.53%)
Epsilon: 0.0440
Early stop at generation 9: first feasible solution found
CPU time: 8.57 seconds
After optimization overall metric scores     : ndcg@10=0.4059 f1@10=0.1318
After optimization group 1 (active) scores   : ndcg@10=0.4567 f1@10=0.1731
After optimization group 2 (inactive) scores : ndcg@10=0.4027 f1@10=0.1292
After optimization UGF (f1@10): 0.0439 (4.39%) | UGF (ndcg@10): 0.0540 (5.40%)
UGF reduction: 0.0441 (50.1%)
Constraint satisfied: True
GA Optimizer | Model:biasedMF | Dataset:dataset\5Health-rand | Group:max_0.05 | K=10 | Fairness_metric=f1
GA Parameters | Pop:10 | Gen:1000 | Mut:0.3504 | Cross:0.7262
Adaptive Penalty | beta1:2.43 | beta2:1.88 | k:6
Before optimization overall scores           : ndcg@10=0.4137 f1@10=0.1392
Before optimization group 1 (active) scores  : ndcg@10=0.5316 f1@10=0.2221
Before optimization group 2 (inactive) scores: ndcg@10=0.4064 f1@10=0.1341
Before optimization UGF (f1@10): 0.0881 (8.81%) | UGF (ndcg@10): 0.1253 (12.53%)
Epsilon: 0.0440
Early stop at generation 9: first feasible solution found
CPU time: 8.66 seconds
After optimization overall metric scores     : ndcg@10=0.4065 f1@10=0.1322
After optimization group 1 (active) scores   : ndcg@10=0.4572 f1@10=0.1736
After optimization group 2 (inactive) scores : ndcg@10=0.4034 f1@10=0.1296
After optimization UGF (f1@10): 0.0439 (4.39%) | UGF (ndcg@10): 0.0538 (5.38%)
UGF reduction: 0.0441 (50.1%)
Constraint satisfied: True
GA Optimizer | Model:biasedMF | Dataset:dataset\5Health-rand | Group:max_0.05 | K=10 | Fairness_metric=f1
GA Parameters | Pop:10 | Gen:1000 | Mut:0.3504 | Cross:0.7262
Adaptive Penalty | beta1:2.43 | beta2:1.88 | k:6
Before optimization overall scores           : ndcg@10=0.4137 f1@10=0.1392
Before optimization group 1 (active) scores  : ndcg@10=0.5316 f1@10=0.2221
Before optimization group 2 (inactive) scores: ndcg@10=0.4064 f1@10=0.1341
Before optimization UGF (f1@10): 0.0881 (8.81%) | UGF (ndcg@10): 0.1253 (12.53%)
Epsilon: 0.0440
Early stop at generation 9: first feasible solution found
CPU time: 8.57 seconds
After optimization overall metric scores     : ndcg@10=0.4071 f1@10=0.1328
After optimization group 1 (active) scores   : ndcg@10=0.4574 f1@10=0.1723
After optimization group 2 (inactive) scores : ndcg@10=0.4040 f1@10=0.1303
After optimization UGF (f1@10): 0.0420 (4.20%) | UGF (ndcg@10): 0.0534 (5.34%)
UGF reduction: 0.0460 (52.3%)
Constraint satisfied: True
GA Optimizer | Model:biasedMF | Dataset:dataset\5Health-rand | Group:max_0.05 | K=10 | Fairness_metric=f1
GA Parameters | Pop:10 | Gen:1000 | Mut:0.3504 | Cross:0.7262
Adaptive Penalty | beta1:2.43 | beta2:1.88 | k:6
Before optimization overall scores           : ndcg@10=0.4137 f1@10=0.1392
Before optimization group 1 (active) scores  : ndcg@10=0.5316 f1@10=0.2221
Before optimization group 2 (inactive) scores: ndcg@10=0.4064 f1@10=0.1341
Before optimization UGF (f1@10): 0.0881 (8.81%) | UGF (ndcg@10): 0.1253 (12.53%)
Epsilon: 0.0440
Early stop at generation 9: first feasible solution found
CPU time: 8.69 seconds
After optimization overall metric scores     : ndcg@10=0.4065 f1@10=0.1324
After optimization group 1 (active) scores   : ndcg@10=0.4641 f1@10=0.1730
After optimization group 2 (inactive) scores : ndcg@10=0.4029 f1@10=0.1299
After optimization UGF (f1@10): 0.0431 (4.31%) | UGF (ndcg@10): 0.0612 (6.12%)
UGF reduction: 0.0450 (51.1%)
Constraint satisfied: True
GA Optimizer | Model:biasedMF | Dataset:dataset\5Health-rand | Group:max_0.05 | K=10 | Fairness_metric=f1
GA Parameters | Pop:10 | Gen:1000 | Mut:0.3504 | Cross:0.7262
Adaptive Penalty | beta1:2.43 | beta2:1.88 | k:6
Before optimization overall scores           : ndcg@10=0.4137 f1@10=0.1392
Before optimization group 1 (active) scores  : ndcg@10=0.5316 f1@10=0.2221
Before optimization group 2 (inactive) scores: ndcg@10=0.4064 f1@10=0.1341
Before optimization UGF (f1@10): 0.0881 (8.81%) | UGF (ndcg@10): 0.1253 (12.53%)
Epsilon: 0.0440
Early stop at generation 9: first feasible solution found
CPU time: 8.61 seconds
After optimization overall metric scores     : ndcg@10=0.4063 f1@10=0.1324
After optimization group 1 (active) scores   : ndcg@10=0.4584 f1@10=0.1735
After optimization group 2 (inactive) scores : ndcg@10=0.4030 f1@10=0.1298
After optimization UGF (f1@10): 0.0436 (4.36%) | UGF (ndcg@10): 0.0553 (5.53%)
UGF reduction: 0.0444 (50.5%)
Constraint satisfied: True
GA Optimizer | Model:biasedMF | Dataset:dataset\5Health-rand | Group:max_0.05 | K=10 | Fairness_metric=f1
GA Parameters | Pop:10 | Gen:1000 | Mut:0.3504 | Cross:0.7262
Adaptive Penalty | beta1:2.43 | beta2:1.88 | k:6
Before optimization overall scores           : ndcg@10=0.4137 f1@10=0.1392
Before optimization group 1 (active) scores  : ndcg@10=0.5316 f1@10=0.2221
Before optimization group 2 (inactive) scores: ndcg@10=0.4064 f1@10=0.1341
Before optimization UGF (f1@10): 0.0881 (8.81%) | UGF (ndcg@10): 0.1253 (12.53%)
Epsilon: 0.0440
Early stop at generation 9: first feasible solution found
CPU time: 8.55 seconds
After optimization overall metric scores     : ndcg@10=0.4068 f1@10=0.1320
After optimization group 1 (active) scores   : ndcg@10=0.4612 f1@10=0.1733
After optimization group 2 (inactive) scores : ndcg@10=0.4034 f1@10=0.1294
After optimization UGF (f1@10): 0.0439 (4.39%) | UGF (ndcg@10): 0.0578 (5.78%)
UGF reduction: 0.0442 (50.2%)
Constraint satisfied: True
GA Optimizer | Model:biasedMF | Dataset:dataset\5Health-rand | Group:max_0.05 | K=10 | Fairness_metric=f1
GA Parameters | Pop:10 | Gen:1000 | Mut:0.3504 | Cross:0.7262
Adaptive Penalty | beta1:2.43 | beta2:1.88 | k:6
Before optimization overall scores           : ndcg@10=0.4137 f1@10=0.1392
Before optimization group 1 (active) scores  : ndcg@10=0.5316 f1@10=0.2221
Before optimization group 2 (inactive) scores: ndcg@10=0.4064 f1@10=0.1341
Before optimization UGF (f1@10): 0.0881 (8.81%) | UGF (ndcg@10): 0.1253 (12.53%)
Epsilon: 0.0440
Early stop at generation 10: first feasible solution found
CPU time: 9.52 seconds
After optimization overall metric scores     : ndcg@10=0.4052 f1@10=0.1308
After optimization group 1 (active) scores   : ndcg@10=0.4480 f1@10=0.1642
After optimization group 2 (inactive) scores : ndcg@10=0.4025 f1@10=0.1288
After optimization UGF (f1@10): 0.0354 (3.54%) | UGF (ndcg@10): 0.0454 (4.54%)
UGF reduction: 0.0527 (59.8%)
Constraint satisfied: True
GA Optimizer | Model:biasedMF | Dataset:dataset\5Health-rand | Group:max_0.05 | K=10 | Fairness_metric=f1
GA Parameters | Pop:10 | Gen:1000 | Mut:0.3504 | Cross:0.7262
Adaptive Penalty | beta1:2.43 | beta2:1.88 | k:6
Before optimization overall scores           : ndcg@10=0.4137 f1@10=0.1392
Before optimization group 1 (active) scores  : ndcg@10=0.5316 f1@10=0.2221
Before optimization group 2 (inactive) scores: ndcg@10=0.4064 f1@10=0.1341
Before optimization UGF (f1@10): 0.0881 (8.81%) | UGF (ndcg@10): 0.1253 (12.53%)
Epsilon: 0.0440
Early stop at generation 9: first feasible solution found
CPU time: 8.61 seconds
After optimization overall metric scores     : ndcg@10=0.4070 f1@10=0.1324
After optimization group 1 (active) scores   : ndcg@10=0.4588 f1@10=0.1737
After optimization group 2 (inactive) scores : ndcg@10=0.4038 f1@10=0.1298
After optimization UGF (f1@10): 0.0439 (4.39%) | UGF (ndcg@10): 0.0550 (5.50%)
UGF reduction: 0.0442 (50.2%)
Constraint satisfied: True
GA Optimizer | Model:biasedMF | Dataset:dataset\5Health-rand | Group:max_0.05 | K=10 | Fairness_metric=f1
GA Parameters | Pop:10 | Gen:1000 | Mut:0.3504 | Cross:0.7262
Adaptive Penalty | beta1:2.43 | beta2:1.88 | k:6
Before optimization overall scores           : ndcg@10=0.4137 f1@10=0.1392
Before optimization group 1 (active) scores  : ndcg@10=0.5316 f1@10=0.2221
Before optimization group 2 (inactive) scores: ndcg@10=0.4064 f1@10=0.1341
Before optimization UGF (f1@10): 0.0881 (8.81%) | UGF (ndcg@10): 0.1253 (12.53%)
Epsilon: 0.0440
Early stop at generation 9: first feasible solution found
CPU time: 8.52 seconds
After optimization overall metric scores     : ndcg@10=0.4057 f1@10=0.1318
After optimization group 1 (active) scores   : ndcg@10=0.4546 f1@10=0.1702
After optimization group 2 (inactive) scores : ndcg@10=0.4026 f1@10=0.1295
After optimization UGF (f1@10): 0.0408 (4.08%) | UGF (ndcg@10): 0.0520 (5.20%)
UGF reduction: 0.0473 (53.7%)
Constraint satisfied: True
GA Optimizer | Model:biasedMF | Dataset:dataset\5Health-rand | Group:max_0.05 | K=10 | Fairness_metric=f1
GA Parameters | Pop:10 | Gen:1000 | Mut:0.3504 | Cross:0.7262
Adaptive Penalty | beta1:2.43 | beta2:1.88 | k:6
Before optimization overall scores           : ndcg@10=0.4137 f1@10=0.1392
Before optimization group 1 (active) scores  : ndcg@10=0.5316 f1@10=0.2221
Before optimization group 2 (inactive) scores: ndcg@10=0.4064 f1@10=0.1341
Before optimization UGF (f1@10): 0.0881 (8.81%) | UGF (ndcg@10): 0.1253 (12.53%)
Epsilon: 0.0440
Early stop at generation 9: first feasible solution found
CPU time: 8.82 seconds
After optimization overall metric scores     : ndcg@10=0.4070 f1@10=0.1325
After optimization group 1 (active) scores   : ndcg@10=0.4609 f1@10=0.1716
After optimization group 2 (inactive) scores : ndcg@10=0.4037 f1@10=0.1301
After optimization UGF (f1@10): 0.0415 (4.15%) | UGF (ndcg@10): 0.0572 (5.72%)
UGF reduction: 0.0466 (52.9%)
Constraint satisfied: True
GA Optimizer | Model:biasedMF | Dataset:dataset\5Health-rand | Group:max_0.05 | K=10 | Fairness_metric=f1
GA Parameters | Pop:10 | Gen:1000 | Mut:0.3504 | Cross:0.7262
Adaptive Penalty | beta1:2.43 | beta2:1.88 | k:6
Before optimization overall scores           : ndcg@10=0.4137 f1@10=0.1392
Before optimization group 1 (active) scores  : ndcg@10=0.5316 f1@10=0.2221
Before optimization group 2 (inactive) scores: ndcg@10=0.4064 f1@10=0.1341
Before optimization UGF (f1@10): 0.0881 (8.81%) | UGF (ndcg@10): 0.1253 (12.53%)
Epsilon: 0.0440
Early stop at generation 9: first feasible solution found
CPU time: 8.60 seconds
After optimization overall metric scores     : ndcg@10=0.4059 f1@10=0.1322
After optimization group 1 (active) scores   : ndcg@10=0.4440 f1@10=0.1713
After optimization group 2 (inactive) scores : ndcg@10=0.4035 f1@10=0.1298
After optimization UGF (f1@10): 0.0415 (4.15%) | UGF (ndcg@10): 0.0405 (4.05%)
UGF reduction: 0.0466 (52.9%)
Constraint satisfied: True
GA Optimizer | Model:biasedMF | Dataset:dataset\5Health-rand | Group:max_0.05 | K=10 | Fairness_metric=f1
GA Parameters | Pop:10 | Gen:1000 | Mut:0.3504 | Cross:0.7262
Adaptive Penalty | beta1:2.43 | beta2:1.88 | k:6
Before optimization overall scores           : ndcg@10=0.4137 f1@10=0.1392
Before optimization group 1 (active) scores  : ndcg@10=0.5316 f1@10=0.2221
Before optimization group 2 (inactive) scores: ndcg@10=0.4064 f1@10=0.1341
Before optimization UGF (f1@10): 0.0881 (8.81%) | UGF (ndcg@10): 0.1253 (12.53%)
Epsilon: 0.0440
Early stop at generation 9: first feasible solution found
CPU time: 8.58 seconds
After optimization overall metric scores     : ndcg@10=0.4068 f1@10=0.1327
After optimization group 1 (active) scores   : ndcg@10=0.4635 f1@10=0.1736
After optimization group 2 (inactive) scores : ndcg@10=0.4033 f1@10=0.1301
After optimization UGF (f1@10): 0.0435 (4.35%) | UGF (ndcg@10): 0.0602 (6.02%)
UGF reduction: 0.0446 (50.7%)
Constraint satisfied: True
GA Optimizer | Model:biasedMF | Dataset:dataset\5Health-rand | Group:max_0.05 | K=10 | Fairness_metric=f1
GA Parameters | Pop:10 | Gen:1000 | Mut:0.3504 | Cross:0.7262
Adaptive Penalty | beta1:2.43 | beta2:1.88 | k:6
Before optimization overall scores           : ndcg@10=0.4137 f1@10=0.1392
Before optimization group 1 (active) scores  : ndcg@10=0.5316 f1@10=0.2221
Before optimization group 2 (inactive) scores: ndcg@10=0.4064 f1@10=0.1341
Before optimization UGF (f1@10): 0.0881 (8.81%) | UGF (ndcg@10): 0.1253 (12.53%)
Epsilon: 0.0440
Early stop at generation 9: first feasible solution found
CPU time: 8.64 seconds
After optimization overall metric scores     : ndcg@10=0.4063 f1@10=0.1322
After optimization group 1 (active) scores   : ndcg@10=0.4568 f1@10=0.1736
After optimization group 2 (inactive) scores : ndcg@10=0.4032 f1@10=0.1297
After optimization UGF (f1@10): 0.0439 (4.39%) | UGF (ndcg@10): 0.0536 (5.36%)
UGF reduction: 0.0442 (50.1%)
Constraint satisfied: True
GA Optimizer | Model:biasedMF | Dataset:dataset\5Health-rand | Group:max_0.05 | K=10 | Fairness_metric=f1
GA Parameters | Pop:10 | Gen:1000 | Mut:0.3504 | Cross:0.7262
Adaptive Penalty | beta1:2.43 | beta2:1.88 | k:6
Before optimization overall scores           : ndcg@10=0.4137 f1@10=0.1392
Before optimization group 1 (active) scores  : ndcg@10=0.5316 f1@10=0.2221
Before optimization group 2 (inactive) scores: ndcg@10=0.4064 f1@10=0.1341
Before optimization UGF (f1@10): 0.0881 (8.81%) | UGF (ndcg@10): 0.1253 (12.53%)
Epsilon: 0.0440
Early stop at generation 9: first feasible solution found
CPU time: 8.59 seconds
After optimization overall metric scores     : ndcg@10=0.4068 f1@10=0.1323
After optimization group 1 (active) scores   : ndcg@10=0.4553 f1@10=0.1736
After optimization group 2 (inactive) scores : ndcg@10=0.4038 f1@10=0.1297
After optimization UGF (f1@10): 0.0439 (4.39%) | UGF (ndcg@10): 0.0515 (5.15%)
UGF reduction: 0.0442 (50.2%)
Constraint satisfied: True
GA Optimizer | Model:biasedMF | Dataset:dataset\5Health-rand | Group:max_0.05 | K=10 | Fairness_metric=f1
GA Parameters | Pop:10 | Gen:1000 | Mut:0.3504 | Cross:0.7262
Adaptive Penalty | beta1:2.43 | beta2:1.88 | k:6
Before optimization overall scores           : ndcg@10=0.4137 f1@10=0.1392
Before optimization group 1 (active) scores  : ndcg@10=0.5316 f1@10=0.2221
Before optimization group 2 (inactive) scores: ndcg@10=0.4064 f1@10=0.1341
Before optimization UGF (f1@10): 0.0881 (8.81%) | UGF (ndcg@10): 0.1253 (12.53%)
Epsilon: 0.0440
Early stop at generation 9: first feasible solution found
CPU time: 8.60 seconds
After optimization overall metric scores     : ndcg@10=0.4065 f1@10=0.1323
After optimization group 1 (active) scores   : ndcg@10=0.4540 f1@10=0.1704
After optimization group 2 (inactive) scores : ndcg@10=0.4036 f1@10=0.1300
After optimization UGF (f1@10): 0.0404 (4.04%) | UGF (ndcg@10): 0.0504 (5.04%)
UGF reduction: 0.0477 (54.1%)
Constraint satisfied: True
GA Optimizer | Model:biasedMF | Dataset:dataset\5Health-rand | Group:max_0.05 | K=10 | Fairness_metric=f1
GA Parameters | Pop:10 | Gen:1000 | Mut:0.3504 | Cross:0.7262
Adaptive Penalty | beta1:2.43 | beta2:1.88 | k:6
Before optimization overall scores           : ndcg@10=0.4137 f1@10=0.1392
Before optimization group 1 (active) scores  : ndcg@10=0.5316 f1@10=0.2221
Before optimization group 2 (inactive) scores: ndcg@10=0.4064 f1@10=0.1341
Before optimization UGF (f1@10): 0.0881 (8.81%) | UGF (ndcg@10): 0.1253 (12.53%)
Epsilon: 0.0440
Early stop at generation 9: first feasible solution found
CPU time: 8.55 seconds
After optimization overall metric scores     : ndcg@10=0.4058 f1@10=0.1321
After optimization group 1 (active) scores   : ndcg@10=0.4543 f1@10=0.1725
After optimization group 2 (inactive) scores : ndcg@10=0.4028 f1@10=0.1296
After optimization UGF (f1@10): 0.0429 (4.29%) | UGF (ndcg@10): 0.0515 (5.15%)
UGF reduction: 0.0452 (51.3%)
Constraint satisfied: True
GA Optimizer | Model:biasedMF | Dataset:dataset\5Health-rand | Group:max_0.05 | K=10 | Fairness_metric=f1
GA Parameters | Pop:10 | Gen:1000 | Mut:0.3504 | Cross:0.7262
Adaptive Penalty | beta1:2.43 | beta2:1.88 | k:6
Before optimization overall scores           : ndcg@10=0.4137 f1@10=0.1392
Before optimization group 1 (active) scores  : ndcg@10=0.5316 f1@10=0.2221
Before optimization group 2 (inactive) scores: ndcg@10=0.4064 f1@10=0.1341
Before optimization UGF (f1@10): 0.0881 (8.81%) | UGF (ndcg@10): 0.1253 (12.53%)
Epsilon: 0.0440
Early stop at generation 10: first feasible solution found
CPU time: 9.53 seconds
After optimization overall metric scores     : ndcg@10=0.4064 f1@10=0.1318
After optimization group 1 (active) scores   : ndcg@10=0.4563 f1@10=0.1670
After optimization group 2 (inactive) scores : ndcg@10=0.4033 f1@10=0.1296
After optimization UGF (f1@10): 0.0374 (3.74%) | UGF (ndcg@10): 0.0530 (5.30%)
UGF reduction: 0.0507 (57.6%)
Constraint satisfied: True
GA Optimizer | Model:biasedMF | Dataset:dataset\5Health-rand | Group:max_0.05 | K=10 | Fairness_metric=f1
GA Parameters | Pop:10 | Gen:1000 | Mut:0.3504 | Cross:0.7262
Adaptive Penalty | beta1:2.43 | beta2:1.88 | k:6
Before optimization overall scores           : ndcg@10=0.4137 f1@10=0.1392
Before optimization group 1 (active) scores  : ndcg@10=0.5316 f1@10=0.2221
Before optimization group 2 (inactive) scores: ndcg@10=0.4064 f1@10=0.1341
Before optimization UGF (f1@10): 0.0881 (8.81%) | UGF (ndcg@10): 0.1253 (12.53%)
Epsilon: 0.0440
Early stop at generation 9: first feasible solution found
CPU time: 8.60 seconds
After optimization overall metric scores     : ndcg@10=0.4067 f1@10=0.1326
After optimization group 1 (active) scores   : ndcg@10=0.4514 f1@10=0.1726
After optimization group 2 (inactive) scores : ndcg@10=0.4039 f1@10=0.1302
After optimization UGF (f1@10): 0.0424 (4.24%) | UGF (ndcg@10): 0.0475 (4.75%)
UGF reduction: 0.0457 (51.8%)
Constraint satisfied: True
GA Optimizer | Model:biasedMF | Dataset:dataset\5Health-rand | Group:max_0.05 | K=10 | Fairness_metric=f1
GA Parameters | Pop:10 | Gen:1000 | Mut:0.3504 | Cross:0.7262
Adaptive Penalty | beta1:2.43 | beta2:1.88 | k:6
Before optimization overall scores           : ndcg@10=0.4137 f1@10=0.1392
Before optimization group 1 (active) scores  : ndcg@10=0.5316 f1@10=0.2221
Before optimization group 2 (inactive) scores: ndcg@10=0.4064 f1@10=0.1341
Before optimization UGF (f1@10): 0.0881 (8.81%) | UGF (ndcg@10): 0.1253 (12.53%)
Epsilon: 0.0440
Early stop at generation 10: first feasible solution found
CPU time: 9.51 seconds
After optimization overall metric scores     : ndcg@10=0.4045 f1@10=0.1306
After optimization group 1 (active) scores   : ndcg@10=0.4424 f1@10=0.1632
After optimization group 2 (inactive) scores : ndcg@10=0.4022 f1@10=0.1286
After optimization UGF (f1@10): 0.0346 (3.46%) | UGF (ndcg@10): 0.0402 (4.02%)
UGF reduction: 0.0535 (60.8%)
Constraint satisfied: True
GA Optimizer | Model:biasedMF | Dataset:dataset\5Health-rand | Group:max_0.05 | K=10 | Fairness_metric=f1
GA Parameters | Pop:10 | Gen:1000 | Mut:0.3504 | Cross:0.7262
Adaptive Penalty | beta1:2.43 | beta2:1.88 | k:6
Before optimization overall scores           : ndcg@10=0.4137 f1@10=0.1392
Before optimization group 1 (active) scores  : ndcg@10=0.5316 f1@10=0.2221
Before optimization group 2 (inactive) scores: ndcg@10=0.4064 f1@10=0.1341
Before optimization UGF (f1@10): 0.0881 (8.81%) | UGF (ndcg@10): 0.1253 (12.53%)
Epsilon: 0.0440
Early stop at generation 9: first feasible solution found
CPU time: 8.56 seconds
After optimization overall metric scores     : ndcg@10=0.4062 f1@10=0.1321
After optimization group 1 (active) scores   : ndcg@10=0.4534 f1@10=0.1720
After optimization group 2 (inactive) scores : ndcg@10=0.4033 f1@10=0.1296
After optimization UGF (f1@10): 0.0424 (4.24%) | UGF (ndcg@10): 0.0501 (5.01%)
UGF reduction: 0.0457 (51.9%)
Constraint satisfied: True
GA Optimizer | Model:biasedMF | Dataset:dataset\5Health-rand | Group:max_0.05 | K=10 | Fairness_metric=f1
GA Parameters | Pop:10 | Gen:1000 | Mut:0.3504 | Cross:0.7262
Adaptive Penalty | beta1:2.43 | beta2:1.88 | k:6
Before optimization overall scores           : ndcg@10=0.4137 f1@10=0.1392
Before optimization group 1 (active) scores  : ndcg@10=0.5316 f1@10=0.2221
Before optimization group 2 (inactive) scores: ndcg@10=0.4064 f1@10=0.1341
Before optimization UGF (f1@10): 0.0881 (8.81%) | UGF (ndcg@10): 0.1253 (12.53%)
Epsilon: 0.0440
Early stop at generation 9: first feasible solution found
CPU time: 8.60 seconds
After optimization overall metric scores     : ndcg@10=0.4066 f1@10=0.1326
After optimization group 1 (active) scores   : ndcg@10=0.4545 f1@10=0.1733
After optimization group 2 (inactive) scores : ndcg@10=0.4036 f1@10=0.1301
After optimization UGF (f1@10): 0.0432 (4.32%) | UGF (ndcg@10): 0.0509 (5.09%)
UGF reduction: 0.0449 (51.0%)
Constraint satisfied: True
GA Optimizer | Model:biasedMF | Dataset:dataset\5Health-rand | Group:max_0.05 | K=10 | Fairness_metric=f1
GA Parameters | Pop:10 | Gen:1000 | Mut:0.3504 | Cross:0.7262
Adaptive Penalty | beta1:2.43 | beta2:1.88 | k:6
Before optimization overall scores           : ndcg@10=0.4137 f1@10=0.1392
Before optimization group 1 (active) scores  : ndcg@10=0.5316 f1@10=0.2221
Before optimization group 2 (inactive) scores: ndcg@10=0.4064 f1@10=0.1341
Before optimization UGF (f1@10): 0.0881 (8.81%) | UGF (ndcg@10): 0.1253 (12.53%)
Epsilon: 0.0440
Early stop at generation 9: first feasible solution found
CPU time: 8.58 seconds
After optimization overall metric scores     : ndcg@10=0.4066 f1@10=0.1322
After optimization group 1 (active) scores   : ndcg@10=0.4588 f1@10=0.1730
After optimization group 2 (inactive) scores : ndcg@10=0.4033 f1@10=0.1297
After optimization UGF (f1@10): 0.0433 (4.33%) | UGF (ndcg@10): 0.0555 (5.55%)
UGF reduction: 0.0448 (50.8%)
Constraint satisfied: True
GA Optimizer | Model:biasedMF | Dataset:dataset\5Health-rand | Group:max_0.05 | K=10 | Fairness_metric=f1
GA Parameters | Pop:10 | Gen:1000 | Mut:0.3504 | Cross:0.7262
Adaptive Penalty | beta1:2.43 | beta2:1.88 | k:6
Before optimization overall scores           : ndcg@10=0.4137 f1@10=0.1392
Before optimization group 1 (active) scores  : ndcg@10=0.5316 f1@10=0.2221
Before optimization group 2 (inactive) scores: ndcg@10=0.4064 f1@10=0.1341
Before optimization UGF (f1@10): 0.0881 (8.81%) | UGF (ndcg@10): 0.1253 (12.53%)
Epsilon: 0.0440
Early stop at generation 9: first feasible solution found
CPU time: 8.55 seconds
After optimization overall metric scores     : ndcg@10=0.4074 f1@10=0.1326
After optimization group 1 (active) scores   : ndcg@10=0.4650 f1@10=0.1739
After optimization group 2 (inactive) scores : ndcg@10=0.4038 f1@10=0.1300
After optimization UGF (f1@10): 0.0439 (4.39%) | UGF (ndcg@10): 0.0613 (6.13%)
UGF reduction: 0.0442 (50.2%)
Constraint satisfied: True
GA Optimizer | Model:biasedMF | Dataset:dataset\5Health-rand | Group:max_0.05 | K=10 | Fairness_metric=f1
GA Parameters | Pop:10 | Gen:1000 | Mut:0.3504 | Cross:0.7262
Adaptive Penalty | beta1:2.43 | beta2:1.88 | k:6
Before optimization overall scores           : ndcg@10=0.4137 f1@10=0.1392
Before optimization group 1 (active) scores  : ndcg@10=0.5316 f1@10=0.2221
Before optimization group 2 (inactive) scores: ndcg@10=0.4064 f1@10=0.1341
Before optimization UGF (f1@10): 0.0881 (8.81%) | UGF (ndcg@10): 0.1253 (12.53%)
Epsilon: 0.0440
Early stop at generation 9: first feasible solution found
CPU time: 9.08 seconds
After optimization overall metric scores     : ndcg@10=0.4065 f1@10=0.1327
After optimization group 1 (active) scores   : ndcg@10=0.4577 f1@10=0.1734
After optimization group 2 (inactive) scores : ndcg@10=0.4033 f1@10=0.1301
After optimization UGF (f1@10): 0.0432 (4.32%) | UGF (ndcg@10): 0.0544 (5.44%)
UGF reduction: 0.0448 (50.9%)
Constraint satisfied: True
GA Optimizer | Model:biasedMF | Dataset:dataset\5Health-rand | Group:max_0.05 | K=10 | Fairness_metric=f1
GA Parameters | Pop:10 | Gen:1000 | Mut:0.3504 | Cross:0.7262
Adaptive Penalty | beta1:2.43 | beta2:1.88 | k:6
Before optimization overall scores           : ndcg@10=0.4137 f1@10=0.1392
Before optimization group 1 (active) scores  : ndcg@10=0.5316 f1@10=0.2221
Before optimization group 2 (inactive) scores: ndcg@10=0.4064 f1@10=0.1341
Before optimization UGF (f1@10): 0.0881 (8.81%) | UGF (ndcg@10): 0.1253 (12.53%)
Epsilon: 0.0440
Early stop at generation 9: first feasible solution found
CPU time: 8.83 seconds
After optimization overall metric scores     : ndcg@10=0.4062 f1@10=0.1323
After optimization group 1 (active) scores   : ndcg@10=0.4586 f1@10=0.1731
After optimization group 2 (inactive) scores : ndcg@10=0.4029 f1@10=0.1298
After optimization UGF (f1@10): 0.0433 (4.33%) | UGF (ndcg@10): 0.0556 (5.56%)
UGF reduction: 0.0448 (50.8%)
Constraint satisfied: True
GA Optimizer | Model:biasedMF | Dataset:dataset\5Health-rand | Group:max_0.05 | K=10 | Fairness_metric=f1
GA Parameters | Pop:10 | Gen:1000 | Mut:0.3504 | Cross:0.7262
Adaptive Penalty | beta1:2.43 | beta2:1.88 | k:6
Before optimization overall scores           : ndcg@10=0.4137 f1@10=0.1392
Before optimization group 1 (active) scores  : ndcg@10=0.5316 f1@10=0.2221
Before optimization group 2 (inactive) scores: ndcg@10=0.4064 f1@10=0.1341
Before optimization UGF (f1@10): 0.0881 (8.81%) | UGF (ndcg@10): 0.1253 (12.53%)
Epsilon: 0.0440
Early stop at generation 9: first feasible solution found
CPU time: 8.67 seconds
After optimization overall metric scores     : ndcg@10=0.4062 f1@10=0.1326
After optimization group 1 (active) scores   : ndcg@10=0.4523 f1@10=0.1719
After optimization group 2 (inactive) scores : ndcg@10=0.4034 f1@10=0.1301
After optimization UGF (f1@10): 0.0418 (4.18%) | UGF (ndcg@10): 0.0490 (4.90%)
UGF reduction: 0.0463 (52.5%)
Constraint satisfied: True
GA Optimizer | Model:biasedMF | Dataset:dataset\5Health-rand | Group:max_0.05 | K=10 | Fairness_metric=f1
GA Parameters | Pop:10 | Gen:1000 | Mut:0.3504 | Cross:0.7262
Adaptive Penalty | beta1:2.43 | beta2:1.88 | k:6
Before optimization overall scores           : ndcg@10=0.4137 f1@10=0.1392
Before optimization group 1 (active) scores  : ndcg@10=0.5316 f1@10=0.2221
Before optimization group 2 (inactive) scores: ndcg@10=0.4064 f1@10=0.1341
Before optimization UGF (f1@10): 0.0881 (8.81%) | UGF (ndcg@10): 0.1253 (12.53%)
Epsilon: 0.0440
Early stop at generation 9: first feasible solution found
CPU time: 8.57 seconds
After optimization overall metric scores     : ndcg@10=0.4063 f1@10=0.1322
After optimization group 1 (active) scores   : ndcg@10=0.4568 f1@10=0.1717
After optimization group 2 (inactive) scores : ndcg@10=0.4032 f1@10=0.1298
After optimization UGF (f1@10): 0.0420 (4.20%) | UGF (ndcg@10): 0.0536 (5.36%)
UGF reduction: 0.0461 (52.3%)
Constraint satisfied: True
GA Optimizer | Model:biasedMF | Dataset:dataset\5Health-rand | Group:max_0.05 | K=10 | Fairness_metric=f1
GA Parameters | Pop:10 | Gen:1000 | Mut:0.3504 | Cross:0.7262
Adaptive Penalty | beta1:2.43 | beta2:1.88 | k:6
Before optimization overall scores           : ndcg@10=0.4137 f1@10=0.1392
Before optimization group 1 (active) scores  : ndcg@10=0.5316 f1@10=0.2221
Before optimization group 2 (inactive) scores: ndcg@10=0.4064 f1@10=0.1341
Before optimization UGF (f1@10): 0.0881 (8.81%) | UGF (ndcg@10): 0.1253 (12.53%)
Epsilon: 0.0440
Early stop at generation 10: first feasible solution found
CPU time: 9.52 seconds
After optimization overall metric scores     : ndcg@10=0.4057 f1@10=0.1313
After optimization group 1 (active) scores   : ndcg@10=0.4485 f1@10=0.1636
After optimization group 2 (inactive) scores : ndcg@10=0.4030 f1@10=0.1293
After optimization UGF (f1@10): 0.0343 (3.43%) | UGF (ndcg@10): 0.0455 (4.55%)
UGF reduction: 0.0538 (61.0%)
Constraint satisfied: True
