GA Optimizer | Model:biasedMF | Dataset:dataset\5Grocery-rand | Group:sum_0.05 | K=10 | Fairness_metric=f1
GA Parameters | Pop:10 | Gen:1000 | Mut:0.3504 | Cross:0.7262
Adaptive Penalty | beta1:2.43 | beta2:1.88 | k:6
Before optimization overall scores           : ndcg@10=0.4508 f1@10=0.1578
Before optimization group 1 (active) scores  : ndcg@10=0.6629 f1@10=0.3385
Before optimization group 2 (inactive) scores: ndcg@10=0.4316 f1@10=0.1415
Before optimization UGF (f1@10): 0.1970 (19.70%) | UGF (ndcg@10): 0.2313 (23.13%)
Epsilon: 0.0985
Early stop at generation 12: first feasible solution found
CPU time: 4.57 seconds
After optimization overall metric scores     : ndcg@10=0.4411 f1@10=0.1445
After optimization group 1 (active) scores   : ndcg@10=0.5768 f1@10=0.2338
After optimization group 2 (inactive) scores : ndcg@10=0.4288 f1@10=0.1364
After optimization UGF (f1@10): 0.0974 (9.74%) | UGF (ndcg@10): 0.1479 (14.79%)
UGF reduction: 0.0996 (50.5%)
Constraint satisfied: True
GA Optimizer | Model:biasedMF | Dataset:dataset\5Grocery-rand | Group:sum_0.05 | K=10 | Fairness_metric=f1
GA Parameters | Pop:10 | Gen:1000 | Mut:0.3504 | Cross:0.7262
Adaptive Penalty | beta1:2.43 | beta2:1.88 | k:6
Before optimization overall scores           : ndcg@10=0.4508 f1@10=0.1578
Before optimization group 1 (active) scores  : ndcg@10=0.6629 f1@10=0.3385
Before optimization group 2 (inactive) scores: ndcg@10=0.4316 f1@10=0.1415
Before optimization UGF (f1@10): 0.1970 (19.70%) | UGF (ndcg@10): 0.2313 (23.13%)
Epsilon: 0.0985
Early stop at generation 12: first feasible solution found
CPU time: 4.55 seconds
After optimization overall metric scores     : ndcg@10=0.4405 f1@10=0.1444
After optimization group 1 (active) scores   : ndcg@10=0.5865 f1@10=0.2322
After optimization group 2 (inactive) scores : ndcg@10=0.4273 f1@10=0.1365
After optimization UGF (f1@10): 0.0957 (9.57%) | UGF (ndcg@10): 0.1592 (15.92%)
UGF reduction: 0.1014 (51.4%)
Constraint satisfied: True
GA Optimizer | Model:biasedMF | Dataset:dataset\5Grocery-rand | Group:sum_0.05 | K=10 | Fairness_metric=f1
GA Parameters | Pop:10 | Gen:1000 | Mut:0.3504 | Cross:0.7262
Adaptive Penalty | beta1:2.43 | beta2:1.88 | k:6
Before optimization overall scores           : ndcg@10=0.4508 f1@10=0.1578
Before optimization group 1 (active) scores  : ndcg@10=0.6629 f1@10=0.3385
Before optimization group 2 (inactive) scores: ndcg@10=0.4316 f1@10=0.1415
Before optimization UGF (f1@10): 0.1970 (19.70%) | UGF (ndcg@10): 0.2313 (23.13%)
Epsilon: 0.0985
Early stop at generation 12: first feasible solution found
CPU time: 4.56 seconds
After optimization overall metric scores     : ndcg@10=0.4409 f1@10=0.1436
After optimization group 1 (active) scores   : ndcg@10=0.5865 f1@10=0.2304
After optimization group 2 (inactive) scores : ndcg@10=0.4277 f1@10=0.1357
After optimization UGF (f1@10): 0.0947 (9.47%) | UGF (ndcg@10): 0.1588 (15.88%)
UGF reduction: 0.1023 (51.9%)
Constraint satisfied: True
GA Optimizer | Model:biasedMF | Dataset:dataset\5Grocery-rand | Group:sum_0.05 | K=10 | Fairness_metric=f1
GA Parameters | Pop:10 | Gen:1000 | Mut:0.3504 | Cross:0.7262
Adaptive Penalty | beta1:2.43 | beta2:1.88 | k:6
Before optimization overall scores           : ndcg@10=0.4508 f1@10=0.1578
Before optimization group 1 (active) scores  : ndcg@10=0.6629 f1@10=0.3385
Before optimization group 2 (inactive) scores: ndcg@10=0.4316 f1@10=0.1415
Before optimization UGF (f1@10): 0.1970 (19.70%) | UGF (ndcg@10): 0.2313 (23.13%)
Epsilon: 0.0985
Early stop at generation 12: first feasible solution found
CPU time: 4.76 seconds
After optimization overall metric scores     : ndcg@10=0.4413 f1@10=0.1443
After optimization group 1 (active) scores   : ndcg@10=0.5817 f1@10=0.2329
After optimization group 2 (inactive) scores : ndcg@10=0.4285 f1@10=0.1363
After optimization UGF (f1@10): 0.0966 (9.66%) | UGF (ndcg@10): 0.1531 (15.31%)
UGF reduction: 0.1004 (51.0%)
Constraint satisfied: True
GA Optimizer | Model:biasedMF | Dataset:dataset\5Grocery-rand | Group:sum_0.05 | K=10 | Fairness_metric=f1
GA Parameters | Pop:10 | Gen:1000 | Mut:0.3504 | Cross:0.7262
Adaptive Penalty | beta1:2.43 | beta2:1.88 | k:6
Before optimization overall scores           : ndcg@10=0.4508 f1@10=0.1578
Before optimization group 1 (active) scores  : ndcg@10=0.6629 f1@10=0.3385
Before optimization group 2 (inactive) scores: ndcg@10=0.4316 f1@10=0.1415
Before optimization UGF (f1@10): 0.1970 (19.70%) | UGF (ndcg@10): 0.2313 (23.13%)
Epsilon: 0.0985
Early stop at generation 12: first feasible solution found
CPU time: 4.53 seconds
After optimization overall metric scores     : ndcg@10=0.4398 f1@10=0.1437
After optimization group 1 (active) scores   : ndcg@10=0.5850 f1@10=0.2319
After optimization group 2 (inactive) scores : ndcg@10=0.4266 f1@10=0.1357
After optimization UGF (f1@10): 0.0962 (9.62%) | UGF (ndcg@10): 0.1584 (15.84%)
UGF reduction: 0.1009 (51.2%)
Constraint satisfied: True
GA Optimizer | Model:biasedMF | Dataset:dataset\5Grocery-rand | Group:sum_0.05 | K=10 | Fairness_metric=f1
GA Parameters | Pop:10 | Gen:1000 | Mut:0.3504 | Cross:0.7262
Adaptive Penalty | beta1:2.43 | beta2:1.88 | k:6
Before optimization overall scores           : ndcg@10=0.4508 f1@10=0.1578
Before optimization group 1 (active) scores  : ndcg@10=0.6629 f1@10=0.3385
Before optimization group 2 (inactive) scores: ndcg@10=0.4316 f1@10=0.1415
Before optimization UGF (f1@10): 0.1970 (19.70%) | UGF (ndcg@10): 0.2313 (23.13%)
Epsilon: 0.0985
Early stop at generation 12: first feasible solution found
CPU time: 4.50 seconds
After optimization overall metric scores     : ndcg@10=0.4410 f1@10=0.1444
After optimization group 1 (active) scores   : ndcg@10=0.5825 f1@10=0.2343
After optimization group 2 (inactive) scores : ndcg@10=0.4282 f1@10=0.1362
After optimization UGF (f1@10): 0.0981 (9.81%) | UGF (ndcg@10): 0.1543 (15.43%)
UGF reduction: 0.0990 (50.2%)
Constraint satisfied: True
GA Optimizer | Model:biasedMF | Dataset:dataset\5Grocery-rand | Group:sum_0.05 | K=10 | Fairness_metric=f1
GA Parameters | Pop:10 | Gen:1000 | Mut:0.3504 | Cross:0.7262
Adaptive Penalty | beta1:2.43 | beta2:1.88 | k:6
Before optimization overall scores           : ndcg@10=0.4508 f1@10=0.1578
Before optimization group 1 (active) scores  : ndcg@10=0.6629 f1@10=0.3385
Before optimization group 2 (inactive) scores: ndcg@10=0.4316 f1@10=0.1415
Before optimization UGF (f1@10): 0.1970 (19.70%) | UGF (ndcg@10): 0.2313 (23.13%)
Epsilon: 0.0985
Early stop at generation 13: first feasible solution found
CPU time: 4.90 seconds
After optimization overall metric scores     : ndcg@10=0.4415 f1@10=0.1440
After optimization group 1 (active) scores   : ndcg@10=0.5814 f1@10=0.2262
After optimization group 2 (inactive) scores : ndcg@10=0.4289 f1@10=0.1366
After optimization UGF (f1@10): 0.0896 (8.96%) | UGF (ndcg@10): 0.1525 (15.25%)
UGF reduction: 0.1075 (54.5%)
Constraint satisfied: True
GA Optimizer | Model:biasedMF | Dataset:dataset\5Grocery-rand | Group:sum_0.05 | K=10 | Fairness_metric=f1
GA Parameters | Pop:10 | Gen:1000 | Mut:0.3504 | Cross:0.7262
Adaptive Penalty | beta1:2.43 | beta2:1.88 | k:6
Before optimization overall scores           : ndcg@10=0.4508 f1@10=0.1578
Before optimization group 1 (active) scores  : ndcg@10=0.6629 f1@10=0.3385
Before optimization group 2 (inactive) scores: ndcg@10=0.4316 f1@10=0.1415
Before optimization UGF (f1@10): 0.1970 (19.70%) | UGF (ndcg@10): 0.2313 (23.13%)
Epsilon: 0.0985
Early stop at generation 12: first feasible solution found
CPU time: 4.54 seconds
After optimization overall metric scores     : ndcg@10=0.4390 f1@10=0.1436
After optimization group 1 (active) scores   : ndcg@10=0.5724 f1@10=0.2313
After optimization group 2 (inactive) scores : ndcg@10=0.4269 f1@10=0.1357
After optimization UGF (f1@10): 0.0956 (9.56%) | UGF (ndcg@10): 0.1455 (14.55%)
UGF reduction: 0.1014 (51.5%)
Constraint satisfied: True
GA Optimizer | Model:biasedMF | Dataset:dataset\5Grocery-rand | Group:sum_0.05 | K=10 | Fairness_metric=f1
GA Parameters | Pop:10 | Gen:1000 | Mut:0.3504 | Cross:0.7262
Adaptive Penalty | beta1:2.43 | beta2:1.88 | k:6
Before optimization overall scores           : ndcg@10=0.4508 f1@10=0.1578
Before optimization group 1 (active) scores  : ndcg@10=0.6629 f1@10=0.3385
Before optimization group 2 (inactive) scores: ndcg@10=0.4316 f1@10=0.1415
Before optimization UGF (f1@10): 0.1970 (19.70%) | UGF (ndcg@10): 0.2313 (23.13%)
Epsilon: 0.0985
Early stop at generation 12: first feasible solution found
CPU time: 4.54 seconds
After optimization overall metric scores     : ndcg@10=0.4421 f1@10=0.1446
After optimization group 1 (active) scores   : ndcg@10=0.5909 f1@10=0.2344
After optimization group 2 (inactive) scores : ndcg@10=0.4286 f1@10=0.1365
After optimization UGF (f1@10): 0.0980 (9.80%) | UGF (ndcg@10): 0.1622 (16.22%)
UGF reduction: 0.0991 (50.3%)
Constraint satisfied: True
GA Optimizer | Model:biasedMF | Dataset:dataset\5Grocery-rand | Group:sum_0.05 | K=10 | Fairness_metric=f1
GA Parameters | Pop:10 | Gen:1000 | Mut:0.3504 | Cross:0.7262
Adaptive Penalty | beta1:2.43 | beta2:1.88 | k:6
Before optimization overall scores           : ndcg@10=0.4508 f1@10=0.1578
Before optimization group 1 (active) scores  : ndcg@10=0.6629 f1@10=0.3385
Before optimization group 2 (inactive) scores: ndcg@10=0.4316 f1@10=0.1415
Before optimization UGF (f1@10): 0.1970 (19.70%) | UGF (ndcg@10): 0.2313 (23.13%)
Epsilon: 0.0985
Early stop at generation 13: first feasible solution found
CPU time: 4.94 seconds
After optimization overall metric scores     : ndcg@10=0.4403 f1@10=0.1430
After optimization group 1 (active) scores   : ndcg@10=0.5833 f1@10=0.2258
After optimization group 2 (inactive) scores : ndcg@10=0.4273 f1@10=0.1355
After optimization UGF (f1@10): 0.0902 (9.02%) | UGF (ndcg@10): 0.1560 (15.60%)
UGF reduction: 0.1068 (54.2%)
Constraint satisfied: True
GA Optimizer | Model:biasedMF | Dataset:dataset\5Grocery-rand | Group:sum_0.05 | K=10 | Fairness_metric=f1
GA Parameters | Pop:10 | Gen:1000 | Mut:0.3504 | Cross:0.7262
Adaptive Penalty | beta1:2.43 | beta2:1.88 | k:6
Before optimization overall scores           : ndcg@10=0.4508 f1@10=0.1578
Before optimization group 1 (active) scores  : ndcg@10=0.6629 f1@10=0.3385
Before optimization group 2 (inactive) scores: ndcg@10=0.4316 f1@10=0.1415
Before optimization UGF (f1@10): 0.1970 (19.70%) | UGF (ndcg@10): 0.2313 (23.13%)
Epsilon: 0.0985
Early stop at generation 12: first feasible solution found
CPU time: 4.55 seconds
After optimization overall metric scores     : ndcg@10=0.4415 f1@10=0.1441
After optimization group 1 (active) scores   : ndcg@10=0.5907 f1@10=0.2335
After optimization group 2 (inactive) scores : ndcg@10=0.4280 f1@10=0.1360
After optimization UGF (f1@10): 0.0975 (9.75%) | UGF (ndcg@10): 0.1626 (16.26%)
UGF reduction: 0.0995 (50.5%)
Constraint satisfied: True
GA Optimizer | Model:biasedMF | Dataset:dataset\5Grocery-rand | Group:sum_0.05 | K=10 | Fairness_metric=f1
GA Parameters | Pop:10 | Gen:1000 | Mut:0.3504 | Cross:0.7262
Adaptive Penalty | beta1:2.43 | beta2:1.88 | k:6
Before optimization overall scores           : ndcg@10=0.4508 f1@10=0.1578
Before optimization group 1 (active) scores  : ndcg@10=0.6629 f1@10=0.3385
Before optimization group 2 (inactive) scores: ndcg@10=0.4316 f1@10=0.1415
Before optimization UGF (f1@10): 0.1970 (19.70%) | UGF (ndcg@10): 0.2313 (23.13%)
Epsilon: 0.0985
Early stop at generation 12: first feasible solution found
CPU time: 4.54 seconds
After optimization overall metric scores     : ndcg@10=0.4402 f1@10=0.1447
After optimization group 1 (active) scores   : ndcg@10=0.5724 f1@10=0.2342
After optimization group 2 (inactive) scores : ndcg@10=0.4282 f1@10=0.1366
After optimization UGF (f1@10): 0.0976 (9.76%) | UGF (ndcg@10): 0.1443 (14.43%)
UGF reduction: 0.0994 (50.4%)
Constraint satisfied: True
GA Optimizer | Model:biasedMF | Dataset:dataset\5Grocery-rand | Group:sum_0.05 | K=10 | Fairness_metric=f1
GA Parameters | Pop:10 | Gen:1000 | Mut:0.3504 | Cross:0.7262
Adaptive Penalty | beta1:2.43 | beta2:1.88 | k:6
Before optimization overall scores           : ndcg@10=0.4508 f1@10=0.1578
Before optimization group 1 (active) scores  : ndcg@10=0.6629 f1@10=0.3385
Before optimization group 2 (inactive) scores: ndcg@10=0.4316 f1@10=0.1415
Before optimization UGF (f1@10): 0.1970 (19.70%) | UGF (ndcg@10): 0.2313 (23.13%)
Epsilon: 0.0985
Early stop at generation 12: first feasible solution found
CPU time: 4.56 seconds
After optimization overall metric scores     : ndcg@10=0.4418 f1@10=0.1449
After optimization group 1 (active) scores   : ndcg@10=0.5842 f1@10=0.2352
After optimization group 2 (inactive) scores : ndcg@10=0.4289 f1@10=0.1368
After optimization UGF (f1@10): 0.0984 (9.84%) | UGF (ndcg@10): 0.1553 (15.53%)
UGF reduction: 0.0986 (50.0%)
Constraint satisfied: True
GA Optimizer | Model:biasedMF | Dataset:dataset\5Grocery-rand | Group:sum_0.05 | K=10 | Fairness_metric=f1
GA Parameters | Pop:10 | Gen:1000 | Mut:0.3504 | Cross:0.7262
Adaptive Penalty | beta1:2.43 | beta2:1.88 | k:6
Before optimization overall scores           : ndcg@10=0.4508 f1@10=0.1578
Before optimization group 1 (active) scores  : ndcg@10=0.6629 f1@10=0.3385
Before optimization group 2 (inactive) scores: ndcg@10=0.4316 f1@10=0.1415
Before optimization UGF (f1@10): 0.1970 (19.70%) | UGF (ndcg@10): 0.2313 (23.13%)
Epsilon: 0.0985
Early stop at generation 13: first feasible solution found
CPU time: 4.89 seconds
After optimization overall metric scores     : ndcg@10=0.4398 f1@10=0.1431
After optimization group 1 (active) scores   : ndcg@10=0.5663 f1@10=0.2204
After optimization group 2 (inactive) scores : ndcg@10=0.4283 f1@10=0.1361
After optimization UGF (f1@10): 0.0842 (8.42%) | UGF (ndcg@10): 0.1380 (13.80%)
UGF reduction: 0.1128 (57.2%)
Constraint satisfied: True
GA Optimizer | Model:biasedMF | Dataset:dataset\5Grocery-rand | Group:sum_0.05 | K=10 | Fairness_metric=f1
GA Parameters | Pop:10 | Gen:1000 | Mut:0.3504 | Cross:0.7262
Adaptive Penalty | beta1:2.43 | beta2:1.88 | k:6
Before optimization overall scores           : ndcg@10=0.4508 f1@10=0.1578
Before optimization group 1 (active) scores  : ndcg@10=0.6629 f1@10=0.3385
Before optimization group 2 (inactive) scores: ndcg@10=0.4316 f1@10=0.1415
Before optimization UGF (f1@10): 0.1970 (19.70%) | UGF (ndcg@10): 0.2313 (23.13%)
Epsilon: 0.0985
Early stop at generation 12: first feasible solution found
CPU time: 4.53 seconds
After optimization overall metric scores     : ndcg@10=0.4425 f1@10=0.1449
After optimization group 1 (active) scores   : ndcg@10=0.5901 f1@10=0.2334
After optimization group 2 (inactive) scores : ndcg@10=0.4292 f1@10=0.1368
After optimization UGF (f1@10): 0.0966 (9.66%) | UGF (ndcg@10): 0.1609 (16.09%)
UGF reduction: 0.1005 (51.0%)
Constraint satisfied: True
GA Optimizer | Model:biasedMF | Dataset:dataset\5Grocery-rand | Group:sum_0.05 | K=10 | Fairness_metric=f1
GA Parameters | Pop:10 | Gen:1000 | Mut:0.3504 | Cross:0.7262
Adaptive Penalty | beta1:2.43 | beta2:1.88 | k:6
Before optimization overall scores           : ndcg@10=0.4508 f1@10=0.1578
Before optimization group 1 (active) scores  : ndcg@10=0.6629 f1@10=0.3385
Before optimization group 2 (inactive) scores: ndcg@10=0.4316 f1@10=0.1415
Before optimization UGF (f1@10): 0.1970 (19.70%) | UGF (ndcg@10): 0.2313 (23.13%)
Epsilon: 0.0985
Early stop at generation 12: first feasible solution found
CPU time: 4.47 seconds
After optimization overall metric scores     : ndcg@10=0.4410 f1@10=0.1444
After optimization group 1 (active) scores   : ndcg@10=0.5826 f1@10=0.2330
After optimization group 2 (inactive) scores : ndcg@10=0.4281 f1@10=0.1364
After optimization UGF (f1@10): 0.0966 (9.66%) | UGF (ndcg@10): 0.1545 (15.45%)
UGF reduction: 0.1005 (51.0%)
Constraint satisfied: True
GA Optimizer | Model:biasedMF | Dataset:dataset\5Grocery-rand | Group:sum_0.05 | K=10 | Fairness_metric=f1
GA Parameters | Pop:10 | Gen:1000 | Mut:0.3504 | Cross:0.7262
Adaptive Penalty | beta1:2.43 | beta2:1.88 | k:6
Before optimization overall scores           : ndcg@10=0.4508 f1@10=0.1578
Before optimization group 1 (active) scores  : ndcg@10=0.6629 f1@10=0.3385
Before optimization group 2 (inactive) scores: ndcg@10=0.4316 f1@10=0.1415
Before optimization UGF (f1@10): 0.1970 (19.70%) | UGF (ndcg@10): 0.2313 (23.13%)
Epsilon: 0.0985
Early stop at generation 13: first feasible solution found
CPU time: 4.95 seconds
After optimization overall metric scores     : ndcg@10=0.4391 f1@10=0.1428
After optimization group 1 (active) scores   : ndcg@10=0.5664 f1@10=0.2234
After optimization group 2 (inactive) scores : ndcg@10=0.4275 f1@10=0.1355
After optimization UGF (f1@10): 0.0879 (8.79%) | UGF (ndcg@10): 0.1389 (13.89%)
UGF reduction: 0.1092 (55.4%)
Constraint satisfied: True
GA Optimizer | Model:biasedMF | Dataset:dataset\5Grocery-rand | Group:sum_0.05 | K=10 | Fairness_metric=f1
GA Parameters | Pop:10 | Gen:1000 | Mut:0.3504 | Cross:0.7262
Adaptive Penalty | beta1:2.43 | beta2:1.88 | k:6
Before optimization overall scores           : ndcg@10=0.4508 f1@10=0.1578
Before optimization group 1 (active) scores  : ndcg@10=0.6629 f1@10=0.3385
Before optimization group 2 (inactive) scores: ndcg@10=0.4316 f1@10=0.1415
Before optimization UGF (f1@10): 0.1970 (19.70%) | UGF (ndcg@10): 0.2313 (23.13%)
Epsilon: 0.0985
Early stop at generation 12: first feasible solution found
CPU time: 4.53 seconds
After optimization overall metric scores     : ndcg@10=0.4414 f1@10=0.1446
After optimization group 1 (active) scores   : ndcg@10=0.5876 f1@10=0.2346
After optimization group 2 (inactive) scores : ndcg@10=0.4282 f1@10=0.1365
After optimization UGF (f1@10): 0.0981 (9.81%) | UGF (ndcg@10): 0.1594 (15.94%)
UGF reduction: 0.0989 (50.2%)
Constraint satisfied: True
GA Optimizer | Model:biasedMF | Dataset:dataset\5Grocery-rand | Group:sum_0.05 | K=10 | Fairness_metric=f1
GA Parameters | Pop:10 | Gen:1000 | Mut:0.3504 | Cross:0.7262
Adaptive Penalty | beta1:2.43 | beta2:1.88 | k:6
Before optimization overall scores           : ndcg@10=0.4508 f1@10=0.1578
Before optimization group 1 (active) scores  : ndcg@10=0.6629 f1@10=0.3385
Before optimization group 2 (inactive) scores: ndcg@10=0.4316 f1@10=0.1415
Before optimization UGF (f1@10): 0.1970 (19.70%) | UGF (ndcg@10): 0.2313 (23.13%)
Epsilon: 0.0985
Early stop at generation 12: first feasible solution found
CPU time: 4.55 seconds
After optimization overall metric scores     : ndcg@10=0.4413 f1@10=0.1444
After optimization group 1 (active) scores   : ndcg@10=0.5783 f1@10=0.2330
After optimization group 2 (inactive) scores : ndcg@10=0.4289 f1@10=0.1364
After optimization UGF (f1@10): 0.0966 (9.66%) | UGF (ndcg@10): 0.1494 (14.94%)
UGF reduction: 0.1004 (51.0%)
Constraint satisfied: True
GA Optimizer | Model:biasedMF | Dataset:dataset\5Grocery-rand | Group:sum_0.05 | K=10 | Fairness_metric=f1
GA Parameters | Pop:10 | Gen:1000 | Mut:0.3504 | Cross:0.7262
Adaptive Penalty | beta1:2.43 | beta2:1.88 | k:6
Before optimization overall scores           : ndcg@10=0.4508 f1@10=0.1578
Before optimization group 1 (active) scores  : ndcg@10=0.6629 f1@10=0.3385
Before optimization group 2 (inactive) scores: ndcg@10=0.4316 f1@10=0.1415
Before optimization UGF (f1@10): 0.1970 (19.70%) | UGF (ndcg@10): 0.2313 (23.13%)
Epsilon: 0.0985
Early stop at generation 12: first feasible solution found
CPU time: 4.59 seconds
After optimization overall metric scores     : ndcg@10=0.4408 f1@10=0.1440
After optimization group 1 (active) scores   : ndcg@10=0.5812 f1@10=0.2322
After optimization group 2 (inactive) scores : ndcg@10=0.4281 f1@10=0.1360
After optimization UGF (f1@10): 0.0962 (9.62%) | UGF (ndcg@10): 0.1531 (15.31%)
UGF reduction: 0.1009 (51.2%)
Constraint satisfied: True
GA Optimizer | Model:biasedMF | Dataset:dataset\5Grocery-rand | Group:sum_0.05 | K=10 | Fairness_metric=f1
GA Parameters | Pop:10 | Gen:1000 | Mut:0.3504 | Cross:0.7262
Adaptive Penalty | beta1:2.43 | beta2:1.88 | k:6
Before optimization overall scores           : ndcg@10=0.4508 f1@10=0.1578
Before optimization group 1 (active) scores  : ndcg@10=0.6629 f1@10=0.3385
Before optimization group 2 (inactive) scores: ndcg@10=0.4316 f1@10=0.1415
Before optimization UGF (f1@10): 0.1970 (19.70%) | UGF (ndcg@10): 0.2313 (23.13%)
Epsilon: 0.0985
Early stop at generation 12: first feasible solution found
CPU time: 4.53 seconds
After optimization overall metric scores     : ndcg@10=0.4405 f1@10=0.1437
After optimization group 1 (active) scores   : ndcg@10=0.5861 f1@10=0.2313
After optimization group 2 (inactive) scores : ndcg@10=0.4274 f1@10=0.1357
After optimization UGF (f1@10): 0.0956 (9.56%) | UGF (ndcg@10): 0.1588 (15.88%)
UGF reduction: 0.1015 (51.5%)
Constraint satisfied: True
GA Optimizer | Model:biasedMF | Dataset:dataset\5Grocery-rand | Group:sum_0.05 | K=10 | Fairness_metric=f1
GA Parameters | Pop:10 | Gen:1000 | Mut:0.3504 | Cross:0.7262
Adaptive Penalty | beta1:2.43 | beta2:1.88 | k:6
Before optimization overall scores           : ndcg@10=0.4508 f1@10=0.1578
Before optimization group 1 (active) scores  : ndcg@10=0.6629 f1@10=0.3385
Before optimization group 2 (inactive) scores: ndcg@10=0.4316 f1@10=0.1415
Before optimization UGF (f1@10): 0.1970 (19.70%) | UGF (ndcg@10): 0.2313 (23.13%)
Epsilon: 0.0985
Early stop at generation 12: first feasible solution found
CPU time: 4.55 seconds
After optimization overall metric scores     : ndcg@10=0.4418 f1@10=0.1446
After optimization group 1 (active) scores   : ndcg@10=0.5859 f1@10=0.2336
After optimization group 2 (inactive) scores : ndcg@10=0.4287 f1@10=0.1366
After optimization UGF (f1@10): 0.0970 (9.70%) | UGF (ndcg@10): 0.1572 (15.72%)
UGF reduction: 0.1000 (50.7%)
Constraint satisfied: True
GA Optimizer | Model:biasedMF | Dataset:dataset\5Grocery-rand | Group:sum_0.05 | K=10 | Fairness_metric=f1
GA Parameters | Pop:10 | Gen:1000 | Mut:0.3504 | Cross:0.7262
Adaptive Penalty | beta1:2.43 | beta2:1.88 | k:6
Before optimization overall scores           : ndcg@10=0.4508 f1@10=0.1578
Before optimization group 1 (active) scores  : ndcg@10=0.6629 f1@10=0.3385
Before optimization group 2 (inactive) scores: ndcg@10=0.4316 f1@10=0.1415
Before optimization UGF (f1@10): 0.1970 (19.70%) | UGF (ndcg@10): 0.2313 (23.13%)
Epsilon: 0.0985
Early stop at generation 12: first feasible solution found
CPU time: 4.79 seconds
After optimization overall metric scores     : ndcg@10=0.4407 f1@10=0.1444
After optimization group 1 (active) scores   : ndcg@10=0.5855 f1@10=0.2346
After optimization group 2 (inactive) scores : ndcg@10=0.4276 f1@10=0.1362
After optimization UGF (f1@10): 0.0984 (9.84%) | UGF (ndcg@10): 0.1579 (15.79%)
UGF reduction: 0.0987 (50.1%)
Constraint satisfied: True
GA Optimizer | Model:biasedMF | Dataset:dataset\5Grocery-rand | Group:sum_0.05 | K=10 | Fairness_metric=f1
GA Parameters | Pop:10 | Gen:1000 | Mut:0.3504 | Cross:0.7262
Adaptive Penalty | beta1:2.43 | beta2:1.88 | k:6
Before optimization overall scores           : ndcg@10=0.4508 f1@10=0.1578
Before optimization group 1 (active) scores  : ndcg@10=0.6629 f1@10=0.3385
Before optimization group 2 (inactive) scores: ndcg@10=0.4316 f1@10=0.1415
Before optimization UGF (f1@10): 0.1970 (19.70%) | UGF (ndcg@10): 0.2313 (23.13%)
Epsilon: 0.0985
Early stop at generation 13: first feasible solution found
CPU time: 4.96 seconds
After optimization overall metric scores     : ndcg@10=0.4412 f1@10=0.1434
After optimization group 1 (active) scores   : ndcg@10=0.5788 f1@10=0.2231
After optimization group 2 (inactive) scores : ndcg@10=0.4287 f1@10=0.1361
After optimization UGF (f1@10): 0.0870 (8.70%) | UGF (ndcg@10): 0.1501 (15.01%)
UGF reduction: 0.1101 (55.9%)
Constraint satisfied: True
GA Optimizer | Model:biasedMF | Dataset:dataset\5Grocery-rand | Group:sum_0.05 | K=10 | Fairness_metric=f1
GA Parameters | Pop:10 | Gen:1000 | Mut:0.3504 | Cross:0.7262
Adaptive Penalty | beta1:2.43 | beta2:1.88 | k:6
Before optimization overall scores           : ndcg@10=0.4508 f1@10=0.1578
Before optimization group 1 (active) scores  : ndcg@10=0.6629 f1@10=0.3385
Before optimization group 2 (inactive) scores: ndcg@10=0.4316 f1@10=0.1415
Before optimization UGF (f1@10): 0.1970 (19.70%) | UGF (ndcg@10): 0.2313 (23.13%)
Epsilon: 0.0985
Early stop at generation 12: first feasible solution found
CPU time: 4.53 seconds
After optimization overall metric scores     : ndcg@10=0.4424 f1@10=0.1448
After optimization group 1 (active) scores   : ndcg@10=0.5903 f1@10=0.2336
After optimization group 2 (inactive) scores : ndcg@10=0.4290 f1@10=0.1368
After optimization UGF (f1@10): 0.0968 (9.68%) | UGF (ndcg@10): 0.1614 (16.14%)
UGF reduction: 0.1003 (50.9%)
Constraint satisfied: True
GA Optimizer | Model:biasedMF | Dataset:dataset\5Grocery-rand | Group:sum_0.05 | K=10 | Fairness_metric=f1
GA Parameters | Pop:10 | Gen:1000 | Mut:0.3504 | Cross:0.7262
Adaptive Penalty | beta1:2.43 | beta2:1.88 | k:6
Before optimization overall scores           : ndcg@10=0.4508 f1@10=0.1578
Before optimization group 1 (active) scores  : ndcg@10=0.6629 f1@10=0.3385
Before optimization group 2 (inactive) scores: ndcg@10=0.4316 f1@10=0.1415
Before optimization UGF (f1@10): 0.1970 (19.70%) | UGF (ndcg@10): 0.2313 (23.13%)
Epsilon: 0.0985
Early stop at generation 12: first feasible solution found
CPU time: 4.67 seconds
After optimization overall metric scores     : ndcg@10=0.4411 f1@10=0.1447
After optimization group 1 (active) scores   : ndcg@10=0.5849 f1@10=0.2328
After optimization group 2 (inactive) scores : ndcg@10=0.4281 f1@10=0.1368
After optimization UGF (f1@10): 0.0961 (9.61%) | UGF (ndcg@10): 0.1568 (15.68%)
UGF reduction: 0.1010 (51.3%)
Constraint satisfied: True
GA Optimizer | Model:biasedMF | Dataset:dataset\5Grocery-rand | Group:sum_0.05 | K=10 | Fairness_metric=f1
GA Parameters | Pop:10 | Gen:1000 | Mut:0.3504 | Cross:0.7262
Adaptive Penalty | beta1:2.43 | beta2:1.88 | k:6
Before optimization overall scores           : ndcg@10=0.4508 f1@10=0.1578
Before optimization group 1 (active) scores  : ndcg@10=0.6629 f1@10=0.3385
Before optimization group 2 (inactive) scores: ndcg@10=0.4316 f1@10=0.1415
Before optimization UGF (f1@10): 0.1970 (19.70%) | UGF (ndcg@10): 0.2313 (23.13%)
Epsilon: 0.0985
Early stop at generation 13: first feasible solution found
CPU time: 4.92 seconds
After optimization overall metric scores     : ndcg@10=0.4409 f1@10=0.1432
After optimization group 1 (active) scores   : ndcg@10=0.5809 f1@10=0.2244
After optimization group 2 (inactive) scores : ndcg@10=0.4282 f1@10=0.1359
After optimization UGF (f1@10): 0.0886 (8.86%) | UGF (ndcg@10): 0.1526 (15.26%)
UGF reduction: 0.1085 (55.1%)
Constraint satisfied: True
GA Optimizer | Model:biasedMF | Dataset:dataset\5Grocery-rand | Group:sum_0.05 | K=10 | Fairness_metric=f1
GA Parameters | Pop:10 | Gen:1000 | Mut:0.3504 | Cross:0.7262
Adaptive Penalty | beta1:2.43 | beta2:1.88 | k:6
Before optimization overall scores           : ndcg@10=0.4508 f1@10=0.1578
Before optimization group 1 (active) scores  : ndcg@10=0.6629 f1@10=0.3385
Before optimization group 2 (inactive) scores: ndcg@10=0.4316 f1@10=0.1415
Before optimization UGF (f1@10): 0.1970 (19.70%) | UGF (ndcg@10): 0.2313 (23.13%)
Epsilon: 0.0985
Early stop at generation 13: first feasible solution found
CPU time: 4.94 seconds
After optimization overall metric scores     : ndcg@10=0.4382 f1@10=0.1422
After optimization group 1 (active) scores   : ndcg@10=0.5705 f1@10=0.2241
After optimization group 2 (inactive) scores : ndcg@10=0.4262 f1@10=0.1348
After optimization UGF (f1@10): 0.0893 (8.93%) | UGF (ndcg@10): 0.1443 (14.43%)
UGF reduction: 0.1077 (54.7%)
Constraint satisfied: True
GA Optimizer | Model:biasedMF | Dataset:dataset\5Grocery-rand | Group:sum_0.05 | K=10 | Fairness_metric=f1
GA Parameters | Pop:10 | Gen:1000 | Mut:0.3504 | Cross:0.7262
Adaptive Penalty | beta1:2.43 | beta2:1.88 | k:6
Before optimization overall scores           : ndcg@10=0.4508 f1@10=0.1578
Before optimization group 1 (active) scores  : ndcg@10=0.6629 f1@10=0.3385
Before optimization group 2 (inactive) scores: ndcg@10=0.4316 f1@10=0.1415
Before optimization UGF (f1@10): 0.1970 (19.70%) | UGF (ndcg@10): 0.2313 (23.13%)
Epsilon: 0.0985
Early stop at generation 12: first feasible solution found
CPU time: 4.56 seconds
After optimization overall metric scores     : ndcg@10=0.4408 f1@10=0.1446
After optimization group 1 (active) scores   : ndcg@10=0.5818 f1@10=0.2349
After optimization group 2 (inactive) scores : ndcg@10=0.4281 f1@10=0.1364
After optimization UGF (f1@10): 0.0984 (9.84%) | UGF (ndcg@10): 0.1537 (15.37%)
UGF reduction: 0.0986 (50.0%)
Constraint satisfied: True
GA Optimizer | Model:biasedMF | Dataset:dataset\5Grocery-rand | Group:sum_0.05 | K=10 | Fairness_metric=f1
GA Parameters | Pop:10 | Gen:1000 | Mut:0.3504 | Cross:0.7262
Adaptive Penalty | beta1:2.43 | beta2:1.88 | k:6
Before optimization overall scores           : ndcg@10=0.4508 f1@10=0.1578
Before optimization group 1 (active) scores  : ndcg@10=0.6629 f1@10=0.3385
Before optimization group 2 (inactive) scores: ndcg@10=0.4316 f1@10=0.1415
Before optimization UGF (f1@10): 0.1970 (19.70%) | UGF (ndcg@10): 0.2313 (23.13%)
Epsilon: 0.0985
Early stop at generation 13: first feasible solution found
CPU time: 4.89 seconds
After optimization overall metric scores     : ndcg@10=0.4419 f1@10=0.1437
After optimization group 1 (active) scores   : ndcg@10=0.5882 f1@10=0.2261
After optimization group 2 (inactive) scores : ndcg@10=0.4287 f1@10=0.1362
After optimization UGF (f1@10): 0.0899 (8.99%) | UGF (ndcg@10): 0.1595 (15.95%)
UGF reduction: 0.1072 (54.4%)
Constraint satisfied: True
