GA Optimizer | Model:NCF | Dataset:dataset\5Health-rand | Group:max_0.05 | K=10 | Fairness_metric=f1
GA Parameters | Pop:10 | Gen:1000 | Mut:0.3504 | Cross:0.7262
Adaptive Penalty | beta1:2.43 | beta2:1.88 | k:6
Before optimization overall scores           : ndcg@10=0.3355 f1@10=0.1220
Before optimization group 1 (active) scores  : ndcg@10=0.4651 f1@10=0.2112
Before optimization group 2 (inactive) scores: ndcg@10=0.3274 f1@10=0.1165
Before optimization UGF (f1@10): 0.0948 (9.48%) | UGF (ndcg@10): 0.1377 (13.77%)
Epsilon: 0.0474
Early stop at generation 10: first feasible solution found
CPU time: 9.60 seconds
After optimization overall metric scores     : ndcg@10=0.3272 f1@10=0.1139
After optimization group 1 (active) scores   : ndcg@10=0.3994 f1@10=0.1580
After optimization group 2 (inactive) scores : ndcg@10=0.3227 f1@10=0.1112
After optimization UGF (f1@10): 0.0469 (4.69%) | UGF (ndcg@10): 0.0767 (7.67%)
UGF reduction: 0.0479 (50.6%)
Constraint satisfied: True
GA Optimizer | Model:NCF | Dataset:dataset\5Health-rand | Group:max_0.05 | K=10 | Fairness_metric=f1
GA Parameters | Pop:10 | Gen:1000 | Mut:0.3504 | Cross:0.7262
Adaptive Penalty | beta1:2.43 | beta2:1.88 | k:6
Before optimization overall scores           : ndcg@10=0.3355 f1@10=0.1220
Before optimization group 1 (active) scores  : ndcg@10=0.4651 f1@10=0.2112
Before optimization group 2 (inactive) scores: ndcg@10=0.3274 f1@10=0.1165
Before optimization UGF (f1@10): 0.0948 (9.48%) | UGF (ndcg@10): 0.1377 (13.77%)
Epsilon: 0.0474
Early stop at generation 11: first feasible solution found
CPU time: 10.44 seconds
After optimization overall metric scores     : ndcg@10=0.3263 f1@10=0.1130
After optimization group 1 (active) scores   : ndcg@10=0.3928 f1@10=0.1528
After optimization group 2 (inactive) scores : ndcg@10=0.3221 f1@10=0.1105
After optimization UGF (f1@10): 0.0423 (4.23%) | UGF (ndcg@10): 0.0707 (7.07%)
UGF reduction: 0.0525 (55.4%)
Constraint satisfied: True
GA Optimizer | Model:NCF | Dataset:dataset\5Health-rand | Group:max_0.05 | K=10 | Fairness_metric=f1
GA Parameters | Pop:10 | Gen:1000 | Mut:0.3504 | Cross:0.7262
Adaptive Penalty | beta1:2.43 | beta2:1.88 | k:6
Before optimization overall scores           : ndcg@10=0.3355 f1@10=0.1220
Before optimization group 1 (active) scores  : ndcg@10=0.4651 f1@10=0.2112
Before optimization group 2 (inactive) scores: ndcg@10=0.3274 f1@10=0.1165
Before optimization UGF (f1@10): 0.0948 (9.48%) | UGF (ndcg@10): 0.1377 (13.77%)
Epsilon: 0.0474
Early stop at generation 11: first feasible solution found
CPU time: 10.52 seconds
After optimization overall metric scores     : ndcg@10=0.3269 f1@10=0.1128
After optimization group 1 (active) scores   : ndcg@10=0.3964 f1@10=0.1512
After optimization group 2 (inactive) scores : ndcg@10=0.3225 f1@10=0.1104
After optimization UGF (f1@10): 0.0408 (4.08%) | UGF (ndcg@10): 0.0739 (7.39%)
UGF reduction: 0.0539 (56.9%)
Constraint satisfied: True
GA Optimizer | Model:NCF | Dataset:dataset\5Health-rand | Group:max_0.05 | K=10 | Fairness_metric=f1
GA Parameters | Pop:10 | Gen:1000 | Mut:0.3504 | Cross:0.7262
Adaptive Penalty | beta1:2.43 | beta2:1.88 | k:6
Before optimization overall scores           : ndcg@10=0.3355 f1@10=0.1220
Before optimization group 1 (active) scores  : ndcg@10=0.4651 f1@10=0.2112
Before optimization group 2 (inactive) scores: ndcg@10=0.3274 f1@10=0.1165
Before optimization UGF (f1@10): 0.0948 (9.48%) | UGF (ndcg@10): 0.1377 (13.77%)
Epsilon: 0.0474
Early stop at generation 11: first feasible solution found
CPU time: 10.68 seconds
After optimization overall metric scores     : ndcg@10=0.3260 f1@10=0.1131
After optimization group 1 (active) scores   : ndcg@10=0.3906 f1@10=0.1529
After optimization group 2 (inactive) scores : ndcg@10=0.3220 f1@10=0.1106
After optimization UGF (f1@10): 0.0423 (4.23%) | UGF (ndcg@10): 0.0686 (6.86%)
UGF reduction: 0.0525 (55.4%)
Constraint satisfied: True
GA Optimizer | Model:NCF | Dataset:dataset\5Health-rand | Group:max_0.05 | K=10 | Fairness_metric=f1
GA Parameters | Pop:10 | Gen:1000 | Mut:0.3504 | Cross:0.7262
Adaptive Penalty | beta1:2.43 | beta2:1.88 | k:6
Before optimization overall scores           : ndcg@10=0.3355 f1@10=0.1220
Before optimization group 1 (active) scores  : ndcg@10=0.4651 f1@10=0.2112
Before optimization group 2 (inactive) scores: ndcg@10=0.3274 f1@10=0.1165
Before optimization UGF (f1@10): 0.0948 (9.48%) | UGF (ndcg@10): 0.1377 (13.77%)
Epsilon: 0.0474
Early stop at generation 11: first feasible solution found
CPU time: 10.53 seconds
After optimization overall metric scores     : ndcg@10=0.3266 f1@10=0.1124
After optimization group 1 (active) scores   : ndcg@10=0.3925 f1@10=0.1530
After optimization group 2 (inactive) scores : ndcg@10=0.3225 f1@10=0.1099
After optimization UGF (f1@10): 0.0430 (4.30%) | UGF (ndcg@10): 0.0700 (7.00%)
UGF reduction: 0.0517 (54.6%)
Constraint satisfied: True
GA Optimizer | Model:NCF | Dataset:dataset\5Health-rand | Group:max_0.05 | K=10 | Fairness_metric=f1
GA Parameters | Pop:10 | Gen:1000 | Mut:0.3504 | Cross:0.7262
Adaptive Penalty | beta1:2.43 | beta2:1.88 | k:6
Before optimization overall scores           : ndcg@10=0.3355 f1@10=0.1220
Before optimization group 1 (active) scores  : ndcg@10=0.4651 f1@10=0.2112
Before optimization group 2 (inactive) scores: ndcg@10=0.3274 f1@10=0.1165
Before optimization UGF (f1@10): 0.0948 (9.48%) | UGF (ndcg@10): 0.1377 (13.77%)
Epsilon: 0.0474
Early stop at generation 11: first feasible solution found
CPU time: 10.60 seconds
After optimization overall metric scores     : ndcg@10=0.3260 f1@10=0.1126
After optimization group 1 (active) scores   : ndcg@10=0.3973 f1@10=0.1533
After optimization group 2 (inactive) scores : ndcg@10=0.3216 f1@10=0.1100
After optimization UGF (f1@10): 0.0433 (4.33%) | UGF (ndcg@10): 0.0757 (7.57%)
UGF reduction: 0.0515 (54.4%)
Constraint satisfied: True
GA Optimizer | Model:NCF | Dataset:dataset\5Health-rand | Group:max_0.05 | K=10 | Fairness_metric=f1
GA Parameters | Pop:10 | Gen:1000 | Mut:0.3504 | Cross:0.7262
Adaptive Penalty | beta1:2.43 | beta2:1.88 | k:6
Before optimization overall scores           : ndcg@10=0.3355 f1@10=0.1220
Before optimization group 1 (active) scores  : ndcg@10=0.4651 f1@10=0.2112
Before optimization group 2 (inactive) scores: ndcg@10=0.3274 f1@10=0.1165
Before optimization UGF (f1@10): 0.0948 (9.48%) | UGF (ndcg@10): 0.1377 (13.77%)
Epsilon: 0.0474
Early stop at generation 10: first feasible solution found
CPU time: 9.60 seconds
After optimization overall metric scores     : ndcg@10=0.3271 f1@10=0.1135
After optimization group 1 (active) scores   : ndcg@10=0.3976 f1@10=0.1581
After optimization group 2 (inactive) scores : ndcg@10=0.3227 f1@10=0.1108
After optimization UGF (f1@10): 0.0473 (4.73%) | UGF (ndcg@10): 0.0750 (7.50%)
UGF reduction: 0.0475 (50.1%)
Constraint satisfied: True
GA Optimizer | Model:NCF | Dataset:dataset\5Health-rand | Group:max_0.05 | K=10 | Fairness_metric=f1
GA Parameters | Pop:10 | Gen:1000 | Mut:0.3504 | Cross:0.7262
Adaptive Penalty | beta1:2.43 | beta2:1.88 | k:6
Before optimization overall scores           : ndcg@10=0.3355 f1@10=0.1220
Before optimization group 1 (active) scores  : ndcg@10=0.4651 f1@10=0.2112
Before optimization group 2 (inactive) scores: ndcg@10=0.3274 f1@10=0.1165
Before optimization UGF (f1@10): 0.0948 (9.48%) | UGF (ndcg@10): 0.1377 (13.77%)
Epsilon: 0.0474
Early stop at generation 11: first feasible solution found
CPU time: 10.49 seconds
After optimization overall metric scores     : ndcg@10=0.3273 f1@10=0.1135
After optimization group 1 (active) scores   : ndcg@10=0.3984 f1@10=0.1532
After optimization group 2 (inactive) scores : ndcg@10=0.3229 f1@10=0.1110
After optimization UGF (f1@10): 0.0422 (4.22%) | UGF (ndcg@10): 0.0755 (7.55%)
UGF reduction: 0.0526 (55.5%)
Constraint satisfied: True
GA Optimizer | Model:NCF | Dataset:dataset\5Health-rand | Group:max_0.05 | K=10 | Fairness_metric=f1
GA Parameters | Pop:10 | Gen:1000 | Mut:0.3504 | Cross:0.7262
Adaptive Penalty | beta1:2.43 | beta2:1.88 | k:6
Before optimization overall scores           : ndcg@10=0.3355 f1@10=0.1220
Before optimization group 1 (active) scores  : ndcg@10=0.4651 f1@10=0.2112
Before optimization group 2 (inactive) scores: ndcg@10=0.3274 f1@10=0.1165
Before optimization UGF (f1@10): 0.0948 (9.48%) | UGF (ndcg@10): 0.1377 (13.77%)
Epsilon: 0.0474
Early stop at generation 10: first feasible solution found
CPU time: 10.00 seconds
After optimization overall metric scores     : ndcg@10=0.3279 f1@10=0.1139
After optimization group 1 (active) scores   : ndcg@10=0.4020 f1@10=0.1577
After optimization group 2 (inactive) scores : ndcg@10=0.3233 f1@10=0.1112
After optimization UGF (f1@10): 0.0464 (4.64%) | UGF (ndcg@10): 0.0787 (7.87%)
UGF reduction: 0.0483 (51.0%)
Constraint satisfied: True
GA Optimizer | Model:NCF | Dataset:dataset\5Health-rand | Group:max_0.05 | K=10 | Fairness_metric=f1
GA Parameters | Pop:10 | Gen:1000 | Mut:0.3504 | Cross:0.7262
Adaptive Penalty | beta1:2.43 | beta2:1.88 | k:6
Before optimization overall scores           : ndcg@10=0.3355 f1@10=0.1220
Before optimization group 1 (active) scores  : ndcg@10=0.4651 f1@10=0.2112
Before optimization group 2 (inactive) scores: ndcg@10=0.3274 f1@10=0.1165
Before optimization UGF (f1@10): 0.0948 (9.48%) | UGF (ndcg@10): 0.1377 (13.77%)
Epsilon: 0.0474
Early stop at generation 10: first feasible solution found
CPU time: 9.63 seconds
After optimization overall metric scores     : ndcg@10=0.3276 f1@10=0.1136
After optimization group 1 (active) scores   : ndcg@10=0.4105 f1@10=0.1580
After optimization group 2 (inactive) scores : ndcg@10=0.3225 f1@10=0.1108
After optimization UGF (f1@10): 0.0472 (4.72%) | UGF (ndcg@10): 0.0880 (8.80%)
UGF reduction: 0.0476 (50.2%)
Constraint satisfied: True
GA Optimizer | Model:NCF | Dataset:dataset\5Health-rand | Group:max_0.05 | K=10 | Fairness_metric=f1
GA Parameters | Pop:10 | Gen:1000 | Mut:0.3504 | Cross:0.7262
Adaptive Penalty | beta1:2.43 | beta2:1.88 | k:6
Before optimization overall scores           : ndcg@10=0.3355 f1@10=0.1220
Before optimization group 1 (active) scores  : ndcg@10=0.4651 f1@10=0.2112
Before optimization group 2 (inactive) scores: ndcg@10=0.3274 f1@10=0.1165
Before optimization UGF (f1@10): 0.0948 (9.48%) | UGF (ndcg@10): 0.1377 (13.77%)
Epsilon: 0.0474
Early stop at generation 10: first feasible solution found
CPU time: 9.67 seconds
After optimization overall metric scores     : ndcg@10=0.3275 f1@10=0.1139
After optimization group 1 (active) scores   : ndcg@10=0.3983 f1@10=0.1573
After optimization group 2 (inactive) scores : ndcg@10=0.3231 f1@10=0.1112
After optimization UGF (f1@10): 0.0462 (4.62%) | UGF (ndcg@10): 0.0752 (7.52%)
UGF reduction: 0.0486 (51.3%)
Constraint satisfied: True
GA Optimizer | Model:NCF | Dataset:dataset\5Health-rand | Group:max_0.05 | K=10 | Fairness_metric=f1
GA Parameters | Pop:10 | Gen:1000 | Mut:0.3504 | Cross:0.7262
Adaptive Penalty | beta1:2.43 | beta2:1.88 | k:6
Before optimization overall scores           : ndcg@10=0.3355 f1@10=0.1220
Before optimization group 1 (active) scores  : ndcg@10=0.4651 f1@10=0.2112
Before optimization group 2 (inactive) scores: ndcg@10=0.3274 f1@10=0.1165
Before optimization UGF (f1@10): 0.0948 (9.48%) | UGF (ndcg@10): 0.1377 (13.77%)
Epsilon: 0.0474
Early stop at generation 11: first feasible solution found
CPU time: 10.53 seconds
After optimization overall metric scores     : ndcg@10=0.3253 f1@10=0.1124
After optimization group 1 (active) scores   : ndcg@10=0.3881 f1@10=0.1494
After optimization group 2 (inactive) scores : ndcg@10=0.3214 f1@10=0.1101
After optimization UGF (f1@10): 0.0393 (3.93%) | UGF (ndcg@10): 0.0667 (6.67%)
UGF reduction: 0.0555 (58.5%)
Constraint satisfied: True
GA Optimizer | Model:NCF | Dataset:dataset\5Health-rand | Group:max_0.05 | K=10 | Fairness_metric=f1
GA Parameters | Pop:10 | Gen:1000 | Mut:0.3504 | Cross:0.7262
Adaptive Penalty | beta1:2.43 | beta2:1.88 | k:6
Before optimization overall scores           : ndcg@10=0.3355 f1@10=0.1220
Before optimization group 1 (active) scores  : ndcg@10=0.4651 f1@10=0.2112
Before optimization group 2 (inactive) scores: ndcg@10=0.3274 f1@10=0.1165
Before optimization UGF (f1@10): 0.0948 (9.48%) | UGF (ndcg@10): 0.1377 (13.77%)
Epsilon: 0.0474
Early stop at generation 10: first feasible solution found
CPU time: 9.77 seconds
After optimization overall metric scores     : ndcg@10=0.3269 f1@10=0.1135
After optimization group 1 (active) scores   : ndcg@10=0.4037 f1@10=0.1578
After optimization group 2 (inactive) scores : ndcg@10=0.3221 f1@10=0.1108
After optimization UGF (f1@10): 0.0470 (4.70%) | UGF (ndcg@10): 0.0815 (8.15%)
UGF reduction: 0.0478 (50.4%)
Constraint satisfied: True
GA Optimizer | Model:NCF | Dataset:dataset\5Health-rand | Group:max_0.05 | K=10 | Fairness_metric=f1
GA Parameters | Pop:10 | Gen:1000 | Mut:0.3504 | Cross:0.7262
Adaptive Penalty | beta1:2.43 | beta2:1.88 | k:6
Before optimization overall scores           : ndcg@10=0.3355 f1@10=0.1220
Before optimization group 1 (active) scores  : ndcg@10=0.4651 f1@10=0.2112
Before optimization group 2 (inactive) scores: ndcg@10=0.3274 f1@10=0.1165
Before optimization UGF (f1@10): 0.0948 (9.48%) | UGF (ndcg@10): 0.1377 (13.77%)
Epsilon: 0.0474
Early stop at generation 11: first feasible solution found
CPU time: 10.51 seconds
After optimization overall metric scores     : ndcg@10=0.3261 f1@10=0.1126
After optimization group 1 (active) scores   : ndcg@10=0.3888 f1@10=0.1511
After optimization group 2 (inactive) scores : ndcg@10=0.3222 f1@10=0.1102
After optimization UGF (f1@10): 0.0408 (4.08%) | UGF (ndcg@10): 0.0666 (6.66%)
UGF reduction: 0.0539 (56.9%)
Constraint satisfied: True
GA Optimizer | Model:NCF | Dataset:dataset\5Health-rand | Group:max_0.05 | K=10 | Fairness_metric=f1
GA Parameters | Pop:10 | Gen:1000 | Mut:0.3504 | Cross:0.7262
Adaptive Penalty | beta1:2.43 | beta2:1.88 | k:6
Before optimization overall scores           : ndcg@10=0.3355 f1@10=0.1220
Before optimization group 1 (active) scores  : ndcg@10=0.4651 f1@10=0.2112
Before optimization group 2 (inactive) scores: ndcg@10=0.3274 f1@10=0.1165
Before optimization UGF (f1@10): 0.0948 (9.48%) | UGF (ndcg@10): 0.1377 (13.77%)
Epsilon: 0.0474
Early stop at generation 10: first feasible solution found
CPU time: 9.57 seconds
After optimization overall metric scores     : ndcg@10=0.3273 f1@10=0.1138
After optimization group 1 (active) scores   : ndcg@10=0.3988 f1@10=0.1579
After optimization group 2 (inactive) scores : ndcg@10=0.3228 f1@10=0.1110
After optimization UGF (f1@10): 0.0469 (4.69%) | UGF (ndcg@10): 0.0760 (7.60%)
UGF reduction: 0.0479 (50.5%)
Constraint satisfied: True
GA Optimizer | Model:NCF | Dataset:dataset\5Health-rand | Group:max_0.05 | K=10 | Fairness_metric=f1
GA Parameters | Pop:10 | Gen:1000 | Mut:0.3504 | Cross:0.7262
Adaptive Penalty | beta1:2.43 | beta2:1.88 | k:6
Before optimization overall scores           : ndcg@10=0.3355 f1@10=0.1220
Before optimization group 1 (active) scores  : ndcg@10=0.4651 f1@10=0.2112
Before optimization group 2 (inactive) scores: ndcg@10=0.3274 f1@10=0.1165
Before optimization UGF (f1@10): 0.0948 (9.48%) | UGF (ndcg@10): 0.1377 (13.77%)
Epsilon: 0.0474
Early stop at generation 11: first feasible solution found
CPU time: 10.48 seconds
After optimization overall metric scores     : ndcg@10=0.3265 f1@10=0.1129
After optimization group 1 (active) scores   : ndcg@10=0.3945 f1@10=0.1545
After optimization group 2 (inactive) scores : ndcg@10=0.3223 f1@10=0.1103
After optimization UGF (f1@10): 0.0442 (4.42%) | UGF (ndcg@10): 0.0723 (7.23%)
UGF reduction: 0.0506 (53.4%)
Constraint satisfied: True
GA Optimizer | Model:NCF | Dataset:dataset\5Health-rand | Group:max_0.05 | K=10 | Fairness_metric=f1
GA Parameters | Pop:10 | Gen:1000 | Mut:0.3504 | Cross:0.7262
Adaptive Penalty | beta1:2.43 | beta2:1.88 | k:6
Before optimization overall scores           : ndcg@10=0.3355 f1@10=0.1220
Before optimization group 1 (active) scores  : ndcg@10=0.4651 f1@10=0.2112
Before optimization group 2 (inactive) scores: ndcg@10=0.3274 f1@10=0.1165
Before optimization UGF (f1@10): 0.0948 (9.48%) | UGF (ndcg@10): 0.1377 (13.77%)
Epsilon: 0.0474
Early stop at generation 11: first feasible solution found
CPU time: 10.51 seconds
After optimization overall metric scores     : ndcg@10=0.3259 f1@10=0.1124
After optimization group 1 (active) scores   : ndcg@10=0.4008 f1@10=0.1558
After optimization group 2 (inactive) scores : ndcg@10=0.3212 f1@10=0.1097
After optimization UGF (f1@10): 0.0461 (4.61%) | UGF (ndcg@10): 0.0796 (7.96%)
UGF reduction: 0.0487 (51.4%)
Constraint satisfied: True
GA Optimizer | Model:NCF | Dataset:dataset\5Health-rand | Group:max_0.05 | K=10 | Fairness_metric=f1
GA Parameters | Pop:10 | Gen:1000 | Mut:0.3504 | Cross:0.7262
Adaptive Penalty | beta1:2.43 | beta2:1.88 | k:6
Before optimization overall scores           : ndcg@10=0.3355 f1@10=0.1220
Before optimization group 1 (active) scores  : ndcg@10=0.4651 f1@10=0.2112
Before optimization group 2 (inactive) scores: ndcg@10=0.3274 f1@10=0.1165
Before optimization UGF (f1@10): 0.0948 (9.48%) | UGF (ndcg@10): 0.1377 (13.77%)
Epsilon: 0.0474
Early stop at generation 10: first feasible solution found
CPU time: 9.49 seconds
After optimization overall metric scores     : ndcg@10=0.3272 f1@10=0.1136
After optimization group 1 (active) scores   : ndcg@10=0.3995 f1@10=0.1578
After optimization group 2 (inactive) scores : ndcg@10=0.3227 f1@10=0.1108
After optimization UGF (f1@10): 0.0470 (4.70%) | UGF (ndcg@10): 0.0769 (7.69%)
UGF reduction: 0.0478 (50.4%)
Constraint satisfied: True
GA Optimizer | Model:NCF | Dataset:dataset\5Health-rand | Group:max_0.05 | K=10 | Fairness_metric=f1
GA Parameters | Pop:10 | Gen:1000 | Mut:0.3504 | Cross:0.7262
Adaptive Penalty | beta1:2.43 | beta2:1.88 | k:6
Before optimization overall scores           : ndcg@10=0.3355 f1@10=0.1220
Before optimization group 1 (active) scores  : ndcg@10=0.4651 f1@10=0.2112
Before optimization group 2 (inactive) scores: ndcg@10=0.3274 f1@10=0.1165
Before optimization UGF (f1@10): 0.0948 (9.48%) | UGF (ndcg@10): 0.1377 (13.77%)
Epsilon: 0.0474
Early stop at generation 11: first feasible solution found
CPU time: 10.47 seconds
After optimization overall metric scores     : ndcg@10=0.3253 f1@10=0.1126
After optimization group 1 (active) scores   : ndcg@10=0.3831 f1@10=0.1523
After optimization group 2 (inactive) scores : ndcg@10=0.3217 f1@10=0.1101
After optimization UGF (f1@10): 0.0421 (4.21%) | UGF (ndcg@10): 0.0615 (6.15%)
UGF reduction: 0.0526 (55.5%)
Constraint satisfied: True
GA Optimizer | Model:NCF | Dataset:dataset\5Health-rand | Group:max_0.05 | K=10 | Fairness_metric=f1
GA Parameters | Pop:10 | Gen:1000 | Mut:0.3504 | Cross:0.7262
Adaptive Penalty | beta1:2.43 | beta2:1.88 | k:6
Before optimization overall scores           : ndcg@10=0.3355 f1@10=0.1220
Before optimization group 1 (active) scores  : ndcg@10=0.4651 f1@10=0.2112
Before optimization group 2 (inactive) scores: ndcg@10=0.3274 f1@10=0.1165
Before optimization UGF (f1@10): 0.0948 (9.48%) | UGF (ndcg@10): 0.1377 (13.77%)
Epsilon: 0.0474
Early stop at generation 10: first feasible solution found
CPU time: 9.48 seconds
After optimization overall metric scores     : ndcg@10=0.3274 f1@10=0.1135
After optimization group 1 (active) scores   : ndcg@10=0.3995 f1@10=0.1578
After optimization group 2 (inactive) scores : ndcg@10=0.3229 f1@10=0.1107
After optimization UGF (f1@10): 0.0471 (4.71%) | UGF (ndcg@10): 0.0766 (7.66%)
UGF reduction: 0.0477 (50.3%)
Constraint satisfied: True
GA Optimizer | Model:NCF | Dataset:dataset\5Health-rand | Group:max_0.05 | K=10 | Fairness_metric=f1
GA Parameters | Pop:10 | Gen:1000 | Mut:0.3504 | Cross:0.7262
Adaptive Penalty | beta1:2.43 | beta2:1.88 | k:6
Before optimization overall scores           : ndcg@10=0.3355 f1@10=0.1220
Before optimization group 1 (active) scores  : ndcg@10=0.4651 f1@10=0.2112
Before optimization group 2 (inactive) scores: ndcg@10=0.3274 f1@10=0.1165
Before optimization UGF (f1@10): 0.0948 (9.48%) | UGF (ndcg@10): 0.1377 (13.77%)
Epsilon: 0.0474
Early stop at generation 11: first feasible solution found
CPU time: 10.81 seconds
After optimization overall metric scores     : ndcg@10=0.3251 f1@10=0.1124
After optimization group 1 (active) scores   : ndcg@10=0.3868 f1@10=0.1534
After optimization group 2 (inactive) scores : ndcg@10=0.3213 f1@10=0.1098
After optimization UGF (f1@10): 0.0436 (4.36%) | UGF (ndcg@10): 0.0655 (6.55%)
UGF reduction: 0.0512 (54.0%)
Constraint satisfied: True
GA Optimizer | Model:NCF | Dataset:dataset\5Health-rand | Group:max_0.05 | K=10 | Fairness_metric=f1
GA Parameters | Pop:10 | Gen:1000 | Mut:0.3504 | Cross:0.7262
Adaptive Penalty | beta1:2.43 | beta2:1.88 | k:6
Before optimization overall scores           : ndcg@10=0.3355 f1@10=0.1220
Before optimization group 1 (active) scores  : ndcg@10=0.4651 f1@10=0.2112
Before optimization group 2 (inactive) scores: ndcg@10=0.3274 f1@10=0.1165
Before optimization UGF (f1@10): 0.0948 (9.48%) | UGF (ndcg@10): 0.1377 (13.77%)
Epsilon: 0.0474
Early stop at generation 11: first feasible solution found
CPU time: 10.37 seconds
After optimization overall metric scores     : ndcg@10=0.3266 f1@10=0.1129
After optimization group 1 (active) scores   : ndcg@10=0.3959 f1@10=0.1530
After optimization group 2 (inactive) scores : ndcg@10=0.3223 f1@10=0.1104
After optimization UGF (f1@10): 0.0427 (4.27%) | UGF (ndcg@10): 0.0736 (7.36%)
UGF reduction: 0.0521 (55.0%)
Constraint satisfied: True
GA Optimizer | Model:NCF | Dataset:dataset\5Health-rand | Group:max_0.05 | K=10 | Fairness_metric=f1
GA Parameters | Pop:10 | Gen:1000 | Mut:0.3504 | Cross:0.7262
Adaptive Penalty | beta1:2.43 | beta2:1.88 | k:6
Before optimization overall scores           : ndcg@10=0.3355 f1@10=0.1220
Before optimization group 1 (active) scores  : ndcg@10=0.4651 f1@10=0.2112
Before optimization group 2 (inactive) scores: ndcg@10=0.3274 f1@10=0.1165
Before optimization UGF (f1@10): 0.0948 (9.48%) | UGF (ndcg@10): 0.1377 (13.77%)
Epsilon: 0.0474
Early stop at generation 10: first feasible solution found
CPU time: 9.64 seconds
After optimization overall metric scores     : ndcg@10=0.3277 f1@10=0.1143
After optimization group 1 (active) scores   : ndcg@10=0.4036 f1@10=0.1575
After optimization group 2 (inactive) scores : ndcg@10=0.3230 f1@10=0.1116
After optimization UGF (f1@10): 0.0459 (4.59%) | UGF (ndcg@10): 0.0806 (8.06%)
UGF reduction: 0.0489 (51.6%)
Constraint satisfied: True
GA Optimizer | Model:NCF | Dataset:dataset\5Health-rand | Group:max_0.05 | K=10 | Fairness_metric=f1
GA Parameters | Pop:10 | Gen:1000 | Mut:0.3504 | Cross:0.7262
Adaptive Penalty | beta1:2.43 | beta2:1.88 | k:6
Before optimization overall scores           : ndcg@10=0.3355 f1@10=0.1220
Before optimization group 1 (active) scores  : ndcg@10=0.4651 f1@10=0.2112
Before optimization group 2 (inactive) scores: ndcg@10=0.3274 f1@10=0.1165
Before optimization UGF (f1@10): 0.0948 (9.48%) | UGF (ndcg@10): 0.1377 (13.77%)
Epsilon: 0.0474
Early stop at generation 10: first feasible solution found
CPU time: 9.84 seconds
After optimization overall metric scores     : ndcg@10=0.3273 f1@10=0.1138
After optimization group 1 (active) scores   : ndcg@10=0.3927 f1@10=0.1573
After optimization group 2 (inactive) scores : ndcg@10=0.3232 f1@10=0.1111
After optimization UGF (f1@10): 0.0462 (4.62%) | UGF (ndcg@10): 0.0695 (6.95%)
UGF reduction: 0.0486 (51.3%)
Constraint satisfied: True
GA Optimizer | Model:NCF | Dataset:dataset\5Health-rand | Group:max_0.05 | K=10 | Fairness_metric=f1
GA Parameters | Pop:10 | Gen:1000 | Mut:0.3504 | Cross:0.7262
Adaptive Penalty | beta1:2.43 | beta2:1.88 | k:6
Before optimization overall scores           : ndcg@10=0.3355 f1@10=0.1220
Before optimization group 1 (active) scores  : ndcg@10=0.4651 f1@10=0.2112
Before optimization group 2 (inactive) scores: ndcg@10=0.3274 f1@10=0.1165
Before optimization UGF (f1@10): 0.0948 (9.48%) | UGF (ndcg@10): 0.1377 (13.77%)
Epsilon: 0.0474
Early stop at generation 10: first feasible solution found
CPU time: 9.68 seconds
After optimization overall metric scores     : ndcg@10=0.3272 f1@10=0.1139
After optimization group 1 (active) scores   : ndcg@10=0.3995 f1@10=0.1580
After optimization group 2 (inactive) scores : ndcg@10=0.3227 f1@10=0.1111
After optimization UGF (f1@10): 0.0469 (4.69%) | UGF (ndcg@10): 0.0768 (7.68%)
UGF reduction: 0.0479 (50.5%)
Constraint satisfied: True
GA Optimizer | Model:NCF | Dataset:dataset\5Health-rand | Group:max_0.05 | K=10 | Fairness_metric=f1
GA Parameters | Pop:10 | Gen:1000 | Mut:0.3504 | Cross:0.7262
Adaptive Penalty | beta1:2.43 | beta2:1.88 | k:6
Before optimization overall scores           : ndcg@10=0.3355 f1@10=0.1220
Before optimization group 1 (active) scores  : ndcg@10=0.4651 f1@10=0.2112
Before optimization group 2 (inactive) scores: ndcg@10=0.3274 f1@10=0.1165
Before optimization UGF (f1@10): 0.0948 (9.48%) | UGF (ndcg@10): 0.1377 (13.77%)
Epsilon: 0.0474
Early stop at generation 11: first feasible solution found
CPU time: 10.69 seconds
After optimization overall metric scores     : ndcg@10=0.3265 f1@10=0.1131
After optimization group 1 (active) scores   : ndcg@10=0.3926 f1@10=0.1524
After optimization group 2 (inactive) scores : ndcg@10=0.3224 f1@10=0.1107
After optimization UGF (f1@10): 0.0417 (4.17%) | UGF (ndcg@10): 0.0703 (7.03%)
UGF reduction: 0.0531 (56.0%)
Constraint satisfied: True
GA Optimizer | Model:NCF | Dataset:dataset\5Health-rand | Group:max_0.05 | K=10 | Fairness_metric=f1
GA Parameters | Pop:10 | Gen:1000 | Mut:0.3504 | Cross:0.7262
Adaptive Penalty | beta1:2.43 | beta2:1.88 | k:6
Before optimization overall scores           : ndcg@10=0.3355 f1@10=0.1220
Before optimization group 1 (active) scores  : ndcg@10=0.4651 f1@10=0.2112
Before optimization group 2 (inactive) scores: ndcg@10=0.3274 f1@10=0.1165
Before optimization UGF (f1@10): 0.0948 (9.48%) | UGF (ndcg@10): 0.1377 (13.77%)
Epsilon: 0.0474
Early stop at generation 10: first feasible solution found
CPU time: 9.71 seconds
After optimization overall metric scores     : ndcg@10=0.3277 f1@10=0.1135
After optimization group 1 (active) scores   : ndcg@10=0.4109 f1@10=0.1581
After optimization group 2 (inactive) scores : ndcg@10=0.3226 f1@10=0.1108
After optimization UGF (f1@10): 0.0473 (4.73%) | UGF (ndcg@10): 0.0884 (8.84%)
UGF reduction: 0.0475 (50.1%)
Constraint satisfied: True
GA Optimizer | Model:NCF | Dataset:dataset\5Health-rand | Group:max_0.05 | K=10 | Fairness_metric=f1
GA Parameters | Pop:10 | Gen:1000 | Mut:0.3504 | Cross:0.7262
Adaptive Penalty | beta1:2.43 | beta2:1.88 | k:6
Before optimization overall scores           : ndcg@10=0.3355 f1@10=0.1220
Before optimization group 1 (active) scores  : ndcg@10=0.4651 f1@10=0.2112
Before optimization group 2 (inactive) scores: ndcg@10=0.3274 f1@10=0.1165
Before optimization UGF (f1@10): 0.0948 (9.48%) | UGF (ndcg@10): 0.1377 (13.77%)
Epsilon: 0.0474
Early stop at generation 11: first feasible solution found
CPU time: 10.59 seconds
After optimization overall metric scores     : ndcg@10=0.3258 f1@10=0.1127
After optimization group 1 (active) scores   : ndcg@10=0.3855 f1@10=0.1496
After optimization group 2 (inactive) scores : ndcg@10=0.3221 f1@10=0.1104
After optimization UGF (f1@10): 0.0392 (3.92%) | UGF (ndcg@10): 0.0635 (6.35%)
UGF reduction: 0.0556 (58.6%)
Constraint satisfied: True
GA Optimizer | Model:NCF | Dataset:dataset\5Health-rand | Group:max_0.05 | K=10 | Fairness_metric=f1
GA Parameters | Pop:10 | Gen:1000 | Mut:0.3504 | Cross:0.7262
Adaptive Penalty | beta1:2.43 | beta2:1.88 | k:6
Before optimization overall scores           : ndcg@10=0.3355 f1@10=0.1220
Before optimization group 1 (active) scores  : ndcg@10=0.4651 f1@10=0.2112
Before optimization group 2 (inactive) scores: ndcg@10=0.3274 f1@10=0.1165
Before optimization UGF (f1@10): 0.0948 (9.48%) | UGF (ndcg@10): 0.1377 (13.77%)
Epsilon: 0.0474
Early stop at generation 11: first feasible solution found
CPU time: 10.81 seconds
After optimization overall metric scores     : ndcg@10=0.3256 f1@10=0.1123
After optimization group 1 (active) scores   : ndcg@10=0.3954 f1@10=0.1528
After optimization group 2 (inactive) scores : ndcg@10=0.3212 f1@10=0.1098
After optimization UGF (f1@10): 0.0430 (4.30%) | UGF (ndcg@10): 0.0741 (7.41%)
UGF reduction: 0.0517 (54.6%)
Constraint satisfied: True
GA Optimizer | Model:NCF | Dataset:dataset\5Health-rand | Group:max_0.05 | K=10 | Fairness_metric=f1
GA Parameters | Pop:10 | Gen:1000 | Mut:0.3504 | Cross:0.7262
Adaptive Penalty | beta1:2.43 | beta2:1.88 | k:6
Before optimization overall scores           : ndcg@10=0.3355 f1@10=0.1220
Before optimization group 1 (active) scores  : ndcg@10=0.4651 f1@10=0.2112
Before optimization group 2 (inactive) scores: ndcg@10=0.3274 f1@10=0.1165
Before optimization UGF (f1@10): 0.0948 (9.48%) | UGF (ndcg@10): 0.1377 (13.77%)
Epsilon: 0.0474
Early stop at generation 11: first feasible solution found
CPU time: 10.53 seconds
After optimization overall metric scores     : ndcg@10=0.3265 f1@10=0.1126
After optimization group 1 (active) scores   : ndcg@10=0.3959 f1@10=0.1507
After optimization group 2 (inactive) scores : ndcg@10=0.3222 f1@10=0.1102
After optimization UGF (f1@10): 0.0405 (4.05%) | UGF (ndcg@10): 0.0737 (7.37%)
UGF reduction: 0.0543 (57.2%)
Constraint satisfied: True
