GA Optimizer | Model:NCF | Dataset:dataset\5Beauty-rand | Group:max_0.05 | K=10 | Fairness_metric=f1
GA Parameters | Pop:10 | Gen:1000 | Mut:0.3504 | Cross:0.7262
Adaptive Penalty | beta1:2.43 | beta2:1.88 | k:6
Before optimization overall scores           : ndcg@10=0.3513 f1@10=0.1244
Before optimization group 1 (active) scores  : ndcg@10=0.4692 f1@10=0.2036
Before optimization group 2 (inactive) scores: ndcg@10=0.3443 f1@10=0.1197
Before optimization UGF (f1@10): 0.0839 (8.39%) | UGF (ndcg@10): 0.1249 (12.49%)
Epsilon: 0.0419
Early stop at generation 10: first feasible solution found
CPU time: 5.74 seconds
After optimization overall metric scores     : ndcg@10=0.3434 f1@10=0.1167
After optimization group 1 (active) scores   : ndcg@10=0.4007 f1@10=0.1492
After optimization group 2 (inactive) scores : ndcg@10=0.3400 f1@10=0.1148
After optimization UGF (f1@10): 0.0345 (3.45%) | UGF (ndcg@10): 0.0607 (6.07%)
UGF reduction: 0.0494 (58.9%)
Constraint satisfied: True
GA Optimizer | Model:NCF | Dataset:dataset\5Beauty-rand | Group:max_0.05 | K=10 | Fairness_metric=f1
GA Parameters | Pop:10 | Gen:1000 | Mut:0.3504 | Cross:0.7262
Adaptive Penalty | beta1:2.43 | beta2:1.88 | k:6
Before optimization overall scores           : ndcg@10=0.3513 f1@10=0.1244
Before optimization group 1 (active) scores  : ndcg@10=0.4692 f1@10=0.2036
Before optimization group 2 (inactive) scores: ndcg@10=0.3443 f1@10=0.1197
Before optimization UGF (f1@10): 0.0839 (8.39%) | UGF (ndcg@10): 0.1249 (12.49%)
Epsilon: 0.0419
Early stop at generation 9: first feasible solution found
CPU time: 4.96 seconds
After optimization overall metric scores     : ndcg@10=0.3438 f1@10=0.1178
After optimization group 1 (active) scores   : ndcg@10=0.4045 f1@10=0.1564
After optimization group 2 (inactive) scores : ndcg@10=0.3403 f1@10=0.1155
After optimization UGF (f1@10): 0.0409 (4.09%) | UGF (ndcg@10): 0.0643 (6.43%)
UGF reduction: 0.0430 (51.2%)
Constraint satisfied: True
GA Optimizer | Model:NCF | Dataset:dataset\5Beauty-rand | Group:max_0.05 | K=10 | Fairness_metric=f1
GA Parameters | Pop:10 | Gen:1000 | Mut:0.3504 | Cross:0.7262
Adaptive Penalty | beta1:2.43 | beta2:1.88 | k:6
Before optimization overall scores           : ndcg@10=0.3513 f1@10=0.1244
Before optimization group 1 (active) scores  : ndcg@10=0.4692 f1@10=0.2036
Before optimization group 2 (inactive) scores: ndcg@10=0.3443 f1@10=0.1197
Before optimization UGF (f1@10): 0.0839 (8.39%) | UGF (ndcg@10): 0.1249 (12.49%)
Epsilon: 0.0419
Early stop at generation 9: first feasible solution found
CPU time: 4.98 seconds
After optimization overall metric scores     : ndcg@10=0.3441 f1@10=0.1170
After optimization group 1 (active) scores   : ndcg@10=0.4154 f1@10=0.1566
After optimization group 2 (inactive) scores : ndcg@10=0.3399 f1@10=0.1147
After optimization UGF (f1@10): 0.0419 (4.19%) | UGF (ndcg@10): 0.0755 (7.55%)
UGF reduction: 0.0420 (50.0%)
Constraint satisfied: True
GA Optimizer | Model:NCF | Dataset:dataset\5Beauty-rand | Group:max_0.05 | K=10 | Fairness_metric=f1
GA Parameters | Pop:10 | Gen:1000 | Mut:0.3504 | Cross:0.7262
Adaptive Penalty | beta1:2.43 | beta2:1.88 | k:6
Before optimization overall scores           : ndcg@10=0.3513 f1@10=0.1244
Before optimization group 1 (active) scores  : ndcg@10=0.4692 f1@10=0.2036
Before optimization group 2 (inactive) scores: ndcg@10=0.3443 f1@10=0.1197
Before optimization UGF (f1@10): 0.0839 (8.39%) | UGF (ndcg@10): 0.1249 (12.49%)
Epsilon: 0.0419
Early stop at generation 9: first feasible solution found
CPU time: 4.99 seconds
After optimization overall metric scores     : ndcg@10=0.3442 f1@10=0.1178
After optimization group 1 (active) scores   : ndcg@10=0.4119 f1@10=0.1573
After optimization group 2 (inactive) scores : ndcg@10=0.3402 f1@10=0.1155
After optimization UGF (f1@10): 0.0418 (4.18%) | UGF (ndcg@10): 0.0718 (7.18%)
UGF reduction: 0.0421 (50.1%)
Constraint satisfied: True
GA Optimizer | Model:NCF | Dataset:dataset\5Beauty-rand | Group:max_0.05 | K=10 | Fairness_metric=f1
GA Parameters | Pop:10 | Gen:1000 | Mut:0.3504 | Cross:0.7262
Adaptive Penalty | beta1:2.43 | beta2:1.88 | k:6
Before optimization overall scores           : ndcg@10=0.3513 f1@10=0.1244
Before optimization group 1 (active) scores  : ndcg@10=0.4692 f1@10=0.2036
Before optimization group 2 (inactive) scores: ndcg@10=0.3443 f1@10=0.1197
Before optimization UGF (f1@10): 0.0839 (8.39%) | UGF (ndcg@10): 0.1249 (12.49%)
Epsilon: 0.0419
Early stop at generation 10: first feasible solution found
CPU time: 5.50 seconds
After optimization overall metric scores     : ndcg@10=0.3439 f1@10=0.1168
After optimization group 1 (active) scores   : ndcg@10=0.4042 f1@10=0.1515
After optimization group 2 (inactive) scores : ndcg@10=0.3403 f1@10=0.1148
After optimization UGF (f1@10): 0.0368 (3.68%) | UGF (ndcg@10): 0.0639 (6.39%)
UGF reduction: 0.0471 (56.1%)
Constraint satisfied: True
GA Optimizer | Model:NCF | Dataset:dataset\5Beauty-rand | Group:max_0.05 | K=10 | Fairness_metric=f1
GA Parameters | Pop:10 | Gen:1000 | Mut:0.3504 | Cross:0.7262
Adaptive Penalty | beta1:2.43 | beta2:1.88 | k:6
Before optimization overall scores           : ndcg@10=0.3513 f1@10=0.1244
Before optimization group 1 (active) scores  : ndcg@10=0.4692 f1@10=0.2036
Before optimization group 2 (inactive) scores: ndcg@10=0.3443 f1@10=0.1197
Before optimization UGF (f1@10): 0.0839 (8.39%) | UGF (ndcg@10): 0.1249 (12.49%)
Epsilon: 0.0419
Early stop at generation 9: first feasible solution found
CPU time: 4.95 seconds
After optimization overall metric scores     : ndcg@10=0.3456 f1@10=0.1182
After optimization group 1 (active) scores   : ndcg@10=0.4124 f1@10=0.1574
After optimization group 2 (inactive) scores : ndcg@10=0.3417 f1@10=0.1159
After optimization UGF (f1@10): 0.0414 (4.14%) | UGF (ndcg@10): 0.0707 (7.07%)
UGF reduction: 0.0424 (50.6%)
Constraint satisfied: True
GA Optimizer | Model:NCF | Dataset:dataset\5Beauty-rand | Group:max_0.05 | K=10 | Fairness_metric=f1
GA Parameters | Pop:10 | Gen:1000 | Mut:0.3504 | Cross:0.7262
Adaptive Penalty | beta1:2.43 | beta2:1.88 | k:6
Before optimization overall scores           : ndcg@10=0.3513 f1@10=0.1244
Before optimization group 1 (active) scores  : ndcg@10=0.4692 f1@10=0.2036
Before optimization group 2 (inactive) scores: ndcg@10=0.3443 f1@10=0.1197
Before optimization UGF (f1@10): 0.0839 (8.39%) | UGF (ndcg@10): 0.1249 (12.49%)
Epsilon: 0.0419
Early stop at generation 9: first feasible solution found
CPU time: 4.95 seconds
After optimization overall metric scores     : ndcg@10=0.3445 f1@10=0.1176
After optimization group 1 (active) scores   : ndcg@10=0.4075 f1@10=0.1549
After optimization group 2 (inactive) scores : ndcg@10=0.3408 f1@10=0.1154
After optimization UGF (f1@10): 0.0395 (3.95%) | UGF (ndcg@10): 0.0667 (6.67%)
UGF reduction: 0.0443 (52.9%)
Constraint satisfied: True
GA Optimizer | Model:NCF | Dataset:dataset\5Beauty-rand | Group:max_0.05 | K=10 | Fairness_metric=f1
GA Parameters | Pop:10 | Gen:1000 | Mut:0.3504 | Cross:0.7262
Adaptive Penalty | beta1:2.43 | beta2:1.88 | k:6
Before optimization overall scores           : ndcg@10=0.3513 f1@10=0.1244
Before optimization group 1 (active) scores  : ndcg@10=0.4692 f1@10=0.2036
Before optimization group 2 (inactive) scores: ndcg@10=0.3443 f1@10=0.1197
Before optimization UGF (f1@10): 0.0839 (8.39%) | UGF (ndcg@10): 0.1249 (12.49%)
Epsilon: 0.0419
Early stop at generation 10: first feasible solution found
CPU time: 5.50 seconds
After optimization overall metric scores     : ndcg@10=0.3427 f1@10=0.1161
After optimization group 1 (active) scores   : ndcg@10=0.4015 f1@10=0.1519
After optimization group 2 (inactive) scores : ndcg@10=0.3392 f1@10=0.1140
After optimization UGF (f1@10): 0.0379 (3.79%) | UGF (ndcg@10): 0.0623 (6.23%)
UGF reduction: 0.0460 (54.8%)
Constraint satisfied: True
GA Optimizer | Model:NCF | Dataset:dataset\5Beauty-rand | Group:max_0.05 | K=10 | Fairness_metric=f1
GA Parameters | Pop:10 | Gen:1000 | Mut:0.3504 | Cross:0.7262
Adaptive Penalty | beta1:2.43 | beta2:1.88 | k:6
Before optimization overall scores           : ndcg@10=0.3513 f1@10=0.1244
Before optimization group 1 (active) scores  : ndcg@10=0.4692 f1@10=0.2036
Before optimization group 2 (inactive) scores: ndcg@10=0.3443 f1@10=0.1197
Before optimization UGF (f1@10): 0.0839 (8.39%) | UGF (ndcg@10): 0.1249 (12.49%)
Epsilon: 0.0419
Early stop at generation 9: first feasible solution found
CPU time: 4.93 seconds
After optimization overall metric scores     : ndcg@10=0.3451 f1@10=0.1180
After optimization group 1 (active) scores   : ndcg@10=0.4142 f1@10=0.1569
After optimization group 2 (inactive) scores : ndcg@10=0.3410 f1@10=0.1157
After optimization UGF (f1@10): 0.0412 (4.12%) | UGF (ndcg@10): 0.0732 (7.32%)
UGF reduction: 0.0426 (50.8%)
Constraint satisfied: True
GA Optimizer | Model:NCF | Dataset:dataset\5Beauty-rand | Group:max_0.05 | K=10 | Fairness_metric=f1
GA Parameters | Pop:10 | Gen:1000 | Mut:0.3504 | Cross:0.7262
Adaptive Penalty | beta1:2.43 | beta2:1.88 | k:6
Before optimization overall scores           : ndcg@10=0.3513 f1@10=0.1244
Before optimization group 1 (active) scores  : ndcg@10=0.4692 f1@10=0.2036
Before optimization group 2 (inactive) scores: ndcg@10=0.3443 f1@10=0.1197
Before optimization UGF (f1@10): 0.0839 (8.39%) | UGF (ndcg@10): 0.1249 (12.49%)
Epsilon: 0.0419
Early stop at generation 9: first feasible solution found
CPU time: 5.02 seconds
After optimization overall metric scores     : ndcg@10=0.3454 f1@10=0.1186
After optimization group 1 (active) scores   : ndcg@10=0.4102 f1@10=0.1574
After optimization group 2 (inactive) scores : ndcg@10=0.3415 f1@10=0.1163
After optimization UGF (f1@10): 0.0410 (4.10%) | UGF (ndcg@10): 0.0686 (6.86%)
UGF reduction: 0.0428 (51.1%)
Constraint satisfied: True
GA Optimizer | Model:NCF | Dataset:dataset\5Beauty-rand | Group:max_0.05 | K=10 | Fairness_metric=f1
GA Parameters | Pop:10 | Gen:1000 | Mut:0.3504 | Cross:0.7262
Adaptive Penalty | beta1:2.43 | beta2:1.88 | k:6
Before optimization overall scores           : ndcg@10=0.3513 f1@10=0.1244
Before optimization group 1 (active) scores  : ndcg@10=0.4692 f1@10=0.2036
Before optimization group 2 (inactive) scores: ndcg@10=0.3443 f1@10=0.1197
Before optimization UGF (f1@10): 0.0839 (8.39%) | UGF (ndcg@10): 0.1249 (12.49%)
Epsilon: 0.0419
Early stop at generation 9: first feasible solution found
CPU time: 4.94 seconds
After optimization overall metric scores     : ndcg@10=0.3444 f1@10=0.1176
After optimization group 1 (active) scores   : ndcg@10=0.4059 f1@10=0.1562
After optimization group 2 (inactive) scores : ndcg@10=0.3408 f1@10=0.1153
After optimization UGF (f1@10): 0.0409 (4.09%) | UGF (ndcg@10): 0.0651 (6.51%)
UGF reduction: 0.0430 (51.3%)
Constraint satisfied: True
GA Optimizer | Model:NCF | Dataset:dataset\5Beauty-rand | Group:max_0.05 | K=10 | Fairness_metric=f1
GA Parameters | Pop:10 | Gen:1000 | Mut:0.3504 | Cross:0.7262
Adaptive Penalty | beta1:2.43 | beta2:1.88 | k:6
Before optimization overall scores           : ndcg@10=0.3513 f1@10=0.1244
Before optimization group 1 (active) scores  : ndcg@10=0.4692 f1@10=0.2036
Before optimization group 2 (inactive) scores: ndcg@10=0.3443 f1@10=0.1197
Before optimization UGF (f1@10): 0.0839 (8.39%) | UGF (ndcg@10): 0.1249 (12.49%)
Epsilon: 0.0419
Early stop at generation 10: first feasible solution found
CPU time: 5.53 seconds
After optimization overall metric scores     : ndcg@10=0.3447 f1@10=0.1170
After optimization group 1 (active) scores   : ndcg@10=0.4072 f1@10=0.1519
After optimization group 2 (inactive) scores : ndcg@10=0.3410 f1@10=0.1150
After optimization UGF (f1@10): 0.0369 (3.69%) | UGF (ndcg@10): 0.0662 (6.62%)
UGF reduction: 0.0469 (56.0%)
Constraint satisfied: True
GA Optimizer | Model:NCF | Dataset:dataset\5Beauty-rand | Group:max_0.05 | K=10 | Fairness_metric=f1
GA Parameters | Pop:10 | Gen:1000 | Mut:0.3504 | Cross:0.7262
Adaptive Penalty | beta1:2.43 | beta2:1.88 | k:6
Before optimization overall scores           : ndcg@10=0.3513 f1@10=0.1244
Before optimization group 1 (active) scores  : ndcg@10=0.4692 f1@10=0.2036
Before optimization group 2 (inactive) scores: ndcg@10=0.3443 f1@10=0.1197
Before optimization UGF (f1@10): 0.0839 (8.39%) | UGF (ndcg@10): 0.1249 (12.49%)
Epsilon: 0.0419
Early stop at generation 10: first feasible solution found
CPU time: 5.50 seconds
After optimization overall metric scores     : ndcg@10=0.3440 f1@10=0.1169
After optimization group 1 (active) scores   : ndcg@10=0.4139 f1@10=0.1514
After optimization group 2 (inactive) scores : ndcg@10=0.3398 f1@10=0.1149
After optimization UGF (f1@10): 0.0365 (3.65%) | UGF (ndcg@10): 0.0740 (7.40%)
UGF reduction: 0.0474 (56.5%)
Constraint satisfied: True
GA Optimizer | Model:NCF | Dataset:dataset\5Beauty-rand | Group:max_0.05 | K=10 | Fairness_metric=f1
GA Parameters | Pop:10 | Gen:1000 | Mut:0.3504 | Cross:0.7262
Adaptive Penalty | beta1:2.43 | beta2:1.88 | k:6
Before optimization overall scores           : ndcg@10=0.3513 f1@10=0.1244
Before optimization group 1 (active) scores  : ndcg@10=0.4692 f1@10=0.2036
Before optimization group 2 (inactive) scores: ndcg@10=0.3443 f1@10=0.1197
Before optimization UGF (f1@10): 0.0839 (8.39%) | UGF (ndcg@10): 0.1249 (12.49%)
Epsilon: 0.0419
Early stop at generation 9: first feasible solution found
CPU time: 4.95 seconds
After optimization overall metric scores     : ndcg@10=0.3451 f1@10=0.1178
After optimization group 1 (active) scores   : ndcg@10=0.4104 f1@10=0.1546
After optimization group 2 (inactive) scores : ndcg@10=0.3412 f1@10=0.1156
After optimization UGF (f1@10): 0.0390 (3.90%) | UGF (ndcg@10): 0.0692 (6.92%)
UGF reduction: 0.0448 (53.5%)
Constraint satisfied: True
GA Optimizer | Model:NCF | Dataset:dataset\5Beauty-rand | Group:max_0.05 | K=10 | Fairness_metric=f1
GA Parameters | Pop:10 | Gen:1000 | Mut:0.3504 | Cross:0.7262
Adaptive Penalty | beta1:2.43 | beta2:1.88 | k:6
Before optimization overall scores           : ndcg@10=0.3513 f1@10=0.1244
Before optimization group 1 (active) scores  : ndcg@10=0.4692 f1@10=0.2036
Before optimization group 2 (inactive) scores: ndcg@10=0.3443 f1@10=0.1197
Before optimization UGF (f1@10): 0.0839 (8.39%) | UGF (ndcg@10): 0.1249 (12.49%)
Epsilon: 0.0419
Early stop at generation 9: first feasible solution found
CPU time: 4.98 seconds
After optimization overall metric scores     : ndcg@10=0.3452 f1@10=0.1180
After optimization group 1 (active) scores   : ndcg@10=0.4132 f1@10=0.1574
After optimization group 2 (inactive) scores : ndcg@10=0.3412 f1@10=0.1156
After optimization UGF (f1@10): 0.0418 (4.18%) | UGF (ndcg@10): 0.0720 (7.20%)
UGF reduction: 0.0421 (50.1%)
Constraint satisfied: True
GA Optimizer | Model:NCF | Dataset:dataset\5Beauty-rand | Group:max_0.05 | K=10 | Fairness_metric=f1
GA Parameters | Pop:10 | Gen:1000 | Mut:0.3504 | Cross:0.7262
Adaptive Penalty | beta1:2.43 | beta2:1.88 | k:6
Before optimization overall scores           : ndcg@10=0.3513 f1@10=0.1244
Before optimization group 1 (active) scores  : ndcg@10=0.4692 f1@10=0.2036
Before optimization group 2 (inactive) scores: ndcg@10=0.3443 f1@10=0.1197
Before optimization UGF (f1@10): 0.0839 (8.39%) | UGF (ndcg@10): 0.1249 (12.49%)
Epsilon: 0.0419
Early stop at generation 9: first feasible solution found
CPU time: 4.97 seconds
After optimization overall metric scores     : ndcg@10=0.3448 f1@10=0.1175
After optimization group 1 (active) scores   : ndcg@10=0.4135 f1@10=0.1554
After optimization group 2 (inactive) scores : ndcg@10=0.3407 f1@10=0.1153
After optimization UGF (f1@10): 0.0401 (4.01%) | UGF (ndcg@10): 0.0728 (7.28%)
UGF reduction: 0.0437 (52.2%)
Constraint satisfied: True
GA Optimizer | Model:NCF | Dataset:dataset\5Beauty-rand | Group:max_0.05 | K=10 | Fairness_metric=f1
GA Parameters | Pop:10 | Gen:1000 | Mut:0.3504 | Cross:0.7262
Adaptive Penalty | beta1:2.43 | beta2:1.88 | k:6
Before optimization overall scores           : ndcg@10=0.3513 f1@10=0.1244
Before optimization group 1 (active) scores  : ndcg@10=0.4692 f1@10=0.2036
Before optimization group 2 (inactive) scores: ndcg@10=0.3443 f1@10=0.1197
Before optimization UGF (f1@10): 0.0839 (8.39%) | UGF (ndcg@10): 0.1249 (12.49%)
Epsilon: 0.0419
Early stop at generation 9: first feasible solution found
CPU time: 4.95 seconds
After optimization overall metric scores     : ndcg@10=0.3457 f1@10=0.1183
After optimization group 1 (active) scores   : ndcg@10=0.4146 f1@10=0.1577
After optimization group 2 (inactive) scores : ndcg@10=0.3416 f1@10=0.1160
After optimization UGF (f1@10): 0.0418 (4.18%) | UGF (ndcg@10): 0.0730 (7.30%)
UGF reduction: 0.0421 (50.2%)
Constraint satisfied: True
GA Optimizer | Model:NCF | Dataset:dataset\5Beauty-rand | Group:max_0.05 | K=10 | Fairness_metric=f1
GA Parameters | Pop:10 | Gen:1000 | Mut:0.3504 | Cross:0.7262
Adaptive Penalty | beta1:2.43 | beta2:1.88 | k:6
Before optimization overall scores           : ndcg@10=0.3513 f1@10=0.1244
Before optimization group 1 (active) scores  : ndcg@10=0.4692 f1@10=0.2036
Before optimization group 2 (inactive) scores: ndcg@10=0.3443 f1@10=0.1197
Before optimization UGF (f1@10): 0.0839 (8.39%) | UGF (ndcg@10): 0.1249 (12.49%)
Epsilon: 0.0419
Early stop at generation 9: first feasible solution found
CPU time: 5.00 seconds
After optimization overall metric scores     : ndcg@10=0.3456 f1@10=0.1183
After optimization group 1 (active) scores   : ndcg@10=0.4161 f1@10=0.1576
After optimization group 2 (inactive) scores : ndcg@10=0.3415 f1@10=0.1160
After optimization UGF (f1@10): 0.0416 (4.16%) | UGF (ndcg@10): 0.0746 (7.46%)
UGF reduction: 0.0423 (50.4%)
Constraint satisfied: True
GA Optimizer | Model:NCF | Dataset:dataset\5Beauty-rand | Group:max_0.05 | K=10 | Fairness_metric=f1
GA Parameters | Pop:10 | Gen:1000 | Mut:0.3504 | Cross:0.7262
Adaptive Penalty | beta1:2.43 | beta2:1.88 | k:6
Before optimization overall scores           : ndcg@10=0.3513 f1@10=0.1244
Before optimization group 1 (active) scores  : ndcg@10=0.4692 f1@10=0.2036
Before optimization group 2 (inactive) scores: ndcg@10=0.3443 f1@10=0.1197
Before optimization UGF (f1@10): 0.0839 (8.39%) | UGF (ndcg@10): 0.1249 (12.49%)
Epsilon: 0.0419
Early stop at generation 10: first feasible solution found
CPU time: 5.50 seconds
After optimization overall metric scores     : ndcg@10=0.3439 f1@10=0.1167
After optimization group 1 (active) scores   : ndcg@10=0.4078 f1@10=0.1527
After optimization group 2 (inactive) scores : ndcg@10=0.3401 f1@10=0.1146
After optimization UGF (f1@10): 0.0381 (3.81%) | UGF (ndcg@10): 0.0677 (6.77%)
UGF reduction: 0.0457 (54.5%)
Constraint satisfied: True
GA Optimizer | Model:NCF | Dataset:dataset\5Beauty-rand | Group:max_0.05 | K=10 | Fairness_metric=f1
GA Parameters | Pop:10 | Gen:1000 | Mut:0.3504 | Cross:0.7262
Adaptive Penalty | beta1:2.43 | beta2:1.88 | k:6
Before optimization overall scores           : ndcg@10=0.3513 f1@10=0.1244
Before optimization group 1 (active) scores  : ndcg@10=0.4692 f1@10=0.2036
Before optimization group 2 (inactive) scores: ndcg@10=0.3443 f1@10=0.1197
Before optimization UGF (f1@10): 0.0839 (8.39%) | UGF (ndcg@10): 0.1249 (12.49%)
Epsilon: 0.0419
Early stop at generation 10: first feasible solution found
CPU time: 5.49 seconds
After optimization overall metric scores     : ndcg@10=0.3428 f1@10=0.1167
After optimization group 1 (active) scores   : ndcg@10=0.3917 f1@10=0.1479
After optimization group 2 (inactive) scores : ndcg@10=0.3399 f1@10=0.1148
After optimization UGF (f1@10): 0.0330 (3.30%) | UGF (ndcg@10): 0.0518 (5.18%)
UGF reduction: 0.0508 (60.6%)
Constraint satisfied: True
GA Optimizer | Model:NCF | Dataset:dataset\5Beauty-rand | Group:max_0.05 | K=10 | Fairness_metric=f1
GA Parameters | Pop:10 | Gen:1000 | Mut:0.3504 | Cross:0.7262
Adaptive Penalty | beta1:2.43 | beta2:1.88 | k:6
Before optimization overall scores           : ndcg@10=0.3513 f1@10=0.1244
Before optimization group 1 (active) scores  : ndcg@10=0.4692 f1@10=0.2036
Before optimization group 2 (inactive) scores: ndcg@10=0.3443 f1@10=0.1197
Before optimization UGF (f1@10): 0.0839 (8.39%) | UGF (ndcg@10): 0.1249 (12.49%)
Epsilon: 0.0419
Early stop at generation 9: first feasible solution found
CPU time: 4.92 seconds
After optimization overall metric scores     : ndcg@10=0.3435 f1@10=0.1173
After optimization group 1 (active) scores   : ndcg@10=0.4075 f1@10=0.1562
After optimization group 2 (inactive) scores : ndcg@10=0.3398 f1@10=0.1150
After optimization UGF (f1@10): 0.0411 (4.11%) | UGF (ndcg@10): 0.0677 (6.77%)
UGF reduction: 0.0428 (51.0%)
Constraint satisfied: True
GA Optimizer | Model:NCF | Dataset:dataset\5Beauty-rand | Group:max_0.05 | K=10 | Fairness_metric=f1
GA Parameters | Pop:10 | Gen:1000 | Mut:0.3504 | Cross:0.7262
Adaptive Penalty | beta1:2.43 | beta2:1.88 | k:6
Before optimization overall scores           : ndcg@10=0.3513 f1@10=0.1244
Before optimization group 1 (active) scores  : ndcg@10=0.4692 f1@10=0.2036
Before optimization group 2 (inactive) scores: ndcg@10=0.3443 f1@10=0.1197
Before optimization UGF (f1@10): 0.0839 (8.39%) | UGF (ndcg@10): 0.1249 (12.49%)
Epsilon: 0.0419
Early stop at generation 9: first feasible solution found
CPU time: 4.96 seconds
After optimization overall metric scores     : ndcg@10=0.3448 f1@10=0.1176
After optimization group 1 (active) scores   : ndcg@10=0.4177 f1@10=0.1565
After optimization group 2 (inactive) scores : ndcg@10=0.3404 f1@10=0.1153
After optimization UGF (f1@10): 0.0412 (4.12%) | UGF (ndcg@10): 0.0772 (7.72%)
UGF reduction: 0.0427 (50.9%)
Constraint satisfied: True
GA Optimizer | Model:NCF | Dataset:dataset\5Beauty-rand | Group:max_0.05 | K=10 | Fairness_metric=f1
GA Parameters | Pop:10 | Gen:1000 | Mut:0.3504 | Cross:0.7262
Adaptive Penalty | beta1:2.43 | beta2:1.88 | k:6
Before optimization overall scores           : ndcg@10=0.3513 f1@10=0.1244
Before optimization group 1 (active) scores  : ndcg@10=0.4692 f1@10=0.2036
Before optimization group 2 (inactive) scores: ndcg@10=0.3443 f1@10=0.1197
Before optimization UGF (f1@10): 0.0839 (8.39%) | UGF (ndcg@10): 0.1249 (12.49%)
Epsilon: 0.0419
Early stop at generation 10: first feasible solution found
CPU time: 5.54 seconds
After optimization overall metric scores     : ndcg@10=0.3428 f1@10=0.1166
After optimization group 1 (active) scores   : ndcg@10=0.4002 f1@10=0.1529
After optimization group 2 (inactive) scores : ndcg@10=0.3394 f1@10=0.1145
After optimization UGF (f1@10): 0.0384 (3.84%) | UGF (ndcg@10): 0.0608 (6.08%)
UGF reduction: 0.0454 (54.2%)
Constraint satisfied: True
GA Optimizer | Model:NCF | Dataset:dataset\5Beauty-rand | Group:max_0.05 | K=10 | Fairness_metric=f1
GA Parameters | Pop:10 | Gen:1000 | Mut:0.3504 | Cross:0.7262
Adaptive Penalty | beta1:2.43 | beta2:1.88 | k:6
Before optimization overall scores           : ndcg@10=0.3513 f1@10=0.1244
Before optimization group 1 (active) scores  : ndcg@10=0.4692 f1@10=0.2036
Before optimization group 2 (inactive) scores: ndcg@10=0.3443 f1@10=0.1197
Before optimization UGF (f1@10): 0.0839 (8.39%) | UGF (ndcg@10): 0.1249 (12.49%)
Epsilon: 0.0419
Early stop at generation 10: first feasible solution found
CPU time: 5.49 seconds
After optimization overall metric scores     : ndcg@10=0.3432 f1@10=0.1163
After optimization group 1 (active) scores   : ndcg@10=0.4074 f1@10=0.1518
After optimization group 2 (inactive) scores : ndcg@10=0.3394 f1@10=0.1141
After optimization UGF (f1@10): 0.0377 (3.77%) | UGF (ndcg@10): 0.0680 (6.80%)
UGF reduction: 0.0462 (55.1%)
Constraint satisfied: True
GA Optimizer | Model:NCF | Dataset:dataset\5Beauty-rand | Group:max_0.05 | K=10 | Fairness_metric=f1
GA Parameters | Pop:10 | Gen:1000 | Mut:0.3504 | Cross:0.7262
Adaptive Penalty | beta1:2.43 | beta2:1.88 | k:6
Before optimization overall scores           : ndcg@10=0.3513 f1@10=0.1244
Before optimization group 1 (active) scores  : ndcg@10=0.4692 f1@10=0.2036
Before optimization group 2 (inactive) scores: ndcg@10=0.3443 f1@10=0.1197
Before optimization UGF (f1@10): 0.0839 (8.39%) | UGF (ndcg@10): 0.1249 (12.49%)
Epsilon: 0.0419
Early stop at generation 10: first feasible solution found
CPU time: 5.45 seconds
After optimization overall metric scores     : ndcg@10=0.3449 f1@10=0.1173
After optimization group 1 (active) scores   : ndcg@10=0.4073 f1@10=0.1554
After optimization group 2 (inactive) scores : ndcg@10=0.3412 f1@10=0.1150
After optimization UGF (f1@10): 0.0404 (4.04%) | UGF (ndcg@10): 0.0661 (6.61%)
UGF reduction: 0.0435 (51.9%)
Constraint satisfied: True
GA Optimizer | Model:NCF | Dataset:dataset\5Beauty-rand | Group:max_0.05 | K=10 | Fairness_metric=f1
GA Parameters | Pop:10 | Gen:1000 | Mut:0.3504 | Cross:0.7262
Adaptive Penalty | beta1:2.43 | beta2:1.88 | k:6
Before optimization overall scores           : ndcg@10=0.3513 f1@10=0.1244
Before optimization group 1 (active) scores  : ndcg@10=0.4692 f1@10=0.2036
Before optimization group 2 (inactive) scores: ndcg@10=0.3443 f1@10=0.1197
Before optimization UGF (f1@10): 0.0839 (8.39%) | UGF (ndcg@10): 0.1249 (12.49%)
Epsilon: 0.0419
Early stop at generation 9: first feasible solution found
CPU time: 4.93 seconds
After optimization overall metric scores     : ndcg@10=0.3444 f1@10=0.1179
After optimization group 1 (active) scores   : ndcg@10=0.4071 f1@10=0.1561
After optimization group 2 (inactive) scores : ndcg@10=0.3407 f1@10=0.1156
After optimization UGF (f1@10): 0.0405 (4.05%) | UGF (ndcg@10): 0.0663 (6.63%)
UGF reduction: 0.0434 (51.7%)
Constraint satisfied: True
GA Optimizer | Model:NCF | Dataset:dataset\5Beauty-rand | Group:max_0.05 | K=10 | Fairness_metric=f1
GA Parameters | Pop:10 | Gen:1000 | Mut:0.3504 | Cross:0.7262
Adaptive Penalty | beta1:2.43 | beta2:1.88 | k:6
Before optimization overall scores           : ndcg@10=0.3513 f1@10=0.1244
Before optimization group 1 (active) scores  : ndcg@10=0.4692 f1@10=0.2036
Before optimization group 2 (inactive) scores: ndcg@10=0.3443 f1@10=0.1197
Before optimization UGF (f1@10): 0.0839 (8.39%) | UGF (ndcg@10): 0.1249 (12.49%)
Epsilon: 0.0419
Early stop at generation 10: first feasible solution found
CPU time: 5.47 seconds
After optimization overall metric scores     : ndcg@10=0.3438 f1@10=0.1172
After optimization group 1 (active) scores   : ndcg@10=0.4032 f1@10=0.1521
After optimization group 2 (inactive) scores : ndcg@10=0.3403 f1@10=0.1152
After optimization UGF (f1@10): 0.0370 (3.70%) | UGF (ndcg@10): 0.0629 (6.29%)
UGF reduction: 0.0469 (55.9%)
Constraint satisfied: True
GA Optimizer | Model:NCF | Dataset:dataset\5Beauty-rand | Group:max_0.05 | K=10 | Fairness_metric=f1
GA Parameters | Pop:10 | Gen:1000 | Mut:0.3504 | Cross:0.7262
Adaptive Penalty | beta1:2.43 | beta2:1.88 | k:6
Before optimization overall scores           : ndcg@10=0.3513 f1@10=0.1244
Before optimization group 1 (active) scores  : ndcg@10=0.4692 f1@10=0.2036
Before optimization group 2 (inactive) scores: ndcg@10=0.3443 f1@10=0.1197
Before optimization UGF (f1@10): 0.0839 (8.39%) | UGF (ndcg@10): 0.1249 (12.49%)
Epsilon: 0.0419
Early stop at generation 10: first feasible solution found
CPU time: 5.49 seconds
After optimization overall metric scores     : ndcg@10=0.3430 f1@10=0.1166
After optimization group 1 (active) scores   : ndcg@10=0.3986 f1@10=0.1512
After optimization group 2 (inactive) scores : ndcg@10=0.3397 f1@10=0.1146
After optimization UGF (f1@10): 0.0366 (3.66%) | UGF (ndcg@10): 0.0589 (5.89%)
UGF reduction: 0.0472 (56.3%)
Constraint satisfied: True
GA Optimizer | Model:NCF | Dataset:dataset\5Beauty-rand | Group:max_0.05 | K=10 | Fairness_metric=f1
GA Parameters | Pop:10 | Gen:1000 | Mut:0.3504 | Cross:0.7262
Adaptive Penalty | beta1:2.43 | beta2:1.88 | k:6
Before optimization overall scores           : ndcg@10=0.3513 f1@10=0.1244
Before optimization group 1 (active) scores  : ndcg@10=0.4692 f1@10=0.2036
Before optimization group 2 (inactive) scores: ndcg@10=0.3443 f1@10=0.1197
Before optimization UGF (f1@10): 0.0839 (8.39%) | UGF (ndcg@10): 0.1249 (12.49%)
Epsilon: 0.0419
Early stop at generation 10: first feasible solution found
CPU time: 5.48 seconds
After optimization overall metric scores     : ndcg@10=0.3431 f1@10=0.1168
After optimization group 1 (active) scores   : ndcg@10=0.4028 f1@10=0.1519
After optimization group 2 (inactive) scores : ndcg@10=0.3396 f1@10=0.1147
After optimization UGF (f1@10): 0.0372 (3.72%) | UGF (ndcg@10): 0.0632 (6.32%)
UGF reduction: 0.0467 (55.7%)
Constraint satisfied: True
GA Optimizer | Model:NCF | Dataset:dataset\5Beauty-rand | Group:max_0.05 | K=10 | Fairness_metric=f1
GA Parameters | Pop:10 | Gen:1000 | Mut:0.3504 | Cross:0.7262
Adaptive Penalty | beta1:2.43 | beta2:1.88 | k:6
Before optimization overall scores           : ndcg@10=0.3513 f1@10=0.1244
Before optimization group 1 (active) scores  : ndcg@10=0.4692 f1@10=0.2036
Before optimization group 2 (inactive) scores: ndcg@10=0.3443 f1@10=0.1197
Before optimization UGF (f1@10): 0.0839 (8.39%) | UGF (ndcg@10): 0.1249 (12.49%)
Epsilon: 0.0419
Early stop at generation 10: first feasible solution found
CPU time: 5.49 seconds
After optimization overall metric scores     : ndcg@10=0.3439 f1@10=0.1169
After optimization group 1 (active) scores   : ndcg@10=0.3957 f1@10=0.1488
After optimization group 2 (inactive) scores : ndcg@10=0.3408 f1@10=0.1150
After optimization UGF (f1@10): 0.0337 (3.37%) | UGF (ndcg@10): 0.0549 (5.49%)
UGF reduction: 0.0501 (59.8%)
Constraint satisfied: True
