GA Optimizer | Model:NCF | Dataset:dataset\5Beauty-rand | Group:sum_0.05 | K=10 | Fairness_metric=f1
GA Parameters | Pop:10 | Gen:1000 | Mut:0.3504 | Cross:0.7262
Adaptive Penalty | beta1:2.43 | beta2:1.88 | k:6
Before optimization overall scores           : ndcg@10=0.3513 f1@10=0.1244
Before optimization group 1 (active) scores  : ndcg@10=0.6000 f1@10=0.2828
Before optimization group 2 (inactive) scores: ndcg@10=0.3310 f1@10=0.1115
Before optimization UGF (f1@10): 0.1713 (17.13%) | UGF (ndcg@10): 0.2689 (26.89%)
Epsilon: 0.0857
Early stop at generation 12: first feasible solution found
CPU time: 6.60 seconds
After optimization overall metric scores     : ndcg@10=0.3381 f1@10=0.1112
After optimization group 1 (active) scores   : ndcg@10=0.4966 f1@10=0.1808
After optimization group 2 (inactive) scores : ndcg@10=0.3251 f1@10=0.1055
After optimization UGF (f1@10): 0.0753 (7.53%) | UGF (ndcg@10): 0.1715 (17.15%)
UGF reduction: 0.0961 (56.1%)
Constraint satisfied: True
GA Optimizer | Model:NCF | Dataset:dataset\5Beauty-rand | Group:sum_0.05 | K=10 | Fairness_metric=f1
GA Parameters | Pop:10 | Gen:1000 | Mut:0.3504 | Cross:0.7262
Adaptive Penalty | beta1:2.43 | beta2:1.88 | k:6
Before optimization overall scores           : ndcg@10=0.3513 f1@10=0.1244
Before optimization group 1 (active) scores  : ndcg@10=0.6000 f1@10=0.2828
Before optimization group 2 (inactive) scores: ndcg@10=0.3310 f1@10=0.1115
Before optimization UGF (f1@10): 0.1713 (17.13%) | UGF (ndcg@10): 0.2689 (26.89%)
Epsilon: 0.0857
Early stop at generation 12: first feasible solution found
CPU time: 6.55 seconds
After optimization overall metric scores     : ndcg@10=0.3384 f1@10=0.1116
After optimization group 1 (active) scores   : ndcg@10=0.4998 f1@10=0.1864
After optimization group 2 (inactive) scores : ndcg@10=0.3252 f1@10=0.1055
After optimization UGF (f1@10): 0.0809 (8.09%) | UGF (ndcg@10): 0.1746 (17.46%)
UGF reduction: 0.0904 (52.8%)
Constraint satisfied: True
GA Optimizer | Model:NCF | Dataset:dataset\5Beauty-rand | Group:sum_0.05 | K=10 | Fairness_metric=f1
GA Parameters | Pop:10 | Gen:1000 | Mut:0.3504 | Cross:0.7262
Adaptive Penalty | beta1:2.43 | beta2:1.88 | k:6
Before optimization overall scores           : ndcg@10=0.3513 f1@10=0.1244
Before optimization group 1 (active) scores  : ndcg@10=0.6000 f1@10=0.2828
Before optimization group 2 (inactive) scores: ndcg@10=0.3310 f1@10=0.1115
Before optimization UGF (f1@10): 0.1713 (17.13%) | UGF (ndcg@10): 0.2689 (26.89%)
Epsilon: 0.0857
Early stop at generation 12: first feasible solution found
CPU time: 6.53 seconds
After optimization overall metric scores     : ndcg@10=0.3387 f1@10=0.1110
After optimization group 1 (active) scores   : ndcg@10=0.5032 f1@10=0.1801
After optimization group 2 (inactive) scores : ndcg@10=0.3252 f1@10=0.1054
After optimization UGF (f1@10): 0.0748 (7.48%) | UGF (ndcg@10): 0.1780 (17.80%)
UGF reduction: 0.0966 (56.4%)
Constraint satisfied: True
GA Optimizer | Model:NCF | Dataset:dataset\5Beauty-rand | Group:sum_0.05 | K=10 | Fairness_metric=f1
GA Parameters | Pop:10 | Gen:1000 | Mut:0.3504 | Cross:0.7262
Adaptive Penalty | beta1:2.43 | beta2:1.88 | k:6
Before optimization overall scores           : ndcg@10=0.3513 f1@10=0.1244
Before optimization group 1 (active) scores  : ndcg@10=0.6000 f1@10=0.2828
Before optimization group 2 (inactive) scores: ndcg@10=0.3310 f1@10=0.1115
Before optimization UGF (f1@10): 0.1713 (17.13%) | UGF (ndcg@10): 0.2689 (26.89%)
Epsilon: 0.0857
Early stop at generation 12: first feasible solution found
CPU time: 6.57 seconds
After optimization overall metric scores     : ndcg@10=0.3398 f1@10=0.1117
After optimization group 1 (active) scores   : ndcg@10=0.5065 f1@10=0.1825
After optimization group 2 (inactive) scores : ndcg@10=0.3262 f1@10=0.1059
After optimization UGF (f1@10): 0.0766 (7.66%) | UGF (ndcg@10): 0.1803 (18.03%)
UGF reduction: 0.0948 (55.3%)
Constraint satisfied: True
GA Optimizer | Model:NCF | Dataset:dataset\5Beauty-rand | Group:sum_0.05 | K=10 | Fairness_metric=f1
GA Parameters | Pop:10 | Gen:1000 | Mut:0.3504 | Cross:0.7262
Adaptive Penalty | beta1:2.43 | beta2:1.88 | k:6
Before optimization overall scores           : ndcg@10=0.3513 f1@10=0.1244
Before optimization group 1 (active) scores  : ndcg@10=0.6000 f1@10=0.2828
Before optimization group 2 (inactive) scores: ndcg@10=0.3310 f1@10=0.1115
Before optimization UGF (f1@10): 0.1713 (17.13%) | UGF (ndcg@10): 0.2689 (26.89%)
Epsilon: 0.0857
Early stop at generation 11: first feasible solution found
CPU time: 6.12 seconds
After optimization overall metric scores     : ndcg@10=0.3385 f1@10=0.1125
After optimization group 1 (active) scores   : ndcg@10=0.4948 f1@10=0.1893
After optimization group 2 (inactive) scores : ndcg@10=0.3258 f1@10=0.1062
After optimization UGF (f1@10): 0.0831 (8.31%) | UGF (ndcg@10): 0.1690 (16.90%)
UGF reduction: 0.0882 (51.5%)
Constraint satisfied: True
GA Optimizer | Model:NCF | Dataset:dataset\5Beauty-rand | Group:sum_0.05 | K=10 | Fairness_metric=f1
GA Parameters | Pop:10 | Gen:1000 | Mut:0.3504 | Cross:0.7262
Adaptive Penalty | beta1:2.43 | beta2:1.88 | k:6
Before optimization overall scores           : ndcg@10=0.3513 f1@10=0.1244
Before optimization group 1 (active) scores  : ndcg@10=0.6000 f1@10=0.2828
Before optimization group 2 (inactive) scores: ndcg@10=0.3310 f1@10=0.1115
Before optimization UGF (f1@10): 0.1713 (17.13%) | UGF (ndcg@10): 0.2689 (26.89%)
Epsilon: 0.0857
Early stop at generation 12: first feasible solution found
CPU time: 6.59 seconds
After optimization overall metric scores     : ndcg@10=0.3389 f1@10=0.1116
After optimization group 1 (active) scores   : ndcg@10=0.4996 f1@10=0.1822
After optimization group 2 (inactive) scores : ndcg@10=0.3258 f1@10=0.1058
After optimization UGF (f1@10): 0.0764 (7.64%) | UGF (ndcg@10): 0.1738 (17.38%)
UGF reduction: 0.0949 (55.4%)
Constraint satisfied: True
GA Optimizer | Model:NCF | Dataset:dataset\5Beauty-rand | Group:sum_0.05 | K=10 | Fairness_metric=f1
GA Parameters | Pop:10 | Gen:1000 | Mut:0.3504 | Cross:0.7262
Adaptive Penalty | beta1:2.43 | beta2:1.88 | k:6
Before optimization overall scores           : ndcg@10=0.3513 f1@10=0.1244
Before optimization group 1 (active) scores  : ndcg@10=0.6000 f1@10=0.2828
Before optimization group 2 (inactive) scores: ndcg@10=0.3310 f1@10=0.1115
Before optimization UGF (f1@10): 0.1713 (17.13%) | UGF (ndcg@10): 0.2689 (26.89%)
Epsilon: 0.0857
Early stop at generation 11: first feasible solution found
CPU time: 6.07 seconds
After optimization overall metric scores     : ndcg@10=0.3394 f1@10=0.1127
After optimization group 1 (active) scores   : ndcg@10=0.5002 f1@10=0.1901
After optimization group 2 (inactive) scores : ndcg@10=0.3263 f1@10=0.1064
After optimization UGF (f1@10): 0.0837 (8.37%) | UGF (ndcg@10): 0.1739 (17.39%)
UGF reduction: 0.0876 (51.1%)
Constraint satisfied: True
GA Optimizer | Model:NCF | Dataset:dataset\5Beauty-rand | Group:sum_0.05 | K=10 | Fairness_metric=f1
GA Parameters | Pop:10 | Gen:1000 | Mut:0.3504 | Cross:0.7262
Adaptive Penalty | beta1:2.43 | beta2:1.88 | k:6
Before optimization overall scores           : ndcg@10=0.3513 f1@10=0.1244
Before optimization group 1 (active) scores  : ndcg@10=0.6000 f1@10=0.2828
Before optimization group 2 (inactive) scores: ndcg@10=0.3310 f1@10=0.1115
Before optimization UGF (f1@10): 0.1713 (17.13%) | UGF (ndcg@10): 0.2689 (26.89%)
Epsilon: 0.0857
Early stop at generation 12: first feasible solution found
CPU time: 6.60 seconds
After optimization overall metric scores     : ndcg@10=0.3388 f1@10=0.1111
After optimization group 1 (active) scores   : ndcg@10=0.5028 f1@10=0.1820
After optimization group 2 (inactive) scores : ndcg@10=0.3255 f1@10=0.1053
After optimization UGF (f1@10): 0.0767 (7.67%) | UGF (ndcg@10): 0.1773 (17.73%)
UGF reduction: 0.0947 (55.3%)
Constraint satisfied: True
GA Optimizer | Model:NCF | Dataset:dataset\5Beauty-rand | Group:sum_0.05 | K=10 | Fairness_metric=f1
GA Parameters | Pop:10 | Gen:1000 | Mut:0.3504 | Cross:0.7262
Adaptive Penalty | beta1:2.43 | beta2:1.88 | k:6
Before optimization overall scores           : ndcg@10=0.3513 f1@10=0.1244
Before optimization group 1 (active) scores  : ndcg@10=0.6000 f1@10=0.2828
Before optimization group 2 (inactive) scores: ndcg@10=0.3310 f1@10=0.1115
Before optimization UGF (f1@10): 0.1713 (17.13%) | UGF (ndcg@10): 0.2689 (26.89%)
Epsilon: 0.0857
Early stop at generation 12: first feasible solution found
CPU time: 6.60 seconds
After optimization overall metric scores     : ndcg@10=0.3395 f1@10=0.1115
After optimization group 1 (active) scores   : ndcg@10=0.5012 f1@10=0.1828
After optimization group 2 (inactive) scores : ndcg@10=0.3263 f1@10=0.1057
After optimization UGF (f1@10): 0.0772 (7.72%) | UGF (ndcg@10): 0.1749 (17.49%)
UGF reduction: 0.0942 (55.0%)
Constraint satisfied: True
GA Optimizer | Model:NCF | Dataset:dataset\5Beauty-rand | Group:sum_0.05 | K=10 | Fairness_metric=f1
GA Parameters | Pop:10 | Gen:1000 | Mut:0.3504 | Cross:0.7262
Adaptive Penalty | beta1:2.43 | beta2:1.88 | k:6
Before optimization overall scores           : ndcg@10=0.3513 f1@10=0.1244
Before optimization group 1 (active) scores  : ndcg@10=0.6000 f1@10=0.2828
Before optimization group 2 (inactive) scores: ndcg@10=0.3310 f1@10=0.1115
Before optimization UGF (f1@10): 0.1713 (17.13%) | UGF (ndcg@10): 0.2689 (26.89%)
Epsilon: 0.0857
Early stop at generation 11: first feasible solution found
CPU time: 6.09 seconds
After optimization overall metric scores     : ndcg@10=0.3405 f1@10=0.1126
After optimization group 1 (active) scores   : ndcg@10=0.5191 f1@10=0.1913
After optimization group 2 (inactive) scores : ndcg@10=0.3260 f1@10=0.1062
After optimization UGF (f1@10): 0.0851 (8.51%) | UGF (ndcg@10): 0.1932 (19.32%)
UGF reduction: 0.0863 (50.4%)
Constraint satisfied: True
GA Optimizer | Model:NCF | Dataset:dataset\5Beauty-rand | Group:sum_0.05 | K=10 | Fairness_metric=f1
GA Parameters | Pop:10 | Gen:1000 | Mut:0.3504 | Cross:0.7262
Adaptive Penalty | beta1:2.43 | beta2:1.88 | k:6
Before optimization overall scores           : ndcg@10=0.3513 f1@10=0.1244
Before optimization group 1 (active) scores  : ndcg@10=0.6000 f1@10=0.2828
Before optimization group 2 (inactive) scores: ndcg@10=0.3310 f1@10=0.1115
Before optimization UGF (f1@10): 0.1713 (17.13%) | UGF (ndcg@10): 0.2689 (26.89%)
Epsilon: 0.0857
Early stop at generation 11: first feasible solution found
CPU time: 6.03 seconds
After optimization overall metric scores     : ndcg@10=0.3398 f1@10=0.1126
After optimization group 1 (active) scores   : ndcg@10=0.5067 f1@10=0.1915
After optimization group 2 (inactive) scores : ndcg@10=0.3262 f1@10=0.1062
After optimization UGF (f1@10): 0.0853 (8.53%) | UGF (ndcg@10): 0.1805 (18.05%)
UGF reduction: 0.0860 (50.2%)
Constraint satisfied: True
GA Optimizer | Model:NCF | Dataset:dataset\5Beauty-rand | Group:sum_0.05 | K=10 | Fairness_metric=f1
GA Parameters | Pop:10 | Gen:1000 | Mut:0.3504 | Cross:0.7262
Adaptive Penalty | beta1:2.43 | beta2:1.88 | k:6
Before optimization overall scores           : ndcg@10=0.3513 f1@10=0.1244
Before optimization group 1 (active) scores  : ndcg@10=0.6000 f1@10=0.2828
Before optimization group 2 (inactive) scores: ndcg@10=0.3310 f1@10=0.1115
Before optimization UGF (f1@10): 0.1713 (17.13%) | UGF (ndcg@10): 0.2689 (26.89%)
Epsilon: 0.0857
Early stop at generation 11: first feasible solution found
CPU time: 6.05 seconds
After optimization overall metric scores     : ndcg@10=0.3401 f1@10=0.1128
After optimization group 1 (active) scores   : ndcg@10=0.5122 f1@10=0.1919
After optimization group 2 (inactive) scores : ndcg@10=0.3261 f1@10=0.1064
After optimization UGF (f1@10): 0.0855 (8.55%) | UGF (ndcg@10): 0.1861 (18.61%)
UGF reduction: 0.0858 (50.1%)
Constraint satisfied: True
GA Optimizer | Model:NCF | Dataset:dataset\5Beauty-rand | Group:sum_0.05 | K=10 | Fairness_metric=f1
GA Parameters | Pop:10 | Gen:1000 | Mut:0.3504 | Cross:0.7262
Adaptive Penalty | beta1:2.43 | beta2:1.88 | k:6
Before optimization overall scores           : ndcg@10=0.3513 f1@10=0.1244
Before optimization group 1 (active) scores  : ndcg@10=0.6000 f1@10=0.2828
Before optimization group 2 (inactive) scores: ndcg@10=0.3310 f1@10=0.1115
Before optimization UGF (f1@10): 0.1713 (17.13%) | UGF (ndcg@10): 0.2689 (26.89%)
Epsilon: 0.0857
Early stop at generation 12: first feasible solution found
CPU time: 6.59 seconds
After optimization overall metric scores     : ndcg@10=0.3407 f1@10=0.1117
After optimization group 1 (active) scores   : ndcg@10=0.5193 f1@10=0.1850
After optimization group 2 (inactive) scores : ndcg@10=0.3261 f1@10=0.1057
After optimization UGF (f1@10): 0.0792 (7.92%) | UGF (ndcg@10): 0.1932 (19.32%)
UGF reduction: 0.0921 (53.8%)
Constraint satisfied: True
GA Optimizer | Model:NCF | Dataset:dataset\5Beauty-rand | Group:sum_0.05 | K=10 | Fairness_metric=f1
GA Parameters | Pop:10 | Gen:1000 | Mut:0.3504 | Cross:0.7262
Adaptive Penalty | beta1:2.43 | beta2:1.88 | k:6
Before optimization overall scores           : ndcg@10=0.3513 f1@10=0.1244
Before optimization group 1 (active) scores  : ndcg@10=0.6000 f1@10=0.2828
Before optimization group 2 (inactive) scores: ndcg@10=0.3310 f1@10=0.1115
Before optimization UGF (f1@10): 0.1713 (17.13%) | UGF (ndcg@10): 0.2689 (26.89%)
Epsilon: 0.0857
Early stop at generation 12: first feasible solution found
CPU time: 6.58 seconds
After optimization overall metric scores     : ndcg@10=0.3377 f1@10=0.1106
After optimization group 1 (active) scores   : ndcg@10=0.5091 f1@10=0.1836
After optimization group 2 (inactive) scores : ndcg@10=0.3238 f1@10=0.1047
After optimization UGF (f1@10): 0.0789 (7.89%) | UGF (ndcg@10): 0.1854 (18.54%)
UGF reduction: 0.0924 (53.9%)
Constraint satisfied: True
GA Optimizer | Model:NCF | Dataset:dataset\5Beauty-rand | Group:sum_0.05 | K=10 | Fairness_metric=f1
GA Parameters | Pop:10 | Gen:1000 | Mut:0.3504 | Cross:0.7262
Adaptive Penalty | beta1:2.43 | beta2:1.88 | k:6
Before optimization overall scores           : ndcg@10=0.3513 f1@10=0.1244
Before optimization group 1 (active) scores  : ndcg@10=0.6000 f1@10=0.2828
Before optimization group 2 (inactive) scores: ndcg@10=0.3310 f1@10=0.1115
Before optimization UGF (f1@10): 0.1713 (17.13%) | UGF (ndcg@10): 0.2689 (26.89%)
Epsilon: 0.0857
Early stop at generation 11: first feasible solution found
CPU time: 6.07 seconds
After optimization overall metric scores     : ndcg@10=0.3406 f1@10=0.1130
After optimization group 1 (active) scores   : ndcg@10=0.5120 f1@10=0.1895
After optimization group 2 (inactive) scores : ndcg@10=0.3266 f1@10=0.1068
After optimization UGF (f1@10): 0.0828 (8.28%) | UGF (ndcg@10): 0.1854 (18.54%)
UGF reduction: 0.0886 (51.7%)
Constraint satisfied: True
GA Optimizer | Model:NCF | Dataset:dataset\5Beauty-rand | Group:sum_0.05 | K=10 | Fairness_metric=f1
GA Parameters | Pop:10 | Gen:1000 | Mut:0.3504 | Cross:0.7262
Adaptive Penalty | beta1:2.43 | beta2:1.88 | k:6
Before optimization overall scores           : ndcg@10=0.3513 f1@10=0.1244
Before optimization group 1 (active) scores  : ndcg@10=0.6000 f1@10=0.2828
Before optimization group 2 (inactive) scores: ndcg@10=0.3310 f1@10=0.1115
Before optimization UGF (f1@10): 0.1713 (17.13%) | UGF (ndcg@10): 0.2689 (26.89%)
Epsilon: 0.0857
Early stop at generation 11: first feasible solution found
CPU time: 6.03 seconds
After optimization overall metric scores     : ndcg@10=0.3399 f1@10=0.1129
After optimization group 1 (active) scores   : ndcg@10=0.5104 f1@10=0.1906
After optimization group 2 (inactive) scores : ndcg@10=0.3259 f1@10=0.1065
After optimization UGF (f1@10): 0.0840 (8.40%) | UGF (ndcg@10): 0.1845 (18.45%)
UGF reduction: 0.0873 (51.0%)
Constraint satisfied: True
GA Optimizer | Model:NCF | Dataset:dataset\5Beauty-rand | Group:sum_0.05 | K=10 | Fairness_metric=f1
GA Parameters | Pop:10 | Gen:1000 | Mut:0.3504 | Cross:0.7262
Adaptive Penalty | beta1:2.43 | beta2:1.88 | k:6
Before optimization overall scores           : ndcg@10=0.3513 f1@10=0.1244
Before optimization group 1 (active) scores  : ndcg@10=0.6000 f1@10=0.2828
Before optimization group 2 (inactive) scores: ndcg@10=0.3310 f1@10=0.1115
Before optimization UGF (f1@10): 0.1713 (17.13%) | UGF (ndcg@10): 0.2689 (26.89%)
Epsilon: 0.0857
Early stop at generation 12: first feasible solution found
CPU time: 6.57 seconds
After optimization overall metric scores     : ndcg@10=0.3387 f1@10=0.1113
After optimization group 1 (active) scores   : ndcg@10=0.5087 f1@10=0.1834
After optimization group 2 (inactive) scores : ndcg@10=0.3249 f1@10=0.1054
After optimization UGF (f1@10): 0.0780 (7.80%) | UGF (ndcg@10): 0.1838 (18.38%)
UGF reduction: 0.0933 (54.5%)
Constraint satisfied: True
GA Optimizer | Model:NCF | Dataset:dataset\5Beauty-rand | Group:sum_0.05 | K=10 | Fairness_metric=f1
GA Parameters | Pop:10 | Gen:1000 | Mut:0.3504 | Cross:0.7262
Adaptive Penalty | beta1:2.43 | beta2:1.88 | k:6
Before optimization overall scores           : ndcg@10=0.3513 f1@10=0.1244
Before optimization group 1 (active) scores  : ndcg@10=0.6000 f1@10=0.2828
Before optimization group 2 (inactive) scores: ndcg@10=0.3310 f1@10=0.1115
Before optimization UGF (f1@10): 0.1713 (17.13%) | UGF (ndcg@10): 0.2689 (26.89%)
Epsilon: 0.0857
Early stop at generation 11: first feasible solution found
CPU time: 6.04 seconds
After optimization overall metric scores     : ndcg@10=0.3410 f1@10=0.1132
After optimization group 1 (active) scores   : ndcg@10=0.5128 f1@10=0.1922
After optimization group 2 (inactive) scores : ndcg@10=0.3270 f1@10=0.1068
After optimization UGF (f1@10): 0.0854 (8.54%) | UGF (ndcg@10): 0.1858 (18.58%)
UGF reduction: 0.0860 (50.2%)
Constraint satisfied: True
GA Optimizer | Model:NCF | Dataset:dataset\5Beauty-rand | Group:sum_0.05 | K=10 | Fairness_metric=f1
GA Parameters | Pop:10 | Gen:1000 | Mut:0.3504 | Cross:0.7262
Adaptive Penalty | beta1:2.43 | beta2:1.88 | k:6
Before optimization overall scores           : ndcg@10=0.3513 f1@10=0.1244
Before optimization group 1 (active) scores  : ndcg@10=0.6000 f1@10=0.2828
Before optimization group 2 (inactive) scores: ndcg@10=0.3310 f1@10=0.1115
Before optimization UGF (f1@10): 0.1713 (17.13%) | UGF (ndcg@10): 0.2689 (26.89%)
Epsilon: 0.0857
Early stop at generation 11: first feasible solution found
CPU time: 5.96 seconds
After optimization overall metric scores     : ndcg@10=0.3394 f1@10=0.1126
After optimization group 1 (active) scores   : ndcg@10=0.5058 f1@10=0.1908
After optimization group 2 (inactive) scores : ndcg@10=0.3258 f1@10=0.1063
After optimization UGF (f1@10): 0.0845 (8.45%) | UGF (ndcg@10): 0.1800 (18.00%)
UGF reduction: 0.0868 (50.7%)
Constraint satisfied: True
GA Optimizer | Model:NCF | Dataset:dataset\5Beauty-rand | Group:sum_0.05 | K=10 | Fairness_metric=f1
GA Parameters | Pop:10 | Gen:1000 | Mut:0.3504 | Cross:0.7262
Adaptive Penalty | beta1:2.43 | beta2:1.88 | k:6
Before optimization overall scores           : ndcg@10=0.3513 f1@10=0.1244
Before optimization group 1 (active) scores  : ndcg@10=0.6000 f1@10=0.2828
Before optimization group 2 (inactive) scores: ndcg@10=0.3310 f1@10=0.1115
Before optimization UGF (f1@10): 0.1713 (17.13%) | UGF (ndcg@10): 0.2689 (26.89%)
Epsilon: 0.0857
Early stop at generation 12: first feasible solution found
CPU time: 6.57 seconds
After optimization overall metric scores     : ndcg@10=0.3387 f1@10=0.1114
After optimization group 1 (active) scores   : ndcg@10=0.5054 f1@10=0.1827
After optimization group 2 (inactive) scores : ndcg@10=0.3251 f1@10=0.1056
After optimization UGF (f1@10): 0.0771 (7.71%) | UGF (ndcg@10): 0.1803 (18.03%)
UGF reduction: 0.0943 (55.0%)
Constraint satisfied: True
GA Optimizer | Model:NCF | Dataset:dataset\5Beauty-rand | Group:sum_0.05 | K=10 | Fairness_metric=f1
GA Parameters | Pop:10 | Gen:1000 | Mut:0.3504 | Cross:0.7262
Adaptive Penalty | beta1:2.43 | beta2:1.88 | k:6
Before optimization overall scores           : ndcg@10=0.3513 f1@10=0.1244
Before optimization group 1 (active) scores  : ndcg@10=0.6000 f1@10=0.2828
Before optimization group 2 (inactive) scores: ndcg@10=0.3310 f1@10=0.1115
Before optimization UGF (f1@10): 0.1713 (17.13%) | UGF (ndcg@10): 0.2689 (26.89%)
Epsilon: 0.0857
Early stop at generation 11: first feasible solution found
CPU time: 6.06 seconds
After optimization overall metric scores     : ndcg@10=0.3400 f1@10=0.1119
After optimization group 1 (active) scores   : ndcg@10=0.5183 f1@10=0.1908
After optimization group 2 (inactive) scores : ndcg@10=0.3254 f1@10=0.1055
After optimization UGF (f1@10): 0.0853 (8.53%) | UGF (ndcg@10): 0.1929 (19.29%)
UGF reduction: 0.0860 (50.2%)
Constraint satisfied: True
GA Optimizer | Model:NCF | Dataset:dataset\5Beauty-rand | Group:sum_0.05 | K=10 | Fairness_metric=f1
GA Parameters | Pop:10 | Gen:1000 | Mut:0.3504 | Cross:0.7262
Adaptive Penalty | beta1:2.43 | beta2:1.88 | k:6
Before optimization overall scores           : ndcg@10=0.3513 f1@10=0.1244
Before optimization group 1 (active) scores  : ndcg@10=0.6000 f1@10=0.2828
Before optimization group 2 (inactive) scores: ndcg@10=0.3310 f1@10=0.1115
Before optimization UGF (f1@10): 0.1713 (17.13%) | UGF (ndcg@10): 0.2689 (26.89%)
Epsilon: 0.0857
Early stop at generation 11: first feasible solution found
CPU time: 6.03 seconds
After optimization overall metric scores     : ndcg@10=0.3390 f1@10=0.1125
After optimization group 1 (active) scores   : ndcg@10=0.5020 f1@10=0.1889
After optimization group 2 (inactive) scores : ndcg@10=0.3257 f1@10=0.1062
After optimization UGF (f1@10): 0.0826 (8.26%) | UGF (ndcg@10): 0.1763 (17.63%)
UGF reduction: 0.0887 (51.8%)
Constraint satisfied: True
GA Optimizer | Model:NCF | Dataset:dataset\5Beauty-rand | Group:sum_0.05 | K=10 | Fairness_metric=f1
GA Parameters | Pop:10 | Gen:1000 | Mut:0.3504 | Cross:0.7262
Adaptive Penalty | beta1:2.43 | beta2:1.88 | k:6
Before optimization overall scores           : ndcg@10=0.3513 f1@10=0.1244
Before optimization group 1 (active) scores  : ndcg@10=0.6000 f1@10=0.2828
Before optimization group 2 (inactive) scores: ndcg@10=0.3310 f1@10=0.1115
Before optimization UGF (f1@10): 0.1713 (17.13%) | UGF (ndcg@10): 0.2689 (26.89%)
Epsilon: 0.0857
Early stop at generation 11: first feasible solution found
CPU time: 5.99 seconds
After optimization overall metric scores     : ndcg@10=0.3405 f1@10=0.1127
After optimization group 1 (active) scores   : ndcg@10=0.5181 f1@10=0.1903
After optimization group 2 (inactive) scores : ndcg@10=0.3260 f1@10=0.1064
After optimization UGF (f1@10): 0.0839 (8.39%) | UGF (ndcg@10): 0.1920 (19.20%)
UGF reduction: 0.0874 (51.0%)
Constraint satisfied: True
GA Optimizer | Model:NCF | Dataset:dataset\5Beauty-rand | Group:sum_0.05 | K=10 | Fairness_metric=f1
GA Parameters | Pop:10 | Gen:1000 | Mut:0.3504 | Cross:0.7262
Adaptive Penalty | beta1:2.43 | beta2:1.88 | k:6
Before optimization overall scores           : ndcg@10=0.3513 f1@10=0.1244
Before optimization group 1 (active) scores  : ndcg@10=0.6000 f1@10=0.2828
Before optimization group 2 (inactive) scores: ndcg@10=0.3310 f1@10=0.1115
Before optimization UGF (f1@10): 0.1713 (17.13%) | UGF (ndcg@10): 0.2689 (26.89%)
Epsilon: 0.0857
Early stop at generation 11: first feasible solution found
CPU time: 6.02 seconds
After optimization overall metric scores     : ndcg@10=0.3392 f1@10=0.1125
After optimization group 1 (active) scores   : ndcg@10=0.5051 f1@10=0.1913
After optimization group 2 (inactive) scores : ndcg@10=0.3257 f1@10=0.1061
After optimization UGF (f1@10): 0.0852 (8.52%) | UGF (ndcg@10): 0.1794 (17.94%)
UGF reduction: 0.0861 (50.3%)
Constraint satisfied: True
GA Optimizer | Model:NCF | Dataset:dataset\5Beauty-rand | Group:sum_0.05 | K=10 | Fairness_metric=f1
GA Parameters | Pop:10 | Gen:1000 | Mut:0.3504 | Cross:0.7262
Adaptive Penalty | beta1:2.43 | beta2:1.88 | k:6
Before optimization overall scores           : ndcg@10=0.3513 f1@10=0.1244
Before optimization group 1 (active) scores  : ndcg@10=0.6000 f1@10=0.2828
Before optimization group 2 (inactive) scores: ndcg@10=0.3310 f1@10=0.1115
Before optimization UGF (f1@10): 0.1713 (17.13%) | UGF (ndcg@10): 0.2689 (26.89%)
Epsilon: 0.0857
Early stop at generation 12: first feasible solution found
CPU time: 6.54 seconds
After optimization overall metric scores     : ndcg@10=0.3388 f1@10=0.1116
After optimization group 1 (active) scores   : ndcg@10=0.4981 f1@10=0.1859
After optimization group 2 (inactive) scores : ndcg@10=0.3258 f1@10=0.1055
After optimization UGF (f1@10): 0.0804 (8.04%) | UGF (ndcg@10): 0.1723 (17.23%)
UGF reduction: 0.0909 (53.0%)
Constraint satisfied: True
GA Optimizer | Model:NCF | Dataset:dataset\5Beauty-rand | Group:sum_0.05 | K=10 | Fairness_metric=f1
GA Parameters | Pop:10 | Gen:1000 | Mut:0.3504 | Cross:0.7262
Adaptive Penalty | beta1:2.43 | beta2:1.88 | k:6
Before optimization overall scores           : ndcg@10=0.3513 f1@10=0.1244
Before optimization group 1 (active) scores  : ndcg@10=0.6000 f1@10=0.2828
Before optimization group 2 (inactive) scores: ndcg@10=0.3310 f1@10=0.1115
Before optimization UGF (f1@10): 0.1713 (17.13%) | UGF (ndcg@10): 0.2689 (26.89%)
Epsilon: 0.0857
Early stop at generation 11: first feasible solution found
CPU time: 6.05 seconds
After optimization overall metric scores     : ndcg@10=0.3411 f1@10=0.1130
After optimization group 1 (active) scores   : ndcg@10=0.5180 f1@10=0.1898
After optimization group 2 (inactive) scores : ndcg@10=0.3267 f1@10=0.1067
After optimization UGF (f1@10): 0.0831 (8.31%) | UGF (ndcg@10): 0.1913 (19.13%)
UGF reduction: 0.0882 (51.5%)
Constraint satisfied: True
GA Optimizer | Model:NCF | Dataset:dataset\5Beauty-rand | Group:sum_0.05 | K=10 | Fairness_metric=f1
GA Parameters | Pop:10 | Gen:1000 | Mut:0.3504 | Cross:0.7262
Adaptive Penalty | beta1:2.43 | beta2:1.88 | k:6
Before optimization overall scores           : ndcg@10=0.3513 f1@10=0.1244
Before optimization group 1 (active) scores  : ndcg@10=0.6000 f1@10=0.2828
Before optimization group 2 (inactive) scores: ndcg@10=0.3310 f1@10=0.1115
Before optimization UGF (f1@10): 0.1713 (17.13%) | UGF (ndcg@10): 0.2689 (26.89%)
Epsilon: 0.0857
Early stop at generation 12: first feasible solution found
CPU time: 6.51 seconds
After optimization overall metric scores     : ndcg@10=0.3381 f1@10=0.1115
After optimization group 1 (active) scores   : ndcg@10=0.4937 f1@10=0.1869
After optimization group 2 (inactive) scores : ndcg@10=0.3254 f1@10=0.1053
After optimization UGF (f1@10): 0.0816 (8.16%) | UGF (ndcg@10): 0.1683 (16.83%)
UGF reduction: 0.0897 (52.4%)
Constraint satisfied: True
GA Optimizer | Model:NCF | Dataset:dataset\5Beauty-rand | Group:sum_0.05 | K=10 | Fairness_metric=f1
GA Parameters | Pop:10 | Gen:1000 | Mut:0.3504 | Cross:0.7262
Adaptive Penalty | beta1:2.43 | beta2:1.88 | k:6
Before optimization overall scores           : ndcg@10=0.3513 f1@10=0.1244
Before optimization group 1 (active) scores  : ndcg@10=0.6000 f1@10=0.2828
Before optimization group 2 (inactive) scores: ndcg@10=0.3310 f1@10=0.1115
Before optimization UGF (f1@10): 0.1713 (17.13%) | UGF (ndcg@10): 0.2689 (26.89%)
Epsilon: 0.0857
Early stop at generation 11: first feasible solution found
CPU time: 6.02 seconds
After optimization overall metric scores     : ndcg@10=0.3414 f1@10=0.1134
After optimization group 1 (active) scores   : ndcg@10=0.5192 f1@10=0.1925
After optimization group 2 (inactive) scores : ndcg@10=0.3269 f1@10=0.1069
After optimization UGF (f1@10): 0.0855 (8.55%) | UGF (ndcg@10): 0.1923 (19.23%)
UGF reduction: 0.0858 (50.1%)
Constraint satisfied: True
GA Optimizer | Model:NCF | Dataset:dataset\5Beauty-rand | Group:sum_0.05 | K=10 | Fairness_metric=f1
GA Parameters | Pop:10 | Gen:1000 | Mut:0.3504 | Cross:0.7262
Adaptive Penalty | beta1:2.43 | beta2:1.88 | k:6
Before optimization overall scores           : ndcg@10=0.3513 f1@10=0.1244
Before optimization group 1 (active) scores  : ndcg@10=0.6000 f1@10=0.2828
Before optimization group 2 (inactive) scores: ndcg@10=0.3310 f1@10=0.1115
Before optimization UGF (f1@10): 0.1713 (17.13%) | UGF (ndcg@10): 0.2689 (26.89%)
Epsilon: 0.0857
Early stop at generation 11: first feasible solution found
CPU time: 5.99 seconds
After optimization overall metric scores     : ndcg@10=0.3392 f1@10=0.1124
After optimization group 1 (active) scores   : ndcg@10=0.5010 f1@10=0.1877
After optimization group 2 (inactive) scores : ndcg@10=0.3260 f1@10=0.1063
After optimization UGF (f1@10): 0.0814 (8.14%) | UGF (ndcg@10): 0.1751 (17.51%)
UGF reduction: 0.0899 (52.5%)
Constraint satisfied: True
GA Optimizer | Model:NCF | Dataset:dataset\5Beauty-rand | Group:sum_0.05 | K=10 | Fairness_metric=f1
GA Parameters | Pop:10 | Gen:1000 | Mut:0.3504 | Cross:0.7262
Adaptive Penalty | beta1:2.43 | beta2:1.88 | k:6
Before optimization overall scores           : ndcg@10=0.3513 f1@10=0.1244
Before optimization group 1 (active) scores  : ndcg@10=0.6000 f1@10=0.2828
Before optimization group 2 (inactive) scores: ndcg@10=0.3310 f1@10=0.1115
Before optimization UGF (f1@10): 0.1713 (17.13%) | UGF (ndcg@10): 0.2689 (26.89%)
Epsilon: 0.0857
Early stop at generation 12: first feasible solution found
CPU time: 6.57 seconds
After optimization overall metric scores     : ndcg@10=0.3393 f1@10=0.1118
After optimization group 1 (active) scores   : ndcg@10=0.5032 f1@10=0.1833
After optimization group 2 (inactive) scores : ndcg@10=0.3259 f1@10=0.1059
After optimization UGF (f1@10): 0.0774 (7.74%) | UGF (ndcg@10): 0.1773 (17.73%)
UGF reduction: 0.0940 (54.8%)
Constraint satisfied: True
