GA Optimizer | Model:NCF | Dataset:dataset\5Beauty-rand | Group:0.05_count | K=10 | Fairness_metric=f1
GA Parameters | Pop:10 | Gen:1000 | Mut:0.3504 | Cross:0.7262
Adaptive Penalty | beta1:2.43 | beta2:1.88 | k:6
Before optimization overall scores           : ndcg@10=0.3513 f1@10=0.1244
Before optimization group 1 (active) scores  : ndcg@10=0.6176 f1@10=0.2910
Before optimization group 2 (inactive) scores: ndcg@10=0.3269 f1@10=0.1091
Before optimization UGF (f1@10): 0.1819 (18.19%) | UGF (ndcg@10): 0.2906 (29.06%)
Epsilon: 0.0909
Early stop at generation 12: first feasible solution found
CPU time: 6.59 seconds
After optimization overall metric scores     : ndcg@10=0.3380 f1@10=0.1110
After optimization group 1 (active) scores   : ndcg@10=0.5165 f1@10=0.1900
After optimization group 2 (inactive) scores : ndcg@10=0.3216 f1@10=0.1037
After optimization UGF (f1@10): 0.0863 (8.63%) | UGF (ndcg@10): 0.1949 (19.49%)
UGF reduction: 0.0956 (52.6%)
Constraint satisfied: True
GA Optimizer | Model:NCF | Dataset:dataset\5Beauty-rand | Group:0.05_count | K=10 | Fairness_metric=f1
GA Parameters | Pop:10 | Gen:1000 | Mut:0.3504 | Cross:0.7262
Adaptive Penalty | beta1:2.43 | beta2:1.88 | k:6
Before optimization overall scores           : ndcg@10=0.3513 f1@10=0.1244
Before optimization group 1 (active) scores  : ndcg@10=0.6176 f1@10=0.2910
Before optimization group 2 (inactive) scores: ndcg@10=0.3269 f1@10=0.1091
Before optimization UGF (f1@10): 0.1819 (18.19%) | UGF (ndcg@10): 0.2906 (29.06%)
Epsilon: 0.0909
Early stop at generation 12: first feasible solution found
CPU time: 6.54 seconds
After optimization overall metric scores     : ndcg@10=0.3370 f1@10=0.1109
After optimization group 1 (active) scores   : ndcg@10=0.5156 f1@10=0.1919
After optimization group 2 (inactive) scores : ndcg@10=0.3206 f1@10=0.1035
After optimization UGF (f1@10): 0.0884 (8.84%) | UGF (ndcg@10): 0.1950 (19.50%)
UGF reduction: 0.0935 (51.4%)
Constraint satisfied: True
GA Optimizer | Model:NCF | Dataset:dataset\5Beauty-rand | Group:0.05_count | K=10 | Fairness_metric=f1
GA Parameters | Pop:10 | Gen:1000 | Mut:0.3504 | Cross:0.7262
Adaptive Penalty | beta1:2.43 | beta2:1.88 | k:6
Before optimization overall scores           : ndcg@10=0.3513 f1@10=0.1244
Before optimization group 1 (active) scores  : ndcg@10=0.6176 f1@10=0.2910
Before optimization group 2 (inactive) scores: ndcg@10=0.3269 f1@10=0.1091
Before optimization UGF (f1@10): 0.1819 (18.19%) | UGF (ndcg@10): 0.2906 (29.06%)
Epsilon: 0.0909
Early stop at generation 12: first feasible solution found
CPU time: 6.56 seconds
After optimization overall metric scores     : ndcg@10=0.3383 f1@10=0.1112
After optimization group 1 (active) scores   : ndcg@10=0.5138 f1@10=0.1879
After optimization group 2 (inactive) scores : ndcg@10=0.3223 f1@10=0.1042
After optimization UGF (f1@10): 0.0837 (8.37%) | UGF (ndcg@10): 0.1916 (19.16%)
UGF reduction: 0.0981 (54.0%)
Constraint satisfied: True
GA Optimizer | Model:NCF | Dataset:dataset\5Beauty-rand | Group:0.05_count | K=10 | Fairness_metric=f1
GA Parameters | Pop:10 | Gen:1000 | Mut:0.3504 | Cross:0.7262
Adaptive Penalty | beta1:2.43 | beta2:1.88 | k:6
Before optimization overall scores           : ndcg@10=0.3513 f1@10=0.1244
Before optimization group 1 (active) scores  : ndcg@10=0.6176 f1@10=0.2910
Before optimization group 2 (inactive) scores: ndcg@10=0.3269 f1@10=0.1091
Before optimization UGF (f1@10): 0.1819 (18.19%) | UGF (ndcg@10): 0.2906 (29.06%)
Epsilon: 0.0909
Early stop at generation 12: first feasible solution found
CPU time: 6.56 seconds
After optimization overall metric scores     : ndcg@10=0.3377 f1@10=0.1109
After optimization group 1 (active) scores   : ndcg@10=0.5083 f1@10=0.1888
After optimization group 2 (inactive) scores : ndcg@10=0.3221 f1@10=0.1038
After optimization UGF (f1@10): 0.0850 (8.50%) | UGF (ndcg@10): 0.1862 (18.62%)
UGF reduction: 0.0969 (53.3%)
Constraint satisfied: True
GA Optimizer | Model:NCF | Dataset:dataset\5Beauty-rand | Group:0.05_count | K=10 | Fairness_metric=f1
GA Parameters | Pop:10 | Gen:1000 | Mut:0.3504 | Cross:0.7262
Adaptive Penalty | beta1:2.43 | beta2:1.88 | k:6
Before optimization overall scores           : ndcg@10=0.3513 f1@10=0.1244
Before optimization group 1 (active) scores  : ndcg@10=0.6176 f1@10=0.2910
Before optimization group 2 (inactive) scores: ndcg@10=0.3269 f1@10=0.1091
Before optimization UGF (f1@10): 0.1819 (18.19%) | UGF (ndcg@10): 0.2906 (29.06%)
Epsilon: 0.0909
Early stop at generation 12: first feasible solution found
CPU time: 6.61 seconds
After optimization overall metric scores     : ndcg@10=0.3387 f1@10=0.1104
After optimization group 1 (active) scores   : ndcg@10=0.5309 f1@10=0.1865
After optimization group 2 (inactive) scores : ndcg@10=0.3211 f1@10=0.1034
After optimization UGF (f1@10): 0.0831 (8.31%) | UGF (ndcg@10): 0.2098 (20.98%)
UGF reduction: 0.0988 (54.3%)
Constraint satisfied: True
GA Optimizer | Model:NCF | Dataset:dataset\5Beauty-rand | Group:0.05_count | K=10 | Fairness_metric=f1
GA Parameters | Pop:10 | Gen:1000 | Mut:0.3504 | Cross:0.7262
Adaptive Penalty | beta1:2.43 | beta2:1.88 | k:6
Before optimization overall scores           : ndcg@10=0.3513 f1@10=0.1244
Before optimization group 1 (active) scores  : ndcg@10=0.6176 f1@10=0.2910
Before optimization group 2 (inactive) scores: ndcg@10=0.3269 f1@10=0.1091
Before optimization UGF (f1@10): 0.1819 (18.19%) | UGF (ndcg@10): 0.2906 (29.06%)
Epsilon: 0.0909
Early stop at generation 12: first feasible solution found
CPU time: 6.80 seconds
After optimization overall metric scores     : ndcg@10=0.3370 f1@10=0.1105
After optimization group 1 (active) scores   : ndcg@10=0.5101 f1@10=0.1867
After optimization group 2 (inactive) scores : ndcg@10=0.3212 f1@10=0.1035
After optimization UGF (f1@10): 0.0832 (8.32%) | UGF (ndcg@10): 0.1889 (18.89%)
UGF reduction: 0.0987 (54.3%)
Constraint satisfied: True
GA Optimizer | Model:NCF | Dataset:dataset\5Beauty-rand | Group:0.05_count | K=10 | Fairness_metric=f1
GA Parameters | Pop:10 | Gen:1000 | Mut:0.3504 | Cross:0.7262
Adaptive Penalty | beta1:2.43 | beta2:1.88 | k:6
Before optimization overall scores           : ndcg@10=0.3513 f1@10=0.1244
Before optimization group 1 (active) scores  : ndcg@10=0.6176 f1@10=0.2910
Before optimization group 2 (inactive) scores: ndcg@10=0.3269 f1@10=0.1091
Before optimization UGF (f1@10): 0.1819 (18.19%) | UGF (ndcg@10): 0.2906 (29.06%)
Epsilon: 0.0909
Early stop at generation 12: first feasible solution found
CPU time: 6.57 seconds
After optimization overall metric scores     : ndcg@10=0.3375 f1@10=0.1112
After optimization group 1 (active) scores   : ndcg@10=0.5174 f1@10=0.1926
After optimization group 2 (inactive) scores : ndcg@10=0.3210 f1@10=0.1038
After optimization UGF (f1@10): 0.0888 (8.88%) | UGF (ndcg@10): 0.1964 (19.64%)
UGF reduction: 0.0931 (51.2%)
Constraint satisfied: True
GA Optimizer | Model:NCF | Dataset:dataset\5Beauty-rand | Group:0.05_count | K=10 | Fairness_metric=f1
GA Parameters | Pop:10 | Gen:1000 | Mut:0.3504 | Cross:0.7262
Adaptive Penalty | beta1:2.43 | beta2:1.88 | k:6
Before optimization overall scores           : ndcg@10=0.3513 f1@10=0.1244
Before optimization group 1 (active) scores  : ndcg@10=0.6176 f1@10=0.2910
Before optimization group 2 (inactive) scores: ndcg@10=0.3269 f1@10=0.1091
Before optimization UGF (f1@10): 0.1819 (18.19%) | UGF (ndcg@10): 0.2906 (29.06%)
Epsilon: 0.0909
Early stop at generation 12: first feasible solution found
CPU time: 6.60 seconds
After optimization overall metric scores     : ndcg@10=0.3372 f1@10=0.1109
After optimization group 1 (active) scores   : ndcg@10=0.5049 f1@10=0.1875
After optimization group 2 (inactive) scores : ndcg@10=0.3218 f1@10=0.1039
After optimization UGF (f1@10): 0.0836 (8.36%) | UGF (ndcg@10): 0.1831 (18.31%)
UGF reduction: 0.0982 (54.0%)
Constraint satisfied: True
GA Optimizer | Model:NCF | Dataset:dataset\5Beauty-rand | Group:0.05_count | K=10 | Fairness_metric=f1
GA Parameters | Pop:10 | Gen:1000 | Mut:0.3504 | Cross:0.7262
Adaptive Penalty | beta1:2.43 | beta2:1.88 | k:6
Before optimization overall scores           : ndcg@10=0.3513 f1@10=0.1244
Before optimization group 1 (active) scores  : ndcg@10=0.6176 f1@10=0.2910
Before optimization group 2 (inactive) scores: ndcg@10=0.3269 f1@10=0.1091
Before optimization UGF (f1@10): 0.1819 (18.19%) | UGF (ndcg@10): 0.2906 (29.06%)
Epsilon: 0.0909
Early stop at generation 12: first feasible solution found
CPU time: 6.61 seconds
After optimization overall metric scores     : ndcg@10=0.3381 f1@10=0.1110
After optimization group 1 (active) scores   : ndcg@10=0.5071 f1@10=0.1879
After optimization group 2 (inactive) scores : ndcg@10=0.3226 f1@10=0.1040
After optimization UGF (f1@10): 0.0838 (8.38%) | UGF (ndcg@10): 0.1844 (18.44%)
UGF reduction: 0.0980 (53.9%)
Constraint satisfied: True
GA Optimizer | Model:NCF | Dataset:dataset\5Beauty-rand | Group:0.05_count | K=10 | Fairness_metric=f1
GA Parameters | Pop:10 | Gen:1000 | Mut:0.3504 | Cross:0.7262
Adaptive Penalty | beta1:2.43 | beta2:1.88 | k:6
Before optimization overall scores           : ndcg@10=0.3513 f1@10=0.1244
Before optimization group 1 (active) scores  : ndcg@10=0.6176 f1@10=0.2910
Before optimization group 2 (inactive) scores: ndcg@10=0.3269 f1@10=0.1091
Before optimization UGF (f1@10): 0.1819 (18.19%) | UGF (ndcg@10): 0.2906 (29.06%)
Epsilon: 0.0909
Early stop at generation 12: first feasible solution found
CPU time: 6.57 seconds
After optimization overall metric scores     : ndcg@10=0.3374 f1@10=0.1107
After optimization group 1 (active) scores   : ndcg@10=0.5092 f1@10=0.1898
After optimization group 2 (inactive) scores : ndcg@10=0.3217 f1@10=0.1034
After optimization UGF (f1@10): 0.0864 (8.64%) | UGF (ndcg@10): 0.1875 (18.75%)
UGF reduction: 0.0955 (52.5%)
Constraint satisfied: True
GA Optimizer | Model:NCF | Dataset:dataset\5Beauty-rand | Group:0.05_count | K=10 | Fairness_metric=f1
GA Parameters | Pop:10 | Gen:1000 | Mut:0.3504 | Cross:0.7262
Adaptive Penalty | beta1:2.43 | beta2:1.88 | k:6
Before optimization overall scores           : ndcg@10=0.3513 f1@10=0.1244
Before optimization group 1 (active) scores  : ndcg@10=0.6176 f1@10=0.2910
Before optimization group 2 (inactive) scores: ndcg@10=0.3269 f1@10=0.1091
Before optimization UGF (f1@10): 0.1819 (18.19%) | UGF (ndcg@10): 0.2906 (29.06%)
Epsilon: 0.0909
Early stop at generation 12: first feasible solution found
CPU time: 6.62 seconds
After optimization overall metric scores     : ndcg@10=0.3383 f1@10=0.1105
After optimization group 1 (active) scores   : ndcg@10=0.5170 f1@10=0.1881
After optimization group 2 (inactive) scores : ndcg@10=0.3219 f1@10=0.1034
After optimization UGF (f1@10): 0.0848 (8.48%) | UGF (ndcg@10): 0.1951 (19.51%)
UGF reduction: 0.0971 (53.4%)
Constraint satisfied: True
GA Optimizer | Model:NCF | Dataset:dataset\5Beauty-rand | Group:0.05_count | K=10 | Fairness_metric=f1
GA Parameters | Pop:10 | Gen:1000 | Mut:0.3504 | Cross:0.7262
Adaptive Penalty | beta1:2.43 | beta2:1.88 | k:6
Before optimization overall scores           : ndcg@10=0.3513 f1@10=0.1244
Before optimization group 1 (active) scores  : ndcg@10=0.6176 f1@10=0.2910
Before optimization group 2 (inactive) scores: ndcg@10=0.3269 f1@10=0.1091
Before optimization UGF (f1@10): 0.1819 (18.19%) | UGF (ndcg@10): 0.2906 (29.06%)
Epsilon: 0.0909
Early stop at generation 12: first feasible solution found
CPU time: 6.60 seconds
After optimization overall metric scores     : ndcg@10=0.3378 f1@10=0.1106
After optimization group 1 (active) scores   : ndcg@10=0.5218 f1@10=0.1889
After optimization group 2 (inactive) scores : ndcg@10=0.3209 f1@10=0.1035
After optimization UGF (f1@10): 0.0854 (8.54%) | UGF (ndcg@10): 0.2009 (20.09%)
UGF reduction: 0.0964 (53.0%)
Constraint satisfied: True
GA Optimizer | Model:NCF | Dataset:dataset\5Beauty-rand | Group:0.05_count | K=10 | Fairness_metric=f1
GA Parameters | Pop:10 | Gen:1000 | Mut:0.3504 | Cross:0.7262
Adaptive Penalty | beta1:2.43 | beta2:1.88 | k:6
Before optimization overall scores           : ndcg@10=0.3513 f1@10=0.1244
Before optimization group 1 (active) scores  : ndcg@10=0.6176 f1@10=0.2910
Before optimization group 2 (inactive) scores: ndcg@10=0.3269 f1@10=0.1091
Before optimization UGF (f1@10): 0.1819 (18.19%) | UGF (ndcg@10): 0.2906 (29.06%)
Epsilon: 0.0909
Early stop at generation 12: first feasible solution found
CPU time: 6.69 seconds
After optimization overall metric scores     : ndcg@10=0.3357 f1@10=0.1101
After optimization group 1 (active) scores   : ndcg@10=0.4951 f1@10=0.1869
After optimization group 2 (inactive) scores : ndcg@10=0.3212 f1@10=0.1031
After optimization UGF (f1@10): 0.0838 (8.38%) | UGF (ndcg@10): 0.1740 (17.40%)
UGF reduction: 0.0981 (53.9%)
Constraint satisfied: True
GA Optimizer | Model:NCF | Dataset:dataset\5Beauty-rand | Group:0.05_count | K=10 | Fairness_metric=f1
GA Parameters | Pop:10 | Gen:1000 | Mut:0.3504 | Cross:0.7262
Adaptive Penalty | beta1:2.43 | beta2:1.88 | k:6
Before optimization overall scores           : ndcg@10=0.3513 f1@10=0.1244
Before optimization group 1 (active) scores  : ndcg@10=0.6176 f1@10=0.2910
Before optimization group 2 (inactive) scores: ndcg@10=0.3269 f1@10=0.1091
Before optimization UGF (f1@10): 0.1819 (18.19%) | UGF (ndcg@10): 0.2906 (29.06%)
Epsilon: 0.0909
Early stop at generation 12: first feasible solution found
CPU time: 6.60 seconds
After optimization overall metric scores     : ndcg@10=0.3378 f1@10=0.1112
After optimization group 1 (active) scores   : ndcg@10=0.5176 f1@10=0.1917
After optimization group 2 (inactive) scores : ndcg@10=0.3213 f1@10=0.1039
After optimization UGF (f1@10): 0.0879 (8.79%) | UGF (ndcg@10): 0.1963 (19.63%)
UGF reduction: 0.0940 (51.7%)
Constraint satisfied: True
GA Optimizer | Model:NCF | Dataset:dataset\5Beauty-rand | Group:0.05_count | K=10 | Fairness_metric=f1
GA Parameters | Pop:10 | Gen:1000 | Mut:0.3504 | Cross:0.7262
Adaptive Penalty | beta1:2.43 | beta2:1.88 | k:6
Before optimization overall scores           : ndcg@10=0.3513 f1@10=0.1244
Before optimization group 1 (active) scores  : ndcg@10=0.6176 f1@10=0.2910
Before optimization group 2 (inactive) scores: ndcg@10=0.3269 f1@10=0.1091
Before optimization UGF (f1@10): 0.1819 (18.19%) | UGF (ndcg@10): 0.2906 (29.06%)
Epsilon: 0.0909
Early stop at generation 12: first feasible solution found
CPU time: 6.63 seconds
After optimization overall metric scores     : ndcg@10=0.3376 f1@10=0.1107
After optimization group 1 (active) scores   : ndcg@10=0.5190 f1@10=0.1915
After optimization group 2 (inactive) scores : ndcg@10=0.3210 f1@10=0.1033
After optimization UGF (f1@10): 0.0882 (8.82%) | UGF (ndcg@10): 0.1980 (19.80%)
UGF reduction: 0.0936 (51.5%)
Constraint satisfied: True
GA Optimizer | Model:NCF | Dataset:dataset\5Beauty-rand | Group:0.05_count | K=10 | Fairness_metric=f1
GA Parameters | Pop:10 | Gen:1000 | Mut:0.3504 | Cross:0.7262
Adaptive Penalty | beta1:2.43 | beta2:1.88 | k:6
Before optimization overall scores           : ndcg@10=0.3513 f1@10=0.1244
Before optimization group 1 (active) scores  : ndcg@10=0.6176 f1@10=0.2910
Before optimization group 2 (inactive) scores: ndcg@10=0.3269 f1@10=0.1091
Before optimization UGF (f1@10): 0.1819 (18.19%) | UGF (ndcg@10): 0.2906 (29.06%)
Epsilon: 0.0909
Early stop at generation 12: first feasible solution found
CPU time: 6.62 seconds
After optimization overall metric scores     : ndcg@10=0.3384 f1@10=0.1106
After optimization group 1 (active) scores   : ndcg@10=0.5204 f1@10=0.1867
After optimization group 2 (inactive) scores : ndcg@10=0.3218 f1@10=0.1036
After optimization UGF (f1@10): 0.0831 (8.31%) | UGF (ndcg@10): 0.1987 (19.87%)
UGF reduction: 0.0988 (54.3%)
Constraint satisfied: True
GA Optimizer | Model:NCF | Dataset:dataset\5Beauty-rand | Group:0.05_count | K=10 | Fairness_metric=f1
GA Parameters | Pop:10 | Gen:1000 | Mut:0.3504 | Cross:0.7262
Adaptive Penalty | beta1:2.43 | beta2:1.88 | k:6
Before optimization overall scores           : ndcg@10=0.3513 f1@10=0.1244
Before optimization group 1 (active) scores  : ndcg@10=0.6176 f1@10=0.2910
Before optimization group 2 (inactive) scores: ndcg@10=0.3269 f1@10=0.1091
Before optimization UGF (f1@10): 0.1819 (18.19%) | UGF (ndcg@10): 0.2906 (29.06%)
Epsilon: 0.0909
Early stop at generation 12: first feasible solution found
CPU time: 6.59 seconds
After optimization overall metric scores     : ndcg@10=0.3371 f1@10=0.1104
After optimization group 1 (active) scores   : ndcg@10=0.5127 f1@10=0.1888
After optimization group 2 (inactive) scores : ndcg@10=0.3211 f1@10=0.1033
After optimization UGF (f1@10): 0.0855 (8.55%) | UGF (ndcg@10): 0.1917 (19.17%)
UGF reduction: 0.0964 (53.0%)
Constraint satisfied: True
GA Optimizer | Model:NCF | Dataset:dataset\5Beauty-rand | Group:0.05_count | K=10 | Fairness_metric=f1
GA Parameters | Pop:10 | Gen:1000 | Mut:0.3504 | Cross:0.7262
Adaptive Penalty | beta1:2.43 | beta2:1.88 | k:6
Before optimization overall scores           : ndcg@10=0.3513 f1@10=0.1244
Before optimization group 1 (active) scores  : ndcg@10=0.6176 f1@10=0.2910
Before optimization group 2 (inactive) scores: ndcg@10=0.3269 f1@10=0.1091
Before optimization UGF (f1@10): 0.1819 (18.19%) | UGF (ndcg@10): 0.2906 (29.06%)
Epsilon: 0.0909
Early stop at generation 12: first feasible solution found
CPU time: 6.61 seconds
After optimization overall metric scores     : ndcg@10=0.3377 f1@10=0.1098
After optimization group 1 (active) scores   : ndcg@10=0.5259 f1@10=0.1861
After optimization group 2 (inactive) scores : ndcg@10=0.3205 f1@10=0.1028
After optimization UGF (f1@10): 0.0833 (8.33%) | UGF (ndcg@10): 0.2054 (20.54%)
UGF reduction: 0.0985 (54.2%)
Constraint satisfied: True
GA Optimizer | Model:NCF | Dataset:dataset\5Beauty-rand | Group:0.05_count | K=10 | Fairness_metric=f1
GA Parameters | Pop:10 | Gen:1000 | Mut:0.3504 | Cross:0.7262
Adaptive Penalty | beta1:2.43 | beta2:1.88 | k:6
Before optimization overall scores           : ndcg@10=0.3513 f1@10=0.1244
Before optimization group 1 (active) scores  : ndcg@10=0.6176 f1@10=0.2910
Before optimization group 2 (inactive) scores: ndcg@10=0.3269 f1@10=0.1091
Before optimization UGF (f1@10): 0.1819 (18.19%) | UGF (ndcg@10): 0.2906 (29.06%)
Epsilon: 0.0909
Early stop at generation 12: first feasible solution found
CPU time: 6.79 seconds
After optimization overall metric scores     : ndcg@10=0.3381 f1@10=0.1110
After optimization group 1 (active) scores   : ndcg@10=0.5168 f1@10=0.1900
After optimization group 2 (inactive) scores : ndcg@10=0.3217 f1@10=0.1037
After optimization UGF (f1@10): 0.0863 (8.63%) | UGF (ndcg@10): 0.1951 (19.51%)
UGF reduction: 0.0956 (52.6%)
Constraint satisfied: True
GA Optimizer | Model:NCF | Dataset:dataset\5Beauty-rand | Group:0.05_count | K=10 | Fairness_metric=f1
GA Parameters | Pop:10 | Gen:1000 | Mut:0.3504 | Cross:0.7262
Adaptive Penalty | beta1:2.43 | beta2:1.88 | k:6
Before optimization overall scores           : ndcg@10=0.3513 f1@10=0.1244
Before optimization group 1 (active) scores  : ndcg@10=0.6176 f1@10=0.2910
Before optimization group 2 (inactive) scores: ndcg@10=0.3269 f1@10=0.1091
Before optimization UGF (f1@10): 0.1819 (18.19%) | UGF (ndcg@10): 0.2906 (29.06%)
Epsilon: 0.0909
Early stop at generation 12: first feasible solution found
CPU time: 6.55 seconds
After optimization overall metric scores     : ndcg@10=0.3378 f1@10=0.1108
After optimization group 1 (active) scores   : ndcg@10=0.5106 f1@10=0.1847
After optimization group 2 (inactive) scores : ndcg@10=0.3220 f1@10=0.1040
After optimization UGF (f1@10): 0.0807 (8.07%) | UGF (ndcg@10): 0.1886 (18.86%)
UGF reduction: 0.1012 (55.6%)
Constraint satisfied: True
GA Optimizer | Model:NCF | Dataset:dataset\5Beauty-rand | Group:0.05_count | K=10 | Fairness_metric=f1
GA Parameters | Pop:10 | Gen:1000 | Mut:0.3504 | Cross:0.7262
Adaptive Penalty | beta1:2.43 | beta2:1.88 | k:6
Before optimization overall scores           : ndcg@10=0.3513 f1@10=0.1244
Before optimization group 1 (active) scores  : ndcg@10=0.6176 f1@10=0.2910
Before optimization group 2 (inactive) scores: ndcg@10=0.3269 f1@10=0.1091
Before optimization UGF (f1@10): 0.1819 (18.19%) | UGF (ndcg@10): 0.2906 (29.06%)
Epsilon: 0.0909
Early stop at generation 12: first feasible solution found
CPU time: 6.56 seconds
After optimization overall metric scores     : ndcg@10=0.3367 f1@10=0.1106
After optimization group 1 (active) scores   : ndcg@10=0.4981 f1@10=0.1819
After optimization group 2 (inactive) scores : ndcg@10=0.3219 f1@10=0.1041
After optimization UGF (f1@10): 0.0778 (7.78%) | UGF (ndcg@10): 0.1762 (17.62%)
UGF reduction: 0.1041 (57.2%)
Constraint satisfied: True
GA Optimizer | Model:NCF | Dataset:dataset\5Beauty-rand | Group:0.05_count | K=10 | Fairness_metric=f1
GA Parameters | Pop:10 | Gen:1000 | Mut:0.3504 | Cross:0.7262
Adaptive Penalty | beta1:2.43 | beta2:1.88 | k:6
Before optimization overall scores           : ndcg@10=0.3513 f1@10=0.1244
Before optimization group 1 (active) scores  : ndcg@10=0.6176 f1@10=0.2910
Before optimization group 2 (inactive) scores: ndcg@10=0.3269 f1@10=0.1091
Before optimization UGF (f1@10): 0.1819 (18.19%) | UGF (ndcg@10): 0.2906 (29.06%)
Epsilon: 0.0909
Early stop at generation 12: first feasible solution found
CPU time: 6.59 seconds
After optimization overall metric scores     : ndcg@10=0.3373 f1@10=0.1108
After optimization group 1 (active) scores   : ndcg@10=0.5120 f1@10=0.1909
After optimization group 2 (inactive) scores : ndcg@10=0.3213 f1@10=0.1035
After optimization UGF (f1@10): 0.0874 (8.74%) | UGF (ndcg@10): 0.1907 (19.07%)
UGF reduction: 0.0945 (51.9%)
Constraint satisfied: True
GA Optimizer | Model:NCF | Dataset:dataset\5Beauty-rand | Group:0.05_count | K=10 | Fairness_metric=f1
GA Parameters | Pop:10 | Gen:1000 | Mut:0.3504 | Cross:0.7262
Adaptive Penalty | beta1:2.43 | beta2:1.88 | k:6
Before optimization overall scores           : ndcg@10=0.3513 f1@10=0.1244
Before optimization group 1 (active) scores  : ndcg@10=0.6176 f1@10=0.2910
Before optimization group 2 (inactive) scores: ndcg@10=0.3269 f1@10=0.1091
Before optimization UGF (f1@10): 0.1819 (18.19%) | UGF (ndcg@10): 0.2906 (29.06%)
Epsilon: 0.0909
Early stop at generation 12: first feasible solution found
CPU time: 6.59 seconds
After optimization overall metric scores     : ndcg@10=0.3380 f1@10=0.1111
After optimization group 1 (active) scores   : ndcg@10=0.5145 f1@10=0.1893
After optimization group 2 (inactive) scores : ndcg@10=0.3218 f1@10=0.1040
After optimization UGF (f1@10): 0.0854 (8.54%) | UGF (ndcg@10): 0.1927 (19.27%)
UGF reduction: 0.0965 (53.1%)
Constraint satisfied: True
GA Optimizer | Model:NCF | Dataset:dataset\5Beauty-rand | Group:0.05_count | K=10 | Fairness_metric=f1
GA Parameters | Pop:10 | Gen:1000 | Mut:0.3504 | Cross:0.7262
Adaptive Penalty | beta1:2.43 | beta2:1.88 | k:6
Before optimization overall scores           : ndcg@10=0.3513 f1@10=0.1244
Before optimization group 1 (active) scores  : ndcg@10=0.6176 f1@10=0.2910
Before optimization group 2 (inactive) scores: ndcg@10=0.3269 f1@10=0.1091
Before optimization UGF (f1@10): 0.1819 (18.19%) | UGF (ndcg@10): 0.2906 (29.06%)
Epsilon: 0.0909
Early stop at generation 12: first feasible solution found
CPU time: 6.60 seconds
After optimization overall metric scores     : ndcg@10=0.3384 f1@10=0.1115
After optimization group 1 (active) scores   : ndcg@10=0.5186 f1@10=0.1902
After optimization group 2 (inactive) scores : ndcg@10=0.3219 f1@10=0.1043
After optimization UGF (f1@10): 0.0859 (8.59%) | UGF (ndcg@10): 0.1967 (19.67%)
UGF reduction: 0.0959 (52.8%)
Constraint satisfied: True
GA Optimizer | Model:NCF | Dataset:dataset\5Beauty-rand | Group:0.05_count | K=10 | Fairness_metric=f1
GA Parameters | Pop:10 | Gen:1000 | Mut:0.3504 | Cross:0.7262
Adaptive Penalty | beta1:2.43 | beta2:1.88 | k:6
Before optimization overall scores           : ndcg@10=0.3513 f1@10=0.1244
Before optimization group 1 (active) scores  : ndcg@10=0.6176 f1@10=0.2910
Before optimization group 2 (inactive) scores: ndcg@10=0.3269 f1@10=0.1091
Before optimization UGF (f1@10): 0.1819 (18.19%) | UGF (ndcg@10): 0.2906 (29.06%)
Epsilon: 0.0909
Early stop at generation 12: first feasible solution found
CPU time: 6.53 seconds
After optimization overall metric scores     : ndcg@10=0.3376 f1@10=0.1107
After optimization group 1 (active) scores   : ndcg@10=0.5071 f1@10=0.1855
After optimization group 2 (inactive) scores : ndcg@10=0.3221 f1@10=0.1038
After optimization UGF (f1@10): 0.0817 (8.17%) | UGF (ndcg@10): 0.1850 (18.50%)
UGF reduction: 0.1002 (55.1%)
Constraint satisfied: True
GA Optimizer | Model:NCF | Dataset:dataset\5Beauty-rand | Group:0.05_count | K=10 | Fairness_metric=f1
GA Parameters | Pop:10 | Gen:1000 | Mut:0.3504 | Cross:0.7262
Adaptive Penalty | beta1:2.43 | beta2:1.88 | k:6
Before optimization overall scores           : ndcg@10=0.3513 f1@10=0.1244
Before optimization group 1 (active) scores  : ndcg@10=0.6176 f1@10=0.2910
Before optimization group 2 (inactive) scores: ndcg@10=0.3269 f1@10=0.1091
Before optimization UGF (f1@10): 0.1819 (18.19%) | UGF (ndcg@10): 0.2906 (29.06%)
Epsilon: 0.0909
Early stop at generation 12: first feasible solution found
CPU time: 6.57 seconds
After optimization overall metric scores     : ndcg@10=0.3357 f1@10=0.1096
After optimization group 1 (active) scores   : ndcg@10=0.5043 f1@10=0.1860
After optimization group 2 (inactive) scores : ndcg@10=0.3203 f1@10=0.1026
After optimization UGF (f1@10): 0.0834 (8.34%) | UGF (ndcg@10): 0.1840 (18.40%)
UGF reduction: 0.0984 (54.1%)
Constraint satisfied: True
GA Optimizer | Model:NCF | Dataset:dataset\5Beauty-rand | Group:0.05_count | K=10 | Fairness_metric=f1
GA Parameters | Pop:10 | Gen:1000 | Mut:0.3504 | Cross:0.7262
Adaptive Penalty | beta1:2.43 | beta2:1.88 | k:6
Before optimization overall scores           : ndcg@10=0.3513 f1@10=0.1244
Before optimization group 1 (active) scores  : ndcg@10=0.6176 f1@10=0.2910
Before optimization group 2 (inactive) scores: ndcg@10=0.3269 f1@10=0.1091
Before optimization UGF (f1@10): 0.1819 (18.19%) | UGF (ndcg@10): 0.2906 (29.06%)
Epsilon: 0.0909
Early stop at generation 12: first feasible solution found
CPU time: 6.57 seconds
After optimization overall metric scores     : ndcg@10=0.3371 f1@10=0.1107
After optimization group 1 (active) scores   : ndcg@10=0.5112 f1@10=0.1903
After optimization group 2 (inactive) scores : ndcg@10=0.3212 f1@10=0.1034
After optimization UGF (f1@10): 0.0869 (8.69%) | UGF (ndcg@10): 0.1900 (19.00%)
UGF reduction: 0.0949 (52.2%)
Constraint satisfied: True
GA Optimizer | Model:NCF | Dataset:dataset\5Beauty-rand | Group:0.05_count | K=10 | Fairness_metric=f1
GA Parameters | Pop:10 | Gen:1000 | Mut:0.3504 | Cross:0.7262
Adaptive Penalty | beta1:2.43 | beta2:1.88 | k:6
Before optimization overall scores           : ndcg@10=0.3513 f1@10=0.1244
Before optimization group 1 (active) scores  : ndcg@10=0.6176 f1@10=0.2910
Before optimization group 2 (inactive) scores: ndcg@10=0.3269 f1@10=0.1091
Before optimization UGF (f1@10): 0.1819 (18.19%) | UGF (ndcg@10): 0.2906 (29.06%)
Epsilon: 0.0909
Early stop at generation 12: first feasible solution found
CPU time: 6.76 seconds
After optimization overall metric scores     : ndcg@10=0.3372 f1@10=0.1109
After optimization group 1 (active) scores   : ndcg@10=0.5035 f1@10=0.1865
After optimization group 2 (inactive) scores : ndcg@10=0.3220 f1@10=0.1040
After optimization UGF (f1@10): 0.0825 (8.25%) | UGF (ndcg@10): 0.1815 (18.15%)
UGF reduction: 0.0994 (54.7%)
Constraint satisfied: True
GA Optimizer | Model:NCF | Dataset:dataset\5Beauty-rand | Group:0.05_count | K=10 | Fairness_metric=f1
GA Parameters | Pop:10 | Gen:1000 | Mut:0.3504 | Cross:0.7262
Adaptive Penalty | beta1:2.43 | beta2:1.88 | k:6
Before optimization overall scores           : ndcg@10=0.3513 f1@10=0.1244
Before optimization group 1 (active) scores  : ndcg@10=0.6176 f1@10=0.2910
Before optimization group 2 (inactive) scores: ndcg@10=0.3269 f1@10=0.1091
Before optimization UGF (f1@10): 0.1819 (18.19%) | UGF (ndcg@10): 0.2906 (29.06%)
Epsilon: 0.0909
Early stop at generation 12: first feasible solution found
CPU time: 6.56 seconds
After optimization overall metric scores     : ndcg@10=0.3385 f1@10=0.1107
After optimization group 1 (active) scores   : ndcg@10=0.5285 f1@10=0.1913
After optimization group 2 (inactive) scores : ndcg@10=0.3211 f1@10=0.1033
After optimization UGF (f1@10): 0.0881 (8.81%) | UGF (ndcg@10): 0.2074 (20.74%)
UGF reduction: 0.0938 (51.6%)
Constraint satisfied: True
GA Optimizer | Model:NCF | Dataset:dataset\5Beauty-rand | Group:0.05_count | K=10 | Fairness_metric=f1
GA Parameters | Pop:10 | Gen:1000 | Mut:0.3504 | Cross:0.7262
Adaptive Penalty | beta1:2.43 | beta2:1.88 | k:6
Before optimization overall scores           : ndcg@10=0.3513 f1@10=0.1244
Before optimization group 1 (active) scores  : ndcg@10=0.6176 f1@10=0.2910
Before optimization group 2 (inactive) scores: ndcg@10=0.3269 f1@10=0.1091
Before optimization UGF (f1@10): 0.1819 (18.19%) | UGF (ndcg@10): 0.2906 (29.06%)
Epsilon: 0.0909
Early stop at generation 12: first feasible solution found
CPU time: 6.56 seconds
After optimization overall metric scores     : ndcg@10=0.3376 f1@10=0.1101
After optimization group 1 (active) scores   : ndcg@10=0.5216 f1@10=0.1857
After optimization group 2 (inactive) scores : ndcg@10=0.3208 f1@10=0.1032
After optimization UGF (f1@10): 0.0825 (8.25%) | UGF (ndcg@10): 0.2008 (20.08%)
UGF reduction: 0.0994 (54.6%)
Constraint satisfied: True
