GA Optimizer | Model:biasedMF | Dataset:dataset\5Health-rand | Group:0.05_count | K=10 | Fairness_metric=f1
GA Parameters | Pop:10 | Gen:1000 | Mut:0.3504 | Cross:0.7262
Adaptive Penalty | beta1:2.43 | beta2:1.88 | k:6
Before optimization overall scores           : ndcg@10=0.4137 f1@10=0.1392
Before optimization group 1 (active) scores  : ndcg@10=0.6655 f1@10=0.3306
Before optimization group 2 (inactive) scores: ndcg@10=0.3901 f1@10=0.1213
Before optimization UGF (f1@10): 0.2093 (20.93%) | UGF (ndcg@10): 0.2754 (27.54%)
Epsilon: 0.1046
Early stop at generation 12: first feasible solution found
CPU time: 11.41 seconds
After optimization overall metric scores     : ndcg@10=0.4007 f1@10=0.1248
After optimization group 1 (active) scores   : ndcg@10=0.5652 f1@10=0.2191
After optimization group 2 (inactive) scores : ndcg@10=0.3853 f1@10=0.1160
After optimization UGF (f1@10): 0.1031 (10.31%) | UGF (ndcg@10): 0.1799 (17.99%)
UGF reduction: 0.1062 (50.8%)
Constraint satisfied: True
GA Optimizer | Model:biasedMF | Dataset:dataset\5Health-rand | Group:0.05_count | K=10 | Fairness_metric=f1
GA Parameters | Pop:10 | Gen:1000 | Mut:0.3504 | Cross:0.7262
Adaptive Penalty | beta1:2.43 | beta2:1.88 | k:6
Before optimization overall scores           : ndcg@10=0.4137 f1@10=0.1392
Before optimization group 1 (active) scores  : ndcg@10=0.6655 f1@10=0.3306
Before optimization group 2 (inactive) scores: ndcg@10=0.3901 f1@10=0.1213
Before optimization UGF (f1@10): 0.2093 (20.93%) | UGF (ndcg@10): 0.2754 (27.54%)
Epsilon: 0.1046
Early stop at generation 12: first feasible solution found
CPU time: 11.34 seconds
After optimization overall metric scores     : ndcg@10=0.4004 f1@10=0.1250
After optimization group 1 (active) scores   : ndcg@10=0.5589 f1@10=0.2155
After optimization group 2 (inactive) scores : ndcg@10=0.3855 f1@10=0.1165
After optimization UGF (f1@10): 0.0990 (9.90%) | UGF (ndcg@10): 0.1734 (17.34%)
UGF reduction: 0.1103 (52.7%)
Constraint satisfied: True
GA Optimizer | Model:biasedMF | Dataset:dataset\5Health-rand | Group:0.05_count | K=10 | Fairness_metric=f1
GA Parameters | Pop:10 | Gen:1000 | Mut:0.3504 | Cross:0.7262
Adaptive Penalty | beta1:2.43 | beta2:1.88 | k:6
Before optimization overall scores           : ndcg@10=0.4137 f1@10=0.1392
Before optimization group 1 (active) scores  : ndcg@10=0.6655 f1@10=0.3306
Before optimization group 2 (inactive) scores: ndcg@10=0.3901 f1@10=0.1213
Before optimization UGF (f1@10): 0.2093 (20.93%) | UGF (ndcg@10): 0.2754 (27.54%)
Epsilon: 0.1046
Early stop at generation 12: first feasible solution found
CPU time: 11.70 seconds
After optimization overall metric scores     : ndcg@10=0.4011 f1@10=0.1252
After optimization group 1 (active) scores   : ndcg@10=0.5658 f1@10=0.2167
After optimization group 2 (inactive) scores : ndcg@10=0.3857 f1@10=0.1167
After optimization UGF (f1@10): 0.1000 (10.00%) | UGF (ndcg@10): 0.1801 (18.01%)
UGF reduction: 0.1092 (52.2%)
Constraint satisfied: True
GA Optimizer | Model:biasedMF | Dataset:dataset\5Health-rand | Group:0.05_count | K=10 | Fairness_metric=f1
GA Parameters | Pop:10 | Gen:1000 | Mut:0.3504 | Cross:0.7262
Adaptive Penalty | beta1:2.43 | beta2:1.88 | k:6
Before optimization overall scores           : ndcg@10=0.4137 f1@10=0.1392
Before optimization group 1 (active) scores  : ndcg@10=0.6655 f1@10=0.3306
Before optimization group 2 (inactive) scores: ndcg@10=0.3901 f1@10=0.1213
Before optimization UGF (f1@10): 0.2093 (20.93%) | UGF (ndcg@10): 0.2754 (27.54%)
Epsilon: 0.1046
Early stop at generation 12: first feasible solution found
CPU time: 11.34 seconds
After optimization overall metric scores     : ndcg@10=0.4003 f1@10=0.1244
After optimization group 1 (active) scores   : ndcg@10=0.5680 f1@10=0.2188
After optimization group 2 (inactive) scores : ndcg@10=0.3846 f1@10=0.1156
After optimization UGF (f1@10): 0.1032 (10.32%) | UGF (ndcg@10): 0.1834 (18.34%)
UGF reduction: 0.1060 (50.7%)
Constraint satisfied: True
GA Optimizer | Model:biasedMF | Dataset:dataset\5Health-rand | Group:0.05_count | K=10 | Fairness_metric=f1
GA Parameters | Pop:10 | Gen:1000 | Mut:0.3504 | Cross:0.7262
Adaptive Penalty | beta1:2.43 | beta2:1.88 | k:6
Before optimization overall scores           : ndcg@10=0.4137 f1@10=0.1392
Before optimization group 1 (active) scores  : ndcg@10=0.6655 f1@10=0.3306
Before optimization group 2 (inactive) scores: ndcg@10=0.3901 f1@10=0.1213
Before optimization UGF (f1@10): 0.2093 (20.93%) | UGF (ndcg@10): 0.2754 (27.54%)
Epsilon: 0.1046
Early stop at generation 12: first feasible solution found
CPU time: 11.42 seconds
After optimization overall metric scores     : ndcg@10=0.4001 f1@10=0.1246
After optimization group 1 (active) scores   : ndcg@10=0.5629 f1@10=0.2179
After optimization group 2 (inactive) scores : ndcg@10=0.3849 f1@10=0.1159
After optimization UGF (f1@10): 0.1020 (10.20%) | UGF (ndcg@10): 0.1780 (17.80%)
UGF reduction: 0.1072 (51.2%)
Constraint satisfied: True
GA Optimizer | Model:biasedMF | Dataset:dataset\5Health-rand | Group:0.05_count | K=10 | Fairness_metric=f1
GA Parameters | Pop:10 | Gen:1000 | Mut:0.3504 | Cross:0.7262
Adaptive Penalty | beta1:2.43 | beta2:1.88 | k:6
Before optimization overall scores           : ndcg@10=0.4137 f1@10=0.1392
Before optimization group 1 (active) scores  : ndcg@10=0.6655 f1@10=0.3306
Before optimization group 2 (inactive) scores: ndcg@10=0.3901 f1@10=0.1213
Before optimization UGF (f1@10): 0.2093 (20.93%) | UGF (ndcg@10): 0.2754 (27.54%)
Epsilon: 0.1046
Early stop at generation 12: first feasible solution found
CPU time: 11.41 seconds
After optimization overall metric scores     : ndcg@10=0.4008 f1@10=0.1243
After optimization group 1 (active) scores   : ndcg@10=0.5701 f1@10=0.2158
After optimization group 2 (inactive) scores : ndcg@10=0.3850 f1@10=0.1158
After optimization UGF (f1@10): 0.1000 (10.00%) | UGF (ndcg@10): 0.1850 (18.50%)
UGF reduction: 0.1093 (52.2%)
Constraint satisfied: True
GA Optimizer | Model:biasedMF | Dataset:dataset\5Health-rand | Group:0.05_count | K=10 | Fairness_metric=f1
GA Parameters | Pop:10 | Gen:1000 | Mut:0.3504 | Cross:0.7262
Adaptive Penalty | beta1:2.43 | beta2:1.88 | k:6
Before optimization overall scores           : ndcg@10=0.4137 f1@10=0.1392
Before optimization group 1 (active) scores  : ndcg@10=0.6655 f1@10=0.3306
Before optimization group 2 (inactive) scores: ndcg@10=0.3901 f1@10=0.1213
Before optimization UGF (f1@10): 0.2093 (20.93%) | UGF (ndcg@10): 0.2754 (27.54%)
Epsilon: 0.1046
Early stop at generation 12: first feasible solution found
CPU time: 11.41 seconds
After optimization overall metric scores     : ndcg@10=0.4001 f1@10=0.1241
After optimization group 1 (active) scores   : ndcg@10=0.5637 f1@10=0.2139
After optimization group 2 (inactive) scores : ndcg@10=0.3847 f1@10=0.1157
After optimization UGF (f1@10): 0.0982 (9.82%) | UGF (ndcg@10): 0.1790 (17.90%)
UGF reduction: 0.1111 (53.1%)
Constraint satisfied: True
GA Optimizer | Model:biasedMF | Dataset:dataset\5Health-rand | Group:0.05_count | K=10 | Fairness_metric=f1
GA Parameters | Pop:10 | Gen:1000 | Mut:0.3504 | Cross:0.7262
Adaptive Penalty | beta1:2.43 | beta2:1.88 | k:6
Before optimization overall scores           : ndcg@10=0.4137 f1@10=0.1392
Before optimization group 1 (active) scores  : ndcg@10=0.6655 f1@10=0.3306
Before optimization group 2 (inactive) scores: ndcg@10=0.3901 f1@10=0.1213
Before optimization UGF (f1@10): 0.2093 (20.93%) | UGF (ndcg@10): 0.2754 (27.54%)
Epsilon: 0.1046
Early stop at generation 12: first feasible solution found
CPU time: 11.72 seconds
After optimization overall metric scores     : ndcg@10=0.4002 f1@10=0.1243
After optimization group 1 (active) scores   : ndcg@10=0.5644 f1@10=0.2131
After optimization group 2 (inactive) scores : ndcg@10=0.3848 f1@10=0.1160
After optimization UGF (f1@10): 0.0972 (9.72%) | UGF (ndcg@10): 0.1795 (17.95%)
UGF reduction: 0.1121 (53.6%)
Constraint satisfied: True
GA Optimizer | Model:biasedMF | Dataset:dataset\5Health-rand | Group:0.05_count | K=10 | Fairness_metric=f1
GA Parameters | Pop:10 | Gen:1000 | Mut:0.3504 | Cross:0.7262
Adaptive Penalty | beta1:2.43 | beta2:1.88 | k:6
Before optimization overall scores           : ndcg@10=0.4137 f1@10=0.1392
Before optimization group 1 (active) scores  : ndcg@10=0.6655 f1@10=0.3306
Before optimization group 2 (inactive) scores: ndcg@10=0.3901 f1@10=0.1213
Before optimization UGF (f1@10): 0.2093 (20.93%) | UGF (ndcg@10): 0.2754 (27.54%)
Epsilon: 0.1046
Early stop at generation 12: first feasible solution found
CPU time: 11.40 seconds
After optimization overall metric scores     : ndcg@10=0.3999 f1@10=0.1248
After optimization group 1 (active) scores   : ndcg@10=0.5554 f1@10=0.2177
After optimization group 2 (inactive) scores : ndcg@10=0.3853 f1@10=0.1161
After optimization UGF (f1@10): 0.1016 (10.16%) | UGF (ndcg@10): 0.1700 (17.00%)
UGF reduction: 0.1077 (51.5%)
Constraint satisfied: True
GA Optimizer | Model:biasedMF | Dataset:dataset\5Health-rand | Group:0.05_count | K=10 | Fairness_metric=f1
GA Parameters | Pop:10 | Gen:1000 | Mut:0.3504 | Cross:0.7262
Adaptive Penalty | beta1:2.43 | beta2:1.88 | k:6
Before optimization overall scores           : ndcg@10=0.4137 f1@10=0.1392
Before optimization group 1 (active) scores  : ndcg@10=0.6655 f1@10=0.3306
Before optimization group 2 (inactive) scores: ndcg@10=0.3901 f1@10=0.1213
Before optimization UGF (f1@10): 0.2093 (20.93%) | UGF (ndcg@10): 0.2754 (27.54%)
Epsilon: 0.1046
Early stop at generation 12: first feasible solution found
CPU time: 11.43 seconds
After optimization overall metric scores     : ndcg@10=0.3996 f1@10=0.1244
After optimization group 1 (active) scores   : ndcg@10=0.5618 f1@10=0.2171
After optimization group 2 (inactive) scores : ndcg@10=0.3845 f1@10=0.1157
After optimization UGF (f1@10): 0.1014 (10.14%) | UGF (ndcg@10): 0.1773 (17.73%)
UGF reduction: 0.1078 (51.5%)
Constraint satisfied: True
GA Optimizer | Model:biasedMF | Dataset:dataset\5Health-rand | Group:0.05_count | K=10 | Fairness_metric=f1
GA Parameters | Pop:10 | Gen:1000 | Mut:0.3504 | Cross:0.7262
Adaptive Penalty | beta1:2.43 | beta2:1.88 | k:6
Before optimization overall scores           : ndcg@10=0.4137 f1@10=0.1392
Before optimization group 1 (active) scores  : ndcg@10=0.6655 f1@10=0.3306
Before optimization group 2 (inactive) scores: ndcg@10=0.3901 f1@10=0.1213
Before optimization UGF (f1@10): 0.2093 (20.93%) | UGF (ndcg@10): 0.2754 (27.54%)
Epsilon: 0.1046
Early stop at generation 12: first feasible solution found
CPU time: 11.45 seconds
After optimization overall metric scores     : ndcg@10=0.4009 f1@10=0.1253
After optimization group 1 (active) scores   : ndcg@10=0.5702 f1@10=0.2204
After optimization group 2 (inactive) scores : ndcg@10=0.3850 f1@10=0.1164
After optimization UGF (f1@10): 0.1040 (10.40%) | UGF (ndcg@10): 0.1852 (18.52%)
UGF reduction: 0.1052 (50.3%)
Constraint satisfied: True
GA Optimizer | Model:biasedMF | Dataset:dataset\5Health-rand | Group:0.05_count | K=10 | Fairness_metric=f1
GA Parameters | Pop:10 | Gen:1000 | Mut:0.3504 | Cross:0.7262
Adaptive Penalty | beta1:2.43 | beta2:1.88 | k:6
Before optimization overall scores           : ndcg@10=0.4137 f1@10=0.1392
Before optimization group 1 (active) scores  : ndcg@10=0.6655 f1@10=0.3306
Before optimization group 2 (inactive) scores: ndcg@10=0.3901 f1@10=0.1213
Before optimization UGF (f1@10): 0.2093 (20.93%) | UGF (ndcg@10): 0.2754 (27.54%)
Epsilon: 0.1046
Early stop at generation 12: first feasible solution found
CPU time: 11.45 seconds
After optimization overall metric scores     : ndcg@10=0.4003 f1@10=0.1252
After optimization group 1 (active) scores   : ndcg@10=0.5591 f1@10=0.2182
After optimization group 2 (inactive) scores : ndcg@10=0.3855 f1@10=0.1165
After optimization UGF (f1@10): 0.1017 (10.17%) | UGF (ndcg@10): 0.1736 (17.36%)
UGF reduction: 0.1076 (51.4%)
Constraint satisfied: True
GA Optimizer | Model:biasedMF | Dataset:dataset\5Health-rand | Group:0.05_count | K=10 | Fairness_metric=f1
GA Parameters | Pop:10 | Gen:1000 | Mut:0.3504 | Cross:0.7262
Adaptive Penalty | beta1:2.43 | beta2:1.88 | k:6
Before optimization overall scores           : ndcg@10=0.4137 f1@10=0.1392
Before optimization group 1 (active) scores  : ndcg@10=0.6655 f1@10=0.3306
Before optimization group 2 (inactive) scores: ndcg@10=0.3901 f1@10=0.1213
Before optimization UGF (f1@10): 0.2093 (20.93%) | UGF (ndcg@10): 0.2754 (27.54%)
Epsilon: 0.1046
Early stop at generation 12: first feasible solution found
CPU time: 11.49 seconds
After optimization overall metric scores     : ndcg@10=0.4001 f1@10=0.1247
After optimization group 1 (active) scores   : ndcg@10=0.5587 f1@10=0.2196
After optimization group 2 (inactive) scores : ndcg@10=0.3852 f1@10=0.1159
After optimization UGF (f1@10): 0.1037 (10.37%) | UGF (ndcg@10): 0.1735 (17.35%)
UGF reduction: 0.1056 (50.4%)
Constraint satisfied: True
GA Optimizer | Model:biasedMF | Dataset:dataset\5Health-rand | Group:0.05_count | K=10 | Fairness_metric=f1
GA Parameters | Pop:10 | Gen:1000 | Mut:0.3504 | Cross:0.7262
Adaptive Penalty | beta1:2.43 | beta2:1.88 | k:6
Before optimization overall scores           : ndcg@10=0.4137 f1@10=0.1392
Before optimization group 1 (active) scores  : ndcg@10=0.6655 f1@10=0.3306
Before optimization group 2 (inactive) scores: ndcg@10=0.3901 f1@10=0.1213
Before optimization UGF (f1@10): 0.2093 (20.93%) | UGF (ndcg@10): 0.2754 (27.54%)
Epsilon: 0.1046
Early stop at generation 12: first feasible solution found
CPU time: 11.46 seconds
After optimization overall metric scores     : ndcg@10=0.4011 f1@10=0.1249
After optimization group 1 (active) scores   : ndcg@10=0.5647 f1@10=0.2157
After optimization group 2 (inactive) scores : ndcg@10=0.3858 f1@10=0.1164
After optimization UGF (f1@10): 0.0993 (9.93%) | UGF (ndcg@10): 0.1789 (17.89%)
UGF reduction: 0.1100 (52.5%)
Constraint satisfied: True
GA Optimizer | Model:biasedMF | Dataset:dataset\5Health-rand | Group:0.05_count | K=10 | Fairness_metric=f1
GA Parameters | Pop:10 | Gen:1000 | Mut:0.3504 | Cross:0.7262
Adaptive Penalty | beta1:2.43 | beta2:1.88 | k:6
Before optimization overall scores           : ndcg@10=0.4137 f1@10=0.1392
Before optimization group 1 (active) scores  : ndcg@10=0.6655 f1@10=0.3306
Before optimization group 2 (inactive) scores: ndcg@10=0.3901 f1@10=0.1213
Before optimization UGF (f1@10): 0.2093 (20.93%) | UGF (ndcg@10): 0.2754 (27.54%)
Epsilon: 0.1046
Early stop at generation 12: first feasible solution found
CPU time: 11.42 seconds
After optimization overall metric scores     : ndcg@10=0.4002 f1@10=0.1249
After optimization group 1 (active) scores   : ndcg@10=0.5598 f1@10=0.2177
After optimization group 2 (inactive) scores : ndcg@10=0.3853 f1@10=0.1162
After optimization UGF (f1@10): 0.1016 (10.16%) | UGF (ndcg@10): 0.1745 (17.45%)
UGF reduction: 0.1077 (51.5%)
Constraint satisfied: True
GA Optimizer | Model:biasedMF | Dataset:dataset\5Health-rand | Group:0.05_count | K=10 | Fairness_metric=f1
GA Parameters | Pop:10 | Gen:1000 | Mut:0.3504 | Cross:0.7262
Adaptive Penalty | beta1:2.43 | beta2:1.88 | k:6
Before optimization overall scores           : ndcg@10=0.4137 f1@10=0.1392
Before optimization group 1 (active) scores  : ndcg@10=0.6655 f1@10=0.3306
Before optimization group 2 (inactive) scores: ndcg@10=0.3901 f1@10=0.1213
Before optimization UGF (f1@10): 0.2093 (20.93%) | UGF (ndcg@10): 0.2754 (27.54%)
Epsilon: 0.1046
Early stop at generation 12: first feasible solution found
CPU time: 11.36 seconds
After optimization overall metric scores     : ndcg@10=0.4015 f1@10=0.1252
After optimization group 1 (active) scores   : ndcg@10=0.5686 f1@10=0.2191
After optimization group 2 (inactive) scores : ndcg@10=0.3859 f1@10=0.1165
After optimization UGF (f1@10): 0.1026 (10.26%) | UGF (ndcg@10): 0.1827 (18.27%)
UGF reduction: 0.1066 (50.9%)
Constraint satisfied: True
GA Optimizer | Model:biasedMF | Dataset:dataset\5Health-rand | Group:0.05_count | K=10 | Fairness_metric=f1
GA Parameters | Pop:10 | Gen:1000 | Mut:0.3504 | Cross:0.7262
Adaptive Penalty | beta1:2.43 | beta2:1.88 | k:6
Before optimization overall scores           : ndcg@10=0.4137 f1@10=0.1392
Before optimization group 1 (active) scores  : ndcg@10=0.6655 f1@10=0.3306
Before optimization group 2 (inactive) scores: ndcg@10=0.3901 f1@10=0.1213
Before optimization UGF (f1@10): 0.2093 (20.93%) | UGF (ndcg@10): 0.2754 (27.54%)
Epsilon: 0.1046
Early stop at generation 12: first feasible solution found
CPU time: 11.37 seconds
After optimization overall metric scores     : ndcg@10=0.4006 f1@10=0.1248
After optimization group 1 (active) scores   : ndcg@10=0.5683 f1@10=0.2177
After optimization group 2 (inactive) scores : ndcg@10=0.3849 f1@10=0.1161
After optimization UGF (f1@10): 0.1015 (10.15%) | UGF (ndcg@10): 0.1834 (18.34%)
UGF reduction: 0.1077 (51.5%)
Constraint satisfied: True
GA Optimizer | Model:biasedMF | Dataset:dataset\5Health-rand | Group:0.05_count | K=10 | Fairness_metric=f1
GA Parameters | Pop:10 | Gen:1000 | Mut:0.3504 | Cross:0.7262
Adaptive Penalty | beta1:2.43 | beta2:1.88 | k:6
Before optimization overall scores           : ndcg@10=0.4137 f1@10=0.1392
Before optimization group 1 (active) scores  : ndcg@10=0.6655 f1@10=0.3306
Before optimization group 2 (inactive) scores: ndcg@10=0.3901 f1@10=0.1213
Before optimization UGF (f1@10): 0.2093 (20.93%) | UGF (ndcg@10): 0.2754 (27.54%)
Epsilon: 0.1046
Early stop at generation 12: first feasible solution found
CPU time: 11.47 seconds
After optimization overall metric scores     : ndcg@10=0.4015 f1@10=0.1254
After optimization group 1 (active) scores   : ndcg@10=0.5702 f1@10=0.2187
After optimization group 2 (inactive) scores : ndcg@10=0.3858 f1@10=0.1167
After optimization UGF (f1@10): 0.1019 (10.19%) | UGF (ndcg@10): 0.1844 (18.44%)
UGF reduction: 0.1073 (51.3%)
Constraint satisfied: True
GA Optimizer | Model:biasedMF | Dataset:dataset\5Health-rand | Group:0.05_count | K=10 | Fairness_metric=f1
GA Parameters | Pop:10 | Gen:1000 | Mut:0.3504 | Cross:0.7262
Adaptive Penalty | beta1:2.43 | beta2:1.88 | k:6
Before optimization overall scores           : ndcg@10=0.4137 f1@10=0.1392
Before optimization group 1 (active) scores  : ndcg@10=0.6655 f1@10=0.3306
Before optimization group 2 (inactive) scores: ndcg@10=0.3901 f1@10=0.1213
Before optimization UGF (f1@10): 0.2093 (20.93%) | UGF (ndcg@10): 0.2754 (27.54%)
Epsilon: 0.1046
Early stop at generation 12: first feasible solution found
CPU time: 11.40 seconds
After optimization overall metric scores     : ndcg@10=0.4011 f1@10=0.1245
After optimization group 1 (active) scores   : ndcg@10=0.5711 f1@10=0.2181
After optimization group 2 (inactive) scores : ndcg@10=0.3852 f1@10=0.1158
After optimization UGF (f1@10): 0.1023 (10.23%) | UGF (ndcg@10): 0.1858 (18.58%)
UGF reduction: 0.1070 (51.1%)
Constraint satisfied: True
GA Optimizer | Model:biasedMF | Dataset:dataset\5Health-rand | Group:0.05_count | K=10 | Fairness_metric=f1
GA Parameters | Pop:10 | Gen:1000 | Mut:0.3504 | Cross:0.7262
Adaptive Penalty | beta1:2.43 | beta2:1.88 | k:6
Before optimization overall scores           : ndcg@10=0.4137 f1@10=0.1392
Before optimization group 1 (active) scores  : ndcg@10=0.6655 f1@10=0.3306
Before optimization group 2 (inactive) scores: ndcg@10=0.3901 f1@10=0.1213
Before optimization UGF (f1@10): 0.2093 (20.93%) | UGF (ndcg@10): 0.2754 (27.54%)
Epsilon: 0.1046
Early stop at generation 12: first feasible solution found
CPU time: 11.43 seconds
After optimization overall metric scores     : ndcg@10=0.4013 f1@10=0.1251
After optimization group 1 (active) scores   : ndcg@10=0.5714 f1@10=0.2195
After optimization group 2 (inactive) scores : ndcg@10=0.3854 f1@10=0.1163
After optimization UGF (f1@10): 0.1032 (10.32%) | UGF (ndcg@10): 0.1861 (18.61%)
UGF reduction: 0.1060 (50.7%)
Constraint satisfied: True
GA Optimizer | Model:biasedMF | Dataset:dataset\5Health-rand | Group:0.05_count | K=10 | Fairness_metric=f1
GA Parameters | Pop:10 | Gen:1000 | Mut:0.3504 | Cross:0.7262
Adaptive Penalty | beta1:2.43 | beta2:1.88 | k:6
Before optimization overall scores           : ndcg@10=0.4137 f1@10=0.1392
Before optimization group 1 (active) scores  : ndcg@10=0.6655 f1@10=0.3306
Before optimization group 2 (inactive) scores: ndcg@10=0.3901 f1@10=0.1213
Before optimization UGF (f1@10): 0.2093 (20.93%) | UGF (ndcg@10): 0.2754 (27.54%)
Epsilon: 0.1046
Early stop at generation 12: first feasible solution found
CPU time: 11.51 seconds
After optimization overall metric scores     : ndcg@10=0.4002 f1@10=0.1246
After optimization group 1 (active) scores   : ndcg@10=0.5640 f1@10=0.2161
After optimization group 2 (inactive) scores : ndcg@10=0.3849 f1@10=0.1160
After optimization UGF (f1@10): 0.1001 (10.01%) | UGF (ndcg@10): 0.1791 (17.91%)
UGF reduction: 0.1092 (52.2%)
Constraint satisfied: True
GA Optimizer | Model:biasedMF | Dataset:dataset\5Health-rand | Group:0.05_count | K=10 | Fairness_metric=f1
GA Parameters | Pop:10 | Gen:1000 | Mut:0.3504 | Cross:0.7262
Adaptive Penalty | beta1:2.43 | beta2:1.88 | k:6
Before optimization overall scores           : ndcg@10=0.4137 f1@10=0.1392
Before optimization group 1 (active) scores  : ndcg@10=0.6655 f1@10=0.3306
Before optimization group 2 (inactive) scores: ndcg@10=0.3901 f1@10=0.1213
Before optimization UGF (f1@10): 0.2093 (20.93%) | UGF (ndcg@10): 0.2754 (27.54%)
Epsilon: 0.1046
Early stop at generation 12: first feasible solution found
CPU time: 11.48 seconds
After optimization overall metric scores     : ndcg@10=0.3997 f1@10=0.1243
After optimization group 1 (active) scores   : ndcg@10=0.5655 f1@10=0.2172
After optimization group 2 (inactive) scores : ndcg@10=0.3841 f1@10=0.1156
After optimization UGF (f1@10): 0.1016 (10.16%) | UGF (ndcg@10): 0.1814 (18.14%)
UGF reduction: 0.1076 (51.4%)
Constraint satisfied: True
GA Optimizer | Model:biasedMF | Dataset:dataset\5Health-rand | Group:0.05_count | K=10 | Fairness_metric=f1
GA Parameters | Pop:10 | Gen:1000 | Mut:0.3504 | Cross:0.7262
Adaptive Penalty | beta1:2.43 | beta2:1.88 | k:6
Before optimization overall scores           : ndcg@10=0.4137 f1@10=0.1392
Before optimization group 1 (active) scores  : ndcg@10=0.6655 f1@10=0.3306
Before optimization group 2 (inactive) scores: ndcg@10=0.3901 f1@10=0.1213
Before optimization UGF (f1@10): 0.2093 (20.93%) | UGF (ndcg@10): 0.2754 (27.54%)
Epsilon: 0.1046
Early stop at generation 12: first feasible solution found
CPU time: 11.48 seconds
After optimization overall metric scores     : ndcg@10=0.3999 f1@10=0.1244
After optimization group 1 (active) scores   : ndcg@10=0.5673 f1@10=0.2173
After optimization group 2 (inactive) scores : ndcg@10=0.3843 f1@10=0.1157
After optimization UGF (f1@10): 0.1016 (10.16%) | UGF (ndcg@10): 0.1830 (18.30%)
UGF reduction: 0.1077 (51.5%)
Constraint satisfied: True
GA Optimizer | Model:biasedMF | Dataset:dataset\5Health-rand | Group:0.05_count | K=10 | Fairness_metric=f1
GA Parameters | Pop:10 | Gen:1000 | Mut:0.3504 | Cross:0.7262
Adaptive Penalty | beta1:2.43 | beta2:1.88 | k:6
Before optimization overall scores           : ndcg@10=0.4137 f1@10=0.1392
Before optimization group 1 (active) scores  : ndcg@10=0.6655 f1@10=0.3306
Before optimization group 2 (inactive) scores: ndcg@10=0.3901 f1@10=0.1213
Before optimization UGF (f1@10): 0.2093 (20.93%) | UGF (ndcg@10): 0.2754 (27.54%)
Epsilon: 0.1046
Early stop at generation 12: first feasible solution found
CPU time: 11.42 seconds
After optimization overall metric scores     : ndcg@10=0.4003 f1@10=0.1246
After optimization group 1 (active) scores   : ndcg@10=0.5674 f1@10=0.2188
After optimization group 2 (inactive) scores : ndcg@10=0.3847 f1@10=0.1158
After optimization UGF (f1@10): 0.1030 (10.30%) | UGF (ndcg@10): 0.1827 (18.27%)
UGF reduction: 0.1062 (50.8%)
Constraint satisfied: True
GA Optimizer | Model:biasedMF | Dataset:dataset\5Health-rand | Group:0.05_count | K=10 | Fairness_metric=f1
GA Parameters | Pop:10 | Gen:1000 | Mut:0.3504 | Cross:0.7262
Adaptive Penalty | beta1:2.43 | beta2:1.88 | k:6
Before optimization overall scores           : ndcg@10=0.4137 f1@10=0.1392
Before optimization group 1 (active) scores  : ndcg@10=0.6655 f1@10=0.3306
Before optimization group 2 (inactive) scores: ndcg@10=0.3901 f1@10=0.1213
Before optimization UGF (f1@10): 0.2093 (20.93%) | UGF (ndcg@10): 0.2754 (27.54%)
Epsilon: 0.1046
Early stop at generation 12: first feasible solution found
CPU time: 11.42 seconds
After optimization overall metric scores     : ndcg@10=0.4001 f1@10=0.1245
After optimization group 1 (active) scores   : ndcg@10=0.5666 f1@10=0.2183
After optimization group 2 (inactive) scores : ndcg@10=0.3846 f1@10=0.1157
After optimization UGF (f1@10): 0.1026 (10.26%) | UGF (ndcg@10): 0.1820 (18.20%)
UGF reduction: 0.1067 (51.0%)
Constraint satisfied: True
GA Optimizer | Model:biasedMF | Dataset:dataset\5Health-rand | Group:0.05_count | K=10 | Fairness_metric=f1
GA Parameters | Pop:10 | Gen:1000 | Mut:0.3504 | Cross:0.7262
Adaptive Penalty | beta1:2.43 | beta2:1.88 | k:6
Before optimization overall scores           : ndcg@10=0.4137 f1@10=0.1392
Before optimization group 1 (active) scores  : ndcg@10=0.6655 f1@10=0.3306
Before optimization group 2 (inactive) scores: ndcg@10=0.3901 f1@10=0.1213
Before optimization UGF (f1@10): 0.2093 (20.93%) | UGF (ndcg@10): 0.2754 (27.54%)
Epsilon: 0.1046
Early stop at generation 12: first feasible solution found
CPU time: 11.35 seconds
After optimization overall metric scores     : ndcg@10=0.4024 f1@10=0.1254
After optimization group 1 (active) scores   : ndcg@10=0.5777 f1@10=0.2204
After optimization group 2 (inactive) scores : ndcg@10=0.3860 f1@10=0.1165
After optimization UGF (f1@10): 0.1039 (10.39%) | UGF (ndcg@10): 0.1917 (19.17%)
UGF reduction: 0.1054 (50.4%)
Constraint satisfied: True
GA Optimizer | Model:biasedMF | Dataset:dataset\5Health-rand | Group:0.05_count | K=10 | Fairness_metric=f1
GA Parameters | Pop:10 | Gen:1000 | Mut:0.3504 | Cross:0.7262
Adaptive Penalty | beta1:2.43 | beta2:1.88 | k:6
Before optimization overall scores           : ndcg@10=0.4137 f1@10=0.1392
Before optimization group 1 (active) scores  : ndcg@10=0.6655 f1@10=0.3306
Before optimization group 2 (inactive) scores: ndcg@10=0.3901 f1@10=0.1213
Before optimization UGF (f1@10): 0.2093 (20.93%) | UGF (ndcg@10): 0.2754 (27.54%)
Epsilon: 0.1046
Early stop at generation 12: first feasible solution found
CPU time: 11.46 seconds
After optimization overall metric scores     : ndcg@10=0.4005 f1@10=0.1248
After optimization group 1 (active) scores   : ndcg@10=0.5632 f1@10=0.2172
After optimization group 2 (inactive) scores : ndcg@10=0.3853 f1@10=0.1162
After optimization UGF (f1@10): 0.1010 (10.10%) | UGF (ndcg@10): 0.1779 (17.79%)
UGF reduction: 0.1083 (51.8%)
Constraint satisfied: True
GA Optimizer | Model:biasedMF | Dataset:dataset\5Health-rand | Group:0.05_count | K=10 | Fairness_metric=f1
GA Parameters | Pop:10 | Gen:1000 | Mut:0.3504 | Cross:0.7262
Adaptive Penalty | beta1:2.43 | beta2:1.88 | k:6
Before optimization overall scores           : ndcg@10=0.4137 f1@10=0.1392
Before optimization group 1 (active) scores  : ndcg@10=0.6655 f1@10=0.3306
Before optimization group 2 (inactive) scores: ndcg@10=0.3901 f1@10=0.1213
Before optimization UGF (f1@10): 0.2093 (20.93%) | UGF (ndcg@10): 0.2754 (27.54%)
Epsilon: 0.1046
Early stop at generation 12: first feasible solution found
CPU time: 11.46 seconds
After optimization overall metric scores     : ndcg@10=0.4004 f1@10=0.1244
After optimization group 1 (active) scores   : ndcg@10=0.5693 f1@10=0.2174
After optimization group 2 (inactive) scores : ndcg@10=0.3847 f1@10=0.1157
After optimization UGF (f1@10): 0.1017 (10.17%) | UGF (ndcg@10): 0.1846 (18.46%)
UGF reduction: 0.1075 (51.4%)
Constraint satisfied: True
GA Optimizer | Model:biasedMF | Dataset:dataset\5Health-rand | Group:0.05_count | K=10 | Fairness_metric=f1
GA Parameters | Pop:10 | Gen:1000 | Mut:0.3504 | Cross:0.7262
Adaptive Penalty | beta1:2.43 | beta2:1.88 | k:6
Before optimization overall scores           : ndcg@10=0.4137 f1@10=0.1392
Before optimization group 1 (active) scores  : ndcg@10=0.6655 f1@10=0.3306
Before optimization group 2 (inactive) scores: ndcg@10=0.3901 f1@10=0.1213
Before optimization UGF (f1@10): 0.2093 (20.93%) | UGF (ndcg@10): 0.2754 (27.54%)
Epsilon: 0.1046
Early stop at generation 12: first feasible solution found
CPU time: 11.37 seconds
After optimization overall metric scores     : ndcg@10=0.4019 f1@10=0.1254
After optimization group 1 (active) scores   : ndcg@10=0.5830 f1@10=0.2210
After optimization group 2 (inactive) scores : ndcg@10=0.3850 f1@10=0.1164
After optimization UGF (f1@10): 0.1046 (10.46%) | UGF (ndcg@10): 0.1980 (19.80%)
UGF reduction: 0.1047 (50.0%)
Constraint satisfied: True
GA Optimizer | Model:biasedMF | Dataset:dataset\5Health-rand | Group:0.05_count | K=10 | Fairness_metric=f1
GA Parameters | Pop:10 | Gen:1000 | Mut:0.3504 | Cross:0.7262
Adaptive Penalty | beta1:2.43 | beta2:1.88 | k:6
Before optimization overall scores           : ndcg@10=0.4137 f1@10=0.1392
Before optimization group 1 (active) scores  : ndcg@10=0.6655 f1@10=0.3306
Before optimization group 2 (inactive) scores: ndcg@10=0.3901 f1@10=0.1213
Before optimization UGF (f1@10): 0.2093 (20.93%) | UGF (ndcg@10): 0.2754 (27.54%)
Epsilon: 0.1046
Early stop at generation 12: first feasible solution found
CPU time: 11.42 seconds
After optimization overall metric scores     : ndcg@10=0.4008 f1@10=0.1254
After optimization group 1 (active) scores   : ndcg@10=0.5612 f1@10=0.2208
After optimization group 2 (inactive) scores : ndcg@10=0.3858 f1@10=0.1165
After optimization UGF (f1@10): 0.1043 (10.43%) | UGF (ndcg@10): 0.1754 (17.54%)
UGF reduction: 0.1049 (50.2%)
Constraint satisfied: True
