GA Optimizer | Model:NCF | Dataset:dataset\5Grocery-rand | Group:sum_0.05 | K=10 | Fairness_metric=f1
GA Parameters | Pop:10 | Gen:1000 | Mut:0.3504 | Cross:0.7262
Adaptive Penalty | beta1:2.43 | beta2:1.88 | k:6
Before optimization overall scores           : ndcg@10=0.3886 f1@10=0.1451
Before optimization group 1 (active) scores  : ndcg@10=0.6402 f1@10=0.3316
Before optimization group 2 (inactive) scores: ndcg@10=0.3659 f1@10=0.1282
Before optimization UGF (f1@10): 0.2035 (20.35%) | UGF (ndcg@10): 0.2743 (27.43%)
Epsilon: 0.1017
Early stop at generation 13: first feasible solution found
CPU time: 4.95 seconds
After optimization overall metric scores     : ndcg@10=0.3785 f1@10=0.1301
After optimization group 1 (active) scores   : ndcg@10=0.5644 f1@10=0.2219
After optimization group 2 (inactive) scores : ndcg@10=0.3616 f1@10=0.1218
After optimization UGF (f1@10): 0.1002 (10.02%) | UGF (ndcg@10): 0.2028 (20.28%)
UGF reduction: 0.1033 (50.8%)
Constraint satisfied: True
GA Optimizer | Model:NCF | Dataset:dataset\5Grocery-rand | Group:sum_0.05 | K=10 | Fairness_metric=f1
GA Parameters | Pop:10 | Gen:1000 | Mut:0.3504 | Cross:0.7262
Adaptive Penalty | beta1:2.43 | beta2:1.88 | k:6
Before optimization overall scores           : ndcg@10=0.3886 f1@10=0.1451
Before optimization group 1 (active) scores  : ndcg@10=0.6402 f1@10=0.3316
Before optimization group 2 (inactive) scores: ndcg@10=0.3659 f1@10=0.1282
Before optimization UGF (f1@10): 0.2035 (20.35%) | UGF (ndcg@10): 0.2743 (27.43%)
Epsilon: 0.1017
Early stop at generation 13: first feasible solution found
CPU time: 4.95 seconds
After optimization overall metric scores     : ndcg@10=0.3779 f1@10=0.1301
After optimization group 1 (active) scores   : ndcg@10=0.5583 f1@10=0.2195
After optimization group 2 (inactive) scores : ndcg@10=0.3616 f1@10=0.1220
After optimization UGF (f1@10): 0.0975 (9.75%) | UGF (ndcg@10): 0.1967 (19.67%)
UGF reduction: 0.1060 (52.1%)
Constraint satisfied: True
GA Optimizer | Model:NCF | Dataset:dataset\5Grocery-rand | Group:sum_0.05 | K=10 | Fairness_metric=f1
GA Parameters | Pop:10 | Gen:1000 | Mut:0.3504 | Cross:0.7262
Adaptive Penalty | beta1:2.43 | beta2:1.88 | k:6
Before optimization overall scores           : ndcg@10=0.3886 f1@10=0.1451
Before optimization group 1 (active) scores  : ndcg@10=0.6402 f1@10=0.3316
Before optimization group 2 (inactive) scores: ndcg@10=0.3659 f1@10=0.1282
Before optimization UGF (f1@10): 0.2035 (20.35%) | UGF (ndcg@10): 0.2743 (27.43%)
Epsilon: 0.1017
Early stop at generation 13: first feasible solution found
CPU time: 4.96 seconds
After optimization overall metric scores     : ndcg@10=0.3801 f1@10=0.1308
After optimization group 1 (active) scores   : ndcg@10=0.5745 f1@10=0.2236
After optimization group 2 (inactive) scores : ndcg@10=0.3625 f1@10=0.1224
After optimization UGF (f1@10): 0.1011 (10.11%) | UGF (ndcg@10): 0.2121 (21.21%)
UGF reduction: 0.1023 (50.3%)
Constraint satisfied: True
GA Optimizer | Model:NCF | Dataset:dataset\5Grocery-rand | Group:sum_0.05 | K=10 | Fairness_metric=f1
GA Parameters | Pop:10 | Gen:1000 | Mut:0.3504 | Cross:0.7262
Adaptive Penalty | beta1:2.43 | beta2:1.88 | k:6
Before optimization overall scores           : ndcg@10=0.3886 f1@10=0.1451
Before optimization group 1 (active) scores  : ndcg@10=0.6402 f1@10=0.3316
Before optimization group 2 (inactive) scores: ndcg@10=0.3659 f1@10=0.1282
Before optimization UGF (f1@10): 0.2035 (20.35%) | UGF (ndcg@10): 0.2743 (27.43%)
Epsilon: 0.1017
Early stop at generation 13: first feasible solution found
CPU time: 4.91 seconds
After optimization overall metric scores     : ndcg@10=0.3780 f1@10=0.1295
After optimization group 1 (active) scores   : ndcg@10=0.5611 f1@10=0.2208
After optimization group 2 (inactive) scores : ndcg@10=0.3614 f1@10=0.1212
After optimization UGF (f1@10): 0.0995 (9.95%) | UGF (ndcg@10): 0.1996 (19.96%)
UGF reduction: 0.1039 (51.1%)
Constraint satisfied: True
GA Optimizer | Model:NCF | Dataset:dataset\5Grocery-rand | Group:sum_0.05 | K=10 | Fairness_metric=f1
GA Parameters | Pop:10 | Gen:1000 | Mut:0.3504 | Cross:0.7262
Adaptive Penalty | beta1:2.43 | beta2:1.88 | k:6
Before optimization overall scores           : ndcg@10=0.3886 f1@10=0.1451
Before optimization group 1 (active) scores  : ndcg@10=0.6402 f1@10=0.3316
Before optimization group 2 (inactive) scores: ndcg@10=0.3659 f1@10=0.1282
Before optimization UGF (f1@10): 0.2035 (20.35%) | UGF (ndcg@10): 0.2743 (27.43%)
Epsilon: 0.1017
Early stop at generation 13: first feasible solution found
CPU time: 4.94 seconds
After optimization overall metric scores     : ndcg@10=0.3778 f1@10=0.1290
After optimization group 1 (active) scores   : ndcg@10=0.5742 f1@10=0.2189
After optimization group 2 (inactive) scores : ndcg@10=0.3600 f1@10=0.1208
After optimization UGF (f1@10): 0.0981 (9.81%) | UGF (ndcg@10): 0.2142 (21.42%)
UGF reduction: 0.1054 (51.8%)
Constraint satisfied: True
GA Optimizer | Model:NCF | Dataset:dataset\5Grocery-rand | Group:sum_0.05 | K=10 | Fairness_metric=f1
GA Parameters | Pop:10 | Gen:1000 | Mut:0.3504 | Cross:0.7262
Adaptive Penalty | beta1:2.43 | beta2:1.88 | k:6
Before optimization overall scores           : ndcg@10=0.3886 f1@10=0.1451
Before optimization group 1 (active) scores  : ndcg@10=0.6402 f1@10=0.3316
Before optimization group 2 (inactive) scores: ndcg@10=0.3659 f1@10=0.1282
Before optimization UGF (f1@10): 0.2035 (20.35%) | UGF (ndcg@10): 0.2743 (27.43%)
Epsilon: 0.1017
Early stop at generation 13: first feasible solution found
CPU time: 4.94 seconds
After optimization overall metric scores     : ndcg@10=0.3778 f1@10=0.1298
After optimization group 1 (active) scores   : ndcg@10=0.5600 f1@10=0.2219
After optimization group 2 (inactive) scores : ndcg@10=0.3613 f1@10=0.1214
After optimization UGF (f1@10): 0.1004 (10.04%) | UGF (ndcg@10): 0.1986 (19.86%)
UGF reduction: 0.1030 (50.6%)
Constraint satisfied: True
GA Optimizer | Model:NCF | Dataset:dataset\5Grocery-rand | Group:sum_0.05 | K=10 | Fairness_metric=f1
GA Parameters | Pop:10 | Gen:1000 | Mut:0.3504 | Cross:0.7262
Adaptive Penalty | beta1:2.43 | beta2:1.88 | k:6
Before optimization overall scores           : ndcg@10=0.3886 f1@10=0.1451
Before optimization group 1 (active) scores  : ndcg@10=0.6402 f1@10=0.3316
Before optimization group 2 (inactive) scores: ndcg@10=0.3659 f1@10=0.1282
Before optimization UGF (f1@10): 0.2035 (20.35%) | UGF (ndcg@10): 0.2743 (27.43%)
Epsilon: 0.1017
Early stop at generation 13: first feasible solution found
CPU time: 4.92 seconds
After optimization overall metric scores     : ndcg@10=0.3759 f1@10=0.1295
After optimization group 1 (active) scores   : ndcg@10=0.5621 f1@10=0.2220
After optimization group 2 (inactive) scores : ndcg@10=0.3590 f1@10=0.1211
After optimization UGF (f1@10): 0.1009 (10.09%) | UGF (ndcg@10): 0.2031 (20.31%)
UGF reduction: 0.1025 (50.4%)
Constraint satisfied: True
GA Optimizer | Model:NCF | Dataset:dataset\5Grocery-rand | Group:sum_0.05 | K=10 | Fairness_metric=f1
GA Parameters | Pop:10 | Gen:1000 | Mut:0.3504 | Cross:0.7262
Adaptive Penalty | beta1:2.43 | beta2:1.88 | k:6
Before optimization overall scores           : ndcg@10=0.3886 f1@10=0.1451
Before optimization group 1 (active) scores  : ndcg@10=0.6402 f1@10=0.3316
Before optimization group 2 (inactive) scores: ndcg@10=0.3659 f1@10=0.1282
Before optimization UGF (f1@10): 0.2035 (20.35%) | UGF (ndcg@10): 0.2743 (27.43%)
Epsilon: 0.1017
Early stop at generation 13: first feasible solution found
CPU time: 5.09 seconds
After optimization overall metric scores     : ndcg@10=0.3769 f1@10=0.1293
After optimization group 1 (active) scores   : ndcg@10=0.5544 f1@10=0.2209
After optimization group 2 (inactive) scores : ndcg@10=0.3608 f1@10=0.1210
After optimization UGF (f1@10): 0.0999 (9.99%) | UGF (ndcg@10): 0.1936 (19.36%)
UGF reduction: 0.1036 (50.9%)
Constraint satisfied: True
GA Optimizer | Model:NCF | Dataset:dataset\5Grocery-rand | Group:sum_0.05 | K=10 | Fairness_metric=f1
GA Parameters | Pop:10 | Gen:1000 | Mut:0.3504 | Cross:0.7262
Adaptive Penalty | beta1:2.43 | beta2:1.88 | k:6
Before optimization overall scores           : ndcg@10=0.3886 f1@10=0.1451
Before optimization group 1 (active) scores  : ndcg@10=0.6402 f1@10=0.3316
Before optimization group 2 (inactive) scores: ndcg@10=0.3659 f1@10=0.1282
Before optimization UGF (f1@10): 0.2035 (20.35%) | UGF (ndcg@10): 0.2743 (27.43%)
Epsilon: 0.1017
Early stop at generation 13: first feasible solution found
CPU time: 4.94 seconds
After optimization overall metric scores     : ndcg@10=0.3765 f1@10=0.1305
After optimization group 1 (active) scores   : ndcg@10=0.5306 f1@10=0.2164
After optimization group 2 (inactive) scores : ndcg@10=0.3626 f1@10=0.1227
After optimization UGF (f1@10): 0.0938 (9.38%) | UGF (ndcg@10): 0.1680 (16.80%)
UGF reduction: 0.1097 (53.9%)
Constraint satisfied: True
GA Optimizer | Model:NCF | Dataset:dataset\5Grocery-rand | Group:sum_0.05 | K=10 | Fairness_metric=f1
GA Parameters | Pop:10 | Gen:1000 | Mut:0.3504 | Cross:0.7262
Adaptive Penalty | beta1:2.43 | beta2:1.88 | k:6
Before optimization overall scores           : ndcg@10=0.3886 f1@10=0.1451
Before optimization group 1 (active) scores  : ndcg@10=0.6402 f1@10=0.3316
Before optimization group 2 (inactive) scores: ndcg@10=0.3659 f1@10=0.1282
Before optimization UGF (f1@10): 0.2035 (20.35%) | UGF (ndcg@10): 0.2743 (27.43%)
Epsilon: 0.1017
Early stop at generation 13: first feasible solution found
CPU time: 4.87 seconds
After optimization overall metric scores     : ndcg@10=0.3789 f1@10=0.1301
After optimization group 1 (active) scores   : ndcg@10=0.5609 f1@10=0.2221
After optimization group 2 (inactive) scores : ndcg@10=0.3624 f1@10=0.1218
After optimization UGF (f1@10): 0.1003 (10.03%) | UGF (ndcg@10): 0.1985 (19.85%)
UGF reduction: 0.1031 (50.7%)
Constraint satisfied: True
GA Optimizer | Model:NCF | Dataset:dataset\5Grocery-rand | Group:sum_0.05 | K=10 | Fairness_metric=f1
GA Parameters | Pop:10 | Gen:1000 | Mut:0.3504 | Cross:0.7262
Adaptive Penalty | beta1:2.43 | beta2:1.88 | k:6
Before optimization overall scores           : ndcg@10=0.3886 f1@10=0.1451
Before optimization group 1 (active) scores  : ndcg@10=0.6402 f1@10=0.3316
Before optimization group 2 (inactive) scores: ndcg@10=0.3659 f1@10=0.1282
Before optimization UGF (f1@10): 0.2035 (20.35%) | UGF (ndcg@10): 0.2743 (27.43%)
Epsilon: 0.1017
Early stop at generation 13: first feasible solution found
CPU time: 4.84 seconds
After optimization overall metric scores     : ndcg@10=0.3776 f1@10=0.1304
After optimization group 1 (active) scores   : ndcg@10=0.5552 f1@10=0.2231
After optimization group 2 (inactive) scores : ndcg@10=0.3616 f1@10=0.1221
After optimization UGF (f1@10): 0.1010 (10.10%) | UGF (ndcg@10): 0.1936 (19.36%)
UGF reduction: 0.1025 (50.4%)
Constraint satisfied: True
GA Optimizer | Model:NCF | Dataset:dataset\5Grocery-rand | Group:sum_0.05 | K=10 | Fairness_metric=f1
GA Parameters | Pop:10 | Gen:1000 | Mut:0.3504 | Cross:0.7262
Adaptive Penalty | beta1:2.43 | beta2:1.88 | k:6
Before optimization overall scores           : ndcg@10=0.3886 f1@10=0.1451
Before optimization group 1 (active) scores  : ndcg@10=0.6402 f1@10=0.3316
Before optimization group 2 (inactive) scores: ndcg@10=0.3659 f1@10=0.1282
Before optimization UGF (f1@10): 0.2035 (20.35%) | UGF (ndcg@10): 0.2743 (27.43%)
Epsilon: 0.1017
Early stop at generation 13: first feasible solution found
CPU time: 4.88 seconds
After optimization overall metric scores     : ndcg@10=0.3756 f1@10=0.1291
After optimization group 1 (active) scores   : ndcg@10=0.5543 f1@10=0.2200
After optimization group 2 (inactive) scores : ndcg@10=0.3595 f1@10=0.1209
After optimization UGF (f1@10): 0.0991 (9.91%) | UGF (ndcg@10): 0.1948 (19.48%)
UGF reduction: 0.1043 (51.3%)
Constraint satisfied: True
GA Optimizer | Model:NCF | Dataset:dataset\5Grocery-rand | Group:sum_0.05 | K=10 | Fairness_metric=f1
GA Parameters | Pop:10 | Gen:1000 | Mut:0.3504 | Cross:0.7262
Adaptive Penalty | beta1:2.43 | beta2:1.88 | k:6
Before optimization overall scores           : ndcg@10=0.3886 f1@10=0.1451
Before optimization group 1 (active) scores  : ndcg@10=0.6402 f1@10=0.3316
Before optimization group 2 (inactive) scores: ndcg@10=0.3659 f1@10=0.1282
Before optimization UGF (f1@10): 0.2035 (20.35%) | UGF (ndcg@10): 0.2743 (27.43%)
Epsilon: 0.1017
Early stop at generation 13: first feasible solution found
CPU time: 4.89 seconds
After optimization overall metric scores     : ndcg@10=0.3762 f1@10=0.1295
After optimization group 1 (active) scores   : ndcg@10=0.5585 f1@10=0.2207
After optimization group 2 (inactive) scores : ndcg@10=0.3597 f1@10=0.1212
After optimization UGF (f1@10): 0.0995 (9.95%) | UGF (ndcg@10): 0.1989 (19.89%)
UGF reduction: 0.1040 (51.1%)
Constraint satisfied: True
GA Optimizer | Model:NCF | Dataset:dataset\5Grocery-rand | Group:sum_0.05 | K=10 | Fairness_metric=f1
GA Parameters | Pop:10 | Gen:1000 | Mut:0.3504 | Cross:0.7262
Adaptive Penalty | beta1:2.43 | beta2:1.88 | k:6
Before optimization overall scores           : ndcg@10=0.3886 f1@10=0.1451
Before optimization group 1 (active) scores  : ndcg@10=0.6402 f1@10=0.3316
Before optimization group 2 (inactive) scores: ndcg@10=0.3659 f1@10=0.1282
Before optimization UGF (f1@10): 0.2035 (20.35%) | UGF (ndcg@10): 0.2743 (27.43%)
Epsilon: 0.1017
Early stop at generation 13: first feasible solution found
CPU time: 4.89 seconds
After optimization overall metric scores     : ndcg@10=0.3751 f1@10=0.1293
After optimization group 1 (active) scores   : ndcg@10=0.5383 f1@10=0.2158
After optimization group 2 (inactive) scores : ndcg@10=0.3603 f1@10=0.1215
After optimization UGF (f1@10): 0.0943 (9.43%) | UGF (ndcg@10): 0.1779 (17.79%)
UGF reduction: 0.1092 (53.7%)
Constraint satisfied: True
GA Optimizer | Model:NCF | Dataset:dataset\5Grocery-rand | Group:sum_0.05 | K=10 | Fairness_metric=f1
GA Parameters | Pop:10 | Gen:1000 | Mut:0.3504 | Cross:0.7262
Adaptive Penalty | beta1:2.43 | beta2:1.88 | k:6
Before optimization overall scores           : ndcg@10=0.3886 f1@10=0.1451
Before optimization group 1 (active) scores  : ndcg@10=0.6402 f1@10=0.3316
Before optimization group 2 (inactive) scores: ndcg@10=0.3659 f1@10=0.1282
Before optimization UGF (f1@10): 0.2035 (20.35%) | UGF (ndcg@10): 0.2743 (27.43%)
Epsilon: 0.1017
Early stop at generation 13: first feasible solution found
CPU time: 4.89 seconds
After optimization overall metric scores     : ndcg@10=0.3774 f1@10=0.1293
After optimization group 1 (active) scores   : ndcg@10=0.5639 f1@10=0.2185
After optimization group 2 (inactive) scores : ndcg@10=0.3605 f1@10=0.1212
After optimization UGF (f1@10): 0.0972 (9.72%) | UGF (ndcg@10): 0.2033 (20.33%)
UGF reduction: 0.1063 (52.2%)
Constraint satisfied: True
GA Optimizer | Model:NCF | Dataset:dataset\5Grocery-rand | Group:sum_0.05 | K=10 | Fairness_metric=f1
GA Parameters | Pop:10 | Gen:1000 | Mut:0.3504 | Cross:0.7262
Adaptive Penalty | beta1:2.43 | beta2:1.88 | k:6
Before optimization overall scores           : ndcg@10=0.3886 f1@10=0.1451
Before optimization group 1 (active) scores  : ndcg@10=0.6402 f1@10=0.3316
Before optimization group 2 (inactive) scores: ndcg@10=0.3659 f1@10=0.1282
Before optimization UGF (f1@10): 0.2035 (20.35%) | UGF (ndcg@10): 0.2743 (27.43%)
Epsilon: 0.1017
Early stop at generation 13: first feasible solution found
CPU time: 4.92 seconds
After optimization overall metric scores     : ndcg@10=0.3774 f1@10=0.1292
After optimization group 1 (active) scores   : ndcg@10=0.5593 f1@10=0.2214
After optimization group 2 (inactive) scores : ndcg@10=0.3610 f1@10=0.1209
After optimization UGF (f1@10): 0.1005 (10.05%) | UGF (ndcg@10): 0.1983 (19.83%)
UGF reduction: 0.1030 (50.6%)
Constraint satisfied: True
GA Optimizer | Model:NCF | Dataset:dataset\5Grocery-rand | Group:sum_0.05 | K=10 | Fairness_metric=f1
GA Parameters | Pop:10 | Gen:1000 | Mut:0.3504 | Cross:0.7262
Adaptive Penalty | beta1:2.43 | beta2:1.88 | k:6
Before optimization overall scores           : ndcg@10=0.3886 f1@10=0.1451
Before optimization group 1 (active) scores  : ndcg@10=0.6402 f1@10=0.3316
Before optimization group 2 (inactive) scores: ndcg@10=0.3659 f1@10=0.1282
Before optimization UGF (f1@10): 0.2035 (20.35%) | UGF (ndcg@10): 0.2743 (27.43%)
Epsilon: 0.1017
Early stop at generation 13: first feasible solution found
CPU time: 5.21 seconds
After optimization overall metric scores     : ndcg@10=0.3786 f1@10=0.1302
After optimization group 1 (active) scores   : ndcg@10=0.5599 f1@10=0.2166
After optimization group 2 (inactive) scores : ndcg@10=0.3622 f1@10=0.1224
After optimization UGF (f1@10): 0.0943 (9.43%) | UGF (ndcg@10): 0.1977 (19.77%)
UGF reduction: 0.1092 (53.7%)
Constraint satisfied: True
GA Optimizer | Model:NCF | Dataset:dataset\5Grocery-rand | Group:sum_0.05 | K=10 | Fairness_metric=f1
GA Parameters | Pop:10 | Gen:1000 | Mut:0.3504 | Cross:0.7262
Adaptive Penalty | beta1:2.43 | beta2:1.88 | k:6
Before optimization overall scores           : ndcg@10=0.3886 f1@10=0.1451
Before optimization group 1 (active) scores  : ndcg@10=0.6402 f1@10=0.3316
Before optimization group 2 (inactive) scores: ndcg@10=0.3659 f1@10=0.1282
Before optimization UGF (f1@10): 0.2035 (20.35%) | UGF (ndcg@10): 0.2743 (27.43%)
Epsilon: 0.1017
Early stop at generation 13: first feasible solution found
CPU time: 4.88 seconds
After optimization overall metric scores     : ndcg@10=0.3784 f1@10=0.1300
After optimization group 1 (active) scores   : ndcg@10=0.5680 f1@10=0.2212
After optimization group 2 (inactive) scores : ndcg@10=0.3612 f1@10=0.1218
After optimization UGF (f1@10): 0.0995 (9.95%) | UGF (ndcg@10): 0.2067 (20.67%)
UGF reduction: 0.1040 (51.1%)
Constraint satisfied: True
GA Optimizer | Model:NCF | Dataset:dataset\5Grocery-rand | Group:sum_0.05 | K=10 | Fairness_metric=f1
GA Parameters | Pop:10 | Gen:1000 | Mut:0.3504 | Cross:0.7262
Adaptive Penalty | beta1:2.43 | beta2:1.88 | k:6
Before optimization overall scores           : ndcg@10=0.3886 f1@10=0.1451
Before optimization group 1 (active) scores  : ndcg@10=0.6402 f1@10=0.3316
Before optimization group 2 (inactive) scores: ndcg@10=0.3659 f1@10=0.1282
Before optimization UGF (f1@10): 0.2035 (20.35%) | UGF (ndcg@10): 0.2743 (27.43%)
Epsilon: 0.1017
Early stop at generation 13: first feasible solution found
CPU time: 4.89 seconds
After optimization overall metric scores     : ndcg@10=0.3790 f1@10=0.1306
After optimization group 1 (active) scores   : ndcg@10=0.5585 f1@10=0.2213
After optimization group 2 (inactive) scores : ndcg@10=0.3627 f1@10=0.1223
After optimization UGF (f1@10): 0.0989 (9.89%) | UGF (ndcg@10): 0.1958 (19.58%)
UGF reduction: 0.1045 (51.4%)
Constraint satisfied: True
GA Optimizer | Model:NCF | Dataset:dataset\5Grocery-rand | Group:sum_0.05 | K=10 | Fairness_metric=f1
GA Parameters | Pop:10 | Gen:1000 | Mut:0.3504 | Cross:0.7262
Adaptive Penalty | beta1:2.43 | beta2:1.88 | k:6
Before optimization overall scores           : ndcg@10=0.3886 f1@10=0.1451
Before optimization group 1 (active) scores  : ndcg@10=0.6402 f1@10=0.3316
Before optimization group 2 (inactive) scores: ndcg@10=0.3659 f1@10=0.1282
Before optimization UGF (f1@10): 0.2035 (20.35%) | UGF (ndcg@10): 0.2743 (27.43%)
Epsilon: 0.1017
Early stop at generation 13: first feasible solution found
CPU time: 4.91 seconds
After optimization overall metric scores     : ndcg@10=0.3781 f1@10=0.1300
After optimization group 1 (active) scores   : ndcg@10=0.5542 f1@10=0.2190
After optimization group 2 (inactive) scores : ndcg@10=0.3621 f1@10=0.1219
After optimization UGF (f1@10): 0.0970 (9.70%) | UGF (ndcg@10): 0.1921 (19.21%)
UGF reduction: 0.1064 (52.3%)
Constraint satisfied: True
GA Optimizer | Model:NCF | Dataset:dataset\5Grocery-rand | Group:sum_0.05 | K=10 | Fairness_metric=f1
GA Parameters | Pop:10 | Gen:1000 | Mut:0.3504 | Cross:0.7262
Adaptive Penalty | beta1:2.43 | beta2:1.88 | k:6
Before optimization overall scores           : ndcg@10=0.3886 f1@10=0.1451
Before optimization group 1 (active) scores  : ndcg@10=0.6402 f1@10=0.3316
Before optimization group 2 (inactive) scores: ndcg@10=0.3659 f1@10=0.1282
Before optimization UGF (f1@10): 0.2035 (20.35%) | UGF (ndcg@10): 0.2743 (27.43%)
Epsilon: 0.1017
Early stop at generation 13: first feasible solution found
CPU time: 4.90 seconds
After optimization overall metric scores     : ndcg@10=0.3787 f1@10=0.1301
After optimization group 1 (active) scores   : ndcg@10=0.5686 f1@10=0.2223
After optimization group 2 (inactive) scores : ndcg@10=0.3615 f1@10=0.1217
After optimization UGF (f1@10): 0.1006 (10.06%) | UGF (ndcg@10): 0.2071 (20.71%)
UGF reduction: 0.1029 (50.6%)
Constraint satisfied: True
GA Optimizer | Model:NCF | Dataset:dataset\5Grocery-rand | Group:sum_0.05 | K=10 | Fairness_metric=f1
GA Parameters | Pop:10 | Gen:1000 | Mut:0.3504 | Cross:0.7262
Adaptive Penalty | beta1:2.43 | beta2:1.88 | k:6
Before optimization overall scores           : ndcg@10=0.3886 f1@10=0.1451
Before optimization group 1 (active) scores  : ndcg@10=0.6402 f1@10=0.3316
Before optimization group 2 (inactive) scores: ndcg@10=0.3659 f1@10=0.1282
Before optimization UGF (f1@10): 0.2035 (20.35%) | UGF (ndcg@10): 0.2743 (27.43%)
Epsilon: 0.1017
Early stop at generation 13: first feasible solution found
CPU time: 4.94 seconds
After optimization overall metric scores     : ndcg@10=0.3770 f1@10=0.1299
After optimization group 1 (active) scores   : ndcg@10=0.5506 f1@10=0.2195
After optimization group 2 (inactive) scores : ndcg@10=0.3613 f1@10=0.1218
After optimization UGF (f1@10): 0.0977 (9.77%) | UGF (ndcg@10): 0.1892 (18.92%)
UGF reduction: 0.1058 (52.0%)
Constraint satisfied: True
GA Optimizer | Model:NCF | Dataset:dataset\5Grocery-rand | Group:sum_0.05 | K=10 | Fairness_metric=f1
GA Parameters | Pop:10 | Gen:1000 | Mut:0.3504 | Cross:0.7262
Adaptive Penalty | beta1:2.43 | beta2:1.88 | k:6
Before optimization overall scores           : ndcg@10=0.3886 f1@10=0.1451
Before optimization group 1 (active) scores  : ndcg@10=0.6402 f1@10=0.3316
Before optimization group 2 (inactive) scores: ndcg@10=0.3659 f1@10=0.1282
Before optimization UGF (f1@10): 0.2035 (20.35%) | UGF (ndcg@10): 0.2743 (27.43%)
Epsilon: 0.1017
Early stop at generation 13: first feasible solution found
CPU time: 4.88 seconds
After optimization overall metric scores     : ndcg@10=0.3765 f1@10=0.1293
After optimization group 1 (active) scores   : ndcg@10=0.5533 f1@10=0.2215
After optimization group 2 (inactive) scores : ndcg@10=0.3604 f1@10=0.1209
After optimization UGF (f1@10): 0.1006 (10.06%) | UGF (ndcg@10): 0.1929 (19.29%)
UGF reduction: 0.1029 (50.6%)
Constraint satisfied: True
GA Optimizer | Model:NCF | Dataset:dataset\5Grocery-rand | Group:sum_0.05 | K=10 | Fairness_metric=f1
GA Parameters | Pop:10 | Gen:1000 | Mut:0.3504 | Cross:0.7262
Adaptive Penalty | beta1:2.43 | beta2:1.88 | k:6
Before optimization overall scores           : ndcg@10=0.3886 f1@10=0.1451
Before optimization group 1 (active) scores  : ndcg@10=0.6402 f1@10=0.3316
Before optimization group 2 (inactive) scores: ndcg@10=0.3659 f1@10=0.1282
Before optimization UGF (f1@10): 0.2035 (20.35%) | UGF (ndcg@10): 0.2743 (27.43%)
Epsilon: 0.1017
Early stop at generation 13: first feasible solution found
CPU time: 4.95 seconds
After optimization overall metric scores     : ndcg@10=0.3756 f1@10=0.1288
After optimization group 1 (active) scores   : ndcg@10=0.5404 f1@10=0.2156
After optimization group 2 (inactive) scores : ndcg@10=0.3607 f1@10=0.1210
After optimization UGF (f1@10): 0.0947 (9.47%) | UGF (ndcg@10): 0.1797 (17.97%)
UGF reduction: 0.1088 (53.5%)
Constraint satisfied: True
GA Optimizer | Model:NCF | Dataset:dataset\5Grocery-rand | Group:sum_0.05 | K=10 | Fairness_metric=f1
GA Parameters | Pop:10 | Gen:1000 | Mut:0.3504 | Cross:0.7262
Adaptive Penalty | beta1:2.43 | beta2:1.88 | k:6
Before optimization overall scores           : ndcg@10=0.3886 f1@10=0.1451
Before optimization group 1 (active) scores  : ndcg@10=0.6402 f1@10=0.3316
Before optimization group 2 (inactive) scores: ndcg@10=0.3659 f1@10=0.1282
Before optimization UGF (f1@10): 0.2035 (20.35%) | UGF (ndcg@10): 0.2743 (27.43%)
Epsilon: 0.1017
Early stop at generation 13: first feasible solution found
CPU time: 4.92 seconds
After optimization overall metric scores     : ndcg@10=0.3779 f1@10=0.1296
After optimization group 1 (active) scores   : ndcg@10=0.5583 f1@10=0.2181
After optimization group 2 (inactive) scores : ndcg@10=0.3616 f1@10=0.1216
After optimization UGF (f1@10): 0.0964 (9.64%) | UGF (ndcg@10): 0.1967 (19.67%)
UGF reduction: 0.1070 (52.6%)
Constraint satisfied: True
GA Optimizer | Model:NCF | Dataset:dataset\5Grocery-rand | Group:sum_0.05 | K=10 | Fairness_metric=f1
GA Parameters | Pop:10 | Gen:1000 | Mut:0.3504 | Cross:0.7262
Adaptive Penalty | beta1:2.43 | beta2:1.88 | k:6
Before optimization overall scores           : ndcg@10=0.3886 f1@10=0.1451
Before optimization group 1 (active) scores  : ndcg@10=0.6402 f1@10=0.3316
Before optimization group 2 (inactive) scores: ndcg@10=0.3659 f1@10=0.1282
Before optimization UGF (f1@10): 0.2035 (20.35%) | UGF (ndcg@10): 0.2743 (27.43%)
Epsilon: 0.1017
Early stop at generation 13: first feasible solution found
CPU time: 4.88 seconds
After optimization overall metric scores     : ndcg@10=0.3770 f1@10=0.1299
After optimization group 1 (active) scores   : ndcg@10=0.5606 f1@10=0.2219
After optimization group 2 (inactive) scores : ndcg@10=0.3604 f1@10=0.1216
After optimization UGF (f1@10): 0.1003 (10.03%) | UGF (ndcg@10): 0.2003 (20.03%)
UGF reduction: 0.1032 (50.7%)
Constraint satisfied: True
GA Optimizer | Model:NCF | Dataset:dataset\5Grocery-rand | Group:sum_0.05 | K=10 | Fairness_metric=f1
GA Parameters | Pop:10 | Gen:1000 | Mut:0.3504 | Cross:0.7262
Adaptive Penalty | beta1:2.43 | beta2:1.88 | k:6
Before optimization overall scores           : ndcg@10=0.3886 f1@10=0.1451
Before optimization group 1 (active) scores  : ndcg@10=0.6402 f1@10=0.3316
Before optimization group 2 (inactive) scores: ndcg@10=0.3659 f1@10=0.1282
Before optimization UGF (f1@10): 0.2035 (20.35%) | UGF (ndcg@10): 0.2743 (27.43%)
Epsilon: 0.1017
Early stop at generation 13: first feasible solution found
CPU time: 4.89 seconds
After optimization overall metric scores     : ndcg@10=0.3768 f1@10=0.1296
After optimization group 1 (active) scores   : ndcg@10=0.5589 f1@10=0.2181
After optimization group 2 (inactive) scores : ndcg@10=0.3604 f1@10=0.1216
After optimization UGF (f1@10): 0.0966 (9.66%) | UGF (ndcg@10): 0.1985 (19.85%)
UGF reduction: 0.1069 (52.5%)
Constraint satisfied: True
GA Optimizer | Model:NCF | Dataset:dataset\5Grocery-rand | Group:sum_0.05 | K=10 | Fairness_metric=f1
GA Parameters | Pop:10 | Gen:1000 | Mut:0.3504 | Cross:0.7262
Adaptive Penalty | beta1:2.43 | beta2:1.88 | k:6
Before optimization overall scores           : ndcg@10=0.3886 f1@10=0.1451
Before optimization group 1 (active) scores  : ndcg@10=0.6402 f1@10=0.3316
Before optimization group 2 (inactive) scores: ndcg@10=0.3659 f1@10=0.1282
Before optimization UGF (f1@10): 0.2035 (20.35%) | UGF (ndcg@10): 0.2743 (27.43%)
Epsilon: 0.1017
Early stop at generation 13: first feasible solution found
CPU time: 4.94 seconds
After optimization overall metric scores     : ndcg@10=0.3778 f1@10=0.1307
After optimization group 1 (active) scores   : ndcg@10=0.5600 f1@10=0.2216
After optimization group 2 (inactive) scores : ndcg@10=0.3613 f1@10=0.1225
After optimization UGF (f1@10): 0.0991 (9.91%) | UGF (ndcg@10): 0.1987 (19.87%)
UGF reduction: 0.1044 (51.3%)
Constraint satisfied: True
GA Optimizer | Model:NCF | Dataset:dataset\5Grocery-rand | Group:sum_0.05 | K=10 | Fairness_metric=f1
GA Parameters | Pop:10 | Gen:1000 | Mut:0.3504 | Cross:0.7262
Adaptive Penalty | beta1:2.43 | beta2:1.88 | k:6
Before optimization overall scores           : ndcg@10=0.3886 f1@10=0.1451
Before optimization group 1 (active) scores  : ndcg@10=0.6402 f1@10=0.3316
Before optimization group 2 (inactive) scores: ndcg@10=0.3659 f1@10=0.1282
Before optimization UGF (f1@10): 0.2035 (20.35%) | UGF (ndcg@10): 0.2743 (27.43%)
Epsilon: 0.1017
Early stop at generation 13: first feasible solution found
CPU time: 4.92 seconds
After optimization overall metric scores     : ndcg@10=0.3763 f1@10=0.1284
After optimization group 1 (active) scores   : ndcg@10=0.5661 f1@10=0.2159
After optimization group 2 (inactive) scores : ndcg@10=0.3591 f1@10=0.1205
After optimization UGF (f1@10): 0.0954 (9.54%) | UGF (ndcg@10): 0.2070 (20.70%)
UGF reduction: 0.1081 (53.1%)
Constraint satisfied: True
GA Optimizer | Model:NCF | Dataset:dataset\5Grocery-rand | Group:sum_0.05 | K=10 | Fairness_metric=f1
GA Parameters | Pop:10 | Gen:1000 | Mut:0.3504 | Cross:0.7262
Adaptive Penalty | beta1:2.43 | beta2:1.88 | k:6
Before optimization overall scores           : ndcg@10=0.3886 f1@10=0.1451
Before optimization group 1 (active) scores  : ndcg@10=0.6402 f1@10=0.3316
Before optimization group 2 (inactive) scores: ndcg@10=0.3659 f1@10=0.1282
Before optimization UGF (f1@10): 0.2035 (20.35%) | UGF (ndcg@10): 0.2743 (27.43%)
Epsilon: 0.1017
Early stop at generation 13: first feasible solution found
CPU time: 4.91 seconds
After optimization overall metric scores     : ndcg@10=0.3788 f1@10=0.1302
After optimization group 1 (active) scores   : ndcg@10=0.5637 f1@10=0.2221
After optimization group 2 (inactive) scores : ndcg@10=0.3621 f1@10=0.1218
After optimization UGF (f1@10): 0.1003 (10.03%) | UGF (ndcg@10): 0.2016 (20.16%)
UGF reduction: 0.1032 (50.7%)
Constraint satisfied: True
