GA Optimizer | Model:NCF | Dataset:dataset\5Grocery-rand | Group:max_0.05 | K=10 | Fairness_metric=f1
GA Parameters | Pop:10 | Gen:1000 | Mut:0.3504 | Cross:0.7262
Adaptive Penalty | beta1:2.43 | beta2:1.88 | k:6
Before optimization overall scores           : ndcg@10=0.3886 f1@10=0.1451
Before optimization group 1 (active) scores  : ndcg@10=0.5148 f1@10=0.2284
Before optimization group 2 (inactive) scores: ndcg@10=0.3807 f1@10=0.1398
Before optimization UGF (f1@10): 0.0886 (8.86%) | UGF (ndcg@10): 0.1342 (13.42%)
Epsilon: 0.0443
Early stop at generation 10: first feasible solution found
CPU time: 3.82 seconds
After optimization overall metric scores     : ndcg@10=0.3817 f1@10=0.1366
After optimization group 1 (active) scores   : ndcg@10=0.4501 f1@10=0.1780
After optimization group 2 (inactive) scores : ndcg@10=0.3774 f1@10=0.1340
After optimization UGF (f1@10): 0.0441 (4.41%) | UGF (ndcg@10): 0.0727 (7.27%)
UGF reduction: 0.0446 (50.3%)
Constraint satisfied: True
GA Optimizer | Model:NCF | Dataset:dataset\5Grocery-rand | Group:max_0.05 | K=10 | Fairness_metric=f1
GA Parameters | Pop:10 | Gen:1000 | Mut:0.3504 | Cross:0.7262
Adaptive Penalty | beta1:2.43 | beta2:1.88 | k:6
Before optimization overall scores           : ndcg@10=0.3886 f1@10=0.1451
Before optimization group 1 (active) scores  : ndcg@10=0.5148 f1@10=0.2284
Before optimization group 2 (inactive) scores: ndcg@10=0.3807 f1@10=0.1398
Before optimization UGF (f1@10): 0.0886 (8.86%) | UGF (ndcg@10): 0.1342 (13.42%)
Epsilon: 0.0443
Early stop at generation 10: first feasible solution found
CPU time: 3.80 seconds
After optimization overall metric scores     : ndcg@10=0.3818 f1@10=0.1372
After optimization group 1 (active) scores   : ndcg@10=0.4461 f1@10=0.1777
After optimization group 2 (inactive) scores : ndcg@10=0.3778 f1@10=0.1347
After optimization UGF (f1@10): 0.0430 (4.30%) | UGF (ndcg@10): 0.0683 (6.83%)
UGF reduction: 0.0456 (51.5%)
Constraint satisfied: True
GA Optimizer | Model:NCF | Dataset:dataset\5Grocery-rand | Group:max_0.05 | K=10 | Fairness_metric=f1
GA Parameters | Pop:10 | Gen:1000 | Mut:0.3504 | Cross:0.7262
Adaptive Penalty | beta1:2.43 | beta2:1.88 | k:6
Before optimization overall scores           : ndcg@10=0.3886 f1@10=0.1451
Before optimization group 1 (active) scores  : ndcg@10=0.5148 f1@10=0.2284
Before optimization group 2 (inactive) scores: ndcg@10=0.3807 f1@10=0.1398
Before optimization UGF (f1@10): 0.0886 (8.86%) | UGF (ndcg@10): 0.1342 (13.42%)
Epsilon: 0.0443
Early stop at generation 10: first feasible solution found
CPU time: 3.77 seconds
After optimization overall metric scores     : ndcg@10=0.3826 f1@10=0.1374
After optimization group 1 (active) scores   : ndcg@10=0.4401 f1@10=0.1764
After optimization group 2 (inactive) scores : ndcg@10=0.3790 f1@10=0.1350
After optimization UGF (f1@10): 0.0414 (4.14%) | UGF (ndcg@10): 0.0612 (6.12%)
UGF reduction: 0.0472 (53.3%)
Constraint satisfied: True
GA Optimizer | Model:NCF | Dataset:dataset\5Grocery-rand | Group:max_0.05 | K=10 | Fairness_metric=f1
GA Parameters | Pop:10 | Gen:1000 | Mut:0.3504 | Cross:0.7262
Adaptive Penalty | beta1:2.43 | beta2:1.88 | k:6
Before optimization overall scores           : ndcg@10=0.3886 f1@10=0.1451
Before optimization group 1 (active) scores  : ndcg@10=0.5148 f1@10=0.2284
Before optimization group 2 (inactive) scores: ndcg@10=0.3807 f1@10=0.1398
Before optimization UGF (f1@10): 0.0886 (8.86%) | UGF (ndcg@10): 0.1342 (13.42%)
Epsilon: 0.0443
Early stop at generation 10: first feasible solution found
CPU time: 3.76 seconds
After optimization overall metric scores     : ndcg@10=0.3819 f1@10=0.1370
After optimization group 1 (active) scores   : ndcg@10=0.4482 f1@10=0.1763
After optimization group 2 (inactive) scores : ndcg@10=0.3777 f1@10=0.1345
After optimization UGF (f1@10): 0.0418 (4.18%) | UGF (ndcg@10): 0.0705 (7.05%)
UGF reduction: 0.0468 (52.8%)
Constraint satisfied: True
GA Optimizer | Model:NCF | Dataset:dataset\5Grocery-rand | Group:max_0.05 | K=10 | Fairness_metric=f1
GA Parameters | Pop:10 | Gen:1000 | Mut:0.3504 | Cross:0.7262
Adaptive Penalty | beta1:2.43 | beta2:1.88 | k:6
Before optimization overall scores           : ndcg@10=0.3886 f1@10=0.1451
Before optimization group 1 (active) scores  : ndcg@10=0.5148 f1@10=0.2284
Before optimization group 2 (inactive) scores: ndcg@10=0.3807 f1@10=0.1398
Before optimization UGF (f1@10): 0.0886 (8.86%) | UGF (ndcg@10): 0.1342 (13.42%)
Epsilon: 0.0443
Early stop at generation 10: first feasible solution found
CPU time: 3.78 seconds
After optimization overall metric scores     : ndcg@10=0.3824 f1@10=0.1379
After optimization group 1 (active) scores   : ndcg@10=0.4497 f1@10=0.1765
After optimization group 2 (inactive) scores : ndcg@10=0.3782 f1@10=0.1355
After optimization UGF (f1@10): 0.0410 (4.10%) | UGF (ndcg@10): 0.0715 (7.15%)
UGF reduction: 0.0476 (53.7%)
Constraint satisfied: True
GA Optimizer | Model:NCF | Dataset:dataset\5Grocery-rand | Group:max_0.05 | K=10 | Fairness_metric=f1
GA Parameters | Pop:10 | Gen:1000 | Mut:0.3504 | Cross:0.7262
Adaptive Penalty | beta1:2.43 | beta2:1.88 | k:6
Before optimization overall scores           : ndcg@10=0.3886 f1@10=0.1451
Before optimization group 1 (active) scores  : ndcg@10=0.5148 f1@10=0.2284
Before optimization group 2 (inactive) scores: ndcg@10=0.3807 f1@10=0.1398
Before optimization UGF (f1@10): 0.0886 (8.86%) | UGF (ndcg@10): 0.1342 (13.42%)
Epsilon: 0.0443
Early stop at generation 10: first feasible solution found
CPU time: 3.82 seconds
After optimization overall metric scores     : ndcg@10=0.3816 f1@10=0.1372
After optimization group 1 (active) scores   : ndcg@10=0.4358 f1@10=0.1777
After optimization group 2 (inactive) scores : ndcg@10=0.3782 f1@10=0.1346
After optimization UGF (f1@10): 0.0431 (4.31%) | UGF (ndcg@10): 0.0577 (5.77%)
UGF reduction: 0.0455 (51.4%)
Constraint satisfied: True
GA Optimizer | Model:NCF | Dataset:dataset\5Grocery-rand | Group:max_0.05 | K=10 | Fairness_metric=f1
GA Parameters | Pop:10 | Gen:1000 | Mut:0.3504 | Cross:0.7262
Adaptive Penalty | beta1:2.43 | beta2:1.88 | k:6
Before optimization overall scores           : ndcg@10=0.3886 f1@10=0.1451
Before optimization group 1 (active) scores  : ndcg@10=0.5148 f1@10=0.2284
Before optimization group 2 (inactive) scores: ndcg@10=0.3807 f1@10=0.1398
Before optimization UGF (f1@10): 0.0886 (8.86%) | UGF (ndcg@10): 0.1342 (13.42%)
Epsilon: 0.0443
Early stop at generation 10: first feasible solution found
CPU time: 3.81 seconds
After optimization overall metric scores     : ndcg@10=0.3825 f1@10=0.1371
After optimization group 1 (active) scores   : ndcg@10=0.4532 f1@10=0.1755
After optimization group 2 (inactive) scores : ndcg@10=0.3780 f1@10=0.1346
After optimization UGF (f1@10): 0.0409 (4.09%) | UGF (ndcg@10): 0.0752 (7.52%)
UGF reduction: 0.0477 (53.8%)
Constraint satisfied: True
GA Optimizer | Model:NCF | Dataset:dataset\5Grocery-rand | Group:max_0.05 | K=10 | Fairness_metric=f1
GA Parameters | Pop:10 | Gen:1000 | Mut:0.3504 | Cross:0.7262
Adaptive Penalty | beta1:2.43 | beta2:1.88 | k:6
Before optimization overall scores           : ndcg@10=0.3886 f1@10=0.1451
Before optimization group 1 (active) scores  : ndcg@10=0.5148 f1@10=0.2284
Before optimization group 2 (inactive) scores: ndcg@10=0.3807 f1@10=0.1398
Before optimization UGF (f1@10): 0.0886 (8.86%) | UGF (ndcg@10): 0.1342 (13.42%)
Epsilon: 0.0443
Early stop at generation 10: first feasible solution found
CPU time: 3.83 seconds
After optimization overall metric scores     : ndcg@10=0.3828 f1@10=0.1376
After optimization group 1 (active) scores   : ndcg@10=0.4530 f1@10=0.1765
After optimization group 2 (inactive) scores : ndcg@10=0.3784 f1@10=0.1352
After optimization UGF (f1@10): 0.0413 (4.13%) | UGF (ndcg@10): 0.0747 (7.47%)
UGF reduction: 0.0473 (53.4%)
Constraint satisfied: True
GA Optimizer | Model:NCF | Dataset:dataset\5Grocery-rand | Group:max_0.05 | K=10 | Fairness_metric=f1
GA Parameters | Pop:10 | Gen:1000 | Mut:0.3504 | Cross:0.7262
Adaptive Penalty | beta1:2.43 | beta2:1.88 | k:6
Before optimization overall scores           : ndcg@10=0.3886 f1@10=0.1451
Before optimization group 1 (active) scores  : ndcg@10=0.5148 f1@10=0.2284
Before optimization group 2 (inactive) scores: ndcg@10=0.3807 f1@10=0.1398
Before optimization UGF (f1@10): 0.0886 (8.86%) | UGF (ndcg@10): 0.1342 (13.42%)
Epsilon: 0.0443
Early stop at generation 10: first feasible solution found
CPU time: 3.79 seconds
After optimization overall metric scores     : ndcg@10=0.3818 f1@10=0.1373
After optimization group 1 (active) scores   : ndcg@10=0.4462 f1@10=0.1762
After optimization group 2 (inactive) scores : ndcg@10=0.3777 f1@10=0.1348
After optimization UGF (f1@10): 0.0414 (4.14%) | UGF (ndcg@10): 0.0684 (6.84%)
UGF reduction: 0.0472 (53.3%)
Constraint satisfied: True
GA Optimizer | Model:NCF | Dataset:dataset\5Grocery-rand | Group:max_0.05 | K=10 | Fairness_metric=f1
GA Parameters | Pop:10 | Gen:1000 | Mut:0.3504 | Cross:0.7262
Adaptive Penalty | beta1:2.43 | beta2:1.88 | k:6
Before optimization overall scores           : ndcg@10=0.3886 f1@10=0.1451
Before optimization group 1 (active) scores  : ndcg@10=0.5148 f1@10=0.2284
Before optimization group 2 (inactive) scores: ndcg@10=0.3807 f1@10=0.1398
Before optimization UGF (f1@10): 0.0886 (8.86%) | UGF (ndcg@10): 0.1342 (13.42%)
Epsilon: 0.0443
Early stop at generation 10: first feasible solution found
CPU time: 3.78 seconds
After optimization overall metric scores     : ndcg@10=0.3820 f1@10=0.1369
After optimization group 1 (active) scores   : ndcg@10=0.4516 f1@10=0.1774
After optimization group 2 (inactive) scores : ndcg@10=0.3776 f1@10=0.1343
After optimization UGF (f1@10): 0.0431 (4.31%) | UGF (ndcg@10): 0.0740 (7.40%)
UGF reduction: 0.0455 (51.4%)
Constraint satisfied: True
GA Optimizer | Model:NCF | Dataset:dataset\5Grocery-rand | Group:max_0.05 | K=10 | Fairness_metric=f1
GA Parameters | Pop:10 | Gen:1000 | Mut:0.3504 | Cross:0.7262
Adaptive Penalty | beta1:2.43 | beta2:1.88 | k:6
Before optimization overall scores           : ndcg@10=0.3886 f1@10=0.1451
Before optimization group 1 (active) scores  : ndcg@10=0.5148 f1@10=0.2284
Before optimization group 2 (inactive) scores: ndcg@10=0.3807 f1@10=0.1398
Before optimization UGF (f1@10): 0.0886 (8.86%) | UGF (ndcg@10): 0.1342 (13.42%)
Epsilon: 0.0443
Early stop at generation 10: first feasible solution found
CPU time: 3.77 seconds
After optimization overall metric scores     : ndcg@10=0.3828 f1@10=0.1373
After optimization group 1 (active) scores   : ndcg@10=0.4570 f1@10=0.1758
After optimization group 2 (inactive) scores : ndcg@10=0.3781 f1@10=0.1349
After optimization UGF (f1@10): 0.0410 (4.10%) | UGF (ndcg@10): 0.0789 (7.89%)
UGF reduction: 0.0476 (53.8%)
Constraint satisfied: True
GA Optimizer | Model:NCF | Dataset:dataset\5Grocery-rand | Group:max_0.05 | K=10 | Fairness_metric=f1
GA Parameters | Pop:10 | Gen:1000 | Mut:0.3504 | Cross:0.7262
Adaptive Penalty | beta1:2.43 | beta2:1.88 | k:6
Before optimization overall scores           : ndcg@10=0.3886 f1@10=0.1451
Before optimization group 1 (active) scores  : ndcg@10=0.5148 f1@10=0.2284
Before optimization group 2 (inactive) scores: ndcg@10=0.3807 f1@10=0.1398
Before optimization UGF (f1@10): 0.0886 (8.86%) | UGF (ndcg@10): 0.1342 (13.42%)
Epsilon: 0.0443
Early stop at generation 10: first feasible solution found
CPU time: 3.80 seconds
After optimization overall metric scores     : ndcg@10=0.3808 f1@10=0.1367
After optimization group 1 (active) scores   : ndcg@10=0.4463 f1@10=0.1779
After optimization group 2 (inactive) scores : ndcg@10=0.3767 f1@10=0.1341
After optimization UGF (f1@10): 0.0439 (4.39%) | UGF (ndcg@10): 0.0696 (6.96%)
UGF reduction: 0.0448 (50.5%)
Constraint satisfied: True
GA Optimizer | Model:NCF | Dataset:dataset\5Grocery-rand | Group:max_0.05 | K=10 | Fairness_metric=f1
GA Parameters | Pop:10 | Gen:1000 | Mut:0.3504 | Cross:0.7262
Adaptive Penalty | beta1:2.43 | beta2:1.88 | k:6
Before optimization overall scores           : ndcg@10=0.3886 f1@10=0.1451
Before optimization group 1 (active) scores  : ndcg@10=0.5148 f1@10=0.2284
Before optimization group 2 (inactive) scores: ndcg@10=0.3807 f1@10=0.1398
Before optimization UGF (f1@10): 0.0886 (8.86%) | UGF (ndcg@10): 0.1342 (13.42%)
Epsilon: 0.0443
Early stop at generation 10: first feasible solution found
CPU time: 3.84 seconds
After optimization overall metric scores     : ndcg@10=0.3816 f1@10=0.1370
After optimization group 1 (active) scores   : ndcg@10=0.4399 f1@10=0.1709
After optimization group 2 (inactive) scores : ndcg@10=0.3780 f1@10=0.1349
After optimization UGF (f1@10): 0.0360 (3.60%) | UGF (ndcg@10): 0.0619 (6.19%)
UGF reduction: 0.0526 (59.3%)
Constraint satisfied: True
GA Optimizer | Model:NCF | Dataset:dataset\5Grocery-rand | Group:max_0.05 | K=10 | Fairness_metric=f1
GA Parameters | Pop:10 | Gen:1000 | Mut:0.3504 | Cross:0.7262
Adaptive Penalty | beta1:2.43 | beta2:1.88 | k:6
Before optimization overall scores           : ndcg@10=0.3886 f1@10=0.1451
Before optimization group 1 (active) scores  : ndcg@10=0.5148 f1@10=0.2284
Before optimization group 2 (inactive) scores: ndcg@10=0.3807 f1@10=0.1398
Before optimization UGF (f1@10): 0.0886 (8.86%) | UGF (ndcg@10): 0.1342 (13.42%)
Epsilon: 0.0443
Early stop at generation 10: first feasible solution found
CPU time: 3.83 seconds
After optimization overall metric scores     : ndcg@10=0.3828 f1@10=0.1377
After optimization group 1 (active) scores   : ndcg@10=0.4552 f1@10=0.1786
After optimization group 2 (inactive) scores : ndcg@10=0.3783 f1@10=0.1351
After optimization UGF (f1@10): 0.0435 (4.35%) | UGF (ndcg@10): 0.0769 (7.69%)
UGF reduction: 0.0451 (50.9%)
Constraint satisfied: True
GA Optimizer | Model:NCF | Dataset:dataset\5Grocery-rand | Group:max_0.05 | K=10 | Fairness_metric=f1
GA Parameters | Pop:10 | Gen:1000 | Mut:0.3504 | Cross:0.7262
Adaptive Penalty | beta1:2.43 | beta2:1.88 | k:6
Before optimization overall scores           : ndcg@10=0.3886 f1@10=0.1451
Before optimization group 1 (active) scores  : ndcg@10=0.5148 f1@10=0.2284
Before optimization group 2 (inactive) scores: ndcg@10=0.3807 f1@10=0.1398
Before optimization UGF (f1@10): 0.0886 (8.86%) | UGF (ndcg@10): 0.1342 (13.42%)
Epsilon: 0.0443
Early stop at generation 10: first feasible solution found
CPU time: 3.80 seconds
After optimization overall metric scores     : ndcg@10=0.3821 f1@10=0.1374
After optimization group 1 (active) scores   : ndcg@10=0.4475 f1@10=0.1775
After optimization group 2 (inactive) scores : ndcg@10=0.3780 f1@10=0.1349
After optimization UGF (f1@10): 0.0426 (4.26%) | UGF (ndcg@10): 0.0695 (6.95%)
UGF reduction: 0.0460 (51.9%)
Constraint satisfied: True
GA Optimizer | Model:NCF | Dataset:dataset\5Grocery-rand | Group:max_0.05 | K=10 | Fairness_metric=f1
GA Parameters | Pop:10 | Gen:1000 | Mut:0.3504 | Cross:0.7262
Adaptive Penalty | beta1:2.43 | beta2:1.88 | k:6
Before optimization overall scores           : ndcg@10=0.3886 f1@10=0.1451
Before optimization group 1 (active) scores  : ndcg@10=0.5148 f1@10=0.2284
Before optimization group 2 (inactive) scores: ndcg@10=0.3807 f1@10=0.1398
Before optimization UGF (f1@10): 0.0886 (8.86%) | UGF (ndcg@10): 0.1342 (13.42%)
Epsilon: 0.0443
Early stop at generation 10: first feasible solution found
CPU time: 3.83 seconds
After optimization overall metric scores     : ndcg@10=0.3811 f1@10=0.1371
After optimization group 1 (active) scores   : ndcg@10=0.4445 f1@10=0.1778
After optimization group 2 (inactive) scores : ndcg@10=0.3771 f1@10=0.1345
After optimization UGF (f1@10): 0.0434 (4.34%) | UGF (ndcg@10): 0.0674 (6.74%)
UGF reduction: 0.0453 (51.1%)
Constraint satisfied: True
GA Optimizer | Model:NCF | Dataset:dataset\5Grocery-rand | Group:max_0.05 | K=10 | Fairness_metric=f1
GA Parameters | Pop:10 | Gen:1000 | Mut:0.3504 | Cross:0.7262
Adaptive Penalty | beta1:2.43 | beta2:1.88 | k:6
Before optimization overall scores           : ndcg@10=0.3886 f1@10=0.1451
Before optimization group 1 (active) scores  : ndcg@10=0.5148 f1@10=0.2284
Before optimization group 2 (inactive) scores: ndcg@10=0.3807 f1@10=0.1398
Before optimization UGF (f1@10): 0.0886 (8.86%) | UGF (ndcg@10): 0.1342 (13.42%)
Epsilon: 0.0443
Early stop at generation 10: first feasible solution found
CPU time: 3.77 seconds
After optimization overall metric scores     : ndcg@10=0.3842 f1@10=0.1382
After optimization group 1 (active) scores   : ndcg@10=0.4664 f1@10=0.1763
After optimization group 2 (inactive) scores : ndcg@10=0.3790 f1@10=0.1357
After optimization UGF (f1@10): 0.0406 (4.06%) | UGF (ndcg@10): 0.0873 (8.73%)
UGF reduction: 0.0480 (54.2%)
Constraint satisfied: True
GA Optimizer | Model:NCF | Dataset:dataset\5Grocery-rand | Group:max_0.05 | K=10 | Fairness_metric=f1
GA Parameters | Pop:10 | Gen:1000 | Mut:0.3504 | Cross:0.7262
Adaptive Penalty | beta1:2.43 | beta2:1.88 | k:6
Before optimization overall scores           : ndcg@10=0.3886 f1@10=0.1451
Before optimization group 1 (active) scores  : ndcg@10=0.5148 f1@10=0.2284
Before optimization group 2 (inactive) scores: ndcg@10=0.3807 f1@10=0.1398
Before optimization UGF (f1@10): 0.0886 (8.86%) | UGF (ndcg@10): 0.1342 (13.42%)
Epsilon: 0.0443
Early stop at generation 10: first feasible solution found
CPU time: 3.83 seconds
After optimization overall metric scores     : ndcg@10=0.3829 f1@10=0.1377
After optimization group 1 (active) scores   : ndcg@10=0.4512 f1@10=0.1785
After optimization group 2 (inactive) scores : ndcg@10=0.3786 f1@10=0.1352
After optimization UGF (f1@10): 0.0434 (4.34%) | UGF (ndcg@10): 0.0726 (7.26%)
UGF reduction: 0.0453 (51.1%)
Constraint satisfied: True
GA Optimizer | Model:NCF | Dataset:dataset\5Grocery-rand | Group:max_0.05 | K=10 | Fairness_metric=f1
GA Parameters | Pop:10 | Gen:1000 | Mut:0.3504 | Cross:0.7262
Adaptive Penalty | beta1:2.43 | beta2:1.88 | k:6
Before optimization overall scores           : ndcg@10=0.3886 f1@10=0.1451
Before optimization group 1 (active) scores  : ndcg@10=0.5148 f1@10=0.2284
Before optimization group 2 (inactive) scores: ndcg@10=0.3807 f1@10=0.1398
Before optimization UGF (f1@10): 0.0886 (8.86%) | UGF (ndcg@10): 0.1342 (13.42%)
Epsilon: 0.0443
Early stop at generation 10: first feasible solution found
CPU time: 3.75 seconds
After optimization overall metric scores     : ndcg@10=0.3822 f1@10=0.1371
After optimization group 1 (active) scores   : ndcg@10=0.4516 f1@10=0.1778
After optimization group 2 (inactive) scores : ndcg@10=0.3779 f1@10=0.1346
After optimization UGF (f1@10): 0.0432 (4.32%) | UGF (ndcg@10): 0.0737 (7.37%)
UGF reduction: 0.0454 (51.2%)
Constraint satisfied: True
GA Optimizer | Model:NCF | Dataset:dataset\5Grocery-rand | Group:max_0.05 | K=10 | Fairness_metric=f1
GA Parameters | Pop:10 | Gen:1000 | Mut:0.3504 | Cross:0.7262
Adaptive Penalty | beta1:2.43 | beta2:1.88 | k:6
Before optimization overall scores           : ndcg@10=0.3886 f1@10=0.1451
Before optimization group 1 (active) scores  : ndcg@10=0.5148 f1@10=0.2284
Before optimization group 2 (inactive) scores: ndcg@10=0.3807 f1@10=0.1398
Before optimization UGF (f1@10): 0.0886 (8.86%) | UGF (ndcg@10): 0.1342 (13.42%)
Epsilon: 0.0443
Early stop at generation 10: first feasible solution found
CPU time: 3.76 seconds
After optimization overall metric scores     : ndcg@10=0.3817 f1@10=0.1371
After optimization group 1 (active) scores   : ndcg@10=0.4403 f1@10=0.1772
After optimization group 2 (inactive) scores : ndcg@10=0.3780 f1@10=0.1345
After optimization UGF (f1@10): 0.0427 (4.27%) | UGF (ndcg@10): 0.0623 (6.23%)
UGF reduction: 0.0459 (51.8%)
Constraint satisfied: True
GA Optimizer | Model:NCF | Dataset:dataset\5Grocery-rand | Group:max_0.05 | K=10 | Fairness_metric=f1
GA Parameters | Pop:10 | Gen:1000 | Mut:0.3504 | Cross:0.7262
Adaptive Penalty | beta1:2.43 | beta2:1.88 | k:6
Before optimization overall scores           : ndcg@10=0.3886 f1@10=0.1451
Before optimization group 1 (active) scores  : ndcg@10=0.5148 f1@10=0.2284
Before optimization group 2 (inactive) scores: ndcg@10=0.3807 f1@10=0.1398
Before optimization UGF (f1@10): 0.0886 (8.86%) | UGF (ndcg@10): 0.1342 (13.42%)
Epsilon: 0.0443
Early stop at generation 10: first feasible solution found
CPU time: 3.77 seconds
After optimization overall metric scores     : ndcg@10=0.3814 f1@10=0.1360
After optimization group 1 (active) scores   : ndcg@10=0.4441 f1@10=0.1679
After optimization group 2 (inactive) scores : ndcg@10=0.3775 f1@10=0.1340
After optimization UGF (f1@10): 0.0338 (3.38%) | UGF (ndcg@10): 0.0666 (6.66%)
UGF reduction: 0.0548 (61.8%)
Constraint satisfied: True
GA Optimizer | Model:NCF | Dataset:dataset\5Grocery-rand | Group:max_0.05 | K=10 | Fairness_metric=f1
GA Parameters | Pop:10 | Gen:1000 | Mut:0.3504 | Cross:0.7262
Adaptive Penalty | beta1:2.43 | beta2:1.88 | k:6
Before optimization overall scores           : ndcg@10=0.3886 f1@10=0.1451
Before optimization group 1 (active) scores  : ndcg@10=0.5148 f1@10=0.2284
Before optimization group 2 (inactive) scores: ndcg@10=0.3807 f1@10=0.1398
Before optimization UGF (f1@10): 0.0886 (8.86%) | UGF (ndcg@10): 0.1342 (13.42%)
Epsilon: 0.0443
Early stop at generation 10: first feasible solution found
CPU time: 3.74 seconds
After optimization overall metric scores     : ndcg@10=0.3821 f1@10=0.1378
After optimization group 1 (active) scores   : ndcg@10=0.4349 f1@10=0.1756
After optimization group 2 (inactive) scores : ndcg@10=0.3787 f1@10=0.1354
After optimization UGF (f1@10): 0.0401 (4.01%) | UGF (ndcg@10): 0.0562 (5.62%)
UGF reduction: 0.0485 (54.7%)
Constraint satisfied: True
GA Optimizer | Model:NCF | Dataset:dataset\5Grocery-rand | Group:max_0.05 | K=10 | Fairness_metric=f1
GA Parameters | Pop:10 | Gen:1000 | Mut:0.3504 | Cross:0.7262
Adaptive Penalty | beta1:2.43 | beta2:1.88 | k:6
Before optimization overall scores           : ndcg@10=0.3886 f1@10=0.1451
Before optimization group 1 (active) scores  : ndcg@10=0.5148 f1@10=0.2284
Before optimization group 2 (inactive) scores: ndcg@10=0.3807 f1@10=0.1398
Before optimization UGF (f1@10): 0.0886 (8.86%) | UGF (ndcg@10): 0.1342 (13.42%)
Epsilon: 0.0443
Early stop at generation 10: first feasible solution found
CPU time: 3.80 seconds
After optimization overall metric scores     : ndcg@10=0.3824 f1@10=0.1376
After optimization group 1 (active) scores   : ndcg@10=0.4536 f1@10=0.1772
After optimization group 2 (inactive) scores : ndcg@10=0.3779 f1@10=0.1351
After optimization UGF (f1@10): 0.0421 (4.21%) | UGF (ndcg@10): 0.0757 (7.57%)
UGF reduction: 0.0465 (52.5%)
Constraint satisfied: True
GA Optimizer | Model:NCF | Dataset:dataset\5Grocery-rand | Group:max_0.05 | K=10 | Fairness_metric=f1
GA Parameters | Pop:10 | Gen:1000 | Mut:0.3504 | Cross:0.7262
Adaptive Penalty | beta1:2.43 | beta2:1.88 | k:6
Before optimization overall scores           : ndcg@10=0.3886 f1@10=0.1451
Before optimization group 1 (active) scores  : ndcg@10=0.5148 f1@10=0.2284
Before optimization group 2 (inactive) scores: ndcg@10=0.3807 f1@10=0.1398
Before optimization UGF (f1@10): 0.0886 (8.86%) | UGF (ndcg@10): 0.1342 (13.42%)
Epsilon: 0.0443
Early stop at generation 10: first feasible solution found
CPU time: 3.82 seconds
After optimization overall metric scores     : ndcg@10=0.3824 f1@10=0.1373
After optimization group 1 (active) scores   : ndcg@10=0.4466 f1@10=0.1765
After optimization group 2 (inactive) scores : ndcg@10=0.3784 f1@10=0.1348
After optimization UGF (f1@10): 0.0417 (4.17%) | UGF (ndcg@10): 0.0682 (6.82%)
UGF reduction: 0.0469 (52.9%)
Constraint satisfied: True
GA Optimizer | Model:NCF | Dataset:dataset\5Grocery-rand | Group:max_0.05 | K=10 | Fairness_metric=f1
GA Parameters | Pop:10 | Gen:1000 | Mut:0.3504 | Cross:0.7262
Adaptive Penalty | beta1:2.43 | beta2:1.88 | k:6
Before optimization overall scores           : ndcg@10=0.3886 f1@10=0.1451
Before optimization group 1 (active) scores  : ndcg@10=0.5148 f1@10=0.2284
Before optimization group 2 (inactive) scores: ndcg@10=0.3807 f1@10=0.1398
Before optimization UGF (f1@10): 0.0886 (8.86%) | UGF (ndcg@10): 0.1342 (13.42%)
Epsilon: 0.0443
Early stop at generation 10: first feasible solution found
CPU time: 3.77 seconds
After optimization overall metric scores     : ndcg@10=0.3833 f1@10=0.1378
After optimization group 1 (active) scores   : ndcg@10=0.4474 f1@10=0.1771
After optimization group 2 (inactive) scores : ndcg@10=0.3792 f1@10=0.1353
After optimization UGF (f1@10): 0.0418 (4.18%) | UGF (ndcg@10): 0.0682 (6.82%)
UGF reduction: 0.0468 (52.9%)
Constraint satisfied: True
GA Optimizer | Model:NCF | Dataset:dataset\5Grocery-rand | Group:max_0.05 | K=10 | Fairness_metric=f1
GA Parameters | Pop:10 | Gen:1000 | Mut:0.3504 | Cross:0.7262
Adaptive Penalty | beta1:2.43 | beta2:1.88 | k:6
Before optimization overall scores           : ndcg@10=0.3886 f1@10=0.1451
Before optimization group 1 (active) scores  : ndcg@10=0.5148 f1@10=0.2284
Before optimization group 2 (inactive) scores: ndcg@10=0.3807 f1@10=0.1398
Before optimization UGF (f1@10): 0.0886 (8.86%) | UGF (ndcg@10): 0.1342 (13.42%)
Epsilon: 0.0443
Early stop at generation 10: first feasible solution found
CPU time: 3.79 seconds
After optimization overall metric scores     : ndcg@10=0.3821 f1@10=0.1366
After optimization group 1 (active) scores   : ndcg@10=0.4531 f1@10=0.1782
After optimization group 2 (inactive) scores : ndcg@10=0.3776 f1@10=0.1340
After optimization UGF (f1@10): 0.0442 (4.42%) | UGF (ndcg@10): 0.0756 (7.56%)
UGF reduction: 0.0444 (50.1%)
Constraint satisfied: True
GA Optimizer | Model:NCF | Dataset:dataset\5Grocery-rand | Group:max_0.05 | K=10 | Fairness_metric=f1
GA Parameters | Pop:10 | Gen:1000 | Mut:0.3504 | Cross:0.7262
Adaptive Penalty | beta1:2.43 | beta2:1.88 | k:6
Before optimization overall scores           : ndcg@10=0.3886 f1@10=0.1451
Before optimization group 1 (active) scores  : ndcg@10=0.5148 f1@10=0.2284
Before optimization group 2 (inactive) scores: ndcg@10=0.3807 f1@10=0.1398
Before optimization UGF (f1@10): 0.0886 (8.86%) | UGF (ndcg@10): 0.1342 (13.42%)
Epsilon: 0.0443
Early stop at generation 10: first feasible solution found
CPU time: 3.82 seconds
After optimization overall metric scores     : ndcg@10=0.3823 f1@10=0.1371
After optimization group 1 (active) scores   : ndcg@10=0.4572 f1@10=0.1777
After optimization group 2 (inactive) scores : ndcg@10=0.3776 f1@10=0.1345
After optimization UGF (f1@10): 0.0431 (4.31%) | UGF (ndcg@10): 0.0796 (7.96%)
UGF reduction: 0.0455 (51.3%)
Constraint satisfied: True
GA Optimizer | Model:NCF | Dataset:dataset\5Grocery-rand | Group:max_0.05 | K=10 | Fairness_metric=f1
GA Parameters | Pop:10 | Gen:1000 | Mut:0.3504 | Cross:0.7262
Adaptive Penalty | beta1:2.43 | beta2:1.88 | k:6
Before optimization overall scores           : ndcg@10=0.3886 f1@10=0.1451
Before optimization group 1 (active) scores  : ndcg@10=0.5148 f1@10=0.2284
Before optimization group 2 (inactive) scores: ndcg@10=0.3807 f1@10=0.1398
Before optimization UGF (f1@10): 0.0886 (8.86%) | UGF (ndcg@10): 0.1342 (13.42%)
Epsilon: 0.0443
Early stop at generation 11: first feasible solution found
CPU time: 4.17 seconds
After optimization overall metric scores     : ndcg@10=0.3819 f1@10=0.1365
After optimization group 1 (active) scores   : ndcg@10=0.4437 f1@10=0.1710
After optimization group 2 (inactive) scores : ndcg@10=0.3780 f1@10=0.1344
After optimization UGF (f1@10): 0.0367 (3.67%) | UGF (ndcg@10): 0.0657 (6.57%)
UGF reduction: 0.0519 (58.6%)
Constraint satisfied: True
GA Optimizer | Model:NCF | Dataset:dataset\5Grocery-rand | Group:max_0.05 | K=10 | Fairness_metric=f1
GA Parameters | Pop:10 | Gen:1000 | Mut:0.3504 | Cross:0.7262
Adaptive Penalty | beta1:2.43 | beta2:1.88 | k:6
Before optimization overall scores           : ndcg@10=0.3886 f1@10=0.1451
Before optimization group 1 (active) scores  : ndcg@10=0.5148 f1@10=0.2284
Before optimization group 2 (inactive) scores: ndcg@10=0.3807 f1@10=0.1398
Before optimization UGF (f1@10): 0.0886 (8.86%) | UGF (ndcg@10): 0.1342 (13.42%)
Epsilon: 0.0443
Early stop at generation 10: first feasible solution found
CPU time: 3.75 seconds
After optimization overall metric scores     : ndcg@10=0.3817 f1@10=0.1369
After optimization group 1 (active) scores   : ndcg@10=0.4524 f1@10=0.1782
After optimization group 2 (inactive) scores : ndcg@10=0.3772 f1@10=0.1343
After optimization UGF (f1@10): 0.0439 (4.39%) | UGF (ndcg@10): 0.0751 (7.51%)
UGF reduction: 0.0447 (50.5%)
Constraint satisfied: True
GA Optimizer | Model:NCF | Dataset:dataset\5Grocery-rand | Group:max_0.05 | K=10 | Fairness_metric=f1
GA Parameters | Pop:10 | Gen:1000 | Mut:0.3504 | Cross:0.7262
Adaptive Penalty | beta1:2.43 | beta2:1.88 | k:6
Before optimization overall scores           : ndcg@10=0.3886 f1@10=0.1451
Before optimization group 1 (active) scores  : ndcg@10=0.5148 f1@10=0.2284
Before optimization group 2 (inactive) scores: ndcg@10=0.3807 f1@10=0.1398
Before optimization UGF (f1@10): 0.0886 (8.86%) | UGF (ndcg@10): 0.1342 (13.42%)
Epsilon: 0.0443
Early stop at generation 10: first feasible solution found
CPU time: 3.79 seconds
After optimization overall metric scores     : ndcg@10=0.3825 f1@10=0.1370
After optimization group 1 (active) scores   : ndcg@10=0.4571 f1@10=0.1785
After optimization group 2 (inactive) scores : ndcg@10=0.3777 f1@10=0.1343
After optimization UGF (f1@10): 0.0441 (4.41%) | UGF (ndcg@10): 0.0794 (7.94%)
UGF reduction: 0.0445 (50.2%)
Constraint satisfied: True
