GA Optimizer | Model:NCF | Dataset:dataset\5Health-rand | Group:0.05_count | K=10 | Fairness_metric=f1
GA Parameters | Pop:10 | Gen:1000 | Mut:0.3504 | Cross:0.7262
Adaptive Penalty | beta1:2.43 | beta2:1.88 | k:6
Before optimization overall scores           : ndcg@10=0.3355 f1@10=0.1220
Before optimization group 1 (active) scores  : ndcg@10=0.6172 f1@10=0.3184
Before optimization group 2 (inactive) scores: ndcg@10=0.3091 f1@10=0.1036
Before optimization UGF (f1@10): 0.2148 (21.48%) | UGF (ndcg@10): 0.3081 (30.81%)
Epsilon: 0.1074
Early stop at generation 13: first feasible solution found
CPU time: 12.44 seconds
After optimization overall metric scores     : ndcg@10=0.3211 f1@10=0.1067
After optimization group 1 (active) scores   : ndcg@10=0.5191 f1@10=0.2017
After optimization group 2 (inactive) scores : ndcg@10=0.3026 f1@10=0.0978
After optimization UGF (f1@10): 0.1039 (10.39%) | UGF (ndcg@10): 0.2166 (21.66%)
UGF reduction: 0.1109 (51.6%)
Constraint satisfied: True
GA Optimizer | Model:NCF | Dataset:dataset\5Health-rand | Group:0.05_count | K=10 | Fairness_metric=f1
GA Parameters | Pop:10 | Gen:1000 | Mut:0.3504 | Cross:0.7262
Adaptive Penalty | beta1:2.43 | beta2:1.88 | k:6
Before optimization overall scores           : ndcg@10=0.3355 f1@10=0.1220
Before optimization group 1 (active) scores  : ndcg@10=0.6172 f1@10=0.3184
Before optimization group 2 (inactive) scores: ndcg@10=0.3091 f1@10=0.1036
Before optimization UGF (f1@10): 0.2148 (21.48%) | UGF (ndcg@10): 0.3081 (30.81%)
Epsilon: 0.1074
Early stop at generation 13: first feasible solution found
CPU time: 12.36 seconds
After optimization overall metric scores     : ndcg@10=0.3223 f1@10=0.1066
After optimization group 1 (active) scores   : ndcg@10=0.5311 f1@10=0.2040
After optimization group 2 (inactive) scores : ndcg@10=0.3028 f1@10=0.0975
After optimization UGF (f1@10): 0.1065 (10.65%) | UGF (ndcg@10): 0.2283 (22.83%)
UGF reduction: 0.1083 (50.4%)
Constraint satisfied: True
GA Optimizer | Model:NCF | Dataset:dataset\5Health-rand | Group:0.05_count | K=10 | Fairness_metric=f1
GA Parameters | Pop:10 | Gen:1000 | Mut:0.3504 | Cross:0.7262
Adaptive Penalty | beta1:2.43 | beta2:1.88 | k:6
Before optimization overall scores           : ndcg@10=0.3355 f1@10=0.1220
Before optimization group 1 (active) scores  : ndcg@10=0.6172 f1@10=0.3184
Before optimization group 2 (inactive) scores: ndcg@10=0.3091 f1@10=0.1036
Before optimization UGF (f1@10): 0.2148 (21.48%) | UGF (ndcg@10): 0.3081 (30.81%)
Epsilon: 0.1074
Early stop at generation 13: first feasible solution found
CPU time: 12.36 seconds
After optimization overall metric scores     : ndcg@10=0.3211 f1@10=0.1064
After optimization group 1 (active) scores   : ndcg@10=0.5265 f1@10=0.2022
After optimization group 2 (inactive) scores : ndcg@10=0.3019 f1@10=0.0974
After optimization UGF (f1@10): 0.1048 (10.48%) | UGF (ndcg@10): 0.2246 (22.46%)
UGF reduction: 0.1100 (51.2%)
Constraint satisfied: True
GA Optimizer | Model:NCF | Dataset:dataset\5Health-rand | Group:0.05_count | K=10 | Fairness_metric=f1
GA Parameters | Pop:10 | Gen:1000 | Mut:0.3504 | Cross:0.7262
Adaptive Penalty | beta1:2.43 | beta2:1.88 | k:6
Before optimization overall scores           : ndcg@10=0.3355 f1@10=0.1220
Before optimization group 1 (active) scores  : ndcg@10=0.6172 f1@10=0.3184
Before optimization group 2 (inactive) scores: ndcg@10=0.3091 f1@10=0.1036
Before optimization UGF (f1@10): 0.2148 (21.48%) | UGF (ndcg@10): 0.3081 (30.81%)
Epsilon: 0.1074
Early stop at generation 13: first feasible solution found
CPU time: 12.35 seconds
After optimization overall metric scores     : ndcg@10=0.3212 f1@10=0.1062
After optimization group 1 (active) scores   : ndcg@10=0.5275 f1@10=0.2009
After optimization group 2 (inactive) scores : ndcg@10=0.3019 f1@10=0.0973
After optimization UGF (f1@10): 0.1036 (10.36%) | UGF (ndcg@10): 0.2256 (22.56%)
UGF reduction: 0.1112 (51.8%)
Constraint satisfied: True
GA Optimizer | Model:NCF | Dataset:dataset\5Health-rand | Group:0.05_count | K=10 | Fairness_metric=f1
GA Parameters | Pop:10 | Gen:1000 | Mut:0.3504 | Cross:0.7262
Adaptive Penalty | beta1:2.43 | beta2:1.88 | k:6
Before optimization overall scores           : ndcg@10=0.3355 f1@10=0.1220
Before optimization group 1 (active) scores  : ndcg@10=0.6172 f1@10=0.3184
Before optimization group 2 (inactive) scores: ndcg@10=0.3091 f1@10=0.1036
Before optimization UGF (f1@10): 0.2148 (21.48%) | UGF (ndcg@10): 0.3081 (30.81%)
Epsilon: 0.1074
Early stop at generation 13: first feasible solution found
CPU time: 12.44 seconds
After optimization overall metric scores     : ndcg@10=0.3213 f1@10=0.1064
After optimization group 1 (active) scores   : ndcg@10=0.5192 f1@10=0.1999
After optimization group 2 (inactive) scores : ndcg@10=0.3028 f1@10=0.0976
After optimization UGF (f1@10): 0.1023 (10.23%) | UGF (ndcg@10): 0.2164 (21.64%)
UGF reduction: 0.1126 (52.4%)
Constraint satisfied: True
GA Optimizer | Model:NCF | Dataset:dataset\5Health-rand | Group:0.05_count | K=10 | Fairness_metric=f1
GA Parameters | Pop:10 | Gen:1000 | Mut:0.3504 | Cross:0.7262
Adaptive Penalty | beta1:2.43 | beta2:1.88 | k:6
Before optimization overall scores           : ndcg@10=0.3355 f1@10=0.1220
Before optimization group 1 (active) scores  : ndcg@10=0.6172 f1@10=0.3184
Before optimization group 2 (inactive) scores: ndcg@10=0.3091 f1@10=0.1036
Before optimization UGF (f1@10): 0.2148 (21.48%) | UGF (ndcg@10): 0.3081 (30.81%)
Epsilon: 0.1074
Early stop at generation 13: first feasible solution found
CPU time: 12.29 seconds
After optimization overall metric scores     : ndcg@10=0.3209 f1@10=0.1060
After optimization group 1 (active) scores   : ndcg@10=0.5150 f1@10=0.1987
After optimization group 2 (inactive) scores : ndcg@10=0.3027 f1@10=0.0973
After optimization UGF (f1@10): 0.1014 (10.14%) | UGF (ndcg@10): 0.2123 (21.23%)
UGF reduction: 0.1134 (52.8%)
Constraint satisfied: True
GA Optimizer | Model:NCF | Dataset:dataset\5Health-rand | Group:0.05_count | K=10 | Fairness_metric=f1
GA Parameters | Pop:10 | Gen:1000 | Mut:0.3504 | Cross:0.7262
Adaptive Penalty | beta1:2.43 | beta2:1.88 | k:6
Before optimization overall scores           : ndcg@10=0.3355 f1@10=0.1220
Before optimization group 1 (active) scores  : ndcg@10=0.6172 f1@10=0.3184
Before optimization group 2 (inactive) scores: ndcg@10=0.3091 f1@10=0.1036
Before optimization UGF (f1@10): 0.2148 (21.48%) | UGF (ndcg@10): 0.3081 (30.81%)
Epsilon: 0.1074
Early stop at generation 13: first feasible solution found
CPU time: 12.42 seconds
After optimization overall metric scores     : ndcg@10=0.3202 f1@10=0.1059
After optimization group 1 (active) scores   : ndcg@10=0.5214 f1@10=0.2038
After optimization group 2 (inactive) scores : ndcg@10=0.3013 f1@10=0.0967
After optimization UGF (f1@10): 0.1071 (10.71%) | UGF (ndcg@10): 0.2201 (22.01%)
UGF reduction: 0.1077 (50.1%)
Constraint satisfied: True
GA Optimizer | Model:NCF | Dataset:dataset\5Health-rand | Group:0.05_count | K=10 | Fairness_metric=f1
GA Parameters | Pop:10 | Gen:1000 | Mut:0.3504 | Cross:0.7262
Adaptive Penalty | beta1:2.43 | beta2:1.88 | k:6
Before optimization overall scores           : ndcg@10=0.3355 f1@10=0.1220
Before optimization group 1 (active) scores  : ndcg@10=0.6172 f1@10=0.3184
Before optimization group 2 (inactive) scores: ndcg@10=0.3091 f1@10=0.1036
Before optimization UGF (f1@10): 0.2148 (21.48%) | UGF (ndcg@10): 0.3081 (30.81%)
Epsilon: 0.1074
Early stop at generation 13: first feasible solution found
CPU time: 12.33 seconds
After optimization overall metric scores     : ndcg@10=0.3200 f1@10=0.1063
After optimization group 1 (active) scores   : ndcg@10=0.5118 f1@10=0.2022
After optimization group 2 (inactive) scores : ndcg@10=0.3020 f1@10=0.0974
After optimization UGF (f1@10): 0.1048 (10.48%) | UGF (ndcg@10): 0.2098 (20.98%)
UGF reduction: 0.1100 (51.2%)
Constraint satisfied: True
GA Optimizer | Model:NCF | Dataset:dataset\5Health-rand | Group:0.05_count | K=10 | Fairness_metric=f1
GA Parameters | Pop:10 | Gen:1000 | Mut:0.3504 | Cross:0.7262
Adaptive Penalty | beta1:2.43 | beta2:1.88 | k:6
Before optimization overall scores           : ndcg@10=0.3355 f1@10=0.1220
Before optimization group 1 (active) scores  : ndcg@10=0.6172 f1@10=0.3184
Before optimization group 2 (inactive) scores: ndcg@10=0.3091 f1@10=0.1036
Before optimization UGF (f1@10): 0.2148 (21.48%) | UGF (ndcg@10): 0.3081 (30.81%)
Epsilon: 0.1074
Early stop at generation 13: first feasible solution found
CPU time: 12.37 seconds
After optimization overall metric scores     : ndcg@10=0.3211 f1@10=0.1066
After optimization group 1 (active) scores   : ndcg@10=0.5179 f1@10=0.2036
After optimization group 2 (inactive) scores : ndcg@10=0.3027 f1@10=0.0975
After optimization UGF (f1@10): 0.1061 (10.61%) | UGF (ndcg@10): 0.2152 (21.52%)
UGF reduction: 0.1087 (50.6%)
Constraint satisfied: True
GA Optimizer | Model:NCF | Dataset:dataset\5Health-rand | Group:0.05_count | K=10 | Fairness_metric=f1
GA Parameters | Pop:10 | Gen:1000 | Mut:0.3504 | Cross:0.7262
Adaptive Penalty | beta1:2.43 | beta2:1.88 | k:6
Before optimization overall scores           : ndcg@10=0.3355 f1@10=0.1220
Before optimization group 1 (active) scores  : ndcg@10=0.6172 f1@10=0.3184
Before optimization group 2 (inactive) scores: ndcg@10=0.3091 f1@10=0.1036
Before optimization UGF (f1@10): 0.2148 (21.48%) | UGF (ndcg@10): 0.3081 (30.81%)
Epsilon: 0.1074
Early stop at generation 13: first feasible solution found
CPU time: 12.30 seconds
After optimization overall metric scores     : ndcg@10=0.3208 f1@10=0.1056
After optimization group 1 (active) scores   : ndcg@10=0.5184 f1@10=0.1993
After optimization group 2 (inactive) scores : ndcg@10=0.3023 f1@10=0.0969
After optimization UGF (f1@10): 0.1024 (10.24%) | UGF (ndcg@10): 0.2161 (21.61%)
UGF reduction: 0.1124 (52.3%)
Constraint satisfied: True
GA Optimizer | Model:NCF | Dataset:dataset\5Health-rand | Group:0.05_count | K=10 | Fairness_metric=f1
GA Parameters | Pop:10 | Gen:1000 | Mut:0.3504 | Cross:0.7262
Adaptive Penalty | beta1:2.43 | beta2:1.88 | k:6
Before optimization overall scores           : ndcg@10=0.3355 f1@10=0.1220
Before optimization group 1 (active) scores  : ndcg@10=0.6172 f1@10=0.3184
Before optimization group 2 (inactive) scores: ndcg@10=0.3091 f1@10=0.1036
Before optimization UGF (f1@10): 0.2148 (21.48%) | UGF (ndcg@10): 0.3081 (30.81%)
Epsilon: 0.1074
Early stop at generation 13: first feasible solution found
CPU time: 12.30 seconds
After optimization overall metric scores     : ndcg@10=0.3214 f1@10=0.1063
After optimization group 1 (active) scores   : ndcg@10=0.5217 f1@10=0.1991
After optimization group 2 (inactive) scores : ndcg@10=0.3026 f1@10=0.0976
After optimization UGF (f1@10): 0.1016 (10.16%) | UGF (ndcg@10): 0.2191 (21.91%)
UGF reduction: 0.1133 (52.7%)
Constraint satisfied: True
GA Optimizer | Model:NCF | Dataset:dataset\5Health-rand | Group:0.05_count | K=10 | Fairness_metric=f1
GA Parameters | Pop:10 | Gen:1000 | Mut:0.3504 | Cross:0.7262
Adaptive Penalty | beta1:2.43 | beta2:1.88 | k:6
Before optimization overall scores           : ndcg@10=0.3355 f1@10=0.1220
Before optimization group 1 (active) scores  : ndcg@10=0.6172 f1@10=0.3184
Before optimization group 2 (inactive) scores: ndcg@10=0.3091 f1@10=0.1036
Before optimization UGF (f1@10): 0.2148 (21.48%) | UGF (ndcg@10): 0.3081 (30.81%)
Epsilon: 0.1074
Early stop at generation 13: first feasible solution found
CPU time: 12.40 seconds
After optimization overall metric scores     : ndcg@10=0.3206 f1@10=0.1061
After optimization group 1 (active) scores   : ndcg@10=0.5209 f1@10=0.2025
After optimization group 2 (inactive) scores : ndcg@10=0.3018 f1@10=0.0971
After optimization UGF (f1@10): 0.1054 (10.54%) | UGF (ndcg@10): 0.2191 (21.91%)
UGF reduction: 0.1095 (51.0%)
Constraint satisfied: True
GA Optimizer | Model:NCF | Dataset:dataset\5Health-rand | Group:0.05_count | K=10 | Fairness_metric=f1
GA Parameters | Pop:10 | Gen:1000 | Mut:0.3504 | Cross:0.7262
Adaptive Penalty | beta1:2.43 | beta2:1.88 | k:6
Before optimization overall scores           : ndcg@10=0.3355 f1@10=0.1220
Before optimization group 1 (active) scores  : ndcg@10=0.6172 f1@10=0.3184
Before optimization group 2 (inactive) scores: ndcg@10=0.3091 f1@10=0.1036
Before optimization UGF (f1@10): 0.2148 (21.48%) | UGF (ndcg@10): 0.3081 (30.81%)
Epsilon: 0.1074
Early stop at generation 13: first feasible solution found
CPU time: 12.45 seconds
After optimization overall metric scores     : ndcg@10=0.3211 f1@10=0.1063
After optimization group 1 (active) scores   : ndcg@10=0.5166 f1@10=0.1984
After optimization group 2 (inactive) scores : ndcg@10=0.3028 f1@10=0.0977
After optimization UGF (f1@10): 0.1008 (10.08%) | UGF (ndcg@10): 0.2139 (21.39%)
UGF reduction: 0.1140 (53.1%)
Constraint satisfied: True
GA Optimizer | Model:NCF | Dataset:dataset\5Health-rand | Group:0.05_count | K=10 | Fairness_metric=f1
GA Parameters | Pop:10 | Gen:1000 | Mut:0.3504 | Cross:0.7262
Adaptive Penalty | beta1:2.43 | beta2:1.88 | k:6
Before optimization overall scores           : ndcg@10=0.3355 f1@10=0.1220
Before optimization group 1 (active) scores  : ndcg@10=0.6172 f1@10=0.3184
Before optimization group 2 (inactive) scores: ndcg@10=0.3091 f1@10=0.1036
Before optimization UGF (f1@10): 0.2148 (21.48%) | UGF (ndcg@10): 0.3081 (30.81%)
Epsilon: 0.1074
Early stop at generation 13: first feasible solution found
CPU time: 12.45 seconds
After optimization overall metric scores     : ndcg@10=0.3203 f1@10=0.1060
After optimization group 1 (active) scores   : ndcg@10=0.5131 f1@10=0.1998
After optimization group 2 (inactive) scores : ndcg@10=0.3023 f1@10=0.0972
After optimization UGF (f1@10): 0.1025 (10.25%) | UGF (ndcg@10): 0.2108 (21.08%)
UGF reduction: 0.1123 (52.3%)
Constraint satisfied: True
GA Optimizer | Model:NCF | Dataset:dataset\5Health-rand | Group:0.05_count | K=10 | Fairness_metric=f1
GA Parameters | Pop:10 | Gen:1000 | Mut:0.3504 | Cross:0.7262
Adaptive Penalty | beta1:2.43 | beta2:1.88 | k:6
Before optimization overall scores           : ndcg@10=0.3355 f1@10=0.1220
Before optimization group 1 (active) scores  : ndcg@10=0.6172 f1@10=0.3184
Before optimization group 2 (inactive) scores: ndcg@10=0.3091 f1@10=0.1036
Before optimization UGF (f1@10): 0.2148 (21.48%) | UGF (ndcg@10): 0.3081 (30.81%)
Epsilon: 0.1074
Early stop at generation 13: first feasible solution found
CPU time: 12.73 seconds
After optimization overall metric scores     : ndcg@10=0.3211 f1@10=0.1063
After optimization group 1 (active) scores   : ndcg@10=0.5205 f1@10=0.2024
After optimization group 2 (inactive) scores : ndcg@10=0.3025 f1@10=0.0974
After optimization UGF (f1@10): 0.1050 (10.50%) | UGF (ndcg@10): 0.2180 (21.80%)
UGF reduction: 0.1098 (51.1%)
Constraint satisfied: True
GA Optimizer | Model:NCF | Dataset:dataset\5Health-rand | Group:0.05_count | K=10 | Fairness_metric=f1
GA Parameters | Pop:10 | Gen:1000 | Mut:0.3504 | Cross:0.7262
Adaptive Penalty | beta1:2.43 | beta2:1.88 | k:6
Before optimization overall scores           : ndcg@10=0.3355 f1@10=0.1220
Before optimization group 1 (active) scores  : ndcg@10=0.6172 f1@10=0.3184
Before optimization group 2 (inactive) scores: ndcg@10=0.3091 f1@10=0.1036
Before optimization UGF (f1@10): 0.2148 (21.48%) | UGF (ndcg@10): 0.3081 (30.81%)
Epsilon: 0.1074
Early stop at generation 13: first feasible solution found
CPU time: 12.40 seconds
After optimization overall metric scores     : ndcg@10=0.3215 f1@10=0.1060
After optimization group 1 (active) scores   : ndcg@10=0.5289 f1@10=0.1992
After optimization group 2 (inactive) scores : ndcg@10=0.3021 f1@10=0.0973
After optimization UGF (f1@10): 0.1019 (10.19%) | UGF (ndcg@10): 0.2267 (22.67%)
UGF reduction: 0.1129 (52.6%)
Constraint satisfied: True
GA Optimizer | Model:NCF | Dataset:dataset\5Health-rand | Group:0.05_count | K=10 | Fairness_metric=f1
GA Parameters | Pop:10 | Gen:1000 | Mut:0.3504 | Cross:0.7262
Adaptive Penalty | beta1:2.43 | beta2:1.88 | k:6
Before optimization overall scores           : ndcg@10=0.3355 f1@10=0.1220
Before optimization group 1 (active) scores  : ndcg@10=0.6172 f1@10=0.3184
Before optimization group 2 (inactive) scores: ndcg@10=0.3091 f1@10=0.1036
Before optimization UGF (f1@10): 0.2148 (21.48%) | UGF (ndcg@10): 0.3081 (30.81%)
Epsilon: 0.1074
Early stop at generation 13: first feasible solution found
CPU time: 12.40 seconds
After optimization overall metric scores     : ndcg@10=0.3208 f1@10=0.1057
After optimization group 1 (active) scores   : ndcg@10=0.5213 f1@10=0.1991
After optimization group 2 (inactive) scores : ndcg@10=0.3020 f1@10=0.0970
After optimization UGF (f1@10): 0.1022 (10.22%) | UGF (ndcg@10): 0.2193 (21.93%)
UGF reduction: 0.1126 (52.4%)
Constraint satisfied: True
GA Optimizer | Model:NCF | Dataset:dataset\5Health-rand | Group:0.05_count | K=10 | Fairness_metric=f1
GA Parameters | Pop:10 | Gen:1000 | Mut:0.3504 | Cross:0.7262
Adaptive Penalty | beta1:2.43 | beta2:1.88 | k:6
Before optimization overall scores           : ndcg@10=0.3355 f1@10=0.1220
Before optimization group 1 (active) scores  : ndcg@10=0.6172 f1@10=0.3184
Before optimization group 2 (inactive) scores: ndcg@10=0.3091 f1@10=0.1036
Before optimization UGF (f1@10): 0.2148 (21.48%) | UGF (ndcg@10): 0.3081 (30.81%)
Epsilon: 0.1074
Early stop at generation 13: first feasible solution found
CPU time: 12.38 seconds
After optimization overall metric scores     : ndcg@10=0.3217 f1@10=0.1067
After optimization group 1 (active) scores   : ndcg@10=0.5211 f1@10=0.2027
After optimization group 2 (inactive) scores : ndcg@10=0.3030 f1@10=0.0977
After optimization UGF (f1@10): 0.1049 (10.49%) | UGF (ndcg@10): 0.2181 (21.81%)
UGF reduction: 0.1099 (51.2%)
Constraint satisfied: True
GA Optimizer | Model:NCF | Dataset:dataset\5Health-rand | Group:0.05_count | K=10 | Fairness_metric=f1
GA Parameters | Pop:10 | Gen:1000 | Mut:0.3504 | Cross:0.7262
Adaptive Penalty | beta1:2.43 | beta2:1.88 | k:6
Before optimization overall scores           : ndcg@10=0.3355 f1@10=0.1220
Before optimization group 1 (active) scores  : ndcg@10=0.6172 f1@10=0.3184
Before optimization group 2 (inactive) scores: ndcg@10=0.3091 f1@10=0.1036
Before optimization UGF (f1@10): 0.2148 (21.48%) | UGF (ndcg@10): 0.3081 (30.81%)
Epsilon: 0.1074
Early stop at generation 13: first feasible solution found
CPU time: 12.33 seconds
After optimization overall metric scores     : ndcg@10=0.3207 f1@10=0.1063
After optimization group 1 (active) scores   : ndcg@10=0.5196 f1@10=0.2035
After optimization group 2 (inactive) scores : ndcg@10=0.3021 f1@10=0.0972
After optimization UGF (f1@10): 0.1064 (10.64%) | UGF (ndcg@10): 0.2174 (21.74%)
UGF reduction: 0.1085 (50.5%)
Constraint satisfied: True
GA Optimizer | Model:NCF | Dataset:dataset\5Health-rand | Group:0.05_count | K=10 | Fairness_metric=f1
GA Parameters | Pop:10 | Gen:1000 | Mut:0.3504 | Cross:0.7262
Adaptive Penalty | beta1:2.43 | beta2:1.88 | k:6
Before optimization overall scores           : ndcg@10=0.3355 f1@10=0.1220
Before optimization group 1 (active) scores  : ndcg@10=0.6172 f1@10=0.3184
Before optimization group 2 (inactive) scores: ndcg@10=0.3091 f1@10=0.1036
Before optimization UGF (f1@10): 0.2148 (21.48%) | UGF (ndcg@10): 0.3081 (30.81%)
Epsilon: 0.1074
Early stop at generation 13: first feasible solution found
CPU time: 12.48 seconds
After optimization overall metric scores     : ndcg@10=0.3214 f1@10=0.1067
After optimization group 1 (active) scores   : ndcg@10=0.5195 f1@10=0.2038
After optimization group 2 (inactive) scores : ndcg@10=0.3028 f1@10=0.0976
After optimization UGF (f1@10): 0.1061 (10.61%) | UGF (ndcg@10): 0.2167 (21.67%)
UGF reduction: 0.1087 (50.6%)
Constraint satisfied: True
GA Optimizer | Model:NCF | Dataset:dataset\5Health-rand | Group:0.05_count | K=10 | Fairness_metric=f1
GA Parameters | Pop:10 | Gen:1000 | Mut:0.3504 | Cross:0.7262
Adaptive Penalty | beta1:2.43 | beta2:1.88 | k:6
Before optimization overall scores           : ndcg@10=0.3355 f1@10=0.1220
Before optimization group 1 (active) scores  : ndcg@10=0.6172 f1@10=0.3184
Before optimization group 2 (inactive) scores: ndcg@10=0.3091 f1@10=0.1036
Before optimization UGF (f1@10): 0.2148 (21.48%) | UGF (ndcg@10): 0.3081 (30.81%)
Epsilon: 0.1074
Early stop at generation 13: first feasible solution found
CPU time: 12.28 seconds
After optimization overall metric scores     : ndcg@10=0.3202 f1@10=0.1056
After optimization group 1 (active) scores   : ndcg@10=0.5215 f1@10=0.2010
After optimization group 2 (inactive) scores : ndcg@10=0.3013 f1@10=0.0967
After optimization UGF (f1@10): 0.1043 (10.43%) | UGF (ndcg@10): 0.2201 (22.01%)
UGF reduction: 0.1105 (51.4%)
Constraint satisfied: True
GA Optimizer | Model:NCF | Dataset:dataset\5Health-rand | Group:0.05_count | K=10 | Fairness_metric=f1
GA Parameters | Pop:10 | Gen:1000 | Mut:0.3504 | Cross:0.7262
Adaptive Penalty | beta1:2.43 | beta2:1.88 | k:6
Before optimization overall scores           : ndcg@10=0.3355 f1@10=0.1220
Before optimization group 1 (active) scores  : ndcg@10=0.6172 f1@10=0.3184
Before optimization group 2 (inactive) scores: ndcg@10=0.3091 f1@10=0.1036
Before optimization UGF (f1@10): 0.2148 (21.48%) | UGF (ndcg@10): 0.3081 (30.81%)
Epsilon: 0.1074
Early stop at generation 13: first feasible solution found
CPU time: 12.32 seconds
After optimization overall metric scores     : ndcg@10=0.3221 f1@10=0.1064
After optimization group 1 (active) scores   : ndcg@10=0.5284 f1@10=0.2027
After optimization group 2 (inactive) scores : ndcg@10=0.3028 f1@10=0.0974
After optimization UGF (f1@10): 0.1053 (10.53%) | UGF (ndcg@10): 0.2256 (22.56%)
UGF reduction: 0.1095 (51.0%)
Constraint satisfied: True
GA Optimizer | Model:NCF | Dataset:dataset\5Health-rand | Group:0.05_count | K=10 | Fairness_metric=f1
GA Parameters | Pop:10 | Gen:1000 | Mut:0.3504 | Cross:0.7262
Adaptive Penalty | beta1:2.43 | beta2:1.88 | k:6
Before optimization overall scores           : ndcg@10=0.3355 f1@10=0.1220
Before optimization group 1 (active) scores  : ndcg@10=0.6172 f1@10=0.3184
Before optimization group 2 (inactive) scores: ndcg@10=0.3091 f1@10=0.1036
Before optimization UGF (f1@10): 0.2148 (21.48%) | UGF (ndcg@10): 0.3081 (30.81%)
Epsilon: 0.1074
Early stop at generation 13: first feasible solution found
CPU time: 12.29 seconds
After optimization overall metric scores     : ndcg@10=0.3219 f1@10=0.1068
After optimization group 1 (active) scores   : ndcg@10=0.5282 f1@10=0.2050
After optimization group 2 (inactive) scores : ndcg@10=0.3026 f1@10=0.0977
After optimization UGF (f1@10): 0.1073 (10.73%) | UGF (ndcg@10): 0.2256 (22.56%)
UGF reduction: 0.1075 (50.1%)
Constraint satisfied: True
GA Optimizer | Model:NCF | Dataset:dataset\5Health-rand | Group:0.05_count | K=10 | Fairness_metric=f1
GA Parameters | Pop:10 | Gen:1000 | Mut:0.3504 | Cross:0.7262
Adaptive Penalty | beta1:2.43 | beta2:1.88 | k:6
Before optimization overall scores           : ndcg@10=0.3355 f1@10=0.1220
Before optimization group 1 (active) scores  : ndcg@10=0.6172 f1@10=0.3184
Before optimization group 2 (inactive) scores: ndcg@10=0.3091 f1@10=0.1036
Before optimization UGF (f1@10): 0.2148 (21.48%) | UGF (ndcg@10): 0.3081 (30.81%)
Epsilon: 0.1074
Early stop at generation 13: first feasible solution found
CPU time: 12.53 seconds
After optimization overall metric scores     : ndcg@10=0.3207 f1@10=0.1061
After optimization group 1 (active) scores   : ndcg@10=0.5246 f1@10=0.2028
After optimization group 2 (inactive) scores : ndcg@10=0.3016 f1@10=0.0971
After optimization UGF (f1@10): 0.1057 (10.57%) | UGF (ndcg@10): 0.2229 (22.29%)
UGF reduction: 0.1092 (50.8%)
Constraint satisfied: True
GA Optimizer | Model:NCF | Dataset:dataset\5Health-rand | Group:0.05_count | K=10 | Fairness_metric=f1
GA Parameters | Pop:10 | Gen:1000 | Mut:0.3504 | Cross:0.7262
Adaptive Penalty | beta1:2.43 | beta2:1.88 | k:6
Before optimization overall scores           : ndcg@10=0.3355 f1@10=0.1220
Before optimization group 1 (active) scores  : ndcg@10=0.6172 f1@10=0.3184
Before optimization group 2 (inactive) scores: ndcg@10=0.3091 f1@10=0.1036
Before optimization UGF (f1@10): 0.2148 (21.48%) | UGF (ndcg@10): 0.3081 (30.81%)
Epsilon: 0.1074
Early stop at generation 13: first feasible solution found
CPU time: 12.39 seconds
After optimization overall metric scores     : ndcg@10=0.3209 f1@10=0.1059
After optimization group 1 (active) scores   : ndcg@10=0.5228 f1@10=0.2016
After optimization group 2 (inactive) scores : ndcg@10=0.3021 f1@10=0.0970
After optimization UGF (f1@10): 0.1046 (10.46%) | UGF (ndcg@10): 0.2208 (22.08%)
UGF reduction: 0.1102 (51.3%)
Constraint satisfied: True
GA Optimizer | Model:NCF | Dataset:dataset\5Health-rand | Group:0.05_count | K=10 | Fairness_metric=f1
GA Parameters | Pop:10 | Gen:1000 | Mut:0.3504 | Cross:0.7262
Adaptive Penalty | beta1:2.43 | beta2:1.88 | k:6
Before optimization overall scores           : ndcg@10=0.3355 f1@10=0.1220
Before optimization group 1 (active) scores  : ndcg@10=0.6172 f1@10=0.3184
Before optimization group 2 (inactive) scores: ndcg@10=0.3091 f1@10=0.1036
Before optimization UGF (f1@10): 0.2148 (21.48%) | UGF (ndcg@10): 0.3081 (30.81%)
Epsilon: 0.1074
Early stop at generation 13: first feasible solution found
CPU time: 12.35 seconds
After optimization overall metric scores     : ndcg@10=0.3206 f1@10=0.1064
After optimization group 1 (active) scores   : ndcg@10=0.5118 f1@10=0.2009
After optimization group 2 (inactive) scores : ndcg@10=0.3027 f1@10=0.0975
After optimization UGF (f1@10): 0.1033 (10.33%) | UGF (ndcg@10): 0.2091 (20.91%)
UGF reduction: 0.1115 (51.9%)
Constraint satisfied: True
GA Optimizer | Model:NCF | Dataset:dataset\5Health-rand | Group:0.05_count | K=10 | Fairness_metric=f1
GA Parameters | Pop:10 | Gen:1000 | Mut:0.3504 | Cross:0.7262
Adaptive Penalty | beta1:2.43 | beta2:1.88 | k:6
Before optimization overall scores           : ndcg@10=0.3355 f1@10=0.1220
Before optimization group 1 (active) scores  : ndcg@10=0.6172 f1@10=0.3184
Before optimization group 2 (inactive) scores: ndcg@10=0.3091 f1@10=0.1036
Before optimization UGF (f1@10): 0.2148 (21.48%) | UGF (ndcg@10): 0.3081 (30.81%)
Epsilon: 0.1074
Early stop at generation 13: first feasible solution found
CPU time: 12.49 seconds
After optimization overall metric scores     : ndcg@10=0.3213 f1@10=0.1065
After optimization group 1 (active) scores   : ndcg@10=0.5210 f1@10=0.2016
After optimization group 2 (inactive) scores : ndcg@10=0.3026 f1@10=0.0976
After optimization UGF (f1@10): 0.1040 (10.40%) | UGF (ndcg@10): 0.2184 (21.84%)
UGF reduction: 0.1108 (51.6%)
Constraint satisfied: True
GA Optimizer | Model:NCF | Dataset:dataset\5Health-rand | Group:0.05_count | K=10 | Fairness_metric=f1
GA Parameters | Pop:10 | Gen:1000 | Mut:0.3504 | Cross:0.7262
Adaptive Penalty | beta1:2.43 | beta2:1.88 | k:6
Before optimization overall scores           : ndcg@10=0.3355 f1@10=0.1220
Before optimization group 1 (active) scores  : ndcg@10=0.6172 f1@10=0.3184
Before optimization group 2 (inactive) scores: ndcg@10=0.3091 f1@10=0.1036
Before optimization UGF (f1@10): 0.2148 (21.48%) | UGF (ndcg@10): 0.3081 (30.81%)
Epsilon: 0.1074
Early stop at generation 13: first feasible solution found
CPU time: 12.42 seconds
After optimization overall metric scores     : ndcg@10=0.3215 f1@10=0.1063
After optimization group 1 (active) scores   : ndcg@10=0.5268 f1@10=0.2033
After optimization group 2 (inactive) scores : ndcg@10=0.3022 f1@10=0.0972
After optimization UGF (f1@10): 0.1060 (10.60%) | UGF (ndcg@10): 0.2246 (22.46%)
UGF reduction: 0.1088 (50.6%)
Constraint satisfied: True
GA Optimizer | Model:NCF | Dataset:dataset\5Health-rand | Group:0.05_count | K=10 | Fairness_metric=f1
GA Parameters | Pop:10 | Gen:1000 | Mut:0.3504 | Cross:0.7262
Adaptive Penalty | beta1:2.43 | beta2:1.88 | k:6
Before optimization overall scores           : ndcg@10=0.3355 f1@10=0.1220
Before optimization group 1 (active) scores  : ndcg@10=0.6172 f1@10=0.3184
Before optimization group 2 (inactive) scores: ndcg@10=0.3091 f1@10=0.1036
Before optimization UGF (f1@10): 0.2148 (21.48%) | UGF (ndcg@10): 0.3081 (30.81%)
Epsilon: 0.1074
Early stop at generation 13: first feasible solution found
CPU time: 12.45 seconds
After optimization overall metric scores     : ndcg@10=0.3213 f1@10=0.1063
After optimization group 1 (active) scores   : ndcg@10=0.5203 f1@10=0.2006
After optimization group 2 (inactive) scores : ndcg@10=0.3027 f1@10=0.0975
After optimization UGF (f1@10): 0.1031 (10.31%) | UGF (ndcg@10): 0.2176 (21.76%)
UGF reduction: 0.1117 (52.0%)
Constraint satisfied: True
GA Optimizer | Model:NCF | Dataset:dataset\5Health-rand | Group:0.05_count | K=10 | Fairness_metric=f1
GA Parameters | Pop:10 | Gen:1000 | Mut:0.3504 | Cross:0.7262
Adaptive Penalty | beta1:2.43 | beta2:1.88 | k:6
Before optimization overall scores           : ndcg@10=0.3355 f1@10=0.1220
Before optimization group 1 (active) scores  : ndcg@10=0.6172 f1@10=0.3184
Before optimization group 2 (inactive) scores: ndcg@10=0.3091 f1@10=0.1036
Before optimization UGF (f1@10): 0.2148 (21.48%) | UGF (ndcg@10): 0.3081 (30.81%)
Epsilon: 0.1074
Early stop at generation 13: first feasible solution found
CPU time: 12.31 seconds
After optimization overall metric scores     : ndcg@10=0.3206 f1@10=0.1060
After optimization group 1 (active) scores   : ndcg@10=0.5326 f1@10=0.2027
After optimization group 2 (inactive) scores : ndcg@10=0.3008 f1@10=0.0970
After optimization UGF (f1@10): 0.1057 (10.57%) | UGF (ndcg@10): 0.2318 (23.18%)
UGF reduction: 0.1091 (50.8%)
Constraint satisfied: True
