GA Optimizer | Model:biasedMF | Dataset:dataset\5Health-rand | Group:sum_0.05 | K=10 | Fairness_metric=f1
GA Parameters | Pop:10 | Gen:1000 | Mut:0.3504 | Cross:0.7262
Adaptive Penalty | beta1:2.43 | beta2:1.88 | k:6
Before optimization overall scores           : ndcg@10=0.4137 f1@10=0.1392
Before optimization group 1 (active) scores  : ndcg@10=0.6772 f1@10=0.3304
Before optimization group 2 (inactive) scores: ndcg@10=0.3915 f1@10=0.1231
Before optimization UGF (f1@10): 0.2073 (20.73%) | UGF (ndcg@10): 0.2857 (28.57%)
Epsilon: 0.1036
Early stop at generation 12: first feasible solution found
CPU time: 11.41 seconds
After optimization overall metric scores     : ndcg@10=0.4002 f1@10=0.1253
After optimization group 1 (active) scores   : ndcg@10=0.5597 f1@10=0.2153
After optimization group 2 (inactive) scores : ndcg@10=0.3868 f1@10=0.1177
After optimization UGF (f1@10): 0.0976 (9.76%) | UGF (ndcg@10): 0.1729 (17.29%)
UGF reduction: 0.1097 (52.9%)
Constraint satisfied: True
GA Optimizer | Model:biasedMF | Dataset:dataset\5Health-rand | Group:sum_0.05 | K=10 | Fairness_metric=f1
GA Parameters | Pop:10 | Gen:1000 | Mut:0.3504 | Cross:0.7262
Adaptive Penalty | beta1:2.43 | beta2:1.88 | k:6
Before optimization overall scores           : ndcg@10=0.4137 f1@10=0.1392
Before optimization group 1 (active) scores  : ndcg@10=0.6772 f1@10=0.3304
Before optimization group 2 (inactive) scores: ndcg@10=0.3915 f1@10=0.1231
Before optimization UGF (f1@10): 0.2073 (20.73%) | UGF (ndcg@10): 0.2857 (28.57%)
Epsilon: 0.1036
Early stop at generation 12: first feasible solution found
CPU time: 11.43 seconds
After optimization overall metric scores     : ndcg@10=0.4002 f1@10=0.1252
After optimization group 1 (active) scores   : ndcg@10=0.5690 f1@10=0.2142
After optimization group 2 (inactive) scores : ndcg@10=0.3860 f1@10=0.1177
After optimization UGF (f1@10): 0.0965 (9.65%) | UGF (ndcg@10): 0.1830 (18.30%)
UGF reduction: 0.1108 (53.5%)
Constraint satisfied: True
GA Optimizer | Model:biasedMF | Dataset:dataset\5Health-rand | Group:sum_0.05 | K=10 | Fairness_metric=f1
GA Parameters | Pop:10 | Gen:1000 | Mut:0.3504 | Cross:0.7262
Adaptive Penalty | beta1:2.43 | beta2:1.88 | k:6
Before optimization overall scores           : ndcg@10=0.4137 f1@10=0.1392
Before optimization group 1 (active) scores  : ndcg@10=0.6772 f1@10=0.3304
Before optimization group 2 (inactive) scores: ndcg@10=0.3915 f1@10=0.1231
Before optimization UGF (f1@10): 0.2073 (20.73%) | UGF (ndcg@10): 0.2857 (28.57%)
Epsilon: 0.1036
Early stop at generation 12: first feasible solution found
CPU time: 11.55 seconds
After optimization overall metric scores     : ndcg@10=0.4009 f1@10=0.1252
After optimization group 1 (active) scores   : ndcg@10=0.5768 f1@10=0.2183
After optimization group 2 (inactive) scores : ndcg@10=0.3861 f1@10=0.1173
After optimization UGF (f1@10): 0.1010 (10.10%) | UGF (ndcg@10): 0.1907 (19.07%)
UGF reduction: 0.1063 (51.3%)
Constraint satisfied: True
GA Optimizer | Model:biasedMF | Dataset:dataset\5Health-rand | Group:sum_0.05 | K=10 | Fairness_metric=f1
GA Parameters | Pop:10 | Gen:1000 | Mut:0.3504 | Cross:0.7262
Adaptive Penalty | beta1:2.43 | beta2:1.88 | k:6
Before optimization overall scores           : ndcg@10=0.4137 f1@10=0.1392
Before optimization group 1 (active) scores  : ndcg@10=0.6772 f1@10=0.3304
Before optimization group 2 (inactive) scores: ndcg@10=0.3915 f1@10=0.1231
Before optimization UGF (f1@10): 0.2073 (20.73%) | UGF (ndcg@10): 0.2857 (28.57%)
Epsilon: 0.1036
Early stop at generation 12: first feasible solution found
CPU time: 11.49 seconds
After optimization overall metric scores     : ndcg@10=0.4006 f1@10=0.1253
After optimization group 1 (active) scores   : ndcg@10=0.5660 f1@10=0.2148
After optimization group 2 (inactive) scores : ndcg@10=0.3867 f1@10=0.1177
After optimization UGF (f1@10): 0.0971 (9.71%) | UGF (ndcg@10): 0.1793 (17.93%)
UGF reduction: 0.1102 (53.2%)
Constraint satisfied: True
GA Optimizer | Model:biasedMF | Dataset:dataset\5Health-rand | Group:sum_0.05 | K=10 | Fairness_metric=f1
GA Parameters | Pop:10 | Gen:1000 | Mut:0.3504 | Cross:0.7262
Adaptive Penalty | beta1:2.43 | beta2:1.88 | k:6
Before optimization overall scores           : ndcg@10=0.4137 f1@10=0.1392
Before optimization group 1 (active) scores  : ndcg@10=0.6772 f1@10=0.3304
Before optimization group 2 (inactive) scores: ndcg@10=0.3915 f1@10=0.1231
Before optimization UGF (f1@10): 0.2073 (20.73%) | UGF (ndcg@10): 0.2857 (28.57%)
Epsilon: 0.1036
Early stop at generation 12: first feasible solution found
CPU time: 11.64 seconds
After optimization overall metric scores     : ndcg@10=0.4004 f1@10=0.1249
After optimization group 1 (active) scores   : ndcg@10=0.5635 f1@10=0.2140
After optimization group 2 (inactive) scores : ndcg@10=0.3867 f1@10=0.1174
After optimization UGF (f1@10): 0.0966 (9.66%) | UGF (ndcg@10): 0.1768 (17.68%)
UGF reduction: 0.1107 (53.4%)
Constraint satisfied: True
GA Optimizer | Model:biasedMF | Dataset:dataset\5Health-rand | Group:sum_0.05 | K=10 | Fairness_metric=f1
GA Parameters | Pop:10 | Gen:1000 | Mut:0.3504 | Cross:0.7262
Adaptive Penalty | beta1:2.43 | beta2:1.88 | k:6
Before optimization overall scores           : ndcg@10=0.4137 f1@10=0.1392
Before optimization group 1 (active) scores  : ndcg@10=0.6772 f1@10=0.3304
Before optimization group 2 (inactive) scores: ndcg@10=0.3915 f1@10=0.1231
Before optimization UGF (f1@10): 0.2073 (20.73%) | UGF (ndcg@10): 0.2857 (28.57%)
Epsilon: 0.1036
Early stop at generation 12: first feasible solution found
CPU time: 11.45 seconds
After optimization overall metric scores     : ndcg@10=0.3996 f1@10=0.1251
After optimization group 1 (active) scores   : ndcg@10=0.5568 f1@10=0.2131
After optimization group 2 (inactive) scores : ndcg@10=0.3864 f1@10=0.1177
After optimization UGF (f1@10): 0.0954 (9.54%) | UGF (ndcg@10): 0.1704 (17.04%)
UGF reduction: 0.1119 (54.0%)
Constraint satisfied: True
GA Optimizer | Model:biasedMF | Dataset:dataset\5Health-rand | Group:sum_0.05 | K=10 | Fairness_metric=f1
GA Parameters | Pop:10 | Gen:1000 | Mut:0.3504 | Cross:0.7262
Adaptive Penalty | beta1:2.43 | beta2:1.88 | k:6
Before optimization overall scores           : ndcg@10=0.4137 f1@10=0.1392
Before optimization group 1 (active) scores  : ndcg@10=0.6772 f1@10=0.3304
Before optimization group 2 (inactive) scores: ndcg@10=0.3915 f1@10=0.1231
Before optimization UGF (f1@10): 0.2073 (20.73%) | UGF (ndcg@10): 0.2857 (28.57%)
Epsilon: 0.1036
Early stop at generation 12: first feasible solution found
CPU time: 11.41 seconds
After optimization overall metric scores     : ndcg@10=0.4009 f1@10=0.1254
After optimization group 1 (active) scores   : ndcg@10=0.5669 f1@10=0.2166
After optimization group 2 (inactive) scores : ndcg@10=0.3869 f1@10=0.1177
After optimization UGF (f1@10): 0.0988 (9.88%) | UGF (ndcg@10): 0.1800 (18.00%)
UGF reduction: 0.1085 (52.3%)
Constraint satisfied: True
GA Optimizer | Model:biasedMF | Dataset:dataset\5Health-rand | Group:sum_0.05 | K=10 | Fairness_metric=f1
GA Parameters | Pop:10 | Gen:1000 | Mut:0.3504 | Cross:0.7262
Adaptive Penalty | beta1:2.43 | beta2:1.88 | k:6
Before optimization overall scores           : ndcg@10=0.4137 f1@10=0.1392
Before optimization group 1 (active) scores  : ndcg@10=0.6772 f1@10=0.3304
Before optimization group 2 (inactive) scores: ndcg@10=0.3915 f1@10=0.1231
Before optimization UGF (f1@10): 0.2073 (20.73%) | UGF (ndcg@10): 0.2857 (28.57%)
Epsilon: 0.1036
Early stop at generation 12: first feasible solution found
CPU time: 11.44 seconds
After optimization overall metric scores     : ndcg@10=0.4005 f1@10=0.1253
After optimization group 1 (active) scores   : ndcg@10=0.5735 f1@10=0.2176
After optimization group 2 (inactive) scores : ndcg@10=0.3859 f1@10=0.1175
After optimization UGF (f1@10): 0.1001 (10.01%) | UGF (ndcg@10): 0.1875 (18.75%)
UGF reduction: 0.1072 (51.7%)
Constraint satisfied: True
GA Optimizer | Model:biasedMF | Dataset:dataset\5Health-rand | Group:sum_0.05 | K=10 | Fairness_metric=f1
GA Parameters | Pop:10 | Gen:1000 | Mut:0.3504 | Cross:0.7262
Adaptive Penalty | beta1:2.43 | beta2:1.88 | k:6
Before optimization overall scores           : ndcg@10=0.4137 f1@10=0.1392
Before optimization group 1 (active) scores  : ndcg@10=0.6772 f1@10=0.3304
Before optimization group 2 (inactive) scores: ndcg@10=0.3915 f1@10=0.1231
Before optimization UGF (f1@10): 0.2073 (20.73%) | UGF (ndcg@10): 0.2857 (28.57%)
Epsilon: 0.1036
Early stop at generation 12: first feasible solution found
CPU time: 11.49 seconds
After optimization overall metric scores     : ndcg@10=0.4002 f1@10=0.1252
After optimization group 1 (active) scores   : ndcg@10=0.5609 f1@10=0.2138
After optimization group 2 (inactive) scores : ndcg@10=0.3866 f1@10=0.1178
After optimization UGF (f1@10): 0.0960 (9.60%) | UGF (ndcg@10): 0.1742 (17.42%)
UGF reduction: 0.1113 (53.7%)
Constraint satisfied: True
GA Optimizer | Model:biasedMF | Dataset:dataset\5Health-rand | Group:sum_0.05 | K=10 | Fairness_metric=f1
GA Parameters | Pop:10 | Gen:1000 | Mut:0.3504 | Cross:0.7262
Adaptive Penalty | beta1:2.43 | beta2:1.88 | k:6
Before optimization overall scores           : ndcg@10=0.4137 f1@10=0.1392
Before optimization group 1 (active) scores  : ndcg@10=0.6772 f1@10=0.3304
Before optimization group 2 (inactive) scores: ndcg@10=0.3915 f1@10=0.1231
Before optimization UGF (f1@10): 0.2073 (20.73%) | UGF (ndcg@10): 0.2857 (28.57%)
Epsilon: 0.1036
Early stop at generation 12: first feasible solution found
CPU time: 11.41 seconds
After optimization overall metric scores     : ndcg@10=0.4010 f1@10=0.1254
After optimization group 1 (active) scores   : ndcg@10=0.5682 f1@10=0.2154
After optimization group 2 (inactive) scores : ndcg@10=0.3869 f1@10=0.1178
After optimization UGF (f1@10): 0.0976 (9.76%) | UGF (ndcg@10): 0.1812 (18.12%)
UGF reduction: 0.1097 (52.9%)
Constraint satisfied: True
GA Optimizer | Model:biasedMF | Dataset:dataset\5Health-rand | Group:sum_0.05 | K=10 | Fairness_metric=f1
GA Parameters | Pop:10 | Gen:1000 | Mut:0.3504 | Cross:0.7262
Adaptive Penalty | beta1:2.43 | beta2:1.88 | k:6
Before optimization overall scores           : ndcg@10=0.4137 f1@10=0.1392
Before optimization group 1 (active) scores  : ndcg@10=0.6772 f1@10=0.3304
Before optimization group 2 (inactive) scores: ndcg@10=0.3915 f1@10=0.1231
Before optimization UGF (f1@10): 0.2073 (20.73%) | UGF (ndcg@10): 0.2857 (28.57%)
Epsilon: 0.1036
Early stop at generation 12: first feasible solution found
CPU time: 11.45 seconds
After optimization overall metric scores     : ndcg@10=0.4007 f1@10=0.1256
After optimization group 1 (active) scores   : ndcg@10=0.5656 f1@10=0.2175
After optimization group 2 (inactive) scores : ndcg@10=0.3869 f1@10=0.1178
After optimization UGF (f1@10): 0.0997 (9.97%) | UGF (ndcg@10): 0.1787 (17.87%)
UGF reduction: 0.1076 (51.9%)
Constraint satisfied: True
GA Optimizer | Model:biasedMF | Dataset:dataset\5Health-rand | Group:sum_0.05 | K=10 | Fairness_metric=f1
GA Parameters | Pop:10 | Gen:1000 | Mut:0.3504 | Cross:0.7262
Adaptive Penalty | beta1:2.43 | beta2:1.88 | k:6
Before optimization overall scores           : ndcg@10=0.4137 f1@10=0.1392
Before optimization group 1 (active) scores  : ndcg@10=0.6772 f1@10=0.3304
Before optimization group 2 (inactive) scores: ndcg@10=0.3915 f1@10=0.1231
Before optimization UGF (f1@10): 0.2073 (20.73%) | UGF (ndcg@10): 0.2857 (28.57%)
Epsilon: 0.1036
Early stop at generation 12: first feasible solution found
CPU time: 11.42 seconds
After optimization overall metric scores     : ndcg@10=0.4007 f1@10=0.1254
After optimization group 1 (active) scores   : ndcg@10=0.5646 f1@10=0.2138
After optimization group 2 (inactive) scores : ndcg@10=0.3869 f1@10=0.1180
After optimization UGF (f1@10): 0.0959 (9.59%) | UGF (ndcg@10): 0.1777 (17.77%)
UGF reduction: 0.1114 (53.8%)
Constraint satisfied: True
GA Optimizer | Model:biasedMF | Dataset:dataset\5Health-rand | Group:sum_0.05 | K=10 | Fairness_metric=f1
GA Parameters | Pop:10 | Gen:1000 | Mut:0.3504 | Cross:0.7262
Adaptive Penalty | beta1:2.43 | beta2:1.88 | k:6
Before optimization overall scores           : ndcg@10=0.4137 f1@10=0.1392
Before optimization group 1 (active) scores  : ndcg@10=0.6772 f1@10=0.3304
Before optimization group 2 (inactive) scores: ndcg@10=0.3915 f1@10=0.1231
Before optimization UGF (f1@10): 0.2073 (20.73%) | UGF (ndcg@10): 0.2857 (28.57%)
Epsilon: 0.1036
Early stop at generation 12: first feasible solution found
CPU time: 11.35 seconds
After optimization overall metric scores     : ndcg@10=0.4001 f1@10=0.1250
After optimization group 1 (active) scores   : ndcg@10=0.5721 f1@10=0.2179
After optimization group 2 (inactive) scores : ndcg@10=0.3856 f1@10=0.1172
After optimization UGF (f1@10): 0.1007 (10.07%) | UGF (ndcg@10): 0.1865 (18.65%)
UGF reduction: 0.1066 (51.4%)
Constraint satisfied: True
GA Optimizer | Model:biasedMF | Dataset:dataset\5Health-rand | Group:sum_0.05 | K=10 | Fairness_metric=f1
GA Parameters | Pop:10 | Gen:1000 | Mut:0.3504 | Cross:0.7262
Adaptive Penalty | beta1:2.43 | beta2:1.88 | k:6
Before optimization overall scores           : ndcg@10=0.4137 f1@10=0.1392
Before optimization group 1 (active) scores  : ndcg@10=0.6772 f1@10=0.3304
Before optimization group 2 (inactive) scores: ndcg@10=0.3915 f1@10=0.1231
Before optimization UGF (f1@10): 0.2073 (20.73%) | UGF (ndcg@10): 0.2857 (28.57%)
Epsilon: 0.1036
Early stop at generation 12: first feasible solution found
CPU time: 11.95 seconds
After optimization overall metric scores     : ndcg@10=0.4009 f1@10=0.1255
After optimization group 1 (active) scores   : ndcg@10=0.5683 f1@10=0.2165
After optimization group 2 (inactive) scores : ndcg@10=0.3868 f1@10=0.1179
After optimization UGF (f1@10): 0.0986 (9.86%) | UGF (ndcg@10): 0.1815 (18.15%)
UGF reduction: 0.1087 (52.4%)
Constraint satisfied: True
GA Optimizer | Model:biasedMF | Dataset:dataset\5Health-rand | Group:sum_0.05 | K=10 | Fairness_metric=f1
GA Parameters | Pop:10 | Gen:1000 | Mut:0.3504 | Cross:0.7262
Adaptive Penalty | beta1:2.43 | beta2:1.88 | k:6
Before optimization overall scores           : ndcg@10=0.4137 f1@10=0.1392
Before optimization group 1 (active) scores  : ndcg@10=0.6772 f1@10=0.3304
Before optimization group 2 (inactive) scores: ndcg@10=0.3915 f1@10=0.1231
Before optimization UGF (f1@10): 0.2073 (20.73%) | UGF (ndcg@10): 0.2857 (28.57%)
Epsilon: 0.1036
Early stop at generation 12: first feasible solution found
CPU time: 11.51 seconds
After optimization overall metric scores     : ndcg@10=0.3998 f1@10=0.1253
After optimization group 1 (active) scores   : ndcg@10=0.5643 f1@10=0.2169
After optimization group 2 (inactive) scores : ndcg@10=0.3860 f1@10=0.1176
After optimization UGF (f1@10): 0.0993 (9.93%) | UGF (ndcg@10): 0.1783 (17.83%)
UGF reduction: 0.1080 (52.1%)
Constraint satisfied: True
GA Optimizer | Model:biasedMF | Dataset:dataset\5Health-rand | Group:sum_0.05 | K=10 | Fairness_metric=f1
GA Parameters | Pop:10 | Gen:1000 | Mut:0.3504 | Cross:0.7262
Adaptive Penalty | beta1:2.43 | beta2:1.88 | k:6
Before optimization overall scores           : ndcg@10=0.4137 f1@10=0.1392
Before optimization group 1 (active) scores  : ndcg@10=0.6772 f1@10=0.3304
Before optimization group 2 (inactive) scores: ndcg@10=0.3915 f1@10=0.1231
Before optimization UGF (f1@10): 0.2073 (20.73%) | UGF (ndcg@10): 0.2857 (28.57%)
Epsilon: 0.1036
Early stop at generation 12: first feasible solution found
CPU time: 11.38 seconds
After optimization overall metric scores     : ndcg@10=0.3996 f1@10=0.1245
After optimization group 1 (active) scores   : ndcg@10=0.5572 f1@10=0.2099
After optimization group 2 (inactive) scores : ndcg@10=0.3863 f1@10=0.1174
After optimization UGF (f1@10): 0.0925 (9.25%) | UGF (ndcg@10): 0.1709 (17.09%)
UGF reduction: 0.1148 (55.4%)
Constraint satisfied: True
GA Optimizer | Model:biasedMF | Dataset:dataset\5Health-rand | Group:sum_0.05 | K=10 | Fairness_metric=f1
GA Parameters | Pop:10 | Gen:1000 | Mut:0.3504 | Cross:0.7262
Adaptive Penalty | beta1:2.43 | beta2:1.88 | k:6
Before optimization overall scores           : ndcg@10=0.4137 f1@10=0.1392
Before optimization group 1 (active) scores  : ndcg@10=0.6772 f1@10=0.3304
Before optimization group 2 (inactive) scores: ndcg@10=0.3915 f1@10=0.1231
Before optimization UGF (f1@10): 0.2073 (20.73%) | UGF (ndcg@10): 0.2857 (28.57%)
Epsilon: 0.1036
Early stop at generation 12: first feasible solution found
CPU time: 11.31 seconds
After optimization overall metric scores     : ndcg@10=0.4003 f1@10=0.1254
After optimization group 1 (active) scores   : ndcg@10=0.5626 f1@10=0.2154
After optimization group 2 (inactive) scores : ndcg@10=0.3867 f1@10=0.1178
After optimization UGF (f1@10): 0.0975 (9.75%) | UGF (ndcg@10): 0.1760 (17.60%)
UGF reduction: 0.1098 (53.0%)
Constraint satisfied: True
GA Optimizer | Model:biasedMF | Dataset:dataset\5Health-rand | Group:sum_0.05 | K=10 | Fairness_metric=f1
GA Parameters | Pop:10 | Gen:1000 | Mut:0.3504 | Cross:0.7262
Adaptive Penalty | beta1:2.43 | beta2:1.88 | k:6
Before optimization overall scores           : ndcg@10=0.4137 f1@10=0.1392
Before optimization group 1 (active) scores  : ndcg@10=0.6772 f1@10=0.3304
Before optimization group 2 (inactive) scores: ndcg@10=0.3915 f1@10=0.1231
Before optimization UGF (f1@10): 0.2073 (20.73%) | UGF (ndcg@10): 0.2857 (28.57%)
Epsilon: 0.1036
Early stop at generation 12: first feasible solution found
CPU time: 11.39 seconds
After optimization overall metric scores     : ndcg@10=0.4015 f1@10=0.1257
After optimization group 1 (active) scores   : ndcg@10=0.5709 f1@10=0.2170
After optimization group 2 (inactive) scores : ndcg@10=0.3872 f1@10=0.1180
After optimization UGF (f1@10): 0.0990 (9.90%) | UGF (ndcg@10): 0.1837 (18.37%)
UGF reduction: 0.1083 (52.2%)
Constraint satisfied: True
GA Optimizer | Model:biasedMF | Dataset:dataset\5Health-rand | Group:sum_0.05 | K=10 | Fairness_metric=f1
GA Parameters | Pop:10 | Gen:1000 | Mut:0.3504 | Cross:0.7262
Adaptive Penalty | beta1:2.43 | beta2:1.88 | k:6
Before optimization overall scores           : ndcg@10=0.4137 f1@10=0.1392
Before optimization group 1 (active) scores  : ndcg@10=0.6772 f1@10=0.3304
Before optimization group 2 (inactive) scores: ndcg@10=0.3915 f1@10=0.1231
Before optimization UGF (f1@10): 0.2073 (20.73%) | UGF (ndcg@10): 0.2857 (28.57%)
Epsilon: 0.1036
Early stop at generation 12: first feasible solution found
CPU time: 11.52 seconds
After optimization overall metric scores     : ndcg@10=0.4002 f1@10=0.1253
After optimization group 1 (active) scores   : ndcg@10=0.5623 f1@10=0.2157
After optimization group 2 (inactive) scores : ndcg@10=0.3865 f1@10=0.1177
After optimization UGF (f1@10): 0.0980 (9.80%) | UGF (ndcg@10): 0.1758 (17.58%)
UGF reduction: 0.1093 (52.7%)
Constraint satisfied: True
GA Optimizer | Model:biasedMF | Dataset:dataset\5Health-rand | Group:sum_0.05 | K=10 | Fairness_metric=f1
GA Parameters | Pop:10 | Gen:1000 | Mut:0.3504 | Cross:0.7262
Adaptive Penalty | beta1:2.43 | beta2:1.88 | k:6
Before optimization overall scores           : ndcg@10=0.4137 f1@10=0.1392
Before optimization group 1 (active) scores  : ndcg@10=0.6772 f1@10=0.3304
Before optimization group 2 (inactive) scores: ndcg@10=0.3915 f1@10=0.1231
Before optimization UGF (f1@10): 0.2073 (20.73%) | UGF (ndcg@10): 0.2857 (28.57%)
Epsilon: 0.1036
Early stop at generation 12: first feasible solution found
CPU time: 11.40 seconds
After optimization overall metric scores     : ndcg@10=0.4010 f1@10=0.1255
After optimization group 1 (active) scores   : ndcg@10=0.5663 f1@10=0.2161
After optimization group 2 (inactive) scores : ndcg@10=0.3871 f1@10=0.1179
After optimization UGF (f1@10): 0.0982 (9.82%) | UGF (ndcg@10): 0.1792 (17.92%)
UGF reduction: 0.1091 (52.6%)
Constraint satisfied: True
GA Optimizer | Model:biasedMF | Dataset:dataset\5Health-rand | Group:sum_0.05 | K=10 | Fairness_metric=f1
GA Parameters | Pop:10 | Gen:1000 | Mut:0.3504 | Cross:0.7262
Adaptive Penalty | beta1:2.43 | beta2:1.88 | k:6
Before optimization overall scores           : ndcg@10=0.4137 f1@10=0.1392
Before optimization group 1 (active) scores  : ndcg@10=0.6772 f1@10=0.3304
Before optimization group 2 (inactive) scores: ndcg@10=0.3915 f1@10=0.1231
Before optimization UGF (f1@10): 0.2073 (20.73%) | UGF (ndcg@10): 0.2857 (28.57%)
Epsilon: 0.1036
Early stop at generation 12: first feasible solution found
CPU time: 11.45 seconds
After optimization overall metric scores     : ndcg@10=0.4005 f1@10=0.1256
After optimization group 1 (active) scores   : ndcg@10=0.5624 f1@10=0.2155
After optimization group 2 (inactive) scores : ndcg@10=0.3869 f1@10=0.1180
After optimization UGF (f1@10): 0.0975 (9.75%) | UGF (ndcg@10): 0.1755 (17.55%)
UGF reduction: 0.1098 (53.0%)
Constraint satisfied: True
GA Optimizer | Model:biasedMF | Dataset:dataset\5Health-rand | Group:sum_0.05 | K=10 | Fairness_metric=f1
GA Parameters | Pop:10 | Gen:1000 | Mut:0.3504 | Cross:0.7262
Adaptive Penalty | beta1:2.43 | beta2:1.88 | k:6
Before optimization overall scores           : ndcg@10=0.4137 f1@10=0.1392
Before optimization group 1 (active) scores  : ndcg@10=0.6772 f1@10=0.3304
Before optimization group 2 (inactive) scores: ndcg@10=0.3915 f1@10=0.1231
Before optimization UGF (f1@10): 0.2073 (20.73%) | UGF (ndcg@10): 0.2857 (28.57%)
Epsilon: 0.1036
Early stop at generation 12: first feasible solution found
CPU time: 11.46 seconds
After optimization overall metric scores     : ndcg@10=0.4010 f1@10=0.1253
After optimization group 1 (active) scores   : ndcg@10=0.5716 f1@10=0.2159
After optimization group 2 (inactive) scores : ndcg@10=0.3867 f1@10=0.1176
After optimization UGF (f1@10): 0.0983 (9.83%) | UGF (ndcg@10): 0.1850 (18.50%)
UGF reduction: 0.1090 (52.6%)
Constraint satisfied: True
GA Optimizer | Model:biasedMF | Dataset:dataset\5Health-rand | Group:sum_0.05 | K=10 | Fairness_metric=f1
GA Parameters | Pop:10 | Gen:1000 | Mut:0.3504 | Cross:0.7262
Adaptive Penalty | beta1:2.43 | beta2:1.88 | k:6
Before optimization overall scores           : ndcg@10=0.4137 f1@10=0.1392
Before optimization group 1 (active) scores  : ndcg@10=0.6772 f1@10=0.3304
Before optimization group 2 (inactive) scores: ndcg@10=0.3915 f1@10=0.1231
Before optimization UGF (f1@10): 0.2073 (20.73%) | UGF (ndcg@10): 0.2857 (28.57%)
Epsilon: 0.1036
Early stop at generation 12: first feasible solution found
CPU time: 11.42 seconds
After optimization overall metric scores     : ndcg@10=0.4022 f1@10=0.1264
After optimization group 1 (active) scores   : ndcg@10=0.5674 f1@10=0.2182
After optimization group 2 (inactive) scores : ndcg@10=0.3883 f1@10=0.1187
After optimization UGF (f1@10): 0.0995 (9.95%) | UGF (ndcg@10): 0.1791 (17.91%)
UGF reduction: 0.1078 (52.0%)
Constraint satisfied: True
GA Optimizer | Model:biasedMF | Dataset:dataset\5Health-rand | Group:sum_0.05 | K=10 | Fairness_metric=f1
GA Parameters | Pop:10 | Gen:1000 | Mut:0.3504 | Cross:0.7262
Adaptive Penalty | beta1:2.43 | beta2:1.88 | k:6
Before optimization overall scores           : ndcg@10=0.4137 f1@10=0.1392
Before optimization group 1 (active) scores  : ndcg@10=0.6772 f1@10=0.3304
Before optimization group 2 (inactive) scores: ndcg@10=0.3915 f1@10=0.1231
Before optimization UGF (f1@10): 0.2073 (20.73%) | UGF (ndcg@10): 0.2857 (28.57%)
Epsilon: 0.1036
Early stop at generation 12: first feasible solution found
CPU time: 11.53 seconds
After optimization overall metric scores     : ndcg@10=0.4006 f1@10=0.1256
After optimization group 1 (active) scores   : ndcg@10=0.5646 f1@10=0.2175
After optimization group 2 (inactive) scores : ndcg@10=0.3868 f1@10=0.1179
After optimization UGF (f1@10): 0.0996 (9.96%) | UGF (ndcg@10): 0.1778 (17.78%)
UGF reduction: 0.1077 (51.9%)
Constraint satisfied: True
GA Optimizer | Model:biasedMF | Dataset:dataset\5Health-rand | Group:sum_0.05 | K=10 | Fairness_metric=f1
GA Parameters | Pop:10 | Gen:1000 | Mut:0.3504 | Cross:0.7262
Adaptive Penalty | beta1:2.43 | beta2:1.88 | k:6
Before optimization overall scores           : ndcg@10=0.4137 f1@10=0.1392
Before optimization group 1 (active) scores  : ndcg@10=0.6772 f1@10=0.3304
Before optimization group 2 (inactive) scores: ndcg@10=0.3915 f1@10=0.1231
Before optimization UGF (f1@10): 0.2073 (20.73%) | UGF (ndcg@10): 0.2857 (28.57%)
Epsilon: 0.1036
Early stop at generation 12: first feasible solution found
CPU time: 11.51 seconds
After optimization overall metric scores     : ndcg@10=0.4000 f1@10=0.1250
After optimization group 1 (active) scores   : ndcg@10=0.5662 f1@10=0.2155
After optimization group 2 (inactive) scores : ndcg@10=0.3860 f1@10=0.1174
After optimization UGF (f1@10): 0.0981 (9.81%) | UGF (ndcg@10): 0.1802 (18.02%)
UGF reduction: 0.1092 (52.7%)
Constraint satisfied: True
GA Optimizer | Model:biasedMF | Dataset:dataset\5Health-rand | Group:sum_0.05 | K=10 | Fairness_metric=f1
GA Parameters | Pop:10 | Gen:1000 | Mut:0.3504 | Cross:0.7262
Adaptive Penalty | beta1:2.43 | beta2:1.88 | k:6
Before optimization overall scores           : ndcg@10=0.4137 f1@10=0.1392
Before optimization group 1 (active) scores  : ndcg@10=0.6772 f1@10=0.3304
Before optimization group 2 (inactive) scores: ndcg@10=0.3915 f1@10=0.1231
Before optimization UGF (f1@10): 0.2073 (20.73%) | UGF (ndcg@10): 0.2857 (28.57%)
Epsilon: 0.1036
Early stop at generation 12: first feasible solution found
CPU time: 11.46 seconds
After optimization overall metric scores     : ndcg@10=0.4006 f1@10=0.1252
After optimization group 1 (active) scores   : ndcg@10=0.5702 f1@10=0.2170
After optimization group 2 (inactive) scores : ndcg@10=0.3863 f1@10=0.1175
After optimization UGF (f1@10): 0.0995 (9.95%) | UGF (ndcg@10): 0.1840 (18.40%)
UGF reduction: 0.1078 (52.0%)
Constraint satisfied: True
GA Optimizer | Model:biasedMF | Dataset:dataset\5Health-rand | Group:sum_0.05 | K=10 | Fairness_metric=f1
GA Parameters | Pop:10 | Gen:1000 | Mut:0.3504 | Cross:0.7262
Adaptive Penalty | beta1:2.43 | beta2:1.88 | k:6
Before optimization overall scores           : ndcg@10=0.4137 f1@10=0.1392
Before optimization group 1 (active) scores  : ndcg@10=0.6772 f1@10=0.3304
Before optimization group 2 (inactive) scores: ndcg@10=0.3915 f1@10=0.1231
Before optimization UGF (f1@10): 0.2073 (20.73%) | UGF (ndcg@10): 0.2857 (28.57%)
Epsilon: 0.1036
Early stop at generation 12: first feasible solution found
CPU time: 11.41 seconds
After optimization overall metric scores     : ndcg@10=0.4002 f1@10=0.1250
After optimization group 1 (active) scores   : ndcg@10=0.5617 f1@10=0.2154
After optimization group 2 (inactive) scores : ndcg@10=0.3866 f1@10=0.1174
After optimization UGF (f1@10): 0.0980 (9.80%) | UGF (ndcg@10): 0.1750 (17.50%)
UGF reduction: 0.1093 (52.7%)
Constraint satisfied: True
GA Optimizer | Model:biasedMF | Dataset:dataset\5Health-rand | Group:sum_0.05 | K=10 | Fairness_metric=f1
GA Parameters | Pop:10 | Gen:1000 | Mut:0.3504 | Cross:0.7262
Adaptive Penalty | beta1:2.43 | beta2:1.88 | k:6
Before optimization overall scores           : ndcg@10=0.4137 f1@10=0.1392
Before optimization group 1 (active) scores  : ndcg@10=0.6772 f1@10=0.3304
Before optimization group 2 (inactive) scores: ndcg@10=0.3915 f1@10=0.1231
Before optimization UGF (f1@10): 0.2073 (20.73%) | UGF (ndcg@10): 0.2857 (28.57%)
Epsilon: 0.1036
Early stop at generation 12: first feasible solution found
CPU time: 11.42 seconds
After optimization overall metric scores     : ndcg@10=0.4010 f1@10=0.1258
After optimization group 1 (active) scores   : ndcg@10=0.5666 f1@10=0.2153
After optimization group 2 (inactive) scores : ndcg@10=0.3871 f1@10=0.1182
After optimization UGF (f1@10): 0.0971 (9.71%) | UGF (ndcg@10): 0.1795 (17.95%)
UGF reduction: 0.1102 (53.2%)
Constraint satisfied: True
GA Optimizer | Model:biasedMF | Dataset:dataset\5Health-rand | Group:sum_0.05 | K=10 | Fairness_metric=f1
GA Parameters | Pop:10 | Gen:1000 | Mut:0.3504 | Cross:0.7262
Adaptive Penalty | beta1:2.43 | beta2:1.88 | k:6
Before optimization overall scores           : ndcg@10=0.4137 f1@10=0.1392
Before optimization group 1 (active) scores  : ndcg@10=0.6772 f1@10=0.3304
Before optimization group 2 (inactive) scores: ndcg@10=0.3915 f1@10=0.1231
Before optimization UGF (f1@10): 0.2073 (20.73%) | UGF (ndcg@10): 0.2857 (28.57%)
Epsilon: 0.1036
Early stop at generation 12: first feasible solution found
CPU time: 11.44 seconds
After optimization overall metric scores     : ndcg@10=0.4004 f1@10=0.1253
After optimization group 1 (active) scores   : ndcg@10=0.5602 f1@10=0.2128
After optimization group 2 (inactive) scores : ndcg@10=0.3870 f1@10=0.1179
After optimization UGF (f1@10): 0.0949 (9.49%) | UGF (ndcg@10): 0.1733 (17.33%)
UGF reduction: 0.1124 (54.2%)
Constraint satisfied: True
GA Optimizer | Model:biasedMF | Dataset:dataset\5Health-rand | Group:sum_0.05 | K=10 | Fairness_metric=f1
GA Parameters | Pop:10 | Gen:1000 | Mut:0.3504 | Cross:0.7262
Adaptive Penalty | beta1:2.43 | beta2:1.88 | k:6
Before optimization overall scores           : ndcg@10=0.4137 f1@10=0.1392
Before optimization group 1 (active) scores  : ndcg@10=0.6772 f1@10=0.3304
Before optimization group 2 (inactive) scores: ndcg@10=0.3915 f1@10=0.1231
Before optimization UGF (f1@10): 0.2073 (20.73%) | UGF (ndcg@10): 0.2857 (28.57%)
Epsilon: 0.1036
Early stop at generation 12: first feasible solution found
CPU time: 11.39 seconds
After optimization overall metric scores     : ndcg@10=0.4004 f1@10=0.1251
After optimization group 1 (active) scores   : ndcg@10=0.5707 f1@10=0.2174
After optimization group 2 (inactive) scores : ndcg@10=0.3860 f1@10=0.1173
After optimization UGF (f1@10): 0.1002 (10.02%) | UGF (ndcg@10): 0.1847 (18.47%)
UGF reduction: 0.1071 (51.7%)
Constraint satisfied: True
