GA Optimizer | Model:biasedMF | Dataset:dataset\5Beauty-rand | Group:max_0.05 | K=10 | Fairness_metric=f1
GA Parameters | Pop:10 | Gen:1000 | Mut:0.3504 | Cross:0.7262
Adaptive Penalty | beta1:2.43 | beta2:1.88 | k:6
Before optimization overall scores           : ndcg@10=0.4325 f1@10=0.1427
Before optimization group 1 (active) scores  : ndcg@10=0.5359 f1@10=0.2131
Before optimization group 2 (inactive) scores: ndcg@10=0.4263 f1@10=0.1386
Before optimization UGF (f1@10): 0.0745 (7.45%) | UGF (ndcg@10): 0.1096 (10.96%)
Epsilon: 0.0373
Early stop at generation 8: first feasible solution found
CPU time: 4.47 seconds
After optimization overall metric scores     : ndcg@10=0.4261 f1@10=0.1373
After optimization group 1 (active) scores   : ndcg@10=0.4765 f1@10=0.1717
After optimization group 2 (inactive) scores : ndcg@10=0.4232 f1@10=0.1352
After optimization UGF (f1@10): 0.0365 (3.65%) | UGF (ndcg@10): 0.0533 (5.33%)
UGF reduction: 0.0381 (51.1%)
Constraint satisfied: True
GA Optimizer | Model:biasedMF | Dataset:dataset\5Beauty-rand | Group:max_0.05 | K=10 | Fairness_metric=f1
GA Parameters | Pop:10 | Gen:1000 | Mut:0.3504 | Cross:0.7262
Adaptive Penalty | beta1:2.43 | beta2:1.88 | k:6
Before optimization overall scores           : ndcg@10=0.4325 f1@10=0.1427
Before optimization group 1 (active) scores  : ndcg@10=0.5359 f1@10=0.2131
Before optimization group 2 (inactive) scores: ndcg@10=0.4263 f1@10=0.1386
Before optimization UGF (f1@10): 0.0745 (7.45%) | UGF (ndcg@10): 0.1096 (10.96%)
Epsilon: 0.0373
Early stop at generation 8: first feasible solution found
CPU time: 4.45 seconds
After optimization overall metric scores     : ndcg@10=0.4271 f1@10=0.1374
After optimization group 1 (active) scores   : ndcg@10=0.4787 f1@10=0.1715
After optimization group 2 (inactive) scores : ndcg@10=0.4241 f1@10=0.1354
After optimization UGF (f1@10): 0.0361 (3.61%) | UGF (ndcg@10): 0.0547 (5.47%)
UGF reduction: 0.0384 (51.6%)
Constraint satisfied: True
GA Optimizer | Model:biasedMF | Dataset:dataset\5Beauty-rand | Group:max_0.05 | K=10 | Fairness_metric=f1
GA Parameters | Pop:10 | Gen:1000 | Mut:0.3504 | Cross:0.7262
Adaptive Penalty | beta1:2.43 | beta2:1.88 | k:6
Before optimization overall scores           : ndcg@10=0.4325 f1@10=0.1427
Before optimization group 1 (active) scores  : ndcg@10=0.5359 f1@10=0.2131
Before optimization group 2 (inactive) scores: ndcg@10=0.4263 f1@10=0.1386
Before optimization UGF (f1@10): 0.0745 (7.45%) | UGF (ndcg@10): 0.1096 (10.96%)
Epsilon: 0.0373
Early stop at generation 9: first feasible solution found
CPU time: 5.03 seconds
After optimization overall metric scores     : ndcg@10=0.4264 f1@10=0.1362
After optimization group 1 (active) scores   : ndcg@10=0.4653 f1@10=0.1617
After optimization group 2 (inactive) scores : ndcg@10=0.4241 f1@10=0.1347
After optimization UGF (f1@10): 0.0270 (2.70%) | UGF (ndcg@10): 0.0412 (4.12%)
UGF reduction: 0.0475 (63.8%)
Constraint satisfied: True
GA Optimizer | Model:biasedMF | Dataset:dataset\5Beauty-rand | Group:max_0.05 | K=10 | Fairness_metric=f1
GA Parameters | Pop:10 | Gen:1000 | Mut:0.3504 | Cross:0.7262
Adaptive Penalty | beta1:2.43 | beta2:1.88 | k:6
Before optimization overall scores           : ndcg@10=0.4325 f1@10=0.1427
Before optimization group 1 (active) scores  : ndcg@10=0.5359 f1@10=0.2131
Before optimization group 2 (inactive) scores: ndcg@10=0.4263 f1@10=0.1386
Before optimization UGF (f1@10): 0.0745 (7.45%) | UGF (ndcg@10): 0.1096 (10.96%)
Epsilon: 0.0373
Early stop at generation 9: first feasible solution found
CPU time: 4.97 seconds
After optimization overall metric scores     : ndcg@10=0.4252 f1@10=0.1363
After optimization group 1 (active) scores   : ndcg@10=0.4664 f1@10=0.1652
After optimization group 2 (inactive) scores : ndcg@10=0.4228 f1@10=0.1346
After optimization UGF (f1@10): 0.0306 (3.06%) | UGF (ndcg@10): 0.0436 (4.36%)
UGF reduction: 0.0440 (59.0%)
Constraint satisfied: True
GA Optimizer | Model:biasedMF | Dataset:dataset\5Beauty-rand | Group:max_0.05 | K=10 | Fairness_metric=f1
GA Parameters | Pop:10 | Gen:1000 | Mut:0.3504 | Cross:0.7262
Adaptive Penalty | beta1:2.43 | beta2:1.88 | k:6
Before optimization overall scores           : ndcg@10=0.4325 f1@10=0.1427
Before optimization group 1 (active) scores  : ndcg@10=0.5359 f1@10=0.2131
Before optimization group 2 (inactive) scores: ndcg@10=0.4263 f1@10=0.1386
Before optimization UGF (f1@10): 0.0745 (7.45%) | UGF (ndcg@10): 0.1096 (10.96%)
Epsilon: 0.0373
Early stop at generation 8: first feasible solution found
CPU time: 4.41 seconds
After optimization overall metric scores     : ndcg@10=0.4273 f1@10=0.1374
After optimization group 1 (active) scores   : ndcg@10=0.4785 f1@10=0.1710
After optimization group 2 (inactive) scores : ndcg@10=0.4243 f1@10=0.1354
After optimization UGF (f1@10): 0.0356 (3.56%) | UGF (ndcg@10): 0.0542 (5.42%)
UGF reduction: 0.0389 (52.2%)
Constraint satisfied: True
GA Optimizer | Model:biasedMF | Dataset:dataset\5Beauty-rand | Group:max_0.05 | K=10 | Fairness_metric=f1
GA Parameters | Pop:10 | Gen:1000 | Mut:0.3504 | Cross:0.7262
Adaptive Penalty | beta1:2.43 | beta2:1.88 | k:6
Before optimization overall scores           : ndcg@10=0.4325 f1@10=0.1427
Before optimization group 1 (active) scores  : ndcg@10=0.5359 f1@10=0.2131
Before optimization group 2 (inactive) scores: ndcg@10=0.4263 f1@10=0.1386
Before optimization UGF (f1@10): 0.0745 (7.45%) | UGF (ndcg@10): 0.1096 (10.96%)
Epsilon: 0.0373
Early stop at generation 9: first feasible solution found
CPU time: 4.98 seconds
After optimization overall metric scores     : ndcg@10=0.4261 f1@10=0.1363
After optimization group 1 (active) scores   : ndcg@10=0.4712 f1@10=0.1638
After optimization group 2 (inactive) scores : ndcg@10=0.4234 f1@10=0.1347
After optimization UGF (f1@10): 0.0292 (2.92%) | UGF (ndcg@10): 0.0478 (4.78%)
UGF reduction: 0.0454 (60.9%)
Constraint satisfied: True
GA Optimizer | Model:biasedMF | Dataset:dataset\5Beauty-rand | Group:max_0.05 | K=10 | Fairness_metric=f1
GA Parameters | Pop:10 | Gen:1000 | Mut:0.3504 | Cross:0.7262
Adaptive Penalty | beta1:2.43 | beta2:1.88 | k:6
Before optimization overall scores           : ndcg@10=0.4325 f1@10=0.1427
Before optimization group 1 (active) scores  : ndcg@10=0.5359 f1@10=0.2131
Before optimization group 2 (inactive) scores: ndcg@10=0.4263 f1@10=0.1386
Before optimization UGF (f1@10): 0.0745 (7.45%) | UGF (ndcg@10): 0.1096 (10.96%)
Epsilon: 0.0373
Early stop at generation 8: first feasible solution found
CPU time: 4.42 seconds
After optimization overall metric scores     : ndcg@10=0.4274 f1@10=0.1378
After optimization group 1 (active) scores   : ndcg@10=0.4774 f1@10=0.1719
After optimization group 2 (inactive) scores : ndcg@10=0.4245 f1@10=0.1358
After optimization UGF (f1@10): 0.0361 (3.61%) | UGF (ndcg@10): 0.0530 (5.30%)
UGF reduction: 0.0384 (51.5%)
Constraint satisfied: True
GA Optimizer | Model:biasedMF | Dataset:dataset\5Beauty-rand | Group:max_0.05 | K=10 | Fairness_metric=f1
GA Parameters | Pop:10 | Gen:1000 | Mut:0.3504 | Cross:0.7262
Adaptive Penalty | beta1:2.43 | beta2:1.88 | k:6
Before optimization overall scores           : ndcg@10=0.4325 f1@10=0.1427
Before optimization group 1 (active) scores  : ndcg@10=0.5359 f1@10=0.2131
Before optimization group 2 (inactive) scores: ndcg@10=0.4263 f1@10=0.1386
Before optimization UGF (f1@10): 0.0745 (7.45%) | UGF (ndcg@10): 0.1096 (10.96%)
Epsilon: 0.0373
Early stop at generation 8: first feasible solution found
CPU time: 4.41 seconds
After optimization overall metric scores     : ndcg@10=0.4268 f1@10=0.1376
After optimization group 1 (active) scores   : ndcg@10=0.4691 f1@10=0.1719
After optimization group 2 (inactive) scores : ndcg@10=0.4243 f1@10=0.1355
After optimization UGF (f1@10): 0.0364 (3.64%) | UGF (ndcg@10): 0.0448 (4.48%)
UGF reduction: 0.0381 (51.2%)
Constraint satisfied: True
GA Optimizer | Model:biasedMF | Dataset:dataset\5Beauty-rand | Group:max_0.05 | K=10 | Fairness_metric=f1
GA Parameters | Pop:10 | Gen:1000 | Mut:0.3504 | Cross:0.7262
Adaptive Penalty | beta1:2.43 | beta2:1.88 | k:6
Before optimization overall scores           : ndcg@10=0.4325 f1@10=0.1427
Before optimization group 1 (active) scores  : ndcg@10=0.5359 f1@10=0.2131
Before optimization group 2 (inactive) scores: ndcg@10=0.4263 f1@10=0.1386
Before optimization UGF (f1@10): 0.0745 (7.45%) | UGF (ndcg@10): 0.1096 (10.96%)
Epsilon: 0.0373
Early stop at generation 9: first feasible solution found
CPU time: 4.96 seconds
After optimization overall metric scores     : ndcg@10=0.4253 f1@10=0.1362
After optimization group 1 (active) scores   : ndcg@10=0.4548 f1@10=0.1633
After optimization group 2 (inactive) scores : ndcg@10=0.4235 f1@10=0.1346
After optimization UGF (f1@10): 0.0287 (2.87%) | UGF (ndcg@10): 0.0313 (3.13%)
UGF reduction: 0.0459 (61.5%)
Constraint satisfied: True
GA Optimizer | Model:biasedMF | Dataset:dataset\5Beauty-rand | Group:max_0.05 | K=10 | Fairness_metric=f1
GA Parameters | Pop:10 | Gen:1000 | Mut:0.3504 | Cross:0.7262
Adaptive Penalty | beta1:2.43 | beta2:1.88 | k:6
Before optimization overall scores           : ndcg@10=0.4325 f1@10=0.1427
Before optimization group 1 (active) scores  : ndcg@10=0.5359 f1@10=0.2131
Before optimization group 2 (inactive) scores: ndcg@10=0.4263 f1@10=0.1386
Before optimization UGF (f1@10): 0.0745 (7.45%) | UGF (ndcg@10): 0.1096 (10.96%)
Epsilon: 0.0373
Early stop at generation 8: first feasible solution found
CPU time: 4.43 seconds
After optimization overall metric scores     : ndcg@10=0.4265 f1@10=0.1373
After optimization group 1 (active) scores   : ndcg@10=0.4775 f1@10=0.1716
After optimization group 2 (inactive) scores : ndcg@10=0.4235 f1@10=0.1353
After optimization UGF (f1@10): 0.0363 (3.63%) | UGF (ndcg@10): 0.0541 (5.41%)
UGF reduction: 0.0382 (51.3%)
Constraint satisfied: True
GA Optimizer | Model:biasedMF | Dataset:dataset\5Beauty-rand | Group:max_0.05 | K=10 | Fairness_metric=f1
GA Parameters | Pop:10 | Gen:1000 | Mut:0.3504 | Cross:0.7262
Adaptive Penalty | beta1:2.43 | beta2:1.88 | k:6
Before optimization overall scores           : ndcg@10=0.4325 f1@10=0.1427
Before optimization group 1 (active) scores  : ndcg@10=0.5359 f1@10=0.2131
Before optimization group 2 (inactive) scores: ndcg@10=0.4263 f1@10=0.1386
Before optimization UGF (f1@10): 0.0745 (7.45%) | UGF (ndcg@10): 0.1096 (10.96%)
Epsilon: 0.0373
Early stop at generation 8: first feasible solution found
CPU time: 4.42 seconds
After optimization overall metric scores     : ndcg@10=0.4267 f1@10=0.1374
After optimization group 1 (active) scores   : ndcg@10=0.4716 f1@10=0.1708
After optimization group 2 (inactive) scores : ndcg@10=0.4240 f1@10=0.1355
After optimization UGF (f1@10): 0.0354 (3.54%) | UGF (ndcg@10): 0.0475 (4.75%)
UGF reduction: 0.0392 (52.5%)
Constraint satisfied: True
GA Optimizer | Model:biasedMF | Dataset:dataset\5Beauty-rand | Group:max_0.05 | K=10 | Fairness_metric=f1
GA Parameters | Pop:10 | Gen:1000 | Mut:0.3504 | Cross:0.7262
Adaptive Penalty | beta1:2.43 | beta2:1.88 | k:6
Before optimization overall scores           : ndcg@10=0.4325 f1@10=0.1427
Before optimization group 1 (active) scores  : ndcg@10=0.5359 f1@10=0.2131
Before optimization group 2 (inactive) scores: ndcg@10=0.4263 f1@10=0.1386
Before optimization UGF (f1@10): 0.0745 (7.45%) | UGF (ndcg@10): 0.1096 (10.96%)
Epsilon: 0.0373
Early stop at generation 9: first feasible solution found
CPU time: 4.94 seconds
After optimization overall metric scores     : ndcg@10=0.4244 f1@10=0.1364
After optimization group 1 (active) scores   : ndcg@10=0.4564 f1@10=0.1638
After optimization group 2 (inactive) scores : ndcg@10=0.4225 f1@10=0.1348
After optimization UGF (f1@10): 0.0290 (2.90%) | UGF (ndcg@10): 0.0339 (3.39%)
UGF reduction: 0.0455 (61.0%)
Constraint satisfied: True
GA Optimizer | Model:biasedMF | Dataset:dataset\5Beauty-rand | Group:max_0.05 | K=10 | Fairness_metric=f1
GA Parameters | Pop:10 | Gen:1000 | Mut:0.3504 | Cross:0.7262
Adaptive Penalty | beta1:2.43 | beta2:1.88 | k:6
Before optimization overall scores           : ndcg@10=0.4325 f1@10=0.1427
Before optimization group 1 (active) scores  : ndcg@10=0.5359 f1@10=0.2131
Before optimization group 2 (inactive) scores: ndcg@10=0.4263 f1@10=0.1386
Before optimization UGF (f1@10): 0.0745 (7.45%) | UGF (ndcg@10): 0.1096 (10.96%)
Epsilon: 0.0373
Early stop at generation 8: first feasible solution found
CPU time: 4.40 seconds
After optimization overall metric scores     : ndcg@10=0.4258 f1@10=0.1371
After optimization group 1 (active) scores   : ndcg@10=0.4702 f1@10=0.1717
After optimization group 2 (inactive) scores : ndcg@10=0.4232 f1@10=0.1351
After optimization UGF (f1@10): 0.0366 (3.66%) | UGF (ndcg@10): 0.0470 (4.70%)
UGF reduction: 0.0379 (50.8%)
Constraint satisfied: True
GA Optimizer | Model:biasedMF | Dataset:dataset\5Beauty-rand | Group:max_0.05 | K=10 | Fairness_metric=f1
GA Parameters | Pop:10 | Gen:1000 | Mut:0.3504 | Cross:0.7262
Adaptive Penalty | beta1:2.43 | beta2:1.88 | k:6
Before optimization overall scores           : ndcg@10=0.4325 f1@10=0.1427
Before optimization group 1 (active) scores  : ndcg@10=0.5359 f1@10=0.2131
Before optimization group 2 (inactive) scores: ndcg@10=0.4263 f1@10=0.1386
Before optimization UGF (f1@10): 0.0745 (7.45%) | UGF (ndcg@10): 0.1096 (10.96%)
Epsilon: 0.0373
Early stop at generation 9: first feasible solution found
CPU time: 4.96 seconds
After optimization overall metric scores     : ndcg@10=0.4251 f1@10=0.1357
After optimization group 1 (active) scores   : ndcg@10=0.4637 f1@10=0.1644
After optimization group 2 (inactive) scores : ndcg@10=0.4228 f1@10=0.1340
After optimization UGF (f1@10): 0.0304 (3.04%) | UGF (ndcg@10): 0.0409 (4.09%)
UGF reduction: 0.0442 (59.2%)
Constraint satisfied: True
GA Optimizer | Model:biasedMF | Dataset:dataset\5Beauty-rand | Group:max_0.05 | K=10 | Fairness_metric=f1
GA Parameters | Pop:10 | Gen:1000 | Mut:0.3504 | Cross:0.7262
Adaptive Penalty | beta1:2.43 | beta2:1.88 | k:6
Before optimization overall scores           : ndcg@10=0.4325 f1@10=0.1427
Before optimization group 1 (active) scores  : ndcg@10=0.5359 f1@10=0.2131
Before optimization group 2 (inactive) scores: ndcg@10=0.4263 f1@10=0.1386
Before optimization UGF (f1@10): 0.0745 (7.45%) | UGF (ndcg@10): 0.1096 (10.96%)
Epsilon: 0.0373
Early stop at generation 9: first feasible solution found
CPU time: 4.94 seconds
After optimization overall metric scores     : ndcg@10=0.4266 f1@10=0.1368
After optimization group 1 (active) scores   : ndcg@10=0.4650 f1@10=0.1646
After optimization group 2 (inactive) scores : ndcg@10=0.4243 f1@10=0.1352
After optimization UGF (f1@10): 0.0295 (2.95%) | UGF (ndcg@10): 0.0407 (4.07%)
UGF reduction: 0.0451 (60.5%)
Constraint satisfied: True
GA Optimizer | Model:biasedMF | Dataset:dataset\5Beauty-rand | Group:max_0.05 | K=10 | Fairness_metric=f1
GA Parameters | Pop:10 | Gen:1000 | Mut:0.3504 | Cross:0.7262
Adaptive Penalty | beta1:2.43 | beta2:1.88 | k:6
Before optimization overall scores           : ndcg@10=0.4325 f1@10=0.1427
Before optimization group 1 (active) scores  : ndcg@10=0.5359 f1@10=0.2131
Before optimization group 2 (inactive) scores: ndcg@10=0.4263 f1@10=0.1386
Before optimization UGF (f1@10): 0.0745 (7.45%) | UGF (ndcg@10): 0.1096 (10.96%)
Epsilon: 0.0373
Early stop at generation 9: first feasible solution found
CPU time: 5.03 seconds
After optimization overall metric scores     : ndcg@10=0.4270 f1@10=0.1378
After optimization group 1 (active) scores   : ndcg@10=0.4755 f1@10=0.1712
After optimization group 2 (inactive) scores : ndcg@10=0.4241 f1@10=0.1358
After optimization UGF (f1@10): 0.0354 (3.54%) | UGF (ndcg@10): 0.0513 (5.13%)
UGF reduction: 0.0392 (52.5%)
Constraint satisfied: True
GA Optimizer | Model:biasedMF | Dataset:dataset\5Beauty-rand | Group:max_0.05 | K=10 | Fairness_metric=f1
GA Parameters | Pop:10 | Gen:1000 | Mut:0.3504 | Cross:0.7262
Adaptive Penalty | beta1:2.43 | beta2:1.88 | k:6
Before optimization overall scores           : ndcg@10=0.4325 f1@10=0.1427
Before optimization group 1 (active) scores  : ndcg@10=0.5359 f1@10=0.2131
Before optimization group 2 (inactive) scores: ndcg@10=0.4263 f1@10=0.1386
Before optimization UGF (f1@10): 0.0745 (7.45%) | UGF (ndcg@10): 0.1096 (10.96%)
Epsilon: 0.0373
Early stop at generation 8: first feasible solution found
CPU time: 4.44 seconds
After optimization overall metric scores     : ndcg@10=0.4267 f1@10=0.1375
After optimization group 1 (active) scores   : ndcg@10=0.4743 f1@10=0.1717
After optimization group 2 (inactive) scores : ndcg@10=0.4239 f1@10=0.1355
After optimization UGF (f1@10): 0.0362 (3.62%) | UGF (ndcg@10): 0.0504 (5.04%)
UGF reduction: 0.0383 (51.4%)
Constraint satisfied: True
GA Optimizer | Model:biasedMF | Dataset:dataset\5Beauty-rand | Group:max_0.05 | K=10 | Fairness_metric=f1
GA Parameters | Pop:10 | Gen:1000 | Mut:0.3504 | Cross:0.7262
Adaptive Penalty | beta1:2.43 | beta2:1.88 | k:6
Before optimization overall scores           : ndcg@10=0.4325 f1@10=0.1427
Before optimization group 1 (active) scores  : ndcg@10=0.5359 f1@10=0.2131
Before optimization group 2 (inactive) scores: ndcg@10=0.4263 f1@10=0.1386
Before optimization UGF (f1@10): 0.0745 (7.45%) | UGF (ndcg@10): 0.1096 (10.96%)
Epsilon: 0.0373
Early stop at generation 8: first feasible solution found
CPU time: 4.45 seconds
After optimization overall metric scores     : ndcg@10=0.4271 f1@10=0.1378
After optimization group 1 (active) scores   : ndcg@10=0.4682 f1@10=0.1729
After optimization group 2 (inactive) scores : ndcg@10=0.4247 f1@10=0.1358
After optimization UGF (f1@10): 0.0371 (3.71%) | UGF (ndcg@10): 0.0436 (4.36%)
UGF reduction: 0.0374 (50.2%)
Constraint satisfied: True
GA Optimizer | Model:biasedMF | Dataset:dataset\5Beauty-rand | Group:max_0.05 | K=10 | Fairness_metric=f1
GA Parameters | Pop:10 | Gen:1000 | Mut:0.3504 | Cross:0.7262
Adaptive Penalty | beta1:2.43 | beta2:1.88 | k:6
Before optimization overall scores           : ndcg@10=0.4325 f1@10=0.1427
Before optimization group 1 (active) scores  : ndcg@10=0.5359 f1@10=0.2131
Before optimization group 2 (inactive) scores: ndcg@10=0.4263 f1@10=0.1386
Before optimization UGF (f1@10): 0.0745 (7.45%) | UGF (ndcg@10): 0.1096 (10.96%)
Epsilon: 0.0373
Early stop at generation 8: first feasible solution found
CPU time: 4.44 seconds
After optimization overall metric scores     : ndcg@10=0.4263 f1@10=0.1372
After optimization group 1 (active) scores   : ndcg@10=0.4720 f1@10=0.1724
After optimization group 2 (inactive) scores : ndcg@10=0.4236 f1@10=0.1352
After optimization UGF (f1@10): 0.0372 (3.72%) | UGF (ndcg@10): 0.0484 (4.84%)
UGF reduction: 0.0373 (50.1%)
Constraint satisfied: True
GA Optimizer | Model:biasedMF | Dataset:dataset\5Beauty-rand | Group:max_0.05 | K=10 | Fairness_metric=f1
GA Parameters | Pop:10 | Gen:1000 | Mut:0.3504 | Cross:0.7262
Adaptive Penalty | beta1:2.43 | beta2:1.88 | k:6
Before optimization overall scores           : ndcg@10=0.4325 f1@10=0.1427
Before optimization group 1 (active) scores  : ndcg@10=0.5359 f1@10=0.2131
Before optimization group 2 (inactive) scores: ndcg@10=0.4263 f1@10=0.1386
Before optimization UGF (f1@10): 0.0745 (7.45%) | UGF (ndcg@10): 0.1096 (10.96%)
Epsilon: 0.0373
Early stop at generation 9: first feasible solution found
CPU time: 4.99 seconds
After optimization overall metric scores     : ndcg@10=0.4266 f1@10=0.1369
After optimization group 1 (active) scores   : ndcg@10=0.4717 f1@10=0.1653
After optimization group 2 (inactive) scores : ndcg@10=0.4240 f1@10=0.1352
After optimization UGF (f1@10): 0.0301 (3.01%) | UGF (ndcg@10): 0.0477 (4.77%)
UGF reduction: 0.0445 (59.6%)
Constraint satisfied: True
GA Optimizer | Model:biasedMF | Dataset:dataset\5Beauty-rand | Group:max_0.05 | K=10 | Fairness_metric=f1
GA Parameters | Pop:10 | Gen:1000 | Mut:0.3504 | Cross:0.7262
Adaptive Penalty | beta1:2.43 | beta2:1.88 | k:6
Before optimization overall scores           : ndcg@10=0.4325 f1@10=0.1427
Before optimization group 1 (active) scores  : ndcg@10=0.5359 f1@10=0.2131
Before optimization group 2 (inactive) scores: ndcg@10=0.4263 f1@10=0.1386
Before optimization UGF (f1@10): 0.0745 (7.45%) | UGF (ndcg@10): 0.1096 (10.96%)
Epsilon: 0.0373
Early stop at generation 8: first feasible solution found
CPU time: 4.46 seconds
After optimization overall metric scores     : ndcg@10=0.4267 f1@10=0.1376
After optimization group 1 (active) scores   : ndcg@10=0.4666 f1@10=0.1716
After optimization group 2 (inactive) scores : ndcg@10=0.4243 f1@10=0.1356
After optimization UGF (f1@10): 0.0359 (3.59%) | UGF (ndcg@10): 0.0422 (4.22%)
UGF reduction: 0.0386 (51.8%)
Constraint satisfied: True
GA Optimizer | Model:biasedMF | Dataset:dataset\5Beauty-rand | Group:max_0.05 | K=10 | Fairness_metric=f1
GA Parameters | Pop:10 | Gen:1000 | Mut:0.3504 | Cross:0.7262
Adaptive Penalty | beta1:2.43 | beta2:1.88 | k:6
Before optimization overall scores           : ndcg@10=0.4325 f1@10=0.1427
Before optimization group 1 (active) scores  : ndcg@10=0.5359 f1@10=0.2131
Before optimization group 2 (inactive) scores: ndcg@10=0.4263 f1@10=0.1386
Before optimization UGF (f1@10): 0.0745 (7.45%) | UGF (ndcg@10): 0.1096 (10.96%)
Epsilon: 0.0373
Early stop at generation 9: first feasible solution found
CPU time: 5.05 seconds
After optimization overall metric scores     : ndcg@10=0.4260 f1@10=0.1361
After optimization group 1 (active) scores   : ndcg@10=0.4674 f1@10=0.1663
After optimization group 2 (inactive) scores : ndcg@10=0.4236 f1@10=0.1343
After optimization UGF (f1@10): 0.0319 (3.19%) | UGF (ndcg@10): 0.0438 (4.38%)
UGF reduction: 0.0426 (57.1%)
Constraint satisfied: True
GA Optimizer | Model:biasedMF | Dataset:dataset\5Beauty-rand | Group:max_0.05 | K=10 | Fairness_metric=f1
GA Parameters | Pop:10 | Gen:1000 | Mut:0.3504 | Cross:0.7262
Adaptive Penalty | beta1:2.43 | beta2:1.88 | k:6
Before optimization overall scores           : ndcg@10=0.4325 f1@10=0.1427
Before optimization group 1 (active) scores  : ndcg@10=0.5359 f1@10=0.2131
Before optimization group 2 (inactive) scores: ndcg@10=0.4263 f1@10=0.1386
Before optimization UGF (f1@10): 0.0745 (7.45%) | UGF (ndcg@10): 0.1096 (10.96%)
Epsilon: 0.0373
Early stop at generation 9: first feasible solution found
CPU time: 4.95 seconds
After optimization overall metric scores     : ndcg@10=0.4252 f1@10=0.1362
After optimization group 1 (active) scores   : ndcg@10=0.4648 f1@10=0.1651
After optimization group 2 (inactive) scores : ndcg@10=0.4229 f1@10=0.1345
After optimization UGF (f1@10): 0.0306 (3.06%) | UGF (ndcg@10): 0.0419 (4.19%)
UGF reduction: 0.0439 (58.9%)
Constraint satisfied: True
GA Optimizer | Model:biasedMF | Dataset:dataset\5Beauty-rand | Group:max_0.05 | K=10 | Fairness_metric=f1
GA Parameters | Pop:10 | Gen:1000 | Mut:0.3504 | Cross:0.7262
Adaptive Penalty | beta1:2.43 | beta2:1.88 | k:6
Before optimization overall scores           : ndcg@10=0.4325 f1@10=0.1427
Before optimization group 1 (active) scores  : ndcg@10=0.5359 f1@10=0.2131
Before optimization group 2 (inactive) scores: ndcg@10=0.4263 f1@10=0.1386
Before optimization UGF (f1@10): 0.0745 (7.45%) | UGF (ndcg@10): 0.1096 (10.96%)
Epsilon: 0.0373
Early stop at generation 8: first feasible solution found
CPU time: 4.52 seconds
After optimization overall metric scores     : ndcg@10=0.4272 f1@10=0.1377
After optimization group 1 (active) scores   : ndcg@10=0.4745 f1@10=0.1723
After optimization group 2 (inactive) scores : ndcg@10=0.4244 f1@10=0.1357
After optimization UGF (f1@10): 0.0366 (3.66%) | UGF (ndcg@10): 0.0501 (5.01%)
UGF reduction: 0.0379 (50.9%)
Constraint satisfied: True
GA Optimizer | Model:biasedMF | Dataset:dataset\5Beauty-rand | Group:max_0.05 | K=10 | Fairness_metric=f1
GA Parameters | Pop:10 | Gen:1000 | Mut:0.3504 | Cross:0.7262
Adaptive Penalty | beta1:2.43 | beta2:1.88 | k:6
Before optimization overall scores           : ndcg@10=0.4325 f1@10=0.1427
Before optimization group 1 (active) scores  : ndcg@10=0.5359 f1@10=0.2131
Before optimization group 2 (inactive) scores: ndcg@10=0.4263 f1@10=0.1386
Before optimization UGF (f1@10): 0.0745 (7.45%) | UGF (ndcg@10): 0.1096 (10.96%)
Epsilon: 0.0373
Early stop at generation 9: first feasible solution found
CPU time: 4.97 seconds
After optimization overall metric scores     : ndcg@10=0.4261 f1@10=0.1360
After optimization group 1 (active) scores   : ndcg@10=0.4727 f1@10=0.1641
After optimization group 2 (inactive) scores : ndcg@10=0.4234 f1@10=0.1344
After optimization UGF (f1@10): 0.0297 (2.97%) | UGF (ndcg@10): 0.0494 (4.94%)
UGF reduction: 0.0448 (60.1%)
Constraint satisfied: True
GA Optimizer | Model:biasedMF | Dataset:dataset\5Beauty-rand | Group:max_0.05 | K=10 | Fairness_metric=f1
GA Parameters | Pop:10 | Gen:1000 | Mut:0.3504 | Cross:0.7262
Adaptive Penalty | beta1:2.43 | beta2:1.88 | k:6
Before optimization overall scores           : ndcg@10=0.4325 f1@10=0.1427
Before optimization group 1 (active) scores  : ndcg@10=0.5359 f1@10=0.2131
Before optimization group 2 (inactive) scores: ndcg@10=0.4263 f1@10=0.1386
Before optimization UGF (f1@10): 0.0745 (7.45%) | UGF (ndcg@10): 0.1096 (10.96%)
Epsilon: 0.0373
Early stop at generation 9: first feasible solution found
CPU time: 4.95 seconds
After optimization overall metric scores     : ndcg@10=0.4253 f1@10=0.1368
After optimization group 1 (active) scores   : ndcg@10=0.4618 f1@10=0.1672
After optimization group 2 (inactive) scores : ndcg@10=0.4231 f1@10=0.1350
After optimization UGF (f1@10): 0.0323 (3.23%) | UGF (ndcg@10): 0.0387 (3.87%)
UGF reduction: 0.0423 (56.7%)
Constraint satisfied: True
GA Optimizer | Model:biasedMF | Dataset:dataset\5Beauty-rand | Group:max_0.05 | K=10 | Fairness_metric=f1
GA Parameters | Pop:10 | Gen:1000 | Mut:0.3504 | Cross:0.7262
Adaptive Penalty | beta1:2.43 | beta2:1.88 | k:6
Before optimization overall scores           : ndcg@10=0.4325 f1@10=0.1427
Before optimization group 1 (active) scores  : ndcg@10=0.5359 f1@10=0.2131
Before optimization group 2 (inactive) scores: ndcg@10=0.4263 f1@10=0.1386
Before optimization UGF (f1@10): 0.0745 (7.45%) | UGF (ndcg@10): 0.1096 (10.96%)
Epsilon: 0.0373
Early stop at generation 8: first feasible solution found
CPU time: 4.42 seconds
After optimization overall metric scores     : ndcg@10=0.4267 f1@10=0.1375
After optimization group 1 (active) scores   : ndcg@10=0.4745 f1@10=0.1717
After optimization group 2 (inactive) scores : ndcg@10=0.4238 f1@10=0.1355
After optimization UGF (f1@10): 0.0362 (3.62%) | UGF (ndcg@10): 0.0507 (5.07%)
UGF reduction: 0.0383 (51.4%)
Constraint satisfied: True
GA Optimizer | Model:biasedMF | Dataset:dataset\5Beauty-rand | Group:max_0.05 | K=10 | Fairness_metric=f1
GA Parameters | Pop:10 | Gen:1000 | Mut:0.3504 | Cross:0.7262
Adaptive Penalty | beta1:2.43 | beta2:1.88 | k:6
Before optimization overall scores           : ndcg@10=0.4325 f1@10=0.1427
Before optimization group 1 (active) scores  : ndcg@10=0.5359 f1@10=0.2131
Before optimization group 2 (inactive) scores: ndcg@10=0.4263 f1@10=0.1386
Before optimization UGF (f1@10): 0.0745 (7.45%) | UGF (ndcg@10): 0.1096 (10.96%)
Epsilon: 0.0373
Early stop at generation 8: first feasible solution found
CPU time: 4.41 seconds
After optimization overall metric scores     : ndcg@10=0.4268 f1@10=0.1372
After optimization group 1 (active) scores   : ndcg@10=0.4783 f1@10=0.1717
After optimization group 2 (inactive) scores : ndcg@10=0.4238 f1@10=0.1352
After optimization UGF (f1@10): 0.0365 (3.65%) | UGF (ndcg@10): 0.0545 (5.45%)
UGF reduction: 0.0380 (51.0%)
Constraint satisfied: True
GA Optimizer | Model:biasedMF | Dataset:dataset\5Beauty-rand | Group:max_0.05 | K=10 | Fairness_metric=f1
GA Parameters | Pop:10 | Gen:1000 | Mut:0.3504 | Cross:0.7262
Adaptive Penalty | beta1:2.43 | beta2:1.88 | k:6
Before optimization overall scores           : ndcg@10=0.4325 f1@10=0.1427
Before optimization group 1 (active) scores  : ndcg@10=0.5359 f1@10=0.2131
Before optimization group 2 (inactive) scores: ndcg@10=0.4263 f1@10=0.1386
Before optimization UGF (f1@10): 0.0745 (7.45%) | UGF (ndcg@10): 0.1096 (10.96%)
Epsilon: 0.0373
Early stop at generation 8: first feasible solution found
CPU time: 4.48 seconds
After optimization overall metric scores     : ndcg@10=0.4276 f1@10=0.1378
After optimization group 1 (active) scores   : ndcg@10=0.4828 f1@10=0.1728
After optimization group 2 (inactive) scores : ndcg@10=0.4243 f1@10=0.1357
After optimization UGF (f1@10): 0.0371 (3.71%) | UGF (ndcg@10): 0.0585 (5.85%)
UGF reduction: 0.0374 (50.2%)
Constraint satisfied: True
GA Optimizer | Model:biasedMF | Dataset:dataset\5Beauty-rand | Group:max_0.05 | K=10 | Fairness_metric=f1
GA Parameters | Pop:10 | Gen:1000 | Mut:0.3504 | Cross:0.7262
Adaptive Penalty | beta1:2.43 | beta2:1.88 | k:6
Before optimization overall scores           : ndcg@10=0.4325 f1@10=0.1427
Before optimization group 1 (active) scores  : ndcg@10=0.5359 f1@10=0.2131
Before optimization group 2 (inactive) scores: ndcg@10=0.4263 f1@10=0.1386
Before optimization UGF (f1@10): 0.0745 (7.45%) | UGF (ndcg@10): 0.1096 (10.96%)
Epsilon: 0.0373
Early stop at generation 8: first feasible solution found
CPU time: 4.40 seconds
After optimization overall metric scores     : ndcg@10=0.4273 f1@10=0.1377
After optimization group 1 (active) scores   : ndcg@10=0.4769 f1@10=0.1723
After optimization group 2 (inactive) scores : ndcg@10=0.4244 f1@10=0.1357
After optimization UGF (f1@10): 0.0367 (3.67%) | UGF (ndcg@10): 0.0526 (5.26%)
UGF reduction: 0.0379 (50.8%)
Constraint satisfied: True
