GA Optimizer | Model:NCF | Dataset:dataset\5Health-rand | Group:sum_0.05 | K=10 | Fairness_metric=f1
GA Parameters | Pop:10 | Gen:1000 | Mut:0.3504 | Cross:0.7262
Adaptive Penalty | beta1:2.43 | beta2:1.88 | k:6
Before optimization overall scores           : ndcg@10=0.3355 f1@10=0.1220
Before optimization group 1 (active) scores  : ndcg@10=0.6174 f1@10=0.3210
Before optimization group 2 (inactive) scores: ndcg@10=0.3117 f1@10=0.1053
Before optimization UGF (f1@10): 0.2157 (21.57%) | UGF (ndcg@10): 0.3057 (30.57%)
Epsilon: 0.1079
Early stop at generation 13: first feasible solution found
CPU time: 12.38 seconds
After optimization overall metric scores     : ndcg@10=0.3215 f1@10=0.1064
After optimization group 1 (active) scores   : ndcg@10=0.5213 f1@10=0.2033
After optimization group 2 (inactive) scores : ndcg@10=0.3047 f1@10=0.0982
After optimization UGF (f1@10): 0.1051 (10.51%) | UGF (ndcg@10): 0.2165 (21.65%)
UGF reduction: 0.1106 (51.3%)
Constraint satisfied: True
GA Optimizer | Model:NCF | Dataset:dataset\5Health-rand | Group:sum_0.05 | K=10 | Fairness_metric=f1
GA Parameters | Pop:10 | Gen:1000 | Mut:0.3504 | Cross:0.7262
Adaptive Penalty | beta1:2.43 | beta2:1.88 | k:6
Before optimization overall scores           : ndcg@10=0.3355 f1@10=0.1220
Before optimization group 1 (active) scores  : ndcg@10=0.6174 f1@10=0.3210
Before optimization group 2 (inactive) scores: ndcg@10=0.3117 f1@10=0.1053
Before optimization UGF (f1@10): 0.2157 (21.57%) | UGF (ndcg@10): 0.3057 (30.57%)
Epsilon: 0.1079
Early stop at generation 13: first feasible solution found
CPU time: 12.31 seconds
After optimization overall metric scores     : ndcg@10=0.3212 f1@10=0.1068
After optimization group 1 (active) scores   : ndcg@10=0.5126 f1@10=0.2020
After optimization group 2 (inactive) scores : ndcg@10=0.3051 f1@10=0.0988
After optimization UGF (f1@10): 0.1032 (10.32%) | UGF (ndcg@10): 0.2076 (20.76%)
UGF reduction: 0.1125 (52.2%)
Constraint satisfied: True
GA Optimizer | Model:NCF | Dataset:dataset\5Health-rand | Group:sum_0.05 | K=10 | Fairness_metric=f1
GA Parameters | Pop:10 | Gen:1000 | Mut:0.3504 | Cross:0.7262
Adaptive Penalty | beta1:2.43 | beta2:1.88 | k:6
Before optimization overall scores           : ndcg@10=0.3355 f1@10=0.1220
Before optimization group 1 (active) scores  : ndcg@10=0.6174 f1@10=0.3210
Before optimization group 2 (inactive) scores: ndcg@10=0.3117 f1@10=0.1053
Before optimization UGF (f1@10): 0.2157 (21.57%) | UGF (ndcg@10): 0.3057 (30.57%)
Epsilon: 0.1079
Early stop at generation 13: first feasible solution found
CPU time: 12.37 seconds
After optimization overall metric scores     : ndcg@10=0.3232 f1@10=0.1074
After optimization group 1 (active) scores   : ndcg@10=0.5277 f1@10=0.2010
After optimization group 2 (inactive) scores : ndcg@10=0.3060 f1@10=0.0995
After optimization UGF (f1@10): 0.1015 (10.15%) | UGF (ndcg@10): 0.2216 (22.16%)
UGF reduction: 0.1142 (53.0%)
Constraint satisfied: True
GA Optimizer | Model:NCF | Dataset:dataset\5Health-rand | Group:sum_0.05 | K=10 | Fairness_metric=f1
GA Parameters | Pop:10 | Gen:1000 | Mut:0.3504 | Cross:0.7262
Adaptive Penalty | beta1:2.43 | beta2:1.88 | k:6
Before optimization overall scores           : ndcg@10=0.3355 f1@10=0.1220
Before optimization group 1 (active) scores  : ndcg@10=0.6174 f1@10=0.3210
Before optimization group 2 (inactive) scores: ndcg@10=0.3117 f1@10=0.1053
Before optimization UGF (f1@10): 0.2157 (21.57%) | UGF (ndcg@10): 0.3057 (30.57%)
Epsilon: 0.1079
Early stop at generation 13: first feasible solution found
CPU time: 12.38 seconds
After optimization overall metric scores     : ndcg@10=0.3216 f1@10=0.1071
After optimization group 1 (active) scores   : ndcg@10=0.5209 f1@10=0.2034
After optimization group 2 (inactive) scores : ndcg@10=0.3049 f1@10=0.0990
After optimization UGF (f1@10): 0.1043 (10.43%) | UGF (ndcg@10): 0.2160 (21.60%)
UGF reduction: 0.1114 (51.6%)
Constraint satisfied: True
GA Optimizer | Model:NCF | Dataset:dataset\5Health-rand | Group:sum_0.05 | K=10 | Fairness_metric=f1
GA Parameters | Pop:10 | Gen:1000 | Mut:0.3504 | Cross:0.7262
Adaptive Penalty | beta1:2.43 | beta2:1.88 | k:6
Before optimization overall scores           : ndcg@10=0.3355 f1@10=0.1220
Before optimization group 1 (active) scores  : ndcg@10=0.6174 f1@10=0.3210
Before optimization group 2 (inactive) scores: ndcg@10=0.3117 f1@10=0.1053
Before optimization UGF (f1@10): 0.2157 (21.57%) | UGF (ndcg@10): 0.3057 (30.57%)
Epsilon: 0.1079
Early stop at generation 13: first feasible solution found
CPU time: 12.33 seconds
After optimization overall metric scores     : ndcg@10=0.3234 f1@10=0.1069
After optimization group 1 (active) scores   : ndcg@10=0.5380 f1@10=0.2040
After optimization group 2 (inactive) scores : ndcg@10=0.3053 f1@10=0.0988
After optimization UGF (f1@10): 0.1052 (10.52%) | UGF (ndcg@10): 0.2326 (23.26%)
UGF reduction: 0.1105 (51.2%)
Constraint satisfied: True
GA Optimizer | Model:NCF | Dataset:dataset\5Health-rand | Group:sum_0.05 | K=10 | Fairness_metric=f1
GA Parameters | Pop:10 | Gen:1000 | Mut:0.3504 | Cross:0.7262
Adaptive Penalty | beta1:2.43 | beta2:1.88 | k:6
Before optimization overall scores           : ndcg@10=0.3355 f1@10=0.1220
Before optimization group 1 (active) scores  : ndcg@10=0.6174 f1@10=0.3210
Before optimization group 2 (inactive) scores: ndcg@10=0.3117 f1@10=0.1053
Before optimization UGF (f1@10): 0.2157 (21.57%) | UGF (ndcg@10): 0.3057 (30.57%)
Epsilon: 0.1079
Early stop at generation 13: first feasible solution found
CPU time: 12.59 seconds
After optimization overall metric scores     : ndcg@10=0.3216 f1@10=0.1065
After optimization group 1 (active) scores   : ndcg@10=0.5237 f1@10=0.2013
After optimization group 2 (inactive) scores : ndcg@10=0.3045 f1@10=0.0985
After optimization UGF (f1@10): 0.1027 (10.27%) | UGF (ndcg@10): 0.2192 (21.92%)
UGF reduction: 0.1130 (52.4%)
Constraint satisfied: True
GA Optimizer | Model:NCF | Dataset:dataset\5Health-rand | Group:sum_0.05 | K=10 | Fairness_metric=f1
GA Parameters | Pop:10 | Gen:1000 | Mut:0.3504 | Cross:0.7262
Adaptive Penalty | beta1:2.43 | beta2:1.88 | k:6
Before optimization overall scores           : ndcg@10=0.3355 f1@10=0.1220
Before optimization group 1 (active) scores  : ndcg@10=0.6174 f1@10=0.3210
Before optimization group 2 (inactive) scores: ndcg@10=0.3117 f1@10=0.1053
Before optimization UGF (f1@10): 0.2157 (21.57%) | UGF (ndcg@10): 0.3057 (30.57%)
Epsilon: 0.1079
Early stop at generation 13: first feasible solution found
CPU time: 12.41 seconds
After optimization overall metric scores     : ndcg@10=0.3225 f1@10=0.1077
After optimization group 1 (active) scores   : ndcg@10=0.5223 f1@10=0.2044
After optimization group 2 (inactive) scores : ndcg@10=0.3057 f1@10=0.0995
After optimization UGF (f1@10): 0.1049 (10.49%) | UGF (ndcg@10): 0.2166 (21.66%)
UGF reduction: 0.1109 (51.4%)
Constraint satisfied: True
GA Optimizer | Model:NCF | Dataset:dataset\5Health-rand | Group:sum_0.05 | K=10 | Fairness_metric=f1
GA Parameters | Pop:10 | Gen:1000 | Mut:0.3504 | Cross:0.7262
Adaptive Penalty | beta1:2.43 | beta2:1.88 | k:6
Before optimization overall scores           : ndcg@10=0.3355 f1@10=0.1220
Before optimization group 1 (active) scores  : ndcg@10=0.6174 f1@10=0.3210
Before optimization group 2 (inactive) scores: ndcg@10=0.3117 f1@10=0.1053
Before optimization UGF (f1@10): 0.2157 (21.57%) | UGF (ndcg@10): 0.3057 (30.57%)
Epsilon: 0.1079
Early stop at generation 13: first feasible solution found
CPU time: 12.35 seconds
After optimization overall metric scores     : ndcg@10=0.3212 f1@10=0.1067
After optimization group 1 (active) scores   : ndcg@10=0.5224 f1@10=0.2024
After optimization group 2 (inactive) scores : ndcg@10=0.3042 f1@10=0.0987
After optimization UGF (f1@10): 0.1037 (10.37%) | UGF (ndcg@10): 0.2182 (21.82%)
UGF reduction: 0.1120 (51.9%)
Constraint satisfied: True
GA Optimizer | Model:NCF | Dataset:dataset\5Health-rand | Group:sum_0.05 | K=10 | Fairness_metric=f1
GA Parameters | Pop:10 | Gen:1000 | Mut:0.3504 | Cross:0.7262
Adaptive Penalty | beta1:2.43 | beta2:1.88 | k:6
Before optimization overall scores           : ndcg@10=0.3355 f1@10=0.1220
Before optimization group 1 (active) scores  : ndcg@10=0.6174 f1@10=0.3210
Before optimization group 2 (inactive) scores: ndcg@10=0.3117 f1@10=0.1053
Before optimization UGF (f1@10): 0.2157 (21.57%) | UGF (ndcg@10): 0.3057 (30.57%)
Epsilon: 0.1079
Early stop at generation 13: first feasible solution found
CPU time: 12.45 seconds
After optimization overall metric scores     : ndcg@10=0.3217 f1@10=0.1072
After optimization group 1 (active) scores   : ndcg@10=0.5150 f1@10=0.2033
After optimization group 2 (inactive) scores : ndcg@10=0.3054 f1@10=0.0991
After optimization UGF (f1@10): 0.1042 (10.42%) | UGF (ndcg@10): 0.2095 (20.95%)
UGF reduction: 0.1115 (51.7%)
Constraint satisfied: True
GA Optimizer | Model:NCF | Dataset:dataset\5Health-rand | Group:sum_0.05 | K=10 | Fairness_metric=f1
GA Parameters | Pop:10 | Gen:1000 | Mut:0.3504 | Cross:0.7262
Adaptive Penalty | beta1:2.43 | beta2:1.88 | k:6
Before optimization overall scores           : ndcg@10=0.3355 f1@10=0.1220
Before optimization group 1 (active) scores  : ndcg@10=0.6174 f1@10=0.3210
Before optimization group 2 (inactive) scores: ndcg@10=0.3117 f1@10=0.1053
Before optimization UGF (f1@10): 0.2157 (21.57%) | UGF (ndcg@10): 0.3057 (30.57%)
Epsilon: 0.1079
Early stop at generation 13: first feasible solution found
CPU time: 12.36 seconds
After optimization overall metric scores     : ndcg@10=0.3209 f1@10=0.1067
After optimization group 1 (active) scores   : ndcg@10=0.5208 f1@10=0.2029
After optimization group 2 (inactive) scores : ndcg@10=0.3041 f1@10=0.0986
After optimization UGF (f1@10): 0.1043 (10.43%) | UGF (ndcg@10): 0.2167 (21.67%)
UGF reduction: 0.1114 (51.7%)
Constraint satisfied: True
GA Optimizer | Model:NCF | Dataset:dataset\5Health-rand | Group:sum_0.05 | K=10 | Fairness_metric=f1
GA Parameters | Pop:10 | Gen:1000 | Mut:0.3504 | Cross:0.7262
Adaptive Penalty | beta1:2.43 | beta2:1.88 | k:6
Before optimization overall scores           : ndcg@10=0.3355 f1@10=0.1220
Before optimization group 1 (active) scores  : ndcg@10=0.6174 f1@10=0.3210
Before optimization group 2 (inactive) scores: ndcg@10=0.3117 f1@10=0.1053
Before optimization UGF (f1@10): 0.2157 (21.57%) | UGF (ndcg@10): 0.3057 (30.57%)
Epsilon: 0.1079
Early stop at generation 13: first feasible solution found
CPU time: 12.44 seconds
After optimization overall metric scores     : ndcg@10=0.3215 f1@10=0.1071
After optimization group 1 (active) scores   : ndcg@10=0.5195 f1@10=0.2034
After optimization group 2 (inactive) scores : ndcg@10=0.3049 f1@10=0.0990
After optimization UGF (f1@10): 0.1044 (10.44%) | UGF (ndcg@10): 0.2147 (21.47%)
UGF reduction: 0.1113 (51.6%)
Constraint satisfied: True
GA Optimizer | Model:NCF | Dataset:dataset\5Health-rand | Group:sum_0.05 | K=10 | Fairness_metric=f1
GA Parameters | Pop:10 | Gen:1000 | Mut:0.3504 | Cross:0.7262
Adaptive Penalty | beta1:2.43 | beta2:1.88 | k:6
Before optimization overall scores           : ndcg@10=0.3355 f1@10=0.1220
Before optimization group 1 (active) scores  : ndcg@10=0.6174 f1@10=0.3210
Before optimization group 2 (inactive) scores: ndcg@10=0.3117 f1@10=0.1053
Before optimization UGF (f1@10): 0.2157 (21.57%) | UGF (ndcg@10): 0.3057 (30.57%)
Epsilon: 0.1079
Early stop at generation 13: first feasible solution found
CPU time: 12.44 seconds
After optimization overall metric scores     : ndcg@10=0.3212 f1@10=0.1068
After optimization group 1 (active) scores   : ndcg@10=0.5225 f1@10=0.2025
After optimization group 2 (inactive) scores : ndcg@10=0.3042 f1@10=0.0987
After optimization UGF (f1@10): 0.1038 (10.38%) | UGF (ndcg@10): 0.2183 (21.83%)
UGF reduction: 0.1120 (51.9%)
Constraint satisfied: True
GA Optimizer | Model:NCF | Dataset:dataset\5Health-rand | Group:sum_0.05 | K=10 | Fairness_metric=f1
GA Parameters | Pop:10 | Gen:1000 | Mut:0.3504 | Cross:0.7262
Adaptive Penalty | beta1:2.43 | beta2:1.88 | k:6
Before optimization overall scores           : ndcg@10=0.3355 f1@10=0.1220
Before optimization group 1 (active) scores  : ndcg@10=0.6174 f1@10=0.3210
Before optimization group 2 (inactive) scores: ndcg@10=0.3117 f1@10=0.1053
Before optimization UGF (f1@10): 0.2157 (21.57%) | UGF (ndcg@10): 0.3057 (30.57%)
Epsilon: 0.1079
Early stop at generation 13: first feasible solution found
CPU time: 12.57 seconds
After optimization overall metric scores     : ndcg@10=0.3209 f1@10=0.1059
After optimization group 1 (active) scores   : ndcg@10=0.5212 f1@10=0.1969
After optimization group 2 (inactive) scores : ndcg@10=0.3041 f1@10=0.0983
After optimization UGF (f1@10): 0.0987 (9.87%) | UGF (ndcg@10): 0.2172 (21.72%)
UGF reduction: 0.1171 (54.3%)
Constraint satisfied: True
GA Optimizer | Model:NCF | Dataset:dataset\5Health-rand | Group:sum_0.05 | K=10 | Fairness_metric=f1
GA Parameters | Pop:10 | Gen:1000 | Mut:0.3504 | Cross:0.7262
Adaptive Penalty | beta1:2.43 | beta2:1.88 | k:6
Before optimization overall scores           : ndcg@10=0.3355 f1@10=0.1220
Before optimization group 1 (active) scores  : ndcg@10=0.6174 f1@10=0.3210
Before optimization group 2 (inactive) scores: ndcg@10=0.3117 f1@10=0.1053
Before optimization UGF (f1@10): 0.2157 (21.57%) | UGF (ndcg@10): 0.3057 (30.57%)
Epsilon: 0.1079
Early stop at generation 13: first feasible solution found
CPU time: 12.37 seconds
After optimization overall metric scores     : ndcg@10=0.3223 f1@10=0.1068
After optimization group 1 (active) scores   : ndcg@10=0.5305 f1@10=0.2058
After optimization group 2 (inactive) scores : ndcg@10=0.3047 f1@10=0.0985
After optimization UGF (f1@10): 0.1073 (10.73%) | UGF (ndcg@10): 0.2257 (22.57%)
UGF reduction: 0.1084 (50.3%)
Constraint satisfied: True
GA Optimizer | Model:NCF | Dataset:dataset\5Health-rand | Group:sum_0.05 | K=10 | Fairness_metric=f1
GA Parameters | Pop:10 | Gen:1000 | Mut:0.3504 | Cross:0.7262
Adaptive Penalty | beta1:2.43 | beta2:1.88 | k:6
Before optimization overall scores           : ndcg@10=0.3355 f1@10=0.1220
Before optimization group 1 (active) scores  : ndcg@10=0.6174 f1@10=0.3210
Before optimization group 2 (inactive) scores: ndcg@10=0.3117 f1@10=0.1053
Before optimization UGF (f1@10): 0.2157 (21.57%) | UGF (ndcg@10): 0.3057 (30.57%)
Epsilon: 0.1079
Early stop at generation 13: first feasible solution found
CPU time: 12.42 seconds
After optimization overall metric scores     : ndcg@10=0.3223 f1@10=0.1070
After optimization group 1 (active) scores   : ndcg@10=0.5240 f1@10=0.2038
After optimization group 2 (inactive) scores : ndcg@10=0.3053 f1@10=0.0989
After optimization UGF (f1@10): 0.1050 (10.50%) | UGF (ndcg@10): 0.2187 (21.87%)
UGF reduction: 0.1108 (51.4%)
Constraint satisfied: True
GA Optimizer | Model:NCF | Dataset:dataset\5Health-rand | Group:sum_0.05 | K=10 | Fairness_metric=f1
GA Parameters | Pop:10 | Gen:1000 | Mut:0.3504 | Cross:0.7262
Adaptive Penalty | beta1:2.43 | beta2:1.88 | k:6
Before optimization overall scores           : ndcg@10=0.3355 f1@10=0.1220
Before optimization group 1 (active) scores  : ndcg@10=0.6174 f1@10=0.3210
Before optimization group 2 (inactive) scores: ndcg@10=0.3117 f1@10=0.1053
Before optimization UGF (f1@10): 0.2157 (21.57%) | UGF (ndcg@10): 0.3057 (30.57%)
Epsilon: 0.1079
Early stop at generation 13: first feasible solution found
CPU time: 12.34 seconds
After optimization overall metric scores     : ndcg@10=0.3228 f1@10=0.1073
After optimization group 1 (active) scores   : ndcg@10=0.5306 f1@10=0.2060
After optimization group 2 (inactive) scores : ndcg@10=0.3054 f1@10=0.0990
After optimization UGF (f1@10): 0.1070 (10.70%) | UGF (ndcg@10): 0.2252 (22.52%)
UGF reduction: 0.1088 (50.4%)
Constraint satisfied: True
GA Optimizer | Model:NCF | Dataset:dataset\5Health-rand | Group:sum_0.05 | K=10 | Fairness_metric=f1
GA Parameters | Pop:10 | Gen:1000 | Mut:0.3504 | Cross:0.7262
Adaptive Penalty | beta1:2.43 | beta2:1.88 | k:6
Before optimization overall scores           : ndcg@10=0.3355 f1@10=0.1220
Before optimization group 1 (active) scores  : ndcg@10=0.6174 f1@10=0.3210
Before optimization group 2 (inactive) scores: ndcg@10=0.3117 f1@10=0.1053
Before optimization UGF (f1@10): 0.2157 (21.57%) | UGF (ndcg@10): 0.3057 (30.57%)
Epsilon: 0.1079
Early stop at generation 13: first feasible solution found
CPU time: 12.38 seconds
After optimization overall metric scores     : ndcg@10=0.3214 f1@10=0.1067
After optimization group 1 (active) scores   : ndcg@10=0.5204 f1@10=0.2030
After optimization group 2 (inactive) scores : ndcg@10=0.3046 f1@10=0.0986
After optimization UGF (f1@10): 0.1045 (10.45%) | UGF (ndcg@10): 0.2157 (21.57%)
UGF reduction: 0.1113 (51.6%)
Constraint satisfied: True
GA Optimizer | Model:NCF | Dataset:dataset\5Health-rand | Group:sum_0.05 | K=10 | Fairness_metric=f1
GA Parameters | Pop:10 | Gen:1000 | Mut:0.3504 | Cross:0.7262
Adaptive Penalty | beta1:2.43 | beta2:1.88 | k:6
Before optimization overall scores           : ndcg@10=0.3355 f1@10=0.1220
Before optimization group 1 (active) scores  : ndcg@10=0.6174 f1@10=0.3210
Before optimization group 2 (inactive) scores: ndcg@10=0.3117 f1@10=0.1053
Before optimization UGF (f1@10): 0.2157 (21.57%) | UGF (ndcg@10): 0.3057 (30.57%)
Epsilon: 0.1079
Early stop at generation 13: first feasible solution found
CPU time: 12.29 seconds
After optimization overall metric scores     : ndcg@10=0.3215 f1@10=0.1071
After optimization group 1 (active) scores   : ndcg@10=0.5227 f1@10=0.2063
After optimization group 2 (inactive) scores : ndcg@10=0.3046 f1@10=0.0987
After optimization UGF (f1@10): 0.1075 (10.75%) | UGF (ndcg@10): 0.2181 (21.81%)
UGF reduction: 0.1082 (50.2%)
Constraint satisfied: True
GA Optimizer | Model:NCF | Dataset:dataset\5Health-rand | Group:sum_0.05 | K=10 | Fairness_metric=f1
GA Parameters | Pop:10 | Gen:1000 | Mut:0.3504 | Cross:0.7262
Adaptive Penalty | beta1:2.43 | beta2:1.88 | k:6
Before optimization overall scores           : ndcg@10=0.3355 f1@10=0.1220
Before optimization group 1 (active) scores  : ndcg@10=0.6174 f1@10=0.3210
Before optimization group 2 (inactive) scores: ndcg@10=0.3117 f1@10=0.1053
Before optimization UGF (f1@10): 0.2157 (21.57%) | UGF (ndcg@10): 0.3057 (30.57%)
Epsilon: 0.1079
Early stop at generation 13: first feasible solution found
CPU time: 12.39 seconds
After optimization overall metric scores     : ndcg@10=0.3220 f1@10=0.1073
After optimization group 1 (active) scores   : ndcg@10=0.5208 f1@10=0.2046
After optimization group 2 (inactive) scores : ndcg@10=0.3053 f1@10=0.0991
After optimization UGF (f1@10): 0.1055 (10.55%) | UGF (ndcg@10): 0.2155 (21.55%)
UGF reduction: 0.1102 (51.1%)
Constraint satisfied: True
GA Optimizer | Model:NCF | Dataset:dataset\5Health-rand | Group:sum_0.05 | K=10 | Fairness_metric=f1
GA Parameters | Pop:10 | Gen:1000 | Mut:0.3504 | Cross:0.7262
Adaptive Penalty | beta1:2.43 | beta2:1.88 | k:6
Before optimization overall scores           : ndcg@10=0.3355 f1@10=0.1220
Before optimization group 1 (active) scores  : ndcg@10=0.6174 f1@10=0.3210
Before optimization group 2 (inactive) scores: ndcg@10=0.3117 f1@10=0.1053
Before optimization UGF (f1@10): 0.2157 (21.57%) | UGF (ndcg@10): 0.3057 (30.57%)
Epsilon: 0.1079
Early stop at generation 13: first feasible solution found
CPU time: 12.65 seconds
After optimization overall metric scores     : ndcg@10=0.3215 f1@10=0.1067
After optimization group 1 (active) scores   : ndcg@10=0.5302 f1@10=0.2057
After optimization group 2 (inactive) scores : ndcg@10=0.3039 f1@10=0.0983
After optimization UGF (f1@10): 0.1074 (10.74%) | UGF (ndcg@10): 0.2263 (22.63%)
UGF reduction: 0.1083 (50.2%)
Constraint satisfied: True
GA Optimizer | Model:NCF | Dataset:dataset\5Health-rand | Group:sum_0.05 | K=10 | Fairness_metric=f1
GA Parameters | Pop:10 | Gen:1000 | Mut:0.3504 | Cross:0.7262
Adaptive Penalty | beta1:2.43 | beta2:1.88 | k:6
Before optimization overall scores           : ndcg@10=0.3355 f1@10=0.1220
Before optimization group 1 (active) scores  : ndcg@10=0.6174 f1@10=0.3210
Before optimization group 2 (inactive) scores: ndcg@10=0.3117 f1@10=0.1053
Before optimization UGF (f1@10): 0.2157 (21.57%) | UGF (ndcg@10): 0.3057 (30.57%)
Epsilon: 0.1079
Early stop at generation 13: first feasible solution found
CPU time: 12.46 seconds
After optimization overall metric scores     : ndcg@10=0.3217 f1@10=0.1069
After optimization group 1 (active) scores   : ndcg@10=0.5236 f1@10=0.2044
After optimization group 2 (inactive) scores : ndcg@10=0.3047 f1@10=0.0987
After optimization UGF (f1@10): 0.1056 (10.56%) | UGF (ndcg@10): 0.2189 (21.89%)
UGF reduction: 0.1101 (51.0%)
Constraint satisfied: True
GA Optimizer | Model:NCF | Dataset:dataset\5Health-rand | Group:sum_0.05 | K=10 | Fairness_metric=f1
GA Parameters | Pop:10 | Gen:1000 | Mut:0.3504 | Cross:0.7262
Adaptive Penalty | beta1:2.43 | beta2:1.88 | k:6
Before optimization overall scores           : ndcg@10=0.3355 f1@10=0.1220
Before optimization group 1 (active) scores  : ndcg@10=0.6174 f1@10=0.3210
Before optimization group 2 (inactive) scores: ndcg@10=0.3117 f1@10=0.1053
Before optimization UGF (f1@10): 0.2157 (21.57%) | UGF (ndcg@10): 0.3057 (30.57%)
Epsilon: 0.1079
Early stop at generation 13: first feasible solution found
CPU time: 12.46 seconds
After optimization overall metric scores     : ndcg@10=0.3226 f1@10=0.1074
After optimization group 1 (active) scores   : ndcg@10=0.5206 f1@10=0.2023
After optimization group 2 (inactive) scores : ndcg@10=0.3059 f1@10=0.0994
After optimization UGF (f1@10): 0.1029 (10.29%) | UGF (ndcg@10): 0.2148 (21.48%)
UGF reduction: 0.1128 (52.3%)
Constraint satisfied: True
GA Optimizer | Model:NCF | Dataset:dataset\5Health-rand | Group:sum_0.05 | K=10 | Fairness_metric=f1
GA Parameters | Pop:10 | Gen:1000 | Mut:0.3504 | Cross:0.7262
Adaptive Penalty | beta1:2.43 | beta2:1.88 | k:6
Before optimization overall scores           : ndcg@10=0.3355 f1@10=0.1220
Before optimization group 1 (active) scores  : ndcg@10=0.6174 f1@10=0.3210
Before optimization group 2 (inactive) scores: ndcg@10=0.3117 f1@10=0.1053
Before optimization UGF (f1@10): 0.2157 (21.57%) | UGF (ndcg@10): 0.3057 (30.57%)
Epsilon: 0.1079
Early stop at generation 13: first feasible solution found
CPU time: 12.45 seconds
After optimization overall metric scores     : ndcg@10=0.3207 f1@10=0.1063
After optimization group 1 (active) scores   : ndcg@10=0.5182 f1@10=0.2009
After optimization group 2 (inactive) scores : ndcg@10=0.3041 f1@10=0.0983
After optimization UGF (f1@10): 0.1026 (10.26%) | UGF (ndcg@10): 0.2141 (21.41%)
UGF reduction: 0.1131 (52.4%)
Constraint satisfied: True
GA Optimizer | Model:NCF | Dataset:dataset\5Health-rand | Group:sum_0.05 | K=10 | Fairness_metric=f1
GA Parameters | Pop:10 | Gen:1000 | Mut:0.3504 | Cross:0.7262
Adaptive Penalty | beta1:2.43 | beta2:1.88 | k:6
Before optimization overall scores           : ndcg@10=0.3355 f1@10=0.1220
Before optimization group 1 (active) scores  : ndcg@10=0.6174 f1@10=0.3210
Before optimization group 2 (inactive) scores: ndcg@10=0.3117 f1@10=0.1053
Before optimization UGF (f1@10): 0.2157 (21.57%) | UGF (ndcg@10): 0.3057 (30.57%)
Epsilon: 0.1079
Early stop at generation 13: first feasible solution found
CPU time: 12.40 seconds
After optimization overall metric scores     : ndcg@10=0.3229 f1@10=0.1072
After optimization group 1 (active) scores   : ndcg@10=0.5270 f1@10=0.2043
After optimization group 2 (inactive) scores : ndcg@10=0.3057 f1@10=0.0990
After optimization UGF (f1@10): 0.1053 (10.53%) | UGF (ndcg@10): 0.2212 (22.12%)
UGF reduction: 0.1105 (51.2%)
Constraint satisfied: True
GA Optimizer | Model:NCF | Dataset:dataset\5Health-rand | Group:sum_0.05 | K=10 | Fairness_metric=f1
GA Parameters | Pop:10 | Gen:1000 | Mut:0.3504 | Cross:0.7262
Adaptive Penalty | beta1:2.43 | beta2:1.88 | k:6
Before optimization overall scores           : ndcg@10=0.3355 f1@10=0.1220
Before optimization group 1 (active) scores  : ndcg@10=0.6174 f1@10=0.3210
Before optimization group 2 (inactive) scores: ndcg@10=0.3117 f1@10=0.1053
Before optimization UGF (f1@10): 0.2157 (21.57%) | UGF (ndcg@10): 0.3057 (30.57%)
Epsilon: 0.1079
Early stop at generation 13: first feasible solution found
CPU time: 12.36 seconds
After optimization overall metric scores     : ndcg@10=0.3224 f1@10=0.1075
After optimization group 1 (active) scores   : ndcg@10=0.5251 f1@10=0.2039
After optimization group 2 (inactive) scores : ndcg@10=0.3053 f1@10=0.0993
After optimization UGF (f1@10): 0.1046 (10.46%) | UGF (ndcg@10): 0.2198 (21.98%)
UGF reduction: 0.1111 (51.5%)
Constraint satisfied: True
GA Optimizer | Model:NCF | Dataset:dataset\5Health-rand | Group:sum_0.05 | K=10 | Fairness_metric=f1
GA Parameters | Pop:10 | Gen:1000 | Mut:0.3504 | Cross:0.7262
Adaptive Penalty | beta1:2.43 | beta2:1.88 | k:6
Before optimization overall scores           : ndcg@10=0.3355 f1@10=0.1220
Before optimization group 1 (active) scores  : ndcg@10=0.6174 f1@10=0.3210
Before optimization group 2 (inactive) scores: ndcg@10=0.3117 f1@10=0.1053
Before optimization UGF (f1@10): 0.2157 (21.57%) | UGF (ndcg@10): 0.3057 (30.57%)
Epsilon: 0.1079
Early stop at generation 13: first feasible solution found
CPU time: 12.41 seconds
After optimization overall metric scores     : ndcg@10=0.3211 f1@10=0.1065
After optimization group 1 (active) scores   : ndcg@10=0.5200 f1@10=0.2030
After optimization group 2 (inactive) scores : ndcg@10=0.3044 f1@10=0.0984
After optimization UGF (f1@10): 0.1046 (10.46%) | UGF (ndcg@10): 0.2156 (21.56%)
UGF reduction: 0.1111 (51.5%)
Constraint satisfied: True
GA Optimizer | Model:NCF | Dataset:dataset\5Health-rand | Group:sum_0.05 | K=10 | Fairness_metric=f1
GA Parameters | Pop:10 | Gen:1000 | Mut:0.3504 | Cross:0.7262
Adaptive Penalty | beta1:2.43 | beta2:1.88 | k:6
Before optimization overall scores           : ndcg@10=0.3355 f1@10=0.1220
Before optimization group 1 (active) scores  : ndcg@10=0.6174 f1@10=0.3210
Before optimization group 2 (inactive) scores: ndcg@10=0.3117 f1@10=0.1053
Before optimization UGF (f1@10): 0.2157 (21.57%) | UGF (ndcg@10): 0.3057 (30.57%)
Epsilon: 0.1079
Early stop at generation 13: first feasible solution found
CPU time: 12.41 seconds
After optimization overall metric scores     : ndcg@10=0.3224 f1@10=0.1071
After optimization group 1 (active) scores   : ndcg@10=0.5234 f1@10=0.2030
After optimization group 2 (inactive) scores : ndcg@10=0.3055 f1@10=0.0991
After optimization UGF (f1@10): 0.1039 (10.39%) | UGF (ndcg@10): 0.2179 (21.79%)
UGF reduction: 0.1118 (51.8%)
Constraint satisfied: True
GA Optimizer | Model:NCF | Dataset:dataset\5Health-rand | Group:sum_0.05 | K=10 | Fairness_metric=f1
GA Parameters | Pop:10 | Gen:1000 | Mut:0.3504 | Cross:0.7262
Adaptive Penalty | beta1:2.43 | beta2:1.88 | k:6
Before optimization overall scores           : ndcg@10=0.3355 f1@10=0.1220
Before optimization group 1 (active) scores  : ndcg@10=0.6174 f1@10=0.3210
Before optimization group 2 (inactive) scores: ndcg@10=0.3117 f1@10=0.1053
Before optimization UGF (f1@10): 0.2157 (21.57%) | UGF (ndcg@10): 0.3057 (30.57%)
Epsilon: 0.1079
Early stop at generation 13: first feasible solution found
CPU time: 12.34 seconds
After optimization overall metric scores     : ndcg@10=0.3226 f1@10=0.1076
After optimization group 1 (active) scores   : ndcg@10=0.5272 f1@10=0.2060
After optimization group 2 (inactive) scores : ndcg@10=0.3054 f1@10=0.0994
After optimization UGF (f1@10): 0.1066 (10.66%) | UGF (ndcg@10): 0.2218 (22.18%)
UGF reduction: 0.1091 (50.6%)
Constraint satisfied: True
GA Optimizer | Model:NCF | Dataset:dataset\5Health-rand | Group:sum_0.05 | K=10 | Fairness_metric=f1
GA Parameters | Pop:10 | Gen:1000 | Mut:0.3504 | Cross:0.7262
Adaptive Penalty | beta1:2.43 | beta2:1.88 | k:6
Before optimization overall scores           : ndcg@10=0.3355 f1@10=0.1220
Before optimization group 1 (active) scores  : ndcg@10=0.6174 f1@10=0.3210
Before optimization group 2 (inactive) scores: ndcg@10=0.3117 f1@10=0.1053
Before optimization UGF (f1@10): 0.2157 (21.57%) | UGF (ndcg@10): 0.3057 (30.57%)
Epsilon: 0.1079
Early stop at generation 13: first feasible solution found
CPU time: 12.48 seconds
After optimization overall metric scores     : ndcg@10=0.3215 f1@10=0.1064
After optimization group 1 (active) scores   : ndcg@10=0.5229 f1@10=0.2014
After optimization group 2 (inactive) scores : ndcg@10=0.3045 f1@10=0.0984
After optimization UGF (f1@10): 0.1030 (10.30%) | UGF (ndcg@10): 0.2184 (21.84%)
UGF reduction: 0.1127 (52.2%)
Constraint satisfied: True
GA Optimizer | Model:NCF | Dataset:dataset\5Health-rand | Group:sum_0.05 | K=10 | Fairness_metric=f1
GA Parameters | Pop:10 | Gen:1000 | Mut:0.3504 | Cross:0.7262
Adaptive Penalty | beta1:2.43 | beta2:1.88 | k:6
Before optimization overall scores           : ndcg@10=0.3355 f1@10=0.1220
Before optimization group 1 (active) scores  : ndcg@10=0.6174 f1@10=0.3210
Before optimization group 2 (inactive) scores: ndcg@10=0.3117 f1@10=0.1053
Before optimization UGF (f1@10): 0.2157 (21.57%) | UGF (ndcg@10): 0.3057 (30.57%)
Epsilon: 0.1079
Early stop at generation 13: first feasible solution found
CPU time: 12.37 seconds
After optimization overall metric scores     : ndcg@10=0.3219 f1@10=0.1070
After optimization group 1 (active) scores   : ndcg@10=0.5148 f1@10=0.2015
After optimization group 2 (inactive) scores : ndcg@10=0.3057 f1@10=0.0990
After optimization UGF (f1@10): 0.1025 (10.25%) | UGF (ndcg@10): 0.2092 (20.92%)
UGF reduction: 0.1132 (52.5%)
Constraint satisfied: True
