Loaded vectorized data from cache: C:\Users\lucas\Projects\user-fairness\src\cache\vectorized_cache_5Health-rand_NCF_0.05_count_k10.pkl
Tuner initialized for NCF/0.05_count
Starting hyperparameter tuning with 50 trials...
GA Optimizer | Model:NCF | Dataset:dataset\5Health-rand | Group:0.05_count | K=10 | Fairness_metric=f1
GA Parameters | Pop:40 | Gen:1000 | Mut:0.4463590152176813 | Cross:0.8659969709057025
Adaptive Penalty | beta1:1.3964354168406294 | beta2:1.3963895886387852 | k:3
Before optimization overall scores           : ndcg@10=0.3355 f1@10=0.1220
Before optimization group 1 (active) scores  : ndcg@10=0.6172 f1@10=0.3184
Before optimization group 2 (inactive) scores: ndcg@10=0.3091 f1@10=0.1036
Before optimization UGF (f1@10): 0.2148 (21.48%) | UGF (ndcg@10): 0.3081 (30.81%)
Epsilon: 0.1074
Early stop at generation 9: first feasible solution found
CPU time: 61.69 seconds
After optimization overall metric scores     : ndcg@10=0.3223 f1@10=0.1068
After optimization group 1 (active) scores   : ndcg@10=0.5279 f1@10=0.2035
After optimization group 2 (inactive) scores : ndcg@10=0.3030 f1@10=0.0977
After optimization UGF (f1@10): 0.1058 (10.58%) | UGF (ndcg@10): 0.2249 (22.49%)
UGF reduction: 0.1090 (50.7%)
Constraint satisfied: True
Trial 0: fitness=467674.25, f1=0.1068, ugf=0.1058, time=61.69s
Trial 0: speed_score=0.0160 (cpu_time=61.69s)
GA Optimizer | Model:NCF | Dataset:dataset\5Health-rand | Group:0.05_count | K=10 | Fairness_metric=f1
GA Parameters | Pop:90 | Gen:1000 | Mut:0.19956529392808392 | Cross:0.8540362888980227
Adaptive Penalty | beta1:2.9428287191077893 | beta2:2.6816410175208016 | k:4
Before optimization overall scores           : ndcg@10=0.3355 f1@10=0.1220
Before optimization group 1 (active) scores  : ndcg@10=0.6172 f1@10=0.3184
Before optimization group 2 (inactive) scores: ndcg@10=0.3091 f1@10=0.1036
Before optimization UGF (f1@10): 0.2148 (21.48%) | UGF (ndcg@10): 0.3081 (30.81%)
Epsilon: 0.1074
Early stop at generation 15: first feasible solution found
CPU time: 149.73 seconds
After optimization overall metric scores     : ndcg@10=0.3212 f1@10=0.1068
After optimization group 1 (active) scores   : ndcg@10=0.5202 f1@10=0.2038
After optimization group 2 (inactive) scores : ndcg@10=0.3025 f1@10=0.0977
After optimization UGF (f1@10): 0.1061 (10.61%) | UGF (ndcg@10): 0.2176 (21.76%)
UGF reduction: 0.1087 (50.6%)
Constraint satisfied: True
Trial 1: fitness=467674.25, f1=0.1068, ugf=0.1061, time=149.73s
Trial 1: speed_score=0.0066 (cpu_time=149.73s)
GA Optimizer | Model:NCF | Dataset:dataset\5Health-rand | Group:0.05_count | K=10 | Fairness_metric=f1
GA Parameters | Pop:20 | Gen:1000 | Mut:0.07627364729026305 | Cross:0.6521211214797689
Adaptive Penalty | beta1:1.9206955354200201 | beta2:1.6533353663762798 | k:7
Before optimization overall scores           : ndcg@10=0.3355 f1@10=0.1220
Before optimization group 1 (active) scores  : ndcg@10=0.6172 f1@10=0.3184
Before optimization group 2 (inactive) scores: ndcg@10=0.3091 f1@10=0.1036
Before optimization UGF (f1@10): 0.2148 (21.48%) | UGF (ndcg@10): 0.3081 (30.81%)
Epsilon: 0.1074
Early stop at generation 67: first feasible solution found
CPU time: 43.99 seconds
After optimization overall metric scores     : ndcg@10=0.3201 f1@10=0.1067
After optimization group 1 (active) scores   : ndcg@10=0.5094 f1@10=0.2042
After optimization group 2 (inactive) scores : ndcg@10=0.3023 f1@10=0.0976
After optimization UGF (f1@10): 0.1066 (10.66%) | UGF (ndcg@10): 0.2071 (20.71%)
UGF reduction: 0.1082 (50.4%)
Constraint satisfied: True
Trial 2: fitness=467674.25, f1=0.1067, ugf=0.1066, time=43.99s
Trial 2: speed_score=0.0222 (cpu_time=43.99s)
GA Optimizer | Model:NCF | Dataset:dataset\5Health-rand | Group:0.05_count | K=10 | Fairness_metric=f1
GA Parameters | Pop:20 | Gen:1000 | Mut:0.0979748602933958 | Cross:0.6831809216468459
Adaptive Penalty | beta1:2.591834326646726 | beta2:1.4793801861008835 | k:7
Before optimization overall scores           : ndcg@10=0.3355 f1@10=0.1220
Before optimization group 1 (active) scores  : ndcg@10=0.6172 f1@10=0.3184
Before optimization group 2 (inactive) scores: ndcg@10=0.3091 f1@10=0.1036
Before optimization UGF (f1@10): 0.2148 (21.48%) | UGF (ndcg@10): 0.3081 (30.81%)
Epsilon: 0.1074
Early stop at generation 53: first feasible solution found
CPU time: 40.28 seconds
After optimization overall metric scores     : ndcg@10=0.3226 f1@10=0.1073
After optimization group 1 (active) scores   : ndcg@10=0.5229 f1@10=0.2045
After optimization group 2 (inactive) scores : ndcg@10=0.3039 f1@10=0.0982
After optimization UGF (f1@10): 0.1063 (10.63%) | UGF (ndcg@10): 0.2190 (21.90%)
UGF reduction: 0.1085 (50.5%)
Constraint satisfied: True
Trial 3: fitness=467674.25, f1=0.1073, ugf=0.1063, time=40.28s
Trial 3: speed_score=0.0242 (cpu_time=40.28s)
GA Optimizer | Model:NCF | Dataset:dataset\5Health-rand | Group:0.05_count | K=10 | Fairness_metric=f1
GA Parameters | Pop:60 | Gen:1000 | Mut:0.05564426587452864 | Cross:0.8037724259507192
Adaptive Penalty | beta1:1.2235980266720312 | beta2:2.902882520781333 | k:10
Before optimization overall scores           : ndcg@10=0.3355 f1@10=0.1220
Before optimization group 1 (active) scores  : ndcg@10=0.6172 f1@10=0.3184
Before optimization group 2 (inactive) scores: ndcg@10=0.3091 f1@10=0.1036
Before optimization UGF (f1@10): 0.2148 (21.48%) | UGF (ndcg@10): 0.3081 (30.81%)
Epsilon: 0.1074
Early stop at generation 70: first feasible solution found
CPU time: 194.64 seconds
After optimization overall metric scores     : ndcg@10=0.3217 f1@10=0.1080
After optimization group 1 (active) scores   : ndcg@10=0.5020 f1@10=0.2048
After optimization group 2 (inactive) scores : ndcg@10=0.3048 f1@10=0.0990
After optimization UGF (f1@10): 0.1058 (10.58%) | UGF (ndcg@10): 0.1972 (19.72%)
UGF reduction: 0.1090 (50.7%)
Constraint satisfied: True
Trial 4: fitness=467674.25, f1=0.1080, ugf=0.1058, time=194.64s
Trial 4: speed_score=0.0051 (cpu_time=194.64s)
GA Optimizer | Model:NCF | Dataset:dataset\5Health-rand | Group:0.05_count | K=10 | Fairness_metric=f1
GA Parameters | Pop:90 | Gen:1000 | Mut:0.10082860845904294 | Cross:0.5488360570031919
Adaptive Penalty | beta1:1.9362897381052426 | beta2:1.3318726462050798 | k:6
Before optimization overall scores           : ndcg@10=0.3355 f1@10=0.1220
Before optimization group 1 (active) scores  : ndcg@10=0.6172 f1@10=0.3184
Before optimization group 2 (inactive) scores: ndcg@10=0.3091 f1@10=0.1036
Before optimization UGF (f1@10): 0.2148 (21.48%) | UGF (ndcg@10): 0.3081 (30.81%)
Epsilon: 0.1074
Early stop at generation 37: first feasible solution found
CPU time: 188.25 seconds
After optimization overall metric scores     : ndcg@10=0.3215 f1@10=0.1076
After optimization group 1 (active) scores   : ndcg@10=0.5128 f1@10=0.2047
After optimization group 2 (inactive) scores : ndcg@10=0.3036 f1@10=0.0985
After optimization UGF (f1@10): 0.1062 (10.62%) | UGF (ndcg@10): 0.2092 (20.92%)
UGF reduction: 0.1086 (50.5%)
Constraint satisfied: True
Trial 5: fitness=467674.25, f1=0.1076, ugf=0.1062, time=188.25s
Trial 5: speed_score=0.0053 (cpu_time=188.25s)
GA Optimizer | Model:NCF | Dataset:dataset\5Health-rand | Group:0.05_count | K=10 | Fairness_metric=f1
GA Parameters | Pop:10 | Gen:1000 | Mut:0.40577978379852503 | Cross:0.6293899908000085
Adaptive Penalty | beta1:1.6922510445698808 | beta2:2.0881292402378406 | k:7
Before optimization overall scores           : ndcg@10=0.3355 f1@10=0.1220
Before optimization group 1 (active) scores  : ndcg@10=0.6172 f1@10=0.3184
Before optimization group 2 (inactive) scores: ndcg@10=0.3091 f1@10=0.1036
Before optimization UGF (f1@10): 0.2148 (21.48%) | UGF (ndcg@10): 0.3081 (30.81%)
Epsilon: 0.1074
Early stop at generation 13: first feasible solution found
CPU time: 14.06 seconds
After optimization overall metric scores     : ndcg@10=0.3213 f1@10=0.1060
After optimization group 1 (active) scores   : ndcg@10=0.5287 f1@10=0.2029
After optimization group 2 (inactive) scores : ndcg@10=0.3019 f1@10=0.0970
After optimization UGF (f1@10): 0.1060 (10.60%) | UGF (ndcg@10): 0.2268 (22.68%)
UGF reduction: 0.1088 (50.7%)
Constraint satisfied: True
Trial 6: fitness=467674.25, f1=0.1060, ugf=0.1060, time=14.06s
Trial 6: speed_score=0.0664 (cpu_time=14.06s)
GA Optimizer | Model:NCF | Dataset:dataset\5Health-rand | Group:0.05_count | K=10 | Fairness_metric=f1
GA Parameters | Pop:20 | Gen:1000 | Mut:0.4661810675890738 | Cross:0.8875664116805573
Adaptive Penalty | beta1:2.800171965812533 | beta2:2.236009959741062 | k:10
Before optimization overall scores           : ndcg@10=0.3355 f1@10=0.1220
Before optimization group 1 (active) scores  : ndcg@10=0.6172 f1@10=0.3184
Before optimization group 2 (inactive) scores: ndcg@10=0.3091 f1@10=0.1036
Before optimization UGF (f1@10): 0.2148 (21.48%) | UGF (ndcg@10): 0.3081 (30.81%)
Epsilon: 0.1074
Early stop at generation 15: first feasible solution found
CPU time: 36.57 seconds
After optimization overall metric scores     : ndcg@10=0.3206 f1@10=0.1054
After optimization group 1 (active) scores   : ndcg@10=0.5324 f1@10=0.2026
After optimization group 2 (inactive) scores : ndcg@10=0.3008 f1@10=0.0963
After optimization UGF (f1@10): 0.1063 (10.63%) | UGF (ndcg@10): 0.2316 (23.16%)
UGF reduction: 0.1085 (50.5%)
Constraint satisfied: True
Trial 7: fitness=467674.25, f1=0.1054, ugf=0.1063, time=36.57s
Trial 7: speed_score=0.0266 (cpu_time=36.57s)
GA Optimizer | Model:NCF | Dataset:dataset\5Health-rand | Group:0.05_count | K=10 | Fairness_metric=f1
GA Parameters | Pop:10 | Gen:1000 | Mut:0.07851504189403356 | Cross:0.522613644455269
Adaptive Penalty | beta1:1.8384868504100158 | beta2:1.6155631603704022 | k:9
Before optimization overall scores           : ndcg@10=0.3355 f1@10=0.1220
Before optimization group 1 (active) scores  : ndcg@10=0.6172 f1@10=0.3184
Before optimization group 2 (inactive) scores: ndcg@10=0.3091 f1@10=0.1036
Before optimization UGF (f1@10): 0.2148 (21.48%) | UGF (ndcg@10): 0.3081 (30.81%)
Epsilon: 0.1074
Early stop at generation 70: first feasible solution found
CPU time: 22.98 seconds
After optimization overall metric scores     : ndcg@10=0.3215 f1@10=0.1066
After optimization group 1 (active) scores   : ndcg@10=0.5273 f1@10=0.2035
After optimization group 2 (inactive) scores : ndcg@10=0.3023 f1@10=0.0975
After optimization UGF (f1@10): 0.1060 (10.60%) | UGF (ndcg@10): 0.2251 (22.51%)
UGF reduction: 0.1088 (50.7%)
Constraint satisfied: True
Trial 8: fitness=467674.25, f1=0.1066, ugf=0.1060, time=22.98s
Trial 8: speed_score=0.0417 (cpu_time=22.98s)
GA Optimizer | Model:NCF | Dataset:dataset\5Health-rand | Group:0.05_count | K=10 | Fairness_metric=f1
GA Parameters | Pop:40 | Gen:1000 | Mut:0.09547826400522687 | Cross:0.7713480415791243
Adaptive Penalty | beta1:2.6241742634326757 | beta2:1.2416462229915646 | k:10
Before optimization overall scores           : ndcg@10=0.3355 f1@10=0.1220
Before optimization group 1 (active) scores  : ndcg@10=0.6172 f1@10=0.3184
Before optimization group 2 (inactive) scores: ndcg@10=0.3091 f1@10=0.1036
Before optimization UGF (f1@10): 0.2148 (21.48%) | UGF (ndcg@10): 0.3081 (30.81%)
Epsilon: 0.1074
Early stop at generation 40: first feasible solution found
CPU time: 96.69 seconds
After optimization overall metric scores     : ndcg@10=0.3220 f1@10=0.1076
After optimization group 1 (active) scores   : ndcg@10=0.5150 f1@10=0.2056
After optimization group 2 (inactive) scores : ndcg@10=0.3039 f1@10=0.0985
After optimization UGF (f1@10): 0.1071 (10.71%) | UGF (ndcg@10): 0.2111 (21.11%)
UGF reduction: 0.1077 (50.1%)
Constraint satisfied: True
Trial 9: fitness=467674.25, f1=0.1076, ugf=0.1071, time=96.69s
Trial 9: speed_score=0.0102 (cpu_time=96.69s)
GA Optimizer | Model:NCF | Dataset:dataset\5Health-rand | Group:0.05_count | K=10 | Fairness_metric=f1
GA Parameters | Pop:60 | Gen:1000 | Mut:0.25415792507713414 | Cross:0.9847685553939328
Adaptive Penalty | beta1:1.6181050666820607 | beta2:2.127793425533541 | k:5
Before optimization overall scores           : ndcg@10=0.3355 f1@10=0.1220
Before optimization group 1 (active) scores  : ndcg@10=0.6172 f1@10=0.3184
Before optimization group 2 (inactive) scores: ndcg@10=0.3091 f1@10=0.1036
Before optimization UGF (f1@10): 0.2148 (21.48%) | UGF (ndcg@10): 0.3081 (30.81%)
Epsilon: 0.1074
Early stop at generation 19: first feasible solution found
CPU time: 113.46 seconds
After optimization overall metric scores     : ndcg@10=0.3205 f1@10=0.1065
After optimization group 1 (active) scores   : ndcg@10=0.5104 f1@10=0.2013
After optimization group 2 (inactive) scores : ndcg@10=0.3027 f1@10=0.0977
After optimization UGF (f1@10): 0.1036 (10.36%) | UGF (ndcg@10): 0.2077 (20.77%)
UGF reduction: 0.1112 (51.8%)
Constraint satisfied: True
Trial 10: fitness=467674.25, f1=0.1065, ugf=0.1036, time=113.46s
Trial 10: speed_score=0.0087 (cpu_time=113.46s)
GA Optimizer | Model:NCF | Dataset:dataset\5Health-rand | Group:0.05_count | K=10 | Fairness_metric=f1
GA Parameters | Pop:10 | Gen:1000 | Mut:0.27773518613197495 | Cross:0.5020643883556675
Adaptive Penalty | beta1:2.2699003786101564 | beta2:1.925700371481173 | k:8
Before optimization overall scores           : ndcg@10=0.3355 f1@10=0.1220
Before optimization group 1 (active) scores  : ndcg@10=0.6172 f1@10=0.3184
Before optimization group 2 (inactive) scores: ndcg@10=0.3091 f1@10=0.1036
Before optimization UGF (f1@10): 0.2148 (21.48%) | UGF (ndcg@10): 0.3081 (30.81%)
Epsilon: 0.1074
Early stop at generation 17: first feasible solution found
CPU time: 13.56 seconds
After optimization overall metric scores     : ndcg@10=0.3208 f1@10=0.1061
After optimization group 1 (active) scores   : ndcg@10=0.5164 f1@10=0.2000
After optimization group 2 (inactive) scores : ndcg@10=0.3025 f1@10=0.0973
After optimization UGF (f1@10): 0.1027 (10.27%) | UGF (ndcg@10): 0.2139 (21.39%)
UGF reduction: 0.1121 (52.2%)
Constraint satisfied: True
Trial 11: fitness=467674.25, f1=0.1061, ugf=0.1027, time=13.56s
Trial 11: speed_score=0.0687 (cpu_time=13.56s)
GA Optimizer | Model:NCF | Dataset:dataset\5Health-rand | Group:0.05_count | K=10 | Fairness_metric=f1
GA Parameters | Pop:40 | Gen:1000 | Mut:0.30173194833499345 | Cross:0.6095821487654013
Adaptive Penalty | beta1:2.337322355696595 | beta2:1.8364289877215256 | k:8
Before optimization overall scores           : ndcg@10=0.3355 f1@10=0.1220
Before optimization group 1 (active) scores  : ndcg@10=0.6172 f1@10=0.3184
Before optimization group 2 (inactive) scores: ndcg@10=0.3091 f1@10=0.1036
Before optimization UGF (f1@10): 0.2148 (21.48%) | UGF (ndcg@10): 0.3081 (30.81%)
Epsilon: 0.1074
Early stop at generation 16: first feasible solution found
CPU time: 62.41 seconds
After optimization overall metric scores     : ndcg@10=0.3215 f1@10=0.1060
After optimization group 1 (active) scores   : ndcg@10=0.5266 f1@10=0.2000
After optimization group 2 (inactive) scores : ndcg@10=0.3023 f1@10=0.0972
After optimization UGF (f1@10): 0.1028 (10.28%) | UGF (ndcg@10): 0.2243 (22.43%)
UGF reduction: 0.1120 (52.1%)
Constraint satisfied: True
Trial 12: fitness=467674.25, f1=0.1060, ugf=0.1028, time=62.41s
Trial 12: speed_score=0.0158 (cpu_time=62.41s)
GA Optimizer | Model:NCF | Dataset:dataset\5Health-rand | Group:0.05_count | K=10 | Fairness_metric=f1
GA Parameters | Pop:10 | Gen:1000 | Mut:0.3145026097866015 | Cross:0.585668037562274
Adaptive Penalty | beta1:2.250406579338134 | beta2:2.3054685667135266 | k:8
Before optimization overall scores           : ndcg@10=0.3355 f1@10=0.1220
Before optimization group 1 (active) scores  : ndcg@10=0.6172 f1@10=0.3184
Before optimization group 2 (inactive) scores: ndcg@10=0.3091 f1@10=0.1036
Before optimization UGF (f1@10): 0.2148 (21.48%) | UGF (ndcg@10): 0.3081 (30.81%)
Epsilon: 0.1074
Early stop at generation 16: first feasible solution found
CPU time: 13.95 seconds
After optimization overall metric scores     : ndcg@10=0.3209 f1@10=0.1061
After optimization group 1 (active) scores   : ndcg@10=0.5231 f1@10=0.2015
After optimization group 2 (inactive) scores : ndcg@10=0.3020 f1@10=0.0972
After optimization UGF (f1@10): 0.1044 (10.44%) | UGF (ndcg@10): 0.2211 (22.11%)
UGF reduction: 0.1104 (51.4%)
Constraint satisfied: True
Trial 13: fitness=467674.25, f1=0.1061, ugf=0.1044, time=13.95s
Trial 13: speed_score=0.0669 (cpu_time=13.95s)
GA Optimizer | Model:NCF | Dataset:dataset\5Health-rand | Group:0.05_count | K=10 | Fairness_metric=f1
GA Parameters | Pop:30 | Gen:1000 | Mut:0.16365919790209718 | Cross:0.5018777790552501
Adaptive Penalty | beta1:2.2225348171909656 | beta2:2.4332752318769466 | k:8
Before optimization overall scores           : ndcg@10=0.3355 f1@10=0.1220
Before optimization group 1 (active) scores  : ndcg@10=0.6172 f1@10=0.3184
Before optimization group 2 (inactive) scores: ndcg@10=0.3091 f1@10=0.1036
Before optimization UGF (f1@10): 0.2148 (21.48%) | UGF (ndcg@10): 0.3081 (30.81%)
Epsilon: 0.1074
Early stop at generation 30: first feasible solution found
CPU time: 66.07 seconds
After optimization overall metric scores     : ndcg@10=0.3216 f1@10=0.1068
After optimization group 1 (active) scores   : ndcg@10=0.5185 f1@10=0.2025
After optimization group 2 (inactive) scores : ndcg@10=0.3032 f1@10=0.0978
After optimization UGF (f1@10): 0.1047 (10.47%) | UGF (ndcg@10): 0.2153 (21.53%)
UGF reduction: 0.1101 (51.3%)
Constraint satisfied: True
Trial 14: fitness=467674.25, f1=0.1068, ugf=0.1047, time=66.07s
Trial 14: speed_score=0.0149 (cpu_time=66.07s)
GA Optimizer | Model:NCF | Dataset:dataset\5Health-rand | Group:0.05_count | K=10 | Fairness_metric=f1
GA Parameters | Pop:70 | Gen:1000 | Mut:0.2684137958885972 | Cross:0.5880744213403108
Adaptive Penalty | beta1:2.2812969527922045 | beta2:2.423832722940723 | k:8
Before optimization overall scores           : ndcg@10=0.3355 f1@10=0.1220
Before optimization group 1 (active) scores  : ndcg@10=0.6172 f1@10=0.3184
Before optimization group 2 (inactive) scores: ndcg@10=0.3091 f1@10=0.1036
Before optimization UGF (f1@10): 0.2148 (21.48%) | UGF (ndcg@10): 0.3081 (30.81%)
Epsilon: 0.1074
Early stop at generation 16: first feasible solution found
CPU time: 140.17 seconds
After optimization overall metric scores     : ndcg@10=0.3214 f1@10=0.1069
After optimization group 1 (active) scores   : ndcg@10=0.5228 f1@10=0.2044
After optimization group 2 (inactive) scores : ndcg@10=0.3025 f1@10=0.0978
After optimization UGF (f1@10): 0.1066 (10.66%) | UGF (ndcg@10): 0.2202 (22.02%)
UGF reduction: 0.1082 (50.4%)
Constraint satisfied: True
Trial 15: fitness=467674.25, f1=0.1069, ugf=0.1066, time=140.17s
Trial 15: speed_score=0.0071 (cpu_time=140.17s)
GA Optimizer | Model:NCF | Dataset:dataset\5Health-rand | Group:0.05_count | K=10 | Fairness_metric=f1
GA Parameters | Pop:10 | Gen:1000 | Mut:0.35042835073512607 | Cross:0.7261631564388042
Adaptive Penalty | beta1:2.4273988302197966 | beta2:1.8822923328055867 | k:6
Before optimization overall scores           : ndcg@10=0.3355 f1@10=0.1220
Before optimization group 1 (active) scores  : ndcg@10=0.6172 f1@10=0.3184
Before optimization group 2 (inactive) scores: ndcg@10=0.3091 f1@10=0.1036
Before optimization UGF (f1@10): 0.2148 (21.48%) | UGF (ndcg@10): 0.3081 (30.81%)
Epsilon: 0.1074
Early stop at generation 13: first feasible solution found
CPU time: 12.48 seconds
After optimization overall metric scores     : ndcg@10=0.3220 f1@10=0.1064
After optimization group 1 (active) scores   : ndcg@10=0.5280 f1@10=0.2033
After optimization group 2 (inactive) scores : ndcg@10=0.3027 f1@10=0.0973
After optimization UGF (f1@10): 0.1059 (10.59%) | UGF (ndcg@10): 0.2252 (22.52%)
UGF reduction: 0.1089 (50.7%)
Constraint satisfied: True
Trial 16: fitness=467674.25, f1=0.1064, ugf=0.1059, time=12.48s
Trial 16: speed_score=0.0742 (cpu_time=12.48s)
GA Optimizer | Model:NCF | Dataset:dataset\5Health-rand | Group:0.05_count | K=10 | Fairness_metric=f1
GA Parameters | Pop:30 | Gen:1000 | Mut:0.20165585565207175 | Cross:0.6921348857474636
Adaptive Penalty | beta1:2.480904913775205 | beta2:1.8683271549057405 | k:5
Before optimization overall scores           : ndcg@10=0.3355 f1@10=0.1220
Before optimization group 1 (active) scores  : ndcg@10=0.6172 f1@10=0.3184
Before optimization group 2 (inactive) scores: ndcg@10=0.3091 f1@10=0.1036
Before optimization UGF (f1@10): 0.2148 (21.48%) | UGF (ndcg@10): 0.3081 (30.81%)
Epsilon: 0.1074
Early stop at generation 20: first feasible solution found
CPU time: 56.54 seconds
After optimization overall metric scores     : ndcg@10=0.3220 f1@10=0.1068
After optimization group 1 (active) scores   : ndcg@10=0.5228 f1@10=0.2045
After optimization group 2 (inactive) scores : ndcg@10=0.3032 f1@10=0.0977
After optimization UGF (f1@10): 0.1068 (10.68%) | UGF (ndcg@10): 0.2196 (21.96%)
UGF reduction: 0.1080 (50.3%)
Constraint satisfied: True
Trial 17: fitness=467674.25, f1=0.1068, ugf=0.1068, time=56.54s
Trial 17: speed_score=0.0174 (cpu_time=56.54s)
GA Optimizer | Model:NCF | Dataset:dataset\5Health-rand | Group:0.05_count | K=10 | Fairness_metric=f1
GA Parameters | Pop:100 | Gen:1000 | Mut:0.358721120885453 | Cross:0.7330715379255643
Adaptive Penalty | beta1:2.0897230025205653 | beta2:1.8634951887268965 | k:6
Before optimization overall scores           : ndcg@10=0.3355 f1@10=0.1220
Before optimization group 1 (active) scores  : ndcg@10=0.6172 f1@10=0.3184
Before optimization group 2 (inactive) scores: ndcg@10=0.3091 f1@10=0.1036
Before optimization UGF (f1@10): 0.2148 (21.48%) | UGF (ndcg@10): 0.3081 (30.81%)
Epsilon: 0.1074
Early stop at generation 10: first feasible solution found
CPU time: 179.68 seconds
After optimization overall metric scores     : ndcg@10=0.3204 f1@10=0.1057
After optimization group 1 (active) scores   : ndcg@10=0.5210 f1@10=0.1996
After optimization group 2 (inactive) scores : ndcg@10=0.3017 f1@10=0.0969
After optimization UGF (f1@10): 0.1026 (10.26%) | UGF (ndcg@10): 0.2193 (21.93%)
UGF reduction: 0.1122 (52.2%)
Constraint satisfied: True
Trial 18: fitness=467674.25, f1=0.1057, ugf=0.1026, time=179.68s
Trial 18: speed_score=0.0055 (cpu_time=179.68s)
GA Optimizer | Model:NCF | Dataset:dataset\5Health-rand | Group:0.05_count | K=10 | Fairness_metric=f1
GA Parameters | Pop:50 | Gen:1000 | Mut:0.13676196824008513 | Cross:0.9659084100735001
Adaptive Penalty | beta1:2.743707019212022 | beta2:1.9285896837873324 | k:5
Before optimization overall scores           : ndcg@10=0.3355 f1@10=0.1220
Before optimization group 1 (active) scores  : ndcg@10=0.6172 f1@10=0.3184
Before optimization group 2 (inactive) scores: ndcg@10=0.3091 f1@10=0.1036
Before optimization UGF (f1@10): 0.2148 (21.48%) | UGF (ndcg@10): 0.3081 (30.81%)
Epsilon: 0.1074
Early stop at generation 29: first feasible solution found
CPU time: 111.42 seconds
After optimization overall metric scores     : ndcg@10=0.3205 f1@10=0.1069
After optimization group 1 (active) scores   : ndcg@10=0.5143 f1@10=0.2049
After optimization group 2 (inactive) scores : ndcg@10=0.3024 f1@10=0.0978
After optimization UGF (f1@10): 0.1071 (10.71%) | UGF (ndcg@10): 0.2119 (21.19%)
UGF reduction: 0.1077 (50.1%)
Constraint satisfied: True
Trial 19: fitness=467674.25, f1=0.1069, ugf=0.1071, time=111.42s
Trial 19: speed_score=0.0089 (cpu_time=111.42s)
GA Optimizer | Model:NCF | Dataset:dataset\5Health-rand | Group:0.05_count | K=10 | Fairness_metric=f1
GA Parameters | Pop:30 | Gen:1000 | Mut:0.21572224783217908 | Cross:0.9371158895275773
Adaptive Penalty | beta1:2.513791443674627 | beta2:1.103317902042626 | k:9
Before optimization overall scores           : ndcg@10=0.3355 f1@10=0.1220
Before optimization group 1 (active) scores  : ndcg@10=0.6172 f1@10=0.3184
Before optimization group 2 (inactive) scores: ndcg@10=0.3091 f1@10=0.1036
Before optimization UGF (f1@10): 0.2148 (21.48%) | UGF (ndcg@10): 0.3081 (30.81%)
Epsilon: 0.1074
Early stop at generation 20: first feasible solution found
CPU time: 50.24 seconds
After optimization overall metric scores     : ndcg@10=0.3207 f1@10=0.1065
After optimization group 1 (active) scores   : ndcg@10=0.5217 f1@10=0.2045
After optimization group 2 (inactive) scores : ndcg@10=0.3020 f1@10=0.0973
After optimization UGF (f1@10): 0.1071 (10.71%) | UGF (ndcg@10): 0.2197 (21.97%)
UGF reduction: 0.1077 (50.1%)
Constraint satisfied: True
Trial 20: fitness=467674.25, f1=0.1065, ugf=0.1071, time=50.24s
Trial 20: speed_score=0.0195 (cpu_time=50.24s)
GA Optimizer | Model:NCF | Dataset:dataset\5Health-rand | Group:0.05_count | K=10 | Fairness_metric=f1
GA Parameters | Pop:10 | Gen:1000 | Mut:0.33474298725935153 | Cross:0.5584090819142012
Adaptive Penalty | beta1:2.0918230722694218 | beta2:2.3579036878753654 | k:9
Before optimization overall scores           : ndcg@10=0.3355 f1@10=0.1220
Before optimization group 1 (active) scores  : ndcg@10=0.6172 f1@10=0.3184
Before optimization group 2 (inactive) scores: ndcg@10=0.3091 f1@10=0.1036
Before optimization UGF (f1@10): 0.2148 (21.48%) | UGF (ndcg@10): 0.3081 (30.81%)
Epsilon: 0.1074
Early stop at generation 16: first feasible solution found
CPU time: 14.54 seconds
After optimization overall metric scores     : ndcg@10=0.3214 f1@10=0.1069
After optimization group 1 (active) scores   : ndcg@10=0.5195 f1@10=0.2038
After optimization group 2 (inactive) scores : ndcg@10=0.3029 f1@10=0.0978
After optimization UGF (f1@10): 0.1060 (10.60%) | UGF (ndcg@10): 0.2166 (21.66%)
UGF reduction: 0.1088 (50.7%)
Constraint satisfied: True
Trial 21: fitness=467674.25, f1=0.1069, ugf=0.1060, time=14.54s
Trial 21: speed_score=0.0643 (cpu_time=14.54s)
GA Optimizer | Model:NCF | Dataset:dataset\5Health-rand | Group:0.05_count | K=10 | Fairness_metric=f1
GA Parameters | Pop:10 | Gen:1000 | Mut:0.25804896465511834 | Cross:0.5760766194847592
Adaptive Penalty | beta1:2.3799916327339528 | beta2:2.596592466065819 | k:8
Before optimization overall scores           : ndcg@10=0.3355 f1@10=0.1220
Before optimization group 1 (active) scores  : ndcg@10=0.6172 f1@10=0.3184
Before optimization group 2 (inactive) scores: ndcg@10=0.3091 f1@10=0.1036
Before optimization UGF (f1@10): 0.2148 (21.48%) | UGF (ndcg@10): 0.3081 (30.81%)
Epsilon: 0.1074
Early stop at generation 26: first feasible solution found
CPU time: 19.15 seconds
After optimization overall metric scores     : ndcg@10=0.3227 f1@10=0.1071
After optimization group 1 (active) scores   : ndcg@10=0.5295 f1@10=0.2046
After optimization group 2 (inactive) scores : ndcg@10=0.3033 f1@10=0.0980
After optimization UGF (f1@10): 0.1066 (10.66%) | UGF (ndcg@10): 0.2262 (22.62%)
UGF reduction: 0.1082 (50.4%)
Constraint satisfied: True
Trial 22: fitness=467674.25, f1=0.1071, ugf=0.1066, time=19.15s
Trial 22: speed_score=0.0496 (cpu_time=19.15s)
GA Optimizer | Model:NCF | Dataset:dataset\5Health-rand | Group:0.05_count | K=10 | Fairness_metric=f1
GA Parameters | Pop:20 | Gen:1000 | Mut:0.3603126862165364 | Cross:0.5073428633181246
Adaptive Penalty | beta1:2.2614948958578855 | beta2:1.6895912405555196 | k:6
Before optimization overall scores           : ndcg@10=0.3355 f1@10=0.1220
Before optimization group 1 (active) scores  : ndcg@10=0.6172 f1@10=0.3184
Before optimization group 2 (inactive) scores: ndcg@10=0.3091 f1@10=0.1036
Before optimization UGF (f1@10): 0.2148 (21.48%) | UGF (ndcg@10): 0.3081 (30.81%)
Epsilon: 0.1074
Early stop at generation 12: first feasible solution found
CPU time: 37.12 seconds
After optimization overall metric scores     : ndcg@10=0.3205 f1@10=0.1063
After optimization group 1 (active) scores   : ndcg@10=0.5204 f1@10=0.1999
After optimization group 2 (inactive) scores : ndcg@10=0.3018 f1@10=0.0975
After optimization UGF (f1@10): 0.1024 (10.24%) | UGF (ndcg@10): 0.2186 (21.86%)
UGF reduction: 0.1124 (52.3%)
Constraint satisfied: True
Trial 23: fitness=467674.25, f1=0.1063, ugf=0.1024, time=37.12s
Trial 23: speed_score=0.0262 (cpu_time=37.12s)
GA Optimizer | Model:NCF | Dataset:dataset\5Health-rand | Group:0.05_count | K=10 | Fairness_metric=f1
GA Parameters | Pop:10 | Gen:1000 | Mut:0.15146120986990785 | Cross:0.7321944825926298
Adaptive Penalty | beta1:2.1093304774444213 | beta2:2.208177326812589 | k:7
Before optimization overall scores           : ndcg@10=0.3355 f1@10=0.1220
Before optimization group 1 (active) scores  : ndcg@10=0.6172 f1@10=0.3184
Before optimization group 2 (inactive) scores: ndcg@10=0.3091 f1@10=0.1036
Before optimization UGF (f1@10): 0.2148 (21.48%) | UGF (ndcg@10): 0.3081 (30.81%)
Epsilon: 0.1074
Early stop at generation 38: first feasible solution found
CPU time: 19.13 seconds
After optimization overall metric scores     : ndcg@10=0.3221 f1@10=0.1071
After optimization group 1 (active) scores   : ndcg@10=0.5217 f1@10=0.2053
After optimization group 2 (inactive) scores : ndcg@10=0.3034 f1@10=0.0980
After optimization UGF (f1@10): 0.1073 (10.73%) | UGF (ndcg@10): 0.2183 (21.83%)
UGF reduction: 0.1075 (50.1%)
Constraint satisfied: True
Trial 24: fitness=467674.25, f1=0.1071, ugf=0.1073, time=19.13s
Trial 24: speed_score=0.0497 (cpu_time=19.13s)
GA Optimizer | Model:NCF | Dataset:dataset\5Health-rand | Group:0.05_count | K=10 | Fairness_metric=f1
GA Parameters | Pop:20 | Gen:1000 | Mut:0.3042864390023942 | Cross:0.6735446854950057
Adaptive Penalty | beta1:2.710696327973812 | beta2:2.005786827037405 | k:9
Before optimization overall scores           : ndcg@10=0.3355 f1@10=0.1220
Before optimization group 1 (active) scores  : ndcg@10=0.6172 f1@10=0.3184
Before optimization group 2 (inactive) scores: ndcg@10=0.3091 f1@10=0.1036
Before optimization UGF (f1@10): 0.2148 (21.48%) | UGF (ndcg@10): 0.3081 (30.81%)
Epsilon: 0.1074
Early stop at generation 16: first feasible solution found
CPU time: 36.20 seconds
After optimization overall metric scores     : ndcg@10=0.3204 f1@10=0.1063
After optimization group 1 (active) scores   : ndcg@10=0.5167 f1@10=0.2012
After optimization group 2 (inactive) scores : ndcg@10=0.3020 f1@10=0.0975
After optimization UGF (f1@10): 0.1037 (10.37%) | UGF (ndcg@10): 0.2146 (21.46%)
UGF reduction: 0.1111 (51.7%)
Constraint satisfied: True
Trial 25: fitness=467674.25, f1=0.1063, ugf=0.1037, time=36.20s
Trial 25: speed_score=0.0269 (cpu_time=36.20s)
GA Optimizer | Model:NCF | Dataset:dataset\5Health-rand | Group:0.05_count | K=10 | Fairness_metric=f1
GA Parameters | Pop:30 | Gen:1000 | Mut:0.48624047779170826 | Cross:0.6203538805551276
Adaptive Penalty | beta1:2.464875907927116 | beta2:2.5955361505870114 | k:8
Before optimization overall scores           : ndcg@10=0.3355 f1@10=0.1220
Before optimization group 1 (active) scores  : ndcg@10=0.6172 f1@10=0.3184
Before optimization group 2 (inactive) scores: ndcg@10=0.3091 f1@10=0.1036
Before optimization UGF (f1@10): 0.2148 (21.48%) | UGF (ndcg@10): 0.3081 (30.81%)
Epsilon: 0.1074
Early stop at generation 12: first feasible solution found
CPU time: 77.40 seconds
After optimization overall metric scores     : ndcg@10=0.3224 f1@10=0.1064
After optimization group 1 (active) scores   : ndcg@10=0.5318 f1@10=0.2023
After optimization group 2 (inactive) scores : ndcg@10=0.3028 f1@10=0.0974
After optimization UGF (f1@10): 0.1049 (10.49%) | UGF (ndcg@10): 0.2290 (22.90%)
UGF reduction: 0.1099 (51.2%)
Constraint satisfied: True
Trial 26: fitness=467674.25, f1=0.1064, ugf=0.1049, time=77.40s
Trial 26: speed_score=0.0128 (cpu_time=77.40s)
GA Optimizer | Model:NCF | Dataset:dataset\5Health-rand | Group:0.05_count | K=10 | Fairness_metric=f1
GA Parameters | Pop:10 | Gen:1000 | Mut:0.22371723298773974 | Cross:0.5417893216014724
Adaptive Penalty | beta1:2.93965310006112 | beta2:2.276177141569913 | k:6
Before optimization overall scores           : ndcg@10=0.3355 f1@10=0.1220
Before optimization group 1 (active) scores  : ndcg@10=0.6172 f1@10=0.3184
Before optimization group 2 (inactive) scores: ndcg@10=0.3091 f1@10=0.1036
Before optimization UGF (f1@10): 0.2148 (21.48%) | UGF (ndcg@10): 0.3081 (30.81%)
Epsilon: 0.1074
Early stop at generation 23: first feasible solution found
CPU time: 15.27 seconds
After optimization overall metric scores     : ndcg@10=0.3200 f1@10=0.1063
After optimization group 1 (active) scores   : ndcg@10=0.5172 f1@10=0.2042
After optimization group 2 (inactive) scores : ndcg@10=0.3016 f1@10=0.0971
After optimization UGF (f1@10): 0.1071 (10.71%) | UGF (ndcg@10): 0.2156 (21.56%)
UGF reduction: 0.1077 (50.1%)
Constraint satisfied: True
Trial 27: fitness=467674.25, f1=0.1063, ugf=0.1071, time=15.27s
Trial 27: speed_score=0.0615 (cpu_time=15.27s)
GA Optimizer | Model:NCF | Dataset:dataset\5Health-rand | Group:0.05_count | K=10 | Fairness_metric=f1
GA Parameters | Pop:50 | Gen:1000 | Mut:0.38823799147285015 | Cross:0.8187525294291718
Adaptive Penalty | beta1:2.175586263668378 | beta2:1.7127799639711478 | k:4
Before optimization overall scores           : ndcg@10=0.3355 f1@10=0.1220
Before optimization group 1 (active) scores  : ndcg@10=0.6172 f1@10=0.3184
Before optimization group 2 (inactive) scores: ndcg@10=0.3091 f1@10=0.1036
Before optimization UGF (f1@10): 0.2148 (21.48%) | UGF (ndcg@10): 0.3081 (30.81%)
Epsilon: 0.1074
Early stop at generation 9: first feasible solution found
CPU time: 74.67 seconds
After optimization overall metric scores     : ndcg@10=0.3206 f1@10=0.1065
After optimization group 1 (active) scores   : ndcg@10=0.5217 f1@10=0.2039
After optimization group 2 (inactive) scores : ndcg@10=0.3018 f1@10=0.0974
After optimization UGF (f1@10): 0.1064 (10.64%) | UGF (ndcg@10): 0.2198 (21.98%)
UGF reduction: 0.1084 (50.5%)
Constraint satisfied: True
Trial 28: fitness=467674.25, f1=0.1065, ugf=0.1064, time=74.67s
Trial 28: speed_score=0.0132 (cpu_time=74.67s)
GA Optimizer | Model:NCF | Dataset:dataset\5Health-rand | Group:0.05_count | K=10 | Fairness_metric=f1
GA Parameters | Pop:30 | Gen:1000 | Mut:0.17371493379607975 | Cross:0.5974027371364075
Adaptive Penalty | beta1:1.7644614704275712 | beta2:1.4914561799703647 | k:7
Before optimization overall scores           : ndcg@10=0.3355 f1@10=0.1220
Before optimization group 1 (active) scores  : ndcg@10=0.6172 f1@10=0.3184
Before optimization group 2 (inactive) scores: ndcg@10=0.3091 f1@10=0.1036
Before optimization UGF (f1@10): 0.2148 (21.48%) | UGF (ndcg@10): 0.3081 (30.81%)
Epsilon: 0.1074
Early stop at generation 27: first feasible solution found
CPU time: 51.38 seconds
After optimization overall metric scores     : ndcg@10=0.3215 f1@10=0.1066
After optimization group 1 (active) scores   : ndcg@10=0.5260 f1@10=0.2041
After optimization group 2 (inactive) scores : ndcg@10=0.3024 f1@10=0.0975
After optimization UGF (f1@10): 0.1066 (10.66%) | UGF (ndcg@10): 0.2236 (22.36%)
UGF reduction: 0.1083 (50.4%)
Constraint satisfied: True
Trial 29: fitness=467674.25, f1=0.1066, ugf=0.1066, time=51.38s
Trial 29: speed_score=0.0191 (cpu_time=51.38s)
GA Optimizer | Model:NCF | Dataset:dataset\5Health-rand | Group:0.05_count | K=10 | Fairness_metric=f1
GA Parameters | Pop:70 | Gen:1000 | Mut:0.2947884126099068 | Cross:0.7097796925289314
Adaptive Penalty | beta1:1.4940504474826144 | beta2:2.028635852395009 | k:3
Before optimization overall scores           : ndcg@10=0.3355 f1@10=0.1220
Before optimization group 1 (active) scores  : ndcg@10=0.6172 f1@10=0.3184
Before optimization group 2 (inactive) scores: ndcg@10=0.3091 f1@10=0.1036
Before optimization UGF (f1@10): 0.2148 (21.48%) | UGF (ndcg@10): 0.3081 (30.81%)
Epsilon: 0.1074
Early stop at generation 10: first feasible solution found
CPU time: 99.80 seconds
After optimization overall metric scores     : ndcg@10=0.3209 f1@10=0.1066
After optimization group 1 (active) scores   : ndcg@10=0.5185 f1@10=0.2023
After optimization group 2 (inactive) scores : ndcg@10=0.3025 f1@10=0.0976
After optimization UGF (f1@10): 0.1047 (10.47%) | UGF (ndcg@10): 0.2161 (21.61%)
UGF reduction: 0.1101 (51.2%)
Constraint satisfied: True
Trial 30: fitness=467674.25, f1=0.1066, ugf=0.1047, time=99.80s
Trial 30: speed_score=0.0099 (cpu_time=99.80s)
GA Optimizer | Model:NCF | Dataset:dataset\5Health-rand | Group:0.05_count | K=10 | Fairness_metric=f1
GA Parameters | Pop:10 | Gen:1000 | Mut:0.40925788353119125 | Cross:0.6562688106400998
Adaptive Penalty | beta1:1.7176164277393289 | beta2:2.111318372399974 | k:7
Before optimization overall scores           : ndcg@10=0.3355 f1@10=0.1220
Before optimization group 1 (active) scores  : ndcg@10=0.6172 f1@10=0.3184
Before optimization group 2 (inactive) scores: ndcg@10=0.3091 f1@10=0.1036
Before optimization UGF (f1@10): 0.2148 (21.48%) | UGF (ndcg@10): 0.3081 (30.81%)
Epsilon: 0.1074
Early stop at generation 13: first feasible solution found
CPU time: 14.04 seconds
After optimization overall metric scores     : ndcg@10=0.3211 f1@10=0.1062
After optimization group 1 (active) scores   : ndcg@10=0.5250 f1@10=0.2022
After optimization group 2 (inactive) scores : ndcg@10=0.3020 f1@10=0.0972
After optimization UGF (f1@10): 0.1051 (10.51%) | UGF (ndcg@10): 0.2231 (22.31%)
UGF reduction: 0.1097 (51.1%)
Constraint satisfied: True
Trial 31: fitness=467674.25, f1=0.1062, ugf=0.1051, time=14.04s
Trial 31: speed_score=0.0665 (cpu_time=14.04s)
GA Optimizer | Model:NCF | Dataset:dataset\5Health-rand | Group:0.05_count | K=10 | Fairness_metric=f1
GA Parameters | Pop:20 | Gen:1000 | Mut:0.41619946938603597 | Cross:0.6335082284873432
Adaptive Penalty | beta1:1.955872073804734 | beta2:2.13948731949843 | k:8
Before optimization overall scores           : ndcg@10=0.3355 f1@10=0.1220
Before optimization group 1 (active) scores  : ndcg@10=0.6172 f1@10=0.3184
Before optimization group 2 (inactive) scores: ndcg@10=0.3091 f1@10=0.1036
Before optimization UGF (f1@10): 0.2148 (21.48%) | UGF (ndcg@10): 0.3081 (30.81%)
Epsilon: 0.1074
Early stop at generation 14: first feasible solution found
CPU time: 30.39 seconds
After optimization overall metric scores     : ndcg@10=0.3211 f1@10=0.1061
After optimization group 1 (active) scores   : ndcg@10=0.5259 f1@10=0.2022
After optimization group 2 (inactive) scores : ndcg@10=0.3019 f1@10=0.0972
After optimization UGF (f1@10): 0.1051 (10.51%) | UGF (ndcg@10): 0.2240 (22.40%)
UGF reduction: 0.1097 (51.1%)
Constraint satisfied: True
Trial 32: fitness=467674.25, f1=0.1061, ugf=0.1051, time=30.39s
Trial 32: speed_score=0.0319 (cpu_time=30.39s)
GA Optimizer | Model:NCF | Dataset:dataset\5Health-rand | Group:0.05_count | K=10 | Fairness_metric=f1
GA Parameters | Pop:10 | Gen:1000 | Mut:0.48325655310640586 | Cross:0.6558072498440355
Adaptive Penalty | beta1:1.3978134486891656 | beta2:1.9685073546784289 | k:7
Before optimization overall scores           : ndcg@10=0.3355 f1@10=0.1220
Before optimization group 1 (active) scores  : ndcg@10=0.6172 f1@10=0.3184
Before optimization group 2 (inactive) scores: ndcg@10=0.3091 f1@10=0.1036
Before optimization UGF (f1@10): 0.2148 (21.48%) | UGF (ndcg@10): 0.3081 (30.81%)
Epsilon: 0.1074
Early stop at generation 17: first feasible solution found
CPU time: 21.02 seconds
After optimization overall metric scores     : ndcg@10=0.3205 f1@10=0.1058
After optimization group 1 (active) scores   : ndcg@10=0.5223 f1@10=0.2017
After optimization group 2 (inactive) scores : ndcg@10=0.3016 f1@10=0.0969
After optimization UGF (f1@10): 0.1049 (10.49%) | UGF (ndcg@10): 0.2207 (22.07%)
UGF reduction: 0.1100 (51.2%)
Constraint satisfied: True
Trial 33: fitness=467674.25, f1=0.1058, ugf=0.1049, time=21.02s
Trial 33: speed_score=0.0454 (cpu_time=21.02s)
GA Optimizer | Model:NCF | Dataset:dataset\5Health-rand | Group:0.05_count | K=10 | Fairness_metric=f1
GA Parameters | Pop:20 | Gen:1000 | Mut:0.3318276494707694 | Cross:0.7646801803543583
Adaptive Penalty | beta1:2.4047737323509013 | beta2:2.3261773894594358 | k:6
Before optimization overall scores           : ndcg@10=0.3355 f1@10=0.1220
Before optimization group 1 (active) scores  : ndcg@10=0.6172 f1@10=0.3184
Before optimization group 2 (inactive) scores: ndcg@10=0.3091 f1@10=0.1036
Before optimization UGF (f1@10): 0.2148 (21.48%) | UGF (ndcg@10): 0.3081 (30.81%)
Epsilon: 0.1074
Early stop at generation 13: first feasible solution found
CPU time: 23.60 seconds
After optimization overall metric scores     : ndcg@10=0.3212 f1@10=0.1067
After optimization group 1 (active) scores   : ndcg@10=0.5265 f1@10=0.2048
After optimization group 2 (inactive) scores : ndcg@10=0.3020 f1@10=0.0976
After optimization UGF (f1@10): 0.1072 (10.72%) | UGF (ndcg@10): 0.2245 (22.45%)
UGF reduction: 0.1076 (50.1%)
Constraint satisfied: True
Trial 34: fitness=467674.25, f1=0.1067, ugf=0.1072, time=23.60s
Trial 34: speed_score=0.0407 (cpu_time=23.60s)
GA Optimizer | Model:NCF | Dataset:dataset\5Health-rand | Group:0.05_count | K=10 | Fairness_metric=f1
GA Parameters | Pop:20 | Gen:1000 | Mut:0.23378001885621677 | Cross:0.5742456598946302
Adaptive Penalty | beta1:1.157908460435179 | beta2:1.7764129074331168 | k:7
Before optimization overall scores           : ndcg@10=0.3355 f1@10=0.1220
Before optimization group 1 (active) scores  : ndcg@10=0.6172 f1@10=0.3184
Before optimization group 2 (inactive) scores: ndcg@10=0.3091 f1@10=0.1036
Before optimization UGF (f1@10): 0.2148 (21.48%) | UGF (ndcg@10): 0.3081 (30.81%)
Epsilon: 0.1074
Early stop at generation 22: first feasible solution found
CPU time: 51.89 seconds
After optimization overall metric scores     : ndcg@10=0.3204 f1@10=0.1059
After optimization group 1 (active) scores   : ndcg@10=0.5210 f1@10=0.2032
After optimization group 2 (inactive) scores : ndcg@10=0.3017 f1@10=0.0968
After optimization UGF (f1@10): 0.1064 (10.64%) | UGF (ndcg@10): 0.2193 (21.93%)
UGF reduction: 0.1084 (50.4%)
Constraint satisfied: True
Trial 35: fitness=467674.25, f1=0.1059, ugf=0.1064, time=51.89s
Trial 35: speed_score=0.0189 (cpu_time=51.89s)
GA Optimizer | Model:NCF | Dataset:dataset\5Health-rand | Group:0.05_count | K=10 | Fairness_metric=f1
GA Parameters | Pop:10 | Gen:1000 | Mut:0.3859922305907865 | Cross:0.6997107092799602
Adaptive Penalty | beta1:1.9756418312184405 | beta2:2.7426336649893397 | k:9
Before optimization overall scores           : ndcg@10=0.3355 f1@10=0.1220
Before optimization group 1 (active) scores  : ndcg@10=0.6172 f1@10=0.3184
Before optimization group 2 (inactive) scores: ndcg@10=0.3091 f1@10=0.1036
Before optimization UGF (f1@10): 0.2148 (21.48%) | UGF (ndcg@10): 0.3081 (30.81%)
Epsilon: 0.1074
Early stop at generation 15: first feasible solution found
CPU time: 15.43 seconds
After optimization overall metric scores     : ndcg@10=0.3218 f1@10=0.1064
After optimization group 1 (active) scores   : ndcg@10=0.5270 f1@10=0.2034
After optimization group 2 (inactive) scores : ndcg@10=0.3026 f1@10=0.0974
After optimization UGF (f1@10): 0.1061 (10.61%) | UGF (ndcg@10): 0.2243 (22.43%)
UGF reduction: 0.1087 (50.6%)
Constraint satisfied: True
Trial 36: fitness=467674.25, f1=0.1064, ugf=0.1061, time=15.43s
Trial 36: speed_score=0.0609 (cpu_time=15.43s)
GA Optimizer | Model:NCF | Dataset:dataset\5Health-rand | Group:0.05_count | K=10 | Fairness_metric=f1
GA Parameters | Pop:20 | Gen:1000 | Mut:0.274855483925743 | Cross:0.6598300767236257
Adaptive Penalty | beta1:1.8404664947136873 | beta2:2.996738813715406 | k:5
Before optimization overall scores           : ndcg@10=0.3355 f1@10=0.1220
Before optimization group 1 (active) scores  : ndcg@10=0.6172 f1@10=0.3184
Before optimization group 2 (inactive) scores: ndcg@10=0.3091 f1@10=0.1036
Before optimization UGF (f1@10): 0.2148 (21.48%) | UGF (ndcg@10): 0.3081 (30.81%)
Epsilon: 0.1074
Early stop at generation 19: first feasible solution found
CPU time: 31.86 seconds
After optimization overall metric scores     : ndcg@10=0.3202 f1@10=0.1060
After optimization group 1 (active) scores   : ndcg@10=0.5191 f1@10=0.2037
After optimization group 2 (inactive) scores : ndcg@10=0.3016 f1@10=0.0969
After optimization UGF (f1@10): 0.1069 (10.69%) | UGF (ndcg@10): 0.2175 (21.75%)
UGF reduction: 0.1080 (50.3%)
Constraint satisfied: True
Trial 37: fitness=467674.25, f1=0.1060, ugf=0.1069, time=31.86s
Trial 37: speed_score=0.0304 (cpu_time=31.86s)
GA Optimizer | Model:NCF | Dataset:dataset\5Health-rand | Group:0.05_count | K=10 | Fairness_metric=f1
GA Parameters | Pop:40 | Gen:1000 | Mut:0.4385732990352104 | Cross:0.5288592681568369
Adaptive Penalty | beta1:1.5832934836150208 | beta2:2.507987616896453 | k:8
Before optimization overall scores           : ndcg@10=0.3355 f1@10=0.1220
Before optimization group 1 (active) scores  : ndcg@10=0.6172 f1@10=0.3184
Before optimization group 2 (inactive) scores: ndcg@10=0.3091 f1@10=0.1036
Before optimization UGF (f1@10): 0.2148 (21.48%) | UGF (ndcg@10): 0.3081 (30.81%)
Epsilon: 0.1074
Early stop at generation 14: first feasible solution found
CPU time: 88.51 seconds
After optimization overall metric scores     : ndcg@10=0.3221 f1@10=0.1071
After optimization group 1 (active) scores   : ndcg@10=0.5272 f1@10=0.2047
After optimization group 2 (inactive) scores : ndcg@10=0.3029 f1@10=0.0980
After optimization UGF (f1@10): 0.1067 (10.67%) | UGF (ndcg@10): 0.2243 (22.43%)
UGF reduction: 0.1081 (50.3%)
Constraint satisfied: True
Trial 38: fitness=467674.25, f1=0.1071, ugf=0.1067, time=88.51s
Trial 38: speed_score=0.0112 (cpu_time=88.51s)
GA Optimizer | Model:NCF | Dataset:dataset\5Health-rand | Group:0.05_count | K=10 | Fairness_metric=f1
GA Parameters | Pop:10 | Gen:1000 | Mut:0.051899759869780085 | Cross:0.6433845421785545
Adaptive Penalty | beta1:2.5436192374690507 | beta2:1.57104009440326 | k:7
Before optimization overall scores           : ndcg@10=0.3355 f1@10=0.1220
Before optimization group 1 (active) scores  : ndcg@10=0.6172 f1@10=0.3184
Before optimization group 2 (inactive) scores: ndcg@10=0.3091 f1@10=0.1036
Before optimization UGF (f1@10): 0.2148 (21.48%) | UGF (ndcg@10): 0.3081 (30.81%)
Epsilon: 0.1074
Early stop at generation 99: first feasible solution found
CPU time: 27.09 seconds
After optimization overall metric scores     : ndcg@10=0.3202 f1@10=0.1069
After optimization group 1 (active) scores   : ndcg@10=0.5133 f1@10=0.2044
After optimization group 2 (inactive) scores : ndcg@10=0.3022 f1@10=0.0978
After optimization UGF (f1@10): 0.1066 (10.66%) | UGF (ndcg@10): 0.2111 (21.11%)
UGF reduction: 0.1082 (50.4%)
Constraint satisfied: True
Trial 39: fitness=467674.25, f1=0.1069, ugf=0.1066, time=27.09s
Trial 39: speed_score=0.0356 (cpu_time=27.09s)
GA Optimizer | Model:NCF | Dataset:dataset\5Health-rand | Group:0.05_count | K=10 | Fairness_metric=f1
GA Parameters | Pop:20 | Gen:1000 | Mut:0.3419925283973053 | Cross:0.558670021530734
Adaptive Penalty | beta1:2.64428262720582 | beta2:2.1776598419571274 | k:6
Before optimization overall scores           : ndcg@10=0.3355 f1@10=0.1220
Before optimization group 1 (active) scores  : ndcg@10=0.6172 f1@10=0.3184
Before optimization group 2 (inactive) scores: ndcg@10=0.3091 f1@10=0.1036
Before optimization UGF (f1@10): 0.2148 (21.48%) | UGF (ndcg@10): 0.3081 (30.81%)
Epsilon: 0.1074
Early stop at generation 13: first feasible solution found
CPU time: 23.98 seconds
After optimization overall metric scores     : ndcg@10=0.3211 f1@10=0.1066
After optimization group 1 (active) scores   : ndcg@10=0.5194 f1@10=0.2028
After optimization group 2 (inactive) scores : ndcg@10=0.3026 f1@10=0.0976
After optimization UGF (f1@10): 0.1052 (10.52%) | UGF (ndcg@10): 0.2168 (21.68%)
UGF reduction: 0.1096 (51.0%)
Constraint satisfied: True
Trial 40: fitness=467674.25, f1=0.1066, ugf=0.1052, time=23.98s
Trial 40: speed_score=0.0400 (cpu_time=23.98s)
GA Optimizer | Model:NCF | Dataset:dataset\5Health-rand | Group:0.05_count | K=10 | Fairness_metric=f1
GA Parameters | Pop:10 | Gen:1000 | Mut:0.4144596766750213 | Cross:0.6154899910769054
Adaptive Penalty | beta1:1.6805696854707695 | beta2:2.109831685413872 | k:7
Before optimization overall scores           : ndcg@10=0.3355 f1@10=0.1220
Before optimization group 1 (active) scores  : ndcg@10=0.6172 f1@10=0.3184
Before optimization group 2 (inactive) scores: ndcg@10=0.3091 f1@10=0.1036
Before optimization UGF (f1@10): 0.2148 (21.48%) | UGF (ndcg@10): 0.3081 (30.81%)
Epsilon: 0.1074
Early stop at generation 13: first feasible solution found
CPU time: 14.29 seconds
After optimization overall metric scores     : ndcg@10=0.3209 f1@10=0.1059
After optimization group 1 (active) scores   : ndcg@10=0.5228 f1@10=0.2014
After optimization group 2 (inactive) scores : ndcg@10=0.3021 f1@10=0.0970
After optimization UGF (f1@10): 0.1044 (10.44%) | UGF (ndcg@10): 0.2207 (22.07%)
UGF reduction: 0.1104 (51.4%)
Constraint satisfied: True
Trial 41: fitness=467674.25, f1=0.1059, ugf=0.1044, time=14.29s
Trial 41: speed_score=0.0654 (cpu_time=14.29s)
GA Optimizer | Model:NCF | Dataset:dataset\5Health-rand | Group:0.05_count | K=10 | Fairness_metric=f1
GA Parameters | Pop:10 | Gen:1000 | Mut:0.399014832204298 | Cross:0.7956074161103591
Adaptive Penalty | beta1:1.767751147394019 | beta2:2.053423593867644 | k:8
Before optimization overall scores           : ndcg@10=0.3355 f1@10=0.1220
Before optimization group 1 (active) scores  : ndcg@10=0.6172 f1@10=0.3184
Before optimization group 2 (inactive) scores: ndcg@10=0.3091 f1@10=0.1036
Before optimization UGF (f1@10): 0.2148 (21.48%) | UGF (ndcg@10): 0.3081 (30.81%)
Epsilon: 0.1074
Early stop at generation 14: first feasible solution found
CPU time: 14.86 seconds
After optimization overall metric scores     : ndcg@10=0.3206 f1@10=0.1062
After optimization group 1 (active) scores   : ndcg@10=0.5212 f1@10=0.2025
After optimization group 2 (inactive) scores : ndcg@10=0.3019 f1@10=0.0972
After optimization UGF (f1@10): 0.1054 (10.54%) | UGF (ndcg@10): 0.2193 (21.93%)
UGF reduction: 0.1094 (50.9%)
Constraint satisfied: True
Trial 42: fitness=467674.25, f1=0.1062, ugf=0.1054, time=14.86s
Trial 42: speed_score=0.0630 (cpu_time=14.86s)
GA Optimizer | Model:NCF | Dataset:dataset\5Health-rand | Group:0.05_count | K=10 | Fairness_metric=f1
GA Parameters | Pop:20 | Gen:1000 | Mut:0.3243445279178689 | Cross:0.7212578736243317
Adaptive Penalty | beta1:1.317659420755759 | beta2:1.9278628503623767 | k:6
Before optimization overall scores           : ndcg@10=0.3355 f1@10=0.1220
Before optimization group 1 (active) scores  : ndcg@10=0.6172 f1@10=0.3184
Before optimization group 2 (inactive) scores: ndcg@10=0.3091 f1@10=0.1036
Before optimization UGF (f1@10): 0.2148 (21.48%) | UGF (ndcg@10): 0.3081 (30.81%)
Epsilon: 0.1074
Early stop at generation 18: first feasible solution found
CPU time: 31.96 seconds
After optimization overall metric scores     : ndcg@10=0.3215 f1@10=0.1070
After optimization group 1 (active) scores   : ndcg@10=0.5225 f1@10=0.2051
After optimization group 2 (inactive) scores : ndcg@10=0.3027 f1@10=0.0978
After optimization UGF (f1@10): 0.1074 (10.74%) | UGF (ndcg@10): 0.2197 (21.97%)
UGF reduction: 0.1074 (50.0%)
Constraint satisfied: True
Trial 43: fitness=467674.25, f1=0.1070, ugf=0.1074, time=31.96s
Trial 43: speed_score=0.0303 (cpu_time=31.96s)
GA Optimizer | Model:NCF | Dataset:dataset\5Health-rand | Group:0.05_count | K=10 | Fairness_metric=f1
GA Parameters | Pop:10 | Gen:1000 | Mut:0.49931305240921026 | Cross:0.6789379120717123
Adaptive Penalty | beta1:2.180211200046878 | beta2:1.7889562672705794 | k:7
Before optimization overall scores           : ndcg@10=0.3355 f1@10=0.1220
Before optimization group 1 (active) scores  : ndcg@10=0.6172 f1@10=0.3184
Before optimization group 2 (inactive) scores: ndcg@10=0.3091 f1@10=0.1036
Before optimization UGF (f1@10): 0.2148 (21.48%) | UGF (ndcg@10): 0.3081 (30.81%)
Epsilon: 0.1074
Early stop at generation 12: first feasible solution found
CPU time: 18.21 seconds
After optimization overall metric scores     : ndcg@10=0.3208 f1@10=0.1056
After optimization group 1 (active) scores   : ndcg@10=0.5226 f1@10=0.1977
After optimization group 2 (inactive) scores : ndcg@10=0.3019 f1@10=0.0969
After optimization UGF (f1@10): 0.1007 (10.07%) | UGF (ndcg@10): 0.2207 (22.07%)
UGF reduction: 0.1141 (53.1%)
Constraint satisfied: True
Trial 44: fitness=467674.25, f1=0.1056, ugf=0.1007, time=18.21s
Trial 44: speed_score=0.0521 (cpu_time=18.21s)
GA Optimizer | Model:NCF | Dataset:dataset\5Health-rand | Group:0.05_count | K=10 | Fairness_metric=f1
GA Parameters | Pop:30 | Gen:1000 | Mut:0.44225963740569607 | Cross:0.5913286707133456
Adaptive Penalty | beta1:2.0158096217064467 | beta2:2.056212571771967 | k:7
Before optimization overall scores           : ndcg@10=0.3355 f1@10=0.1220
Before optimization group 1 (active) scores  : ndcg@10=0.6172 f1@10=0.3184
Before optimization group 2 (inactive) scores: ndcg@10=0.3091 f1@10=0.1036
Before optimization UGF (f1@10): 0.2148 (21.48%) | UGF (ndcg@10): 0.3081 (30.81%)
Epsilon: 0.1074
Early stop at generation 12: first feasible solution found
CPU time: 40.95 seconds
After optimization overall metric scores     : ndcg@10=0.3211 f1@10=0.1062
After optimization group 1 (active) scores   : ndcg@10=0.5241 f1@10=0.2043
After optimization group 2 (inactive) scores : ndcg@10=0.3021 f1@10=0.0970
After optimization UGF (f1@10): 0.1073 (10.73%) | UGF (ndcg@10): 0.2220 (22.20%)
UGF reduction: 0.1075 (50.1%)
Constraint satisfied: True
Trial 45: fitness=467674.25, f1=0.1062, ugf=0.1073, time=40.95s
Trial 45: speed_score=0.0238 (cpu_time=40.95s)
GA Optimizer | Model:NCF | Dataset:dataset\5Health-rand | Group:0.05_count | K=10 | Fairness_metric=f1
GA Parameters | Pop:10 | Gen:1000 | Mut:0.28707807710239286 | Cross:0.641270600131938
Adaptive Penalty | beta1:2.312937203179762 | beta2:2.2750249748417826 | k:8
Before optimization overall scores           : ndcg@10=0.3355 f1@10=0.1220
Before optimization group 1 (active) scores  : ndcg@10=0.6172 f1@10=0.3184
Before optimization group 2 (inactive) scores: ndcg@10=0.3091 f1@10=0.1036
Before optimization UGF (f1@10): 0.2148 (21.48%) | UGF (ndcg@10): 0.3081 (30.81%)
Epsilon: 0.1074
Early stop at generation 17: first feasible solution found
CPU time: 13.59 seconds
After optimization overall metric scores     : ndcg@10=0.3206 f1@10=0.1059
After optimization group 1 (active) scores   : ndcg@10=0.5175 f1@10=0.1991
After optimization group 2 (inactive) scores : ndcg@10=0.3022 f1@10=0.0972
After optimization UGF (f1@10): 0.1018 (10.18%) | UGF (ndcg@10): 0.2153 (21.53%)
UGF reduction: 0.1130 (52.6%)
Constraint satisfied: True
Trial 46: fitness=467674.25, f1=0.1059, ugf=0.1018, time=13.59s
Trial 46: speed_score=0.0685 (cpu_time=13.59s)
GA Optimizer | Model:NCF | Dataset:dataset\5Health-rand | Group:0.05_count | K=10 | Fairness_metric=f1
GA Parameters | Pop:20 | Gen:1000 | Mut:0.28826784138679723 | Cross:0.8587330337093806
Adaptive Penalty | beta1:2.337578839706459 | beta2:2.295447391097252 | k:9
Before optimization overall scores           : ndcg@10=0.3355 f1@10=0.1220
Before optimization group 1 (active) scores  : ndcg@10=0.6172 f1@10=0.3184
Before optimization group 2 (inactive) scores: ndcg@10=0.3091 f1@10=0.1036
Before optimization UGF (f1@10): 0.2148 (21.48%) | UGF (ndcg@10): 0.3081 (30.81%)
Epsilon: 0.1074
Early stop at generation 17: first feasible solution found
CPU time: 27.41 seconds
After optimization overall metric scores     : ndcg@10=0.3203 f1@10=0.1063
After optimization group 1 (active) scores   : ndcg@10=0.5182 f1@10=0.2043
After optimization group 2 (inactive) scores : ndcg@10=0.3018 f1@10=0.0971
After optimization UGF (f1@10): 0.1072 (10.72%) | UGF (ndcg@10): 0.2164 (21.64%)
UGF reduction: 0.1076 (50.1%)
Constraint satisfied: True
Trial 47: fitness=467674.25, f1=0.1063, ugf=0.1072, time=27.41s
Trial 47: speed_score=0.0352 (cpu_time=27.41s)
GA Optimizer | Model:NCF | Dataset:dataset\5Health-rand | Group:0.05_count | K=10 | Fairness_metric=f1
GA Parameters | Pop:90 | Gen:1000 | Mut:0.18526257845732666 | Cross:0.755653113435449
Adaptive Penalty | beta1:2.446735618620979 | beta2:2.2092055560435164 | k:10
Before optimization overall scores           : ndcg@10=0.3355 f1@10=0.1220
Before optimization group 1 (active) scores  : ndcg@10=0.6172 f1@10=0.3184
Before optimization group 2 (inactive) scores: ndcg@10=0.3091 f1@10=0.1036
Before optimization UGF (f1@10): 0.2148 (21.48%) | UGF (ndcg@10): 0.3081 (30.81%)
Epsilon: 0.1074
Early stop at generation 22: first feasible solution found
CPU time: 177.47 seconds
After optimization overall metric scores     : ndcg@10=0.3212 f1@10=0.1070
After optimization group 1 (active) scores   : ndcg@10=0.5148 f1@10=0.2016
After optimization group 2 (inactive) scores : ndcg@10=0.3031 f1@10=0.0982
After optimization UGF (f1@10): 0.1035 (10.35%) | UGF (ndcg@10): 0.2117 (21.17%)
UGF reduction: 0.1113 (51.8%)
Constraint satisfied: True
Trial 48: fitness=467674.25, f1=0.1070, ugf=0.1035, time=177.47s
Trial 48: speed_score=0.0056 (cpu_time=177.47s)
GA Optimizer | Model:NCF | Dataset:dataset\5Health-rand | Group:0.05_count | K=10 | Fairness_metric=f1
GA Parameters | Pop:10 | Gen:1000 | Mut:0.2412749461187317 | Cross:0.6389357165196757
Adaptive Penalty | beta1:2.307780491325085 | beta2:2.3953183321532707 | k:8
Before optimization overall scores           : ndcg@10=0.3355 f1@10=0.1220
Before optimization group 1 (active) scores  : ndcg@10=0.6172 f1@10=0.3184
Before optimization group 2 (inactive) scores: ndcg@10=0.3091 f1@10=0.1036
Before optimization UGF (f1@10): 0.2148 (21.48%) | UGF (ndcg@10): 0.3081 (30.81%)
Epsilon: 0.1074
Early stop at generation 26: first feasible solution found
CPU time: 18.12 seconds
After optimization overall metric scores     : ndcg@10=0.3215 f1@10=0.1071
After optimization group 1 (active) scores   : ndcg@10=0.5200 f1@10=0.2052
After optimization group 2 (inactive) scores : ndcg@10=0.3030 f1@10=0.0980
After optimization UGF (f1@10): 0.1072 (10.72%) | UGF (ndcg@10): 0.2170 (21.70%)
UGF reduction: 0.1076 (50.1%)
Constraint satisfied: True
Trial 49: fitness=467674.25, f1=0.1071, ugf=0.1072, time=18.12s
Trial 49: speed_score=0.0523 (cpu_time=18.12s)
Selected best from 50/50 feasible trials
Results saved to: ../results/tuning\tuning_results_NCF_0.05_count.json
Best parameters: {'population_size': 10, 'mutation_rate': 0.35042835073512607, 'crossover_rate': 0.7261631564388042, 'elitism_count': 5, 'penalty_beta1': 2.4273988302197966, 'penalty_beta2': 1.8822923328055867, 'penalty_history_k': 6}
Best score: 0.0742
Config saved to: ../results/tuning\optimized_config_NCF_0.05_count.py
